Initialized native services in: C:\Users\chams\.gradle\native
Initialized jansi services in: C:\Users\chams\.gradle\native
The client will now receive all logging from the daemon (pid: 38588). The daemon log file: C:\Users\chams\.gradle\daemon\8.11\daemon-38588.out.log
Starting 3rd build in daemon [uptime: 1 mins 35.88 secs, performance: 99%, GC rate: 0.00/s, heap usage: 0% of 2 GiB]
Using 20 worker leases.
Now considering [C:\Users\chams\projectDAM\AndroidFront] as hierarchies to watch
Watching the file system is configured to be enabled if available
File system watching is active
Starting Build
Settings evaluated using settings file 'C:\Users\chams\projectDAM\AndroidFront\settings.gradle.kts'.
Projects loaded. Root project using build file 'C:\Users\chams\projectDAM\AndroidFront\build.gradle.kts'.
Included projects: [root project 'My Application', project ':app']

> Configure project :
Evaluating root project 'My Application' using build file 'C:\Users\chams\projectDAM\AndroidFront\build.gradle.kts'.
Transforming gradle-8.7.3.jar (com.android.tools.build:gradle:8.7.3) with InstrumentationAnalysisTransform
Transforming gradle-settings-api-8.7.3.jar (com.android.tools.build:gradle-settings-api:8.7.3) with InstrumentationAnalysisTransform
Transforming lint-model-31.7.3.jar (com.android.tools.lint:lint-model:31.7.3) with InstrumentationAnalysisTransform
Transforming builder-8.7.3.jar (com.android.tools.build:builder:8.7.3) with InstrumentationAnalysisTransform
Transforming manifest-merger-31.7.3.jar (com.android.tools.build:manifest-merger:31.7.3) with InstrumentationAnalysisTransform
Transforming sdk-common-31.7.3.jar (com.android.tools:sdk-common:31.7.3) with InstrumentationAnalysisTransform
Transforming sdklib-31.7.3.jar (com.android.tools:sdklib:31.7.3) with InstrumentationAnalysisTransform
Transforming repository-31.7.3.jar (com.android.tools:repository:31.7.3) with InstrumentationAnalysisTransform
Transforming aaptcompiler-8.7.3.jar (com.android.tools.build:aaptcompiler:8.7.3) with InstrumentationAnalysisTransform
Transforming tracker-31.7.3.jar (com.android.tools.analytics-library:tracker:31.7.3) with InstrumentationAnalysisTransform
Transforming shared-31.7.3.jar (com.android.tools.analytics-library:shared:31.7.3) with InstrumentationAnalysisTransform
Transforming databinding-compiler-common-8.7.3.jar (androidx.databinding:databinding-compiler-common:8.7.3) with InstrumentationAnalysisTransform
Transforming android-test-plugin-host-emulator-control-proto-31.7.3.jar (com.android.tools.utp:android-test-plugin-host-emulator-control-proto:31.7.3) with InstrumentationAnalysisTransform
Transforming android-test-plugin-host-retention-proto-31.7.3.jar (com.android.tools.utp:android-test-plugin-host-retention-proto:31.7.3) with InstrumentationAnalysisTransform
Transforming builder-model-8.7.3.jar (com.android.tools.build:builder-model:8.7.3) with InstrumentationAnalysisTransform
Transforming gradle-api-8.7.3.jar (com.android.tools.build:gradle-api:8.7.3) with InstrumentationAnalysisTransform
Transforming builder-test-api-8.7.3.jar (com.android.tools.build:builder-test-api:8.7.3) with InstrumentationAnalysisTransform
Transforming ddmlib-31.7.3.jar (com.android.tools.ddms:ddmlib:31.7.3) with InstrumentationAnalysisTransform
Transforming layoutlib-api-31.7.3.jar (com.android.tools.layoutlib:layoutlib-api:31.7.3) with InstrumentationAnalysisTransform
Transforming dvlib-31.7.3.jar (com.android.tools:dvlib:31.7.3) with InstrumentationAnalysisTransform
Transforming common-31.7.3.jar (com.android.tools:common:31.7.3) with InstrumentationAnalysisTransform
Transforming kotlin-stdlib-jdk8-1.9.20.jar (org.jetbrains.kotlin:kotlin-stdlib-jdk8:1.9.20) with InstrumentationAnalysisTransform
Transforming jetifier-processor-1.0.0-beta10.jar (com.android.tools.build.jetifier:jetifier-processor:1.0.0-beta10) with InstrumentationAnalysisTransform
Transforming jetifier-core-1.0.0-beta10.jar (com.android.tools.build.jetifier:jetifier-core:1.0.0-beta10) with InstrumentationAnalysisTransform
Transforming symbol-processing-gradle-plugin-2.1.0-1.0.29.jar (com.google.devtools.ksp:symbol-processing-gradle-plugin:2.1.0-1.0.29) with InstrumentationAnalysisTransform
Transforming symbol-processing-api-2.1.0-1.0.29.jar (com.google.devtools.ksp:symbol-processing-api:2.1.0-1.0.29) with InstrumentationAnalysisTransform
Transforming symbol-processing-common-deps-2.1.0-1.0.29.jar (com.google.devtools.ksp:symbol-processing-common-deps:2.1.0-1.0.29) with InstrumentationAnalysisTransform
Transforming kotlin-reflect-2.0.20.jar (org.jetbrains.kotlin:kotlin-reflect:2.0.20) with InstrumentationAnalysisTransform
Transforming kotlin-stdlib-jdk7-1.9.20.jar (org.jetbrains.kotlin:kotlin-stdlib-jdk7:1.9.20) with InstrumentationAnalysisTransform
Transforming kotlin-stdlib-2.0.20.jar (org.jetbrains.kotlin:kotlin-stdlib:2.0.20) with InstrumentationAnalysisTransform
Transforming annotations-13.0.jar (org.jetbrains:annotations:13.0) with InstrumentationAnalysisTransform
Transforming kotlin-gradle-plugin-model-2.1.0.jar (org.jetbrains.kotlin:kotlin-gradle-plugin-model:2.1.0) with InstrumentationAnalysisTransform
Transforming kotlin-gradle-plugin-api-2.1.0.jar (org.jetbrains.kotlin:kotlin-gradle-plugin-api:2.1.0) with InstrumentationAnalysisTransform
Transforming kotlin-gradle-plugin-api-2.1.0-gradle85.jar (org.jetbrains.kotlin:kotlin-gradle-plugin-api:2.1.0) with InstrumentationAnalysisTransform
Transforming compose-compiler-gradle-plugin-2.1.0-gradle85.jar (org.jetbrains.kotlin:compose-compiler-gradle-plugin:2.1.0) with InstrumentationAnalysisTransform
Transforming kotlin-gradle-plugin-2.1.0-gradle85.jar (org.jetbrains.kotlin:kotlin-gradle-plugin:2.1.0) with InstrumentationAnalysisTransform
Transforming bundletool-1.17.1.jar (com.android.tools.build:bundletool:1.17.1) with InstrumentationAnalysisTransform
Transforming aapt2-proto-8.7.3-12006047.jar (com.android.tools.build:aapt2-proto:8.7.3-12006047) with InstrumentationAnalysisTransform
Transforming crash-31.7.3.jar (com.android.tools.analytics-library:crash:31.7.3) with InstrumentationAnalysisTransform
Transforming lint-typedef-remover-31.7.3.jar (com.android.tools.lint:lint-typedef-remover:31.7.3) with InstrumentationAnalysisTransform
Transforming databinding-common-8.7.3.jar (androidx.databinding:databinding-common:8.7.3) with InstrumentationAnalysisTransform
Transforming baseLibrary-8.7.3.jar (com.android.databinding:baseLibrary:8.7.3) with InstrumentationAnalysisTransform
Transforming android-device-provider-ddmlib-proto-31.7.3.jar (com.android.tools.utp:android-device-provider-ddmlib-proto:31.7.3) with InstrumentationAnalysisTransform
Transforming android-device-provider-gradle-proto-31.7.3.jar (com.android.tools.utp:android-device-provider-gradle-proto:31.7.3) with InstrumentationAnalysisTransform
Transforming android-device-provider-profile-proto-31.7.3.jar (com.android.tools.utp:android-device-provider-profile-proto:31.7.3) with InstrumentationAnalysisTransform
Transforming android-test-plugin-host-additional-test-output-proto-31.7.3.jar (com.android.tools.utp:android-test-plugin-host-additional-test-output-proto:31.7.3) with InstrumentationAnalysisTransform
Transforming android-test-plugin-host-coverage-proto-31.7.3.jar (com.android.tools.utp:android-test-plugin-host-coverage-proto:31.7.3) with InstrumentationAnalysisTransform
Transforming android-test-plugin-host-logcat-proto-31.7.3.jar (com.android.tools.utp:android-test-plugin-host-logcat-proto:31.7.3) with InstrumentationAnalysisTransform
Transforming android-test-plugin-host-apk-installer-proto-31.7.3.jar (com.android.tools.utp:android-test-plugin-host-apk-installer-proto:31.7.3) with InstrumentationAnalysisTransform
Transforming android-test-plugin-result-listener-gradle-proto-31.7.3.jar (com.android.tools.utp:android-test-plugin-result-listener-gradle-proto:31.7.3) with InstrumentationAnalysisTransform
Transforming transform-api-2.0.0-deprecated-use-gradle-api.jar (com.android.tools.build:transform-api:2.0.0-deprecated-use-gradle-api) with InstrumentationAnalysisTransform
Transforming httpmime-4.5.6.jar (org.apache.httpcomponents:httpmime:4.5.6) with InstrumentationAnalysisTransform
Transforming commons-io-2.13.0.jar (commons-io:commons-io:2.13.0) with InstrumentationAnalysisTransform
Transforming asm-commons-9.6.jar (org.ow2.asm:asm-commons:9.6) with InstrumentationAnalysisTransform
Transforming asm-util-9.6.jar (org.ow2.asm:asm-util:9.6) with InstrumentationAnalysisTransform
Transforming asm-analysis-9.6.jar (org.ow2.asm:asm-analysis:9.6) with InstrumentationAnalysisTransform
Transforming asm-tree-9.6.jar (org.ow2.asm:asm-tree:9.6) with InstrumentationAnalysisTransform
Transforming asm-9.6.jar (org.ow2.asm:asm:9.6) with InstrumentationAnalysisTransform
Transforming apkzlib-8.7.3.jar (com.android.tools.build:apkzlib:8.7.3) with InstrumentationAnalysisTransform
Transforming bcpkix-jdk18on-1.77.jar (org.bouncycastle:bcpkix-jdk18on:1.77) with InstrumentationAnalysisTransform
Transforming jaxb-runtime-2.3.2.jar (org.glassfish.jaxb:jaxb-runtime:2.3.2) with InstrumentationAnalysisTransform
Transforming jopt-simple-4.9.jar (net.sf.jopt-simple:jopt-simple:4.9) with InstrumentationAnalysisTransform
Transforming javapoet-1.10.0.jar (com.squareup:javapoet:1.10.0) with InstrumentationAnalysisTransform
Transforming protobuf-java-util-3.22.3.jar (com.google.protobuf:protobuf-java-util:3.22.3) with InstrumentationAnalysisTransform
Transforming grpc-protobuf-1.57.0.jar (io.grpc:grpc-protobuf:1.57.0) with InstrumentationAnalysisTransform
Transforming tink-1.7.0.jar (com.google.crypto.tink:tink:1.7.0) with InstrumentationAnalysisTransform
Transforming protos-31.7.3.jar (com.android.tools.analytics-library:protos:31.7.3) with InstrumentationAnalysisTransform
Transforming proto-google-common-protos-2.17.0.jar (com.google.api.grpc:proto-google-common-protos:2.17.0) with InstrumentationAnalysisTransform
Transforming protobuf-java-3.22.3.jar (com.google.protobuf:protobuf-java:3.22.3) with InstrumentationAnalysisTransform
Transforming grpc-netty-1.57.0.jar (io.grpc:grpc-netty:1.57.0) with InstrumentationAnalysisTransform
Transforming grpc-core-1.57.0.jar (io.grpc:grpc-core:1.57.0) with InstrumentationAnalysisTransform
Transforming kotlin-build-statistics-2.1.0.jar (org.jetbrains.kotlin:kotlin-build-statistics:2.1.0) with InstrumentationAnalysisTransform
Transforming gson-2.10.1.jar (com.google.code.gson:gson:2.10.1) with InstrumentationAnalysisTransform
Transforming grpc-stub-1.57.0.jar (io.grpc:grpc-stub:1.57.0) with InstrumentationAnalysisTransform
Transforming core-proto-0.0.9-alpha02.jar (com.google.testing.platform:core-proto:0.0.9-alpha02) with InstrumentationAnalysisTransform
Transforming tensorflow-lite-metadata-0.1.0-rc2.jar (org.tensorflow:tensorflow-lite-metadata:0.1.0-rc2) with InstrumentationAnalysisTransform
Transforming flatbuffers-java-1.12.0.jar (com.google.flatbuffers:flatbuffers-java:1.12.0) with InstrumentationAnalysisTransform
Transforming kotlin-gradle-plugin-idea-proto-2.1.0.jar (org.jetbrains.kotlin:kotlin-gradle-plugin-idea-proto:2.1.0) with InstrumentationAnalysisTransform
Transforming kotlin-gradle-plugin-idea-2.1.0.jar (org.jetbrains.kotlin:kotlin-gradle-plugin-idea:2.1.0) with InstrumentationAnalysisTransform
Transforming kotlin-klib-commonizer-api-2.1.0.jar (org.jetbrains.kotlin:kotlin-klib-commonizer-api:2.1.0) with InstrumentationAnalysisTransform
Transforming kotlin-util-klib-metadata-2.1.0.jar (org.jetbrains.kotlin:kotlin-util-klib-metadata:2.1.0) with InstrumentationAnalysisTransform
Transforming kotlin-compiler-runner-2.1.0.jar (org.jetbrains.kotlin:kotlin-compiler-runner:2.1.0) with InstrumentationAnalysisTransform
Transforming jimfs-1.1.jar (com.google.jimfs:jimfs:1.1) with InstrumentationAnalysisTransform
Transforming grpc-context-1.57.0.jar (io.grpc:grpc-context:1.57.0) with InstrumentationAnalysisTransform
Transforming grpc-protobuf-lite-1.57.0.jar (io.grpc:grpc-protobuf-lite:1.57.0) with InstrumentationAnalysisTransform
Transforming grpc-api-1.57.0.jar (io.grpc:grpc-api:1.57.0) with InstrumentationAnalysisTransform
Transforming guava-32.0.1-jre.jar (com.google.guava:guava:32.0.1-jre) with InstrumentationAnalysisTransform
Transforming dagger-2.28.3.jar (com.google.dagger:dagger:2.28.3) with InstrumentationAnalysisTransform
Transforming javax.inject-1.jar (javax.inject:javax.inject:1) with InstrumentationAnalysisTransform
Transforming kxml2-2.3.0.jar (net.sf.kxml:kxml2:2.3.0) with InstrumentationAnalysisTransform
Transforming bcutil-jdk18on-1.77.jar (org.bouncycastle:bcutil-jdk18on:1.77) with InstrumentationAnalysisTransform
Transforming bcprov-jdk18on-1.77.jar (org.bouncycastle:bcprov-jdk18on:1.77) with InstrumentationAnalysisTransform
Transforming trove4j-1.0.20200330.jar (org.jetbrains.intellij.deps:trove4j:1.0.20200330) with InstrumentationAnalysisTransform
Transforming commons-compress-1.21.jar (org.apache.commons:commons-compress:1.21) with InstrumentationAnalysisTransform
Transforming httpclient-4.5.14.jar (org.apache.httpcomponents:httpclient:4.5.14) with InstrumentationAnalysisTransform
Transforming httpcore-4.4.16.jar (org.apache.httpcomponents:httpcore:4.4.16) with InstrumentationAnalysisTransform
Transforming javax.activation-1.2.0.jar (com.sun.activation:javax.activation:1.2.0) with InstrumentationAnalysisTransform
Transforming signflinger-8.7.3.jar (com.android:signflinger:8.7.3) with InstrumentationAnalysisTransform
Transforming zipflinger-8.7.3.jar (com.android:zipflinger:8.7.3) with InstrumentationAnalysisTransform
Transforming annotations-31.7.3.jar (com.android.tools:annotations:31.7.3) with InstrumentationAnalysisTransform
Transforming jna-platform-5.6.0.jar (net.java.dev.jna:jna-platform:5.6.0) with InstrumentationAnalysisTransform
Transforming juniversalchardet-1.0.3.jar (com.googlecode.juniversalchardet:juniversalchardet:1.0.3) with InstrumentationAnalysisTransform
Transforming javax.annotation-api-1.3.2.jar (javax.annotation:javax.annotation-api:1.3.2) with InstrumentationAnalysisTransform
Transforming stax-ex-1.8.1.jar (org.jvnet.staxex:stax-ex:1.8.1) with InstrumentationAnalysisTransform
Transforming jakarta.xml.bind-api-2.3.2.jar (jakarta.xml.bind:jakarta.xml.bind-api:2.3.2) with InstrumentationAnalysisTransform
Transforming txw2-2.3.2.jar (org.glassfish.jaxb:txw2:2.3.2) with InstrumentationAnalysisTransform
Transforming istack-commons-runtime-3.0.8.jar (com.sun.istack:istack-commons-runtime:3.0.8) with InstrumentationAnalysisTransform
Transforming FastInfoset-1.2.16.jar (com.sun.xml.fastinfoset:FastInfoset:1.2.16) with InstrumentationAnalysisTransform
Transforming jakarta.activation-api-1.2.1.jar (jakarta.activation:jakarta.activation-api:1.2.1) with InstrumentationAnalysisTransform
Transforming auto-value-annotations-1.6.2.jar (com.google.auto.value:auto-value-annotations:1.6.2) with InstrumentationAnalysisTransform
Transforming error_prone_annotations-2.18.0.jar (com.google.errorprone:error_prone_annotations:2.18.0) with InstrumentationAnalysisTransform
Transforming jose4j-0.9.5.jar (org.bitbucket.b_c:jose4j:0.9.5) with InstrumentationAnalysisTransform
Transforming slf4j-api-1.7.30.jar (org.slf4j:slf4j-api:1.7.30) with InstrumentationAnalysisTransform
Transforming jdom2-2.0.6.jar (org.jdom:jdom2:2.0.6) with InstrumentationAnalysisTransform
Transforming jsr305-3.0.2.jar (com.google.code.findbugs:jsr305:3.0.2) with InstrumentationAnalysisTransform
Transforming j2objc-annotations-2.8.jar (com.google.j2objc:j2objc-annotations:2.8) with InstrumentationAnalysisTransform
Transforming annotations-4.1.1.4.jar (com.google.android:annotations:4.1.1.4) with InstrumentationAnalysisTransform
Transforming animal-sniffer-annotations-1.23.jar (org.codehaus.mojo:animal-sniffer-annotations:1.23) with InstrumentationAnalysisTransform
Transforming perfmark-api-0.26.0.jar (io.perfmark:perfmark-api:0.26.0) with InstrumentationAnalysisTransform
Transforming netty-codec-http2-4.1.93.Final.jar (io.netty:netty-codec-http2:4.1.93.Final) with InstrumentationAnalysisTransform
Transforming netty-handler-proxy-4.1.93.Final.jar (io.netty:netty-handler-proxy:4.1.93.Final) with InstrumentationAnalysisTransform
Transforming netty-codec-http-4.1.93.Final.jar (io.netty:netty-codec-http:4.1.93.Final) with InstrumentationAnalysisTransform
Transforming netty-handler-4.1.93.Final.jar (io.netty:netty-handler:4.1.93.Final) with InstrumentationAnalysisTransform
Transforming netty-transport-native-unix-common-4.1.93.Final.jar (io.netty:netty-transport-native-unix-common:4.1.93.Final) with InstrumentationAnalysisTransform
Transforming checker-qual-3.33.0.jar (org.checkerframework:checker-qual:3.33.0) with InstrumentationAnalysisTransform
Transforming commons-codec-1.11.jar (commons-codec:commons-codec:1.11) with InstrumentationAnalysisTransform
Transforming apksig-8.7.3.jar (com.android.tools.build:apksig:8.7.3) with InstrumentationAnalysisTransform
Transforming javawriter-2.5.0.jar (com.squareup:javawriter:2.5.0) with InstrumentationAnalysisTransform
Transforming kotlin-gradle-plugin-annotations-2.1.0.jar (org.jetbrains.kotlin:kotlin-gradle-plugin-annotations:2.1.0) with InstrumentationAnalysisTransform
Transforming kotlin-native-utils-2.1.0.jar (org.jetbrains.kotlin:kotlin-native-utils:2.1.0) with InstrumentationAnalysisTransform
Transforming kotlin-tooling-core-2.1.0.jar (org.jetbrains.kotlin:kotlin-tooling-core:2.1.0) with InstrumentationAnalysisTransform
Transforming kotlin-build-tools-api-2.1.0.jar (org.jetbrains.kotlin:kotlin-build-tools-api:2.1.0) with InstrumentationAnalysisTransform
Transforming kotlin-util-klib-2.1.0.jar (org.jetbrains.kotlin:kotlin-util-klib:2.1.0) with InstrumentationAnalysisTransform
Transforming kotlin-util-io-2.1.0.jar (org.jetbrains.kotlin:kotlin-util-io:2.1.0) with InstrumentationAnalysisTransform
Transforming kotlin-daemon-client-2.1.0.jar (org.jetbrains.kotlin:kotlin-daemon-client:2.1.0) with InstrumentationAnalysisTransform
Transforming kotlinx-coroutines-core-jvm-1.6.4.jar (org.jetbrains.kotlinx:kotlinx-coroutines-core-jvm:1.6.4) with InstrumentationAnalysisTransform
Transforming failureaccess-1.0.1.jar (com.google.guava:failureaccess:1.0.1) with InstrumentationAnalysisTransform
Transforming listenablefuture-9999.0-empty-to-avoid-conflict-with-guava.jar (com.google.guava:listenablefuture:9999.0-empty-to-avoid-conflict-with-guava) with InstrumentationAnalysisTransform
Transforming commons-logging-1.2.jar (commons-logging:commons-logging:1.2) with InstrumentationAnalysisTransform
Transforming jna-5.6.0.jar (net.java.dev.jna:jna:5.6.0) with InstrumentationAnalysisTransform
Transforming netty-codec-socks-4.1.93.Final.jar (io.netty:netty-codec-socks:4.1.93.Final) with InstrumentationAnalysisTransform
Transforming netty-codec-4.1.93.Final.jar (io.netty:netty-codec:4.1.93.Final) with InstrumentationAnalysisTransform
Transforming netty-transport-4.1.93.Final.jar (io.netty:netty-transport:4.1.93.Final) with InstrumentationAnalysisTransform
Transforming netty-buffer-4.1.93.Final.jar (io.netty:netty-buffer:4.1.93.Final) with InstrumentationAnalysisTransform
Transforming netty-resolver-4.1.93.Final.jar (io.netty:netty-resolver:4.1.93.Final) with InstrumentationAnalysisTransform
Transforming netty-common-4.1.93.Final.jar (io.netty:netty-common:4.1.93.Final) with InstrumentationAnalysisTransform
Transforming gradle-8.7.3.jar (com.android.tools.build:gradle:8.7.3) with InstrumentationAnalysisTransform
Transforming gradle-8.7.3.jar (com.android.tools.build:gradle:8.7.3) with MergeInstrumentationAnalysisTransform
Transforming gradle-settings-api-8.7.3.jar (com.android.tools.build:gradle-settings-api:8.7.3) with InstrumentationAnalysisTransform
Transforming gradle-settings-api-8.7.3.jar (com.android.tools.build:gradle-settings-api:8.7.3) with MergeInstrumentationAnalysisTransform
Transforming gradle-8.7.3.jar (com.android.tools.build:gradle:8.7.3) with ExternalDependencyInstrumentingArtifactTransform
Transforming lint-model-31.7.3.jar (com.android.tools.lint:lint-model:31.7.3) with InstrumentationAnalysisTransform
Transforming lint-model-31.7.3.jar (com.android.tools.lint:lint-model:31.7.3) with MergeInstrumentationAnalysisTransform
Transforming gradle-settings-api-8.7.3.jar (com.android.tools.build:gradle-settings-api:8.7.3) with ExternalDependencyInstrumentingArtifactTransform
Transforming builder-8.7.3.jar (com.android.tools.build:builder:8.7.3) with InstrumentationAnalysisTransform
Transforming builder-8.7.3.jar (com.android.tools.build:builder:8.7.3) with MergeInstrumentationAnalysisTransform
Transforming lint-model-31.7.3.jar (com.android.tools.lint:lint-model:31.7.3) with ExternalDependencyInstrumentingArtifactTransform
Transforming manifest-merger-31.7.3.jar (com.android.tools.build:manifest-merger:31.7.3) with InstrumentationAnalysisTransform
Transforming manifest-merger-31.7.3.jar (com.android.tools.build:manifest-merger:31.7.3) with MergeInstrumentationAnalysisTransform
Transforming builder-8.7.3.jar (com.android.tools.build:builder:8.7.3) with ExternalDependencyInstrumentingArtifactTransform
Transforming sdk-common-31.7.3.jar (com.android.tools:sdk-common:31.7.3) with InstrumentationAnalysisTransform
Transforming sdk-common-31.7.3.jar (com.android.tools:sdk-common:31.7.3) with MergeInstrumentationAnalysisTransform
Transforming manifest-merger-31.7.3.jar (com.android.tools.build:manifest-merger:31.7.3) with ExternalDependencyInstrumentingArtifactTransform
Transforming sdklib-31.7.3.jar (com.android.tools:sdklib:31.7.3) with InstrumentationAnalysisTransform
Transforming sdklib-31.7.3.jar (com.android.tools:sdklib:31.7.3) with MergeInstrumentationAnalysisTransform
Transforming sdk-common-31.7.3.jar (com.android.tools:sdk-common:31.7.3) with ExternalDependencyInstrumentingArtifactTransform
Transforming repository-31.7.3.jar (com.android.tools:repository:31.7.3) with InstrumentationAnalysisTransform
Transforming repository-31.7.3.jar (com.android.tools:repository:31.7.3) with MergeInstrumentationAnalysisTransform
Transforming sdklib-31.7.3.jar (com.android.tools:sdklib:31.7.3) with ExternalDependencyInstrumentingArtifactTransform
Transforming aaptcompiler-8.7.3.jar (com.android.tools.build:aaptcompiler:8.7.3) with InstrumentationAnalysisTransform
Transforming aaptcompiler-8.7.3.jar (com.android.tools.build:aaptcompiler:8.7.3) with MergeInstrumentationAnalysisTransform
Transforming repository-31.7.3.jar (com.android.tools:repository:31.7.3) with ExternalDependencyInstrumentingArtifactTransform
Transforming tracker-31.7.3.jar (com.android.tools.analytics-library:tracker:31.7.3) with InstrumentationAnalysisTransform
Transforming tracker-31.7.3.jar (com.android.tools.analytics-library:tracker:31.7.3) with MergeInstrumentationAnalysisTransform
Transforming aaptcompiler-8.7.3.jar (com.android.tools.build:aaptcompiler:8.7.3) with ExternalDependencyInstrumentingArtifactTransform
Transforming shared-31.7.3.jar (com.android.tools.analytics-library:shared:31.7.3) with InstrumentationAnalysisTransform
Transforming shared-31.7.3.jar (com.android.tools.analytics-library:shared:31.7.3) with MergeInstrumentationAnalysisTransform
Transforming tracker-31.7.3.jar (com.android.tools.analytics-library:tracker:31.7.3) with ExternalDependencyInstrumentingArtifactTransform
Transforming databinding-compiler-common-8.7.3.jar (androidx.databinding:databinding-compiler-common:8.7.3) with InstrumentationAnalysisTransform
Transforming databinding-compiler-common-8.7.3.jar (androidx.databinding:databinding-compiler-common:8.7.3) with MergeInstrumentationAnalysisTransform
Transforming shared-31.7.3.jar (com.android.tools.analytics-library:shared:31.7.3) with ExternalDependencyInstrumentingArtifactTransform
Transforming android-test-plugin-host-emulator-control-proto-31.7.3.jar (com.android.tools.utp:android-test-plugin-host-emulator-control-proto:31.7.3) with InstrumentationAnalysisTransform
Transforming android-test-plugin-host-emulator-control-proto-31.7.3.jar (com.android.tools.utp:android-test-plugin-host-emulator-control-proto:31.7.3) with MergeInstrumentationAnalysisTransform
Transforming databinding-compiler-common-8.7.3.jar (androidx.databinding:databinding-compiler-common:8.7.3) with ExternalDependencyInstrumentingArtifactTransform
Transforming android-test-plugin-host-retention-proto-31.7.3.jar (com.android.tools.utp:android-test-plugin-host-retention-proto:31.7.3) with InstrumentationAnalysisTransform
Transforming android-test-plugin-host-retention-proto-31.7.3.jar (com.android.tools.utp:android-test-plugin-host-retention-proto:31.7.3) with MergeInstrumentationAnalysisTransform
Transforming android-test-plugin-host-emulator-control-proto-31.7.3.jar (com.android.tools.utp:android-test-plugin-host-emulator-control-proto:31.7.3) with ExternalDependencyInstrumentingArtifactTransform
Transforming builder-model-8.7.3.jar (com.android.tools.build:builder-model:8.7.3) with InstrumentationAnalysisTransform
Transforming builder-model-8.7.3.jar (com.android.tools.build:builder-model:8.7.3) with MergeInstrumentationAnalysisTransform
Transforming android-test-plugin-host-retention-proto-31.7.3.jar (com.android.tools.utp:android-test-plugin-host-retention-proto:31.7.3) with ExternalDependencyInstrumentingArtifactTransform
Transforming gradle-api-8.7.3.jar (com.android.tools.build:gradle-api:8.7.3) with InstrumentationAnalysisTransform
Transforming gradle-api-8.7.3.jar (com.android.tools.build:gradle-api:8.7.3) with MergeInstrumentationAnalysisTransform
Transforming builder-model-8.7.3.jar (com.android.tools.build:builder-model:8.7.3) with ExternalDependencyInstrumentingArtifactTransform
Transforming builder-test-api-8.7.3.jar (com.android.tools.build:builder-test-api:8.7.3) with InstrumentationAnalysisTransform
Transforming builder-test-api-8.7.3.jar (com.android.tools.build:builder-test-api:8.7.3) with MergeInstrumentationAnalysisTransform
Transforming gradle-api-8.7.3.jar (com.android.tools.build:gradle-api:8.7.3) with ExternalDependencyInstrumentingArtifactTransform
Transforming ddmlib-31.7.3.jar (com.android.tools.ddms:ddmlib:31.7.3) with InstrumentationAnalysisTransform
Transforming ddmlib-31.7.3.jar (com.android.tools.ddms:ddmlib:31.7.3) with MergeInstrumentationAnalysisTransform
Transforming builder-test-api-8.7.3.jar (com.android.tools.build:builder-test-api:8.7.3) with ExternalDependencyInstrumentingArtifactTransform
Transforming layoutlib-api-31.7.3.jar (com.android.tools.layoutlib:layoutlib-api:31.7.3) with InstrumentationAnalysisTransform
Transforming layoutlib-api-31.7.3.jar (com.android.tools.layoutlib:layoutlib-api:31.7.3) with MergeInstrumentationAnalysisTransform
Transforming ddmlib-31.7.3.jar (com.android.tools.ddms:ddmlib:31.7.3) with ExternalDependencyInstrumentingArtifactTransform
Transforming dvlib-31.7.3.jar (com.android.tools:dvlib:31.7.3) with InstrumentationAnalysisTransform
Transforming dvlib-31.7.3.jar (com.android.tools:dvlib:31.7.3) with MergeInstrumentationAnalysisTransform
Transforming common-31.7.3.jar (com.android.tools:common:31.7.3) with InstrumentationAnalysisTransform
Transforming common-31.7.3.jar (com.android.tools:common:31.7.3) with MergeInstrumentationAnalysisTransform
Transforming kotlin-stdlib-jdk8-1.9.20.jar (org.jetbrains.kotlin:kotlin-stdlib-jdk8:1.9.20) with InstrumentationAnalysisTransform
Transforming kotlin-stdlib-jdk8-1.9.20.jar (org.jetbrains.kotlin:kotlin-stdlib-jdk8:1.9.20) with MergeInstrumentationAnalysisTransform
Transforming layoutlib-api-31.7.3.jar (com.android.tools.layoutlib:layoutlib-api:31.7.3) with ExternalDependencyInstrumentingArtifactTransform
Transforming dvlib-31.7.3.jar (com.android.tools:dvlib:31.7.3) with ExternalDependencyInstrumentingArtifactTransform
Transforming common-31.7.3.jar (com.android.tools:common:31.7.3) with ExternalDependencyInstrumentingArtifactTransform
Transforming jetifier-processor-1.0.0-beta10.jar (com.android.tools.build.jetifier:jetifier-processor:1.0.0-beta10) with InstrumentationAnalysisTransform
Transforming jetifier-processor-1.0.0-beta10.jar (com.android.tools.build.jetifier:jetifier-processor:1.0.0-beta10) with MergeInstrumentationAnalysisTransform
Transforming jetifier-core-1.0.0-beta10.jar (com.android.tools.build.jetifier:jetifier-core:1.0.0-beta10) with InstrumentationAnalysisTransform
Transforming jetifier-core-1.0.0-beta10.jar (com.android.tools.build.jetifier:jetifier-core:1.0.0-beta10) with MergeInstrumentationAnalysisTransform
Transforming symbol-processing-gradle-plugin-2.1.0-1.0.29.jar (com.google.devtools.ksp:symbol-processing-gradle-plugin:2.1.0-1.0.29) with InstrumentationAnalysisTransform
Transforming kotlin-stdlib-jdk8-1.9.20.jar (org.jetbrains.kotlin:kotlin-stdlib-jdk8:1.9.20) with ExternalDependencyInstrumentingArtifactTransform
Transforming jetifier-core-1.0.0-beta10.jar (com.android.tools.build.jetifier:jetifier-core:1.0.0-beta10) with ExternalDependencyInstrumentingArtifactTransform
Transforming symbol-processing-gradle-plugin-2.1.0-1.0.29.jar (com.google.devtools.ksp:symbol-processing-gradle-plugin:2.1.0-1.0.29) with MergeInstrumentationAnalysisTransform
Transforming jetifier-processor-1.0.0-beta10.jar (com.android.tools.build.jetifier:jetifier-processor:1.0.0-beta10) with ExternalDependencyInstrumentingArtifactTransform
Transforming symbol-processing-api-2.1.0-1.0.29.jar (com.google.devtools.ksp:symbol-processing-api:2.1.0-1.0.29) with InstrumentationAnalysisTransform
Transforming symbol-processing-gradle-plugin-2.1.0-1.0.29.jar (com.google.devtools.ksp:symbol-processing-gradle-plugin:2.1.0-1.0.29) with ExternalDependencyInstrumentingArtifactTransform
Transforming symbol-processing-api-2.1.0-1.0.29.jar (com.google.devtools.ksp:symbol-processing-api:2.1.0-1.0.29) with MergeInstrumentationAnalysisTransform
Transforming symbol-processing-common-deps-2.1.0-1.0.29.jar (com.google.devtools.ksp:symbol-processing-common-deps:2.1.0-1.0.29) with InstrumentationAnalysisTransform
Transforming symbol-processing-api-2.1.0-1.0.29.jar (com.google.devtools.ksp:symbol-processing-api:2.1.0-1.0.29) with ExternalDependencyInstrumentingArtifactTransform
Transforming symbol-processing-common-deps-2.1.0-1.0.29.jar (com.google.devtools.ksp:symbol-processing-common-deps:2.1.0-1.0.29) with MergeInstrumentationAnalysisTransform
Transforming kotlin-reflect-2.0.20.jar (org.jetbrains.kotlin:kotlin-reflect:2.0.20) with InstrumentationAnalysisTransform
Transforming symbol-processing-common-deps-2.1.0-1.0.29.jar (com.google.devtools.ksp:symbol-processing-common-deps:2.1.0-1.0.29) with ExternalDependencyInstrumentingArtifactTransform
Transforming kotlin-reflect-2.0.20.jar (org.jetbrains.kotlin:kotlin-reflect:2.0.20) with MergeInstrumentationAnalysisTransform
Transforming kotlin-stdlib-jdk7-1.9.20.jar (org.jetbrains.kotlin:kotlin-stdlib-jdk7:1.9.20) with InstrumentationAnalysisTransform
Transforming kotlin-stdlib-jdk7-1.9.20.jar (org.jetbrains.kotlin:kotlin-stdlib-jdk7:1.9.20) with MergeInstrumentationAnalysisTransform
Transforming kotlin-reflect-2.0.20.jar (org.jetbrains.kotlin:kotlin-reflect:2.0.20) with ExternalDependencyInstrumentingArtifactTransform
Transforming kotlin-stdlib-2.0.20.jar (org.jetbrains.kotlin:kotlin-stdlib:2.0.20) with InstrumentationAnalysisTransform
Transforming kotlin-stdlib-jdk7-1.9.20.jar (org.jetbrains.kotlin:kotlin-stdlib-jdk7:1.9.20) with ExternalDependencyInstrumentingArtifactTransform
Transforming kotlin-stdlib-2.0.20.jar (org.jetbrains.kotlin:kotlin-stdlib:2.0.20) with MergeInstrumentationAnalysisTransform
Transforming annotations-13.0.jar (org.jetbrains:annotations:13.0) with InstrumentationAnalysisTransform
Transforming annotations-13.0.jar (org.jetbrains:annotations:13.0) with MergeInstrumentationAnalysisTransform
Transforming kotlin-gradle-plugin-model-2.1.0.jar (org.jetbrains.kotlin:kotlin-gradle-plugin-model:2.1.0) with InstrumentationAnalysisTransform
Transforming kotlin-stdlib-2.0.20.jar (org.jetbrains.kotlin:kotlin-stdlib:2.0.20) with ExternalDependencyInstrumentingArtifactTransform
Transforming kotlin-gradle-plugin-model-2.1.0.jar (org.jetbrains.kotlin:kotlin-gradle-plugin-model:2.1.0) with MergeInstrumentationAnalysisTransform
Transforming kotlin-gradle-plugin-api-2.1.0.jar (org.jetbrains.kotlin:kotlin-gradle-plugin-api:2.1.0) with InstrumentationAnalysisTransform
Transforming annotations-13.0.jar (org.jetbrains:annotations:13.0) with ExternalDependencyInstrumentingArtifactTransform
Transforming kotlin-gradle-plugin-api-2.1.0.jar (org.jetbrains.kotlin:kotlin-gradle-plugin-api:2.1.0) with MergeInstrumentationAnalysisTransform
Transforming kotlin-gradle-plugin-model-2.1.0.jar (org.jetbrains.kotlin:kotlin-gradle-plugin-model:2.1.0) with ExternalDependencyInstrumentingArtifactTransform
Transforming kotlin-gradle-plugin-api-2.1.0-gradle85.jar (org.jetbrains.kotlin:kotlin-gradle-plugin-api:2.1.0) with InstrumentationAnalysisTransform
Transforming kotlin-gradle-plugin-api-2.1.0.jar (org.jetbrains.kotlin:kotlin-gradle-plugin-api:2.1.0) with ExternalDependencyInstrumentingArtifactTransform
Transforming kotlin-gradle-plugin-api-2.1.0-gradle85.jar (org.jetbrains.kotlin:kotlin-gradle-plugin-api:2.1.0) with MergeInstrumentationAnalysisTransform
Transforming compose-compiler-gradle-plugin-2.1.0-gradle85.jar (org.jetbrains.kotlin:compose-compiler-gradle-plugin:2.1.0) with InstrumentationAnalysisTransform
Transforming compose-compiler-gradle-plugin-2.1.0-gradle85.jar (org.jetbrains.kotlin:compose-compiler-gradle-plugin:2.1.0) with MergeInstrumentationAnalysisTransform
Transforming kotlin-gradle-plugin-2.1.0-gradle85.jar (org.jetbrains.kotlin:kotlin-gradle-plugin:2.1.0) with InstrumentationAnalysisTransform
Transforming kotlin-gradle-plugin-2.1.0-gradle85.jar (org.jetbrains.kotlin:kotlin-gradle-plugin:2.1.0) with MergeInstrumentationAnalysisTransform
Transforming bundletool-1.17.1.jar (com.android.tools.build:bundletool:1.17.1) with InstrumentationAnalysisTransform
Transforming bundletool-1.17.1.jar (com.android.tools.build:bundletool:1.17.1) with MergeInstrumentationAnalysisTransform
Transforming kotlin-gradle-plugin-api-2.1.0-gradle85.jar (org.jetbrains.kotlin:kotlin-gradle-plugin-api:2.1.0) with ExternalDependencyInstrumentingArtifactTransform
Transforming aapt2-proto-8.7.3-12006047.jar (com.android.tools.build:aapt2-proto:8.7.3-12006047) with InstrumentationAnalysisTransform
Transforming compose-compiler-gradle-plugin-2.1.0-gradle85.jar (org.jetbrains.kotlin:compose-compiler-gradle-plugin:2.1.0) with ExternalDependencyInstrumentingArtifactTransform
Transforming aapt2-proto-8.7.3-12006047.jar (com.android.tools.build:aapt2-proto:8.7.3-12006047) with MergeInstrumentationAnalysisTransform
Transforming crash-31.7.3.jar (com.android.tools.analytics-library:crash:31.7.3) with InstrumentationAnalysisTransform
Transforming bundletool-1.17.1.jar (com.android.tools.build:bundletool:1.17.1) with ExternalDependencyInstrumentingArtifactTransform
Transforming kotlin-gradle-plugin-2.1.0-gradle85.jar (org.jetbrains.kotlin:kotlin-gradle-plugin:2.1.0) with ExternalDependencyInstrumentingArtifactTransform
Transforming crash-31.7.3.jar (com.android.tools.analytics-library:crash:31.7.3) with MergeInstrumentationAnalysisTransform
Transforming aapt2-proto-8.7.3-12006047.jar (com.android.tools.build:aapt2-proto:8.7.3-12006047) with ExternalDependencyInstrumentingArtifactTransform
Transforming lint-typedef-remover-31.7.3.jar (com.android.tools.lint:lint-typedef-remover:31.7.3) with InstrumentationAnalysisTransform
Transforming crash-31.7.3.jar (com.android.tools.analytics-library:crash:31.7.3) with ExternalDependencyInstrumentingArtifactTransform
Transforming lint-typedef-remover-31.7.3.jar (com.android.tools.lint:lint-typedef-remover:31.7.3) with MergeInstrumentationAnalysisTransform
Transforming databinding-common-8.7.3.jar (androidx.databinding:databinding-common:8.7.3) with InstrumentationAnalysisTransform
Transforming databinding-common-8.7.3.jar (androidx.databinding:databinding-common:8.7.3) with MergeInstrumentationAnalysisTransform
Transforming baseLibrary-8.7.3.jar (com.android.databinding:baseLibrary:8.7.3) with InstrumentationAnalysisTransform
Transforming lint-typedef-remover-31.7.3.jar (com.android.tools.lint:lint-typedef-remover:31.7.3) with ExternalDependencyInstrumentingArtifactTransform
Transforming baseLibrary-8.7.3.jar (com.android.databinding:baseLibrary:8.7.3) with MergeInstrumentationAnalysisTransform
Transforming databinding-common-8.7.3.jar (androidx.databinding:databinding-common:8.7.3) with ExternalDependencyInstrumentingArtifactTransform
Transforming android-device-provider-ddmlib-proto-31.7.3.jar (com.android.tools.utp:android-device-provider-ddmlib-proto:31.7.3) with InstrumentationAnalysisTransform
Transforming baseLibrary-8.7.3.jar (com.android.databinding:baseLibrary:8.7.3) with ExternalDependencyInstrumentingArtifactTransform
Transforming android-device-provider-ddmlib-proto-31.7.3.jar (com.android.tools.utp:android-device-provider-ddmlib-proto:31.7.3) with MergeInstrumentationAnalysisTransform
Transforming android-device-provider-gradle-proto-31.7.3.jar (com.android.tools.utp:android-device-provider-gradle-proto:31.7.3) with InstrumentationAnalysisTransform
Transforming android-device-provider-ddmlib-proto-31.7.3.jar (com.android.tools.utp:android-device-provider-ddmlib-proto:31.7.3) with ExternalDependencyInstrumentingArtifactTransform
Transforming android-device-provider-gradle-proto-31.7.3.jar (com.android.tools.utp:android-device-provider-gradle-proto:31.7.3) with MergeInstrumentationAnalysisTransform
Transforming android-device-provider-profile-proto-31.7.3.jar (com.android.tools.utp:android-device-provider-profile-proto:31.7.3) with InstrumentationAnalysisTransform
Transforming android-device-provider-profile-proto-31.7.3.jar (com.android.tools.utp:android-device-provider-profile-proto:31.7.3) with MergeInstrumentationAnalysisTransform
Transforming android-test-plugin-host-additional-test-output-proto-31.7.3.jar (com.android.tools.utp:android-test-plugin-host-additional-test-output-proto:31.7.3) with InstrumentationAnalysisTransform
Transforming android-test-plugin-host-additional-test-output-proto-31.7.3.jar (com.android.tools.utp:android-test-plugin-host-additional-test-output-proto:31.7.3) with MergeInstrumentationAnalysisTransform
Transforming android-test-plugin-host-coverage-proto-31.7.3.jar (com.android.tools.utp:android-test-plugin-host-coverage-proto:31.7.3) with InstrumentationAnalysisTransform
Transforming android-test-plugin-host-coverage-proto-31.7.3.jar (com.android.tools.utp:android-test-plugin-host-coverage-proto:31.7.3) with MergeInstrumentationAnalysisTransform
Transforming android-test-plugin-host-logcat-proto-31.7.3.jar (com.android.tools.utp:android-test-plugin-host-logcat-proto:31.7.3) with InstrumentationAnalysisTransform
Transforming android-device-provider-gradle-proto-31.7.3.jar (com.android.tools.utp:android-device-provider-gradle-proto:31.7.3) with ExternalDependencyInstrumentingArtifactTransform
Transforming android-test-plugin-host-additional-test-output-proto-31.7.3.jar (com.android.tools.utp:android-test-plugin-host-additional-test-output-proto:31.7.3) with ExternalDependencyInstrumentingArtifactTransform
Transforming android-test-plugin-host-logcat-proto-31.7.3.jar (com.android.tools.utp:android-test-plugin-host-logcat-proto:31.7.3) with MergeInstrumentationAnalysisTransform
Transforming android-device-provider-profile-proto-31.7.3.jar (com.android.tools.utp:android-device-provider-profile-proto:31.7.3) with ExternalDependencyInstrumentingArtifactTransform
Transforming android-test-plugin-host-coverage-proto-31.7.3.jar (com.android.tools.utp:android-test-plugin-host-coverage-proto:31.7.3) with ExternalDependencyInstrumentingArtifactTransform
Transforming android-test-plugin-host-apk-installer-proto-31.7.3.jar (com.android.tools.utp:android-test-plugin-host-apk-installer-proto:31.7.3) with InstrumentationAnalysisTransform
Transforming android-test-plugin-host-logcat-proto-31.7.3.jar (com.android.tools.utp:android-test-plugin-host-logcat-proto:31.7.3) with ExternalDependencyInstrumentingArtifactTransform
Transforming android-test-plugin-host-apk-installer-proto-31.7.3.jar (com.android.tools.utp:android-test-plugin-host-apk-installer-proto:31.7.3) with MergeInstrumentationAnalysisTransform
Transforming android-test-plugin-result-listener-gradle-proto-31.7.3.jar (com.android.tools.utp:android-test-plugin-result-listener-gradle-proto:31.7.3) with InstrumentationAnalysisTransform
Transforming android-test-plugin-result-listener-gradle-proto-31.7.3.jar (com.android.tools.utp:android-test-plugin-result-listener-gradle-proto:31.7.3) with MergeInstrumentationAnalysisTransform
Transforming transform-api-2.0.0-deprecated-use-gradle-api.jar (com.android.tools.build:transform-api:2.0.0-deprecated-use-gradle-api) with InstrumentationAnalysisTransform
Transforming transform-api-2.0.0-deprecated-use-gradle-api.jar (com.android.tools.build:transform-api:2.0.0-deprecated-use-gradle-api) with MergeInstrumentationAnalysisTransform
Transforming android-test-plugin-host-apk-installer-proto-31.7.3.jar (com.android.tools.utp:android-test-plugin-host-apk-installer-proto:31.7.3) with ExternalDependencyInstrumentingArtifactTransform
Transforming android-test-plugin-result-listener-gradle-proto-31.7.3.jar (com.android.tools.utp:android-test-plugin-result-listener-gradle-proto:31.7.3) with ExternalDependencyInstrumentingArtifactTransform
Transforming transform-api-2.0.0-deprecated-use-gradle-api.jar (com.android.tools.build:transform-api:2.0.0-deprecated-use-gradle-api) with ExternalDependencyInstrumentingArtifactTransform
Transforming httpmime-4.5.6.jar (org.apache.httpcomponents:httpmime:4.5.6) with InstrumentationAnalysisTransform
Transforming httpmime-4.5.6.jar (org.apache.httpcomponents:httpmime:4.5.6) with MergeInstrumentationAnalysisTransform
Transforming commons-io-2.13.0.jar (commons-io:commons-io:2.13.0) with InstrumentationAnalysisTransform
Transforming commons-io-2.13.0.jar (commons-io:commons-io:2.13.0) with MergeInstrumentationAnalysisTransform
Transforming httpmime-4.5.6.jar (org.apache.httpcomponents:httpmime:4.5.6) with ExternalDependencyInstrumentingArtifactTransform
Transforming asm-commons-9.6.jar (org.ow2.asm:asm-commons:9.6) with InstrumentationAnalysisTransform
Transforming commons-io-2.13.0.jar (commons-io:commons-io:2.13.0) with ExternalDependencyInstrumentingArtifactTransform
Transforming asm-commons-9.6.jar (org.ow2.asm:asm-commons:9.6) with MergeInstrumentationAnalysisTransform
Transforming asm-util-9.6.jar (org.ow2.asm:asm-util:9.6) with InstrumentationAnalysisTransform
Transforming asm-util-9.6.jar (org.ow2.asm:asm-util:9.6) with MergeInstrumentationAnalysisTransform
Transforming asm-commons-9.6.jar (org.ow2.asm:asm-commons:9.6) with ExternalDependencyInstrumentingArtifactTransform
Transforming asm-analysis-9.6.jar (org.ow2.asm:asm-analysis:9.6) with InstrumentationAnalysisTransform
Transforming asm-analysis-9.6.jar (org.ow2.asm:asm-analysis:9.6) with MergeInstrumentationAnalysisTransform
Transforming asm-util-9.6.jar (org.ow2.asm:asm-util:9.6) with ExternalDependencyInstrumentingArtifactTransform
Transforming asm-tree-9.6.jar (org.ow2.asm:asm-tree:9.6) with InstrumentationAnalysisTransform
Transforming asm-analysis-9.6.jar (org.ow2.asm:asm-analysis:9.6) with ExternalDependencyInstrumentingArtifactTransform
Transforming asm-tree-9.6.jar (org.ow2.asm:asm-tree:9.6) with MergeInstrumentationAnalysisTransform
Transforming asm-9.6.jar (org.ow2.asm:asm:9.6) with InstrumentationAnalysisTransform
Transforming asm-tree-9.6.jar (org.ow2.asm:asm-tree:9.6) with ExternalDependencyInstrumentingArtifactTransform
Transforming asm-9.6.jar (org.ow2.asm:asm:9.6) with MergeInstrumentationAnalysisTransform
Transforming apkzlib-8.7.3.jar (com.android.tools.build:apkzlib:8.7.3) with InstrumentationAnalysisTransform
Transforming apkzlib-8.7.3.jar (com.android.tools.build:apkzlib:8.7.3) with MergeInstrumentationAnalysisTransform
Transforming bcpkix-jdk18on-1.77.jar (org.bouncycastle:bcpkix-jdk18on:1.77) with InstrumentationAnalysisTransform
Transforming bcpkix-jdk18on-1.77.jar (org.bouncycastle:bcpkix-jdk18on:1.77) with MergeInstrumentationAnalysisTransform
Transforming asm-9.6.jar (org.ow2.asm:asm:9.6) with ExternalDependencyInstrumentingArtifactTransform
Transforming apkzlib-8.7.3.jar (com.android.tools.build:apkzlib:8.7.3) with ExternalDependencyInstrumentingArtifactTransform
Transforming jaxb-runtime-2.3.2.jar (org.glassfish.jaxb:jaxb-runtime:2.3.2) with InstrumentationAnalysisTransform
Transforming bcpkix-jdk18on-1.77.jar (org.bouncycastle:bcpkix-jdk18on:1.77) with ExternalDependencyInstrumentingArtifactTransform
Transforming jaxb-runtime-2.3.2.jar (org.glassfish.jaxb:jaxb-runtime:2.3.2) with MergeInstrumentationAnalysisTransform
Transforming jopt-simple-4.9.jar (net.sf.jopt-simple:jopt-simple:4.9) with InstrumentationAnalysisTransform
Transforming jopt-simple-4.9.jar (net.sf.jopt-simple:jopt-simple:4.9) with MergeInstrumentationAnalysisTransform
Transforming javapoet-1.10.0.jar (com.squareup:javapoet:1.10.0) with InstrumentationAnalysisTransform
Transforming jaxb-runtime-2.3.2.jar (org.glassfish.jaxb:jaxb-runtime:2.3.2) with ExternalDependencyInstrumentingArtifactTransform
Transforming javapoet-1.10.0.jar (com.squareup:javapoet:1.10.0) with MergeInstrumentationAnalysisTransform
Transforming jopt-simple-4.9.jar (net.sf.jopt-simple:jopt-simple:4.9) with ExternalDependencyInstrumentingArtifactTransform
Transforming javapoet-1.10.0.jar (com.squareup:javapoet:1.10.0) with ExternalDependencyInstrumentingArtifactTransform
Transforming protobuf-java-util-3.22.3.jar (com.google.protobuf:protobuf-java-util:3.22.3) with InstrumentationAnalysisTransform
Transforming protobuf-java-util-3.22.3.jar (com.google.protobuf:protobuf-java-util:3.22.3) with MergeInstrumentationAnalysisTransform
Transforming grpc-protobuf-1.57.0.jar (io.grpc:grpc-protobuf:1.57.0) with InstrumentationAnalysisTransform
Transforming grpc-protobuf-1.57.0.jar (io.grpc:grpc-protobuf:1.57.0) with MergeInstrumentationAnalysisTransform
Transforming tink-1.7.0.jar (com.google.crypto.tink:tink:1.7.0) with InstrumentationAnalysisTransform
Transforming tink-1.7.0.jar (com.google.crypto.tink:tink:1.7.0) with MergeInstrumentationAnalysisTransform
Transforming protos-31.7.3.jar (com.android.tools.analytics-library:protos:31.7.3) with InstrumentationAnalysisTransform
Transforming protobuf-java-util-3.22.3.jar (com.google.protobuf:protobuf-java-util:3.22.3) with ExternalDependencyInstrumentingArtifactTransform
Transforming protos-31.7.3.jar (com.android.tools.analytics-library:protos:31.7.3) with MergeInstrumentationAnalysisTransform
Transforming grpc-protobuf-1.57.0.jar (io.grpc:grpc-protobuf:1.57.0) with ExternalDependencyInstrumentingArtifactTransform
Transforming proto-google-common-protos-2.17.0.jar (com.google.api.grpc:proto-google-common-protos:2.17.0) with InstrumentationAnalysisTransform
Transforming protos-31.7.3.jar (com.android.tools.analytics-library:protos:31.7.3) with ExternalDependencyInstrumentingArtifactTransform
Transforming proto-google-common-protos-2.17.0.jar (com.google.api.grpc:proto-google-common-protos:2.17.0) with MergeInstrumentationAnalysisTransform
Transforming tink-1.7.0.jar (com.google.crypto.tink:tink:1.7.0) with ExternalDependencyInstrumentingArtifactTransform
Transforming protobuf-java-3.22.3.jar (com.google.protobuf:protobuf-java:3.22.3) with InstrumentationAnalysisTransform
Transforming proto-google-common-protos-2.17.0.jar (com.google.api.grpc:proto-google-common-protos:2.17.0) with ExternalDependencyInstrumentingArtifactTransform
Transforming protobuf-java-3.22.3.jar (com.google.protobuf:protobuf-java:3.22.3) with MergeInstrumentationAnalysisTransform
Transforming grpc-netty-1.57.0.jar (io.grpc:grpc-netty:1.57.0) with InstrumentationAnalysisTransform
Transforming grpc-netty-1.57.0.jar (io.grpc:grpc-netty:1.57.0) with MergeInstrumentationAnalysisTransform
Transforming protobuf-java-3.22.3.jar (com.google.protobuf:protobuf-java:3.22.3) with ExternalDependencyInstrumentingArtifactTransform
Transforming grpc-core-1.57.0.jar (io.grpc:grpc-core:1.57.0) with InstrumentationAnalysisTransform
Transforming grpc-netty-1.57.0.jar (io.grpc:grpc-netty:1.57.0) with ExternalDependencyInstrumentingArtifactTransform
Transforming grpc-core-1.57.0.jar (io.grpc:grpc-core:1.57.0) with MergeInstrumentationAnalysisTransform
Transforming kotlin-build-statistics-2.1.0.jar (org.jetbrains.kotlin:kotlin-build-statistics:2.1.0) with InstrumentationAnalysisTransform
Transforming grpc-core-1.57.0.jar (io.grpc:grpc-core:1.57.0) with ExternalDependencyInstrumentingArtifactTransform
Transforming kotlin-build-statistics-2.1.0.jar (org.jetbrains.kotlin:kotlin-build-statistics:2.1.0) with MergeInstrumentationAnalysisTransform
Transforming gson-2.10.1.jar (com.google.code.gson:gson:2.10.1) with InstrumentationAnalysisTransform
Transforming gson-2.10.1.jar (com.google.code.gson:gson:2.10.1) with MergeInstrumentationAnalysisTransform
Transforming grpc-stub-1.57.0.jar (io.grpc:grpc-stub:1.57.0) with InstrumentationAnalysisTransform
Transforming kotlin-build-statistics-2.1.0.jar (org.jetbrains.kotlin:kotlin-build-statistics:2.1.0) with ExternalDependencyInstrumentingArtifactTransform
Transforming grpc-stub-1.57.0.jar (io.grpc:grpc-stub:1.57.0) with MergeInstrumentationAnalysisTransform
Transforming core-proto-0.0.9-alpha02.jar (com.google.testing.platform:core-proto:0.0.9-alpha02) with InstrumentationAnalysisTransform
Transforming gson-2.10.1.jar (com.google.code.gson:gson:2.10.1) with ExternalDependencyInstrumentingArtifactTransform
Transforming grpc-stub-1.57.0.jar (io.grpc:grpc-stub:1.57.0) with ExternalDependencyInstrumentingArtifactTransform
Transforming core-proto-0.0.9-alpha02.jar (com.google.testing.platform:core-proto:0.0.9-alpha02) with MergeInstrumentationAnalysisTransform
Transforming tensorflow-lite-metadata-0.1.0-rc2.jar (org.tensorflow:tensorflow-lite-metadata:0.1.0-rc2) with InstrumentationAnalysisTransform
Transforming tensorflow-lite-metadata-0.1.0-rc2.jar (org.tensorflow:tensorflow-lite-metadata:0.1.0-rc2) with MergeInstrumentationAnalysisTransform
Transforming flatbuffers-java-1.12.0.jar (com.google.flatbuffers:flatbuffers-java:1.12.0) with InstrumentationAnalysisTransform
Transforming core-proto-0.0.9-alpha02.jar (com.google.testing.platform:core-proto:0.0.9-alpha02) with ExternalDependencyInstrumentingArtifactTransform
Transforming tensorflow-lite-metadata-0.1.0-rc2.jar (org.tensorflow:tensorflow-lite-metadata:0.1.0-rc2) with ExternalDependencyInstrumentingArtifactTransform
Transforming flatbuffers-java-1.12.0.jar (com.google.flatbuffers:flatbuffers-java:1.12.0) with MergeInstrumentationAnalysisTransform
Transforming kotlin-gradle-plugin-idea-proto-2.1.0.jar (org.jetbrains.kotlin:kotlin-gradle-plugin-idea-proto:2.1.0) with InstrumentationAnalysisTransform
Transforming flatbuffers-java-1.12.0.jar (com.google.flatbuffers:flatbuffers-java:1.12.0) with ExternalDependencyInstrumentingArtifactTransform
Transforming kotlin-gradle-plugin-idea-proto-2.1.0.jar (org.jetbrains.kotlin:kotlin-gradle-plugin-idea-proto:2.1.0) with MergeInstrumentationAnalysisTransform
Transforming kotlin-gradle-plugin-idea-2.1.0.jar (org.jetbrains.kotlin:kotlin-gradle-plugin-idea:2.1.0) with InstrumentationAnalysisTransform
Transforming kotlin-gradle-plugin-idea-2.1.0.jar (org.jetbrains.kotlin:kotlin-gradle-plugin-idea:2.1.0) with MergeInstrumentationAnalysisTransform
Transforming kotlin-klib-commonizer-api-2.1.0.jar (org.jetbrains.kotlin:kotlin-klib-commonizer-api:2.1.0) with InstrumentationAnalysisTransform
Transforming kotlin-klib-commonizer-api-2.1.0.jar (org.jetbrains.kotlin:kotlin-klib-commonizer-api:2.1.0) with MergeInstrumentationAnalysisTransform
Transforming kotlin-util-klib-metadata-2.1.0.jar (org.jetbrains.kotlin:kotlin-util-klib-metadata:2.1.0) with InstrumentationAnalysisTransform
Transforming kotlin-gradle-plugin-idea-proto-2.1.0.jar (org.jetbrains.kotlin:kotlin-gradle-plugin-idea-proto:2.1.0) with ExternalDependencyInstrumentingArtifactTransform
Transforming kotlin-klib-commonizer-api-2.1.0.jar (org.jetbrains.kotlin:kotlin-klib-commonizer-api:2.1.0) with ExternalDependencyInstrumentingArtifactTransform
Transforming kotlin-util-klib-metadata-2.1.0.jar (org.jetbrains.kotlin:kotlin-util-klib-metadata:2.1.0) with MergeInstrumentationAnalysisTransform
Transforming kotlin-gradle-plugin-idea-2.1.0.jar (org.jetbrains.kotlin:kotlin-gradle-plugin-idea:2.1.0) with ExternalDependencyInstrumentingArtifactTransform
Transforming kotlin-compiler-runner-2.1.0.jar (org.jetbrains.kotlin:kotlin-compiler-runner:2.1.0) with InstrumentationAnalysisTransform
Transforming kotlin-util-klib-metadata-2.1.0.jar (org.jetbrains.kotlin:kotlin-util-klib-metadata:2.1.0) with ExternalDependencyInstrumentingArtifactTransform
Transforming kotlin-compiler-runner-2.1.0.jar (org.jetbrains.kotlin:kotlin-compiler-runner:2.1.0) with MergeInstrumentationAnalysisTransform
Transforming jimfs-1.1.jar (com.google.jimfs:jimfs:1.1) with InstrumentationAnalysisTransform
Transforming jimfs-1.1.jar (com.google.jimfs:jimfs:1.1) with MergeInstrumentationAnalysisTransform
Transforming kotlin-compiler-runner-2.1.0.jar (org.jetbrains.kotlin:kotlin-compiler-runner:2.1.0) with ExternalDependencyInstrumentingArtifactTransform
Transforming grpc-context-1.57.0.jar (io.grpc:grpc-context:1.57.0) with InstrumentationAnalysisTransform
Transforming jimfs-1.1.jar (com.google.jimfs:jimfs:1.1) with ExternalDependencyInstrumentingArtifactTransform
Transforming grpc-context-1.57.0.jar (io.grpc:grpc-context:1.57.0) with MergeInstrumentationAnalysisTransform
Transforming grpc-protobuf-lite-1.57.0.jar (io.grpc:grpc-protobuf-lite:1.57.0) with InstrumentationAnalysisTransform
Transforming grpc-protobuf-lite-1.57.0.jar (io.grpc:grpc-protobuf-lite:1.57.0) with MergeInstrumentationAnalysisTransform
Transforming grpc-api-1.57.0.jar (io.grpc:grpc-api:1.57.0) with InstrumentationAnalysisTransform
Transforming grpc-api-1.57.0.jar (io.grpc:grpc-api:1.57.0) with MergeInstrumentationAnalysisTransform
Transforming grpc-context-1.57.0.jar (io.grpc:grpc-context:1.57.0) with ExternalDependencyInstrumentingArtifactTransform
Transforming grpc-protobuf-lite-1.57.0.jar (io.grpc:grpc-protobuf-lite:1.57.0) with ExternalDependencyInstrumentingArtifactTransform
Transforming guava-32.0.1-jre.jar (com.google.guava:guava:32.0.1-jre) with InstrumentationAnalysisTransform
Transforming grpc-api-1.57.0.jar (io.grpc:grpc-api:1.57.0) with ExternalDependencyInstrumentingArtifactTransform
Transforming guava-32.0.1-jre.jar (com.google.guava:guava:32.0.1-jre) with MergeInstrumentationAnalysisTransform
Transforming dagger-2.28.3.jar (com.google.dagger:dagger:2.28.3) with InstrumentationAnalysisTransform
Transforming dagger-2.28.3.jar (com.google.dagger:dagger:2.28.3) with MergeInstrumentationAnalysisTransform
Transforming guava-32.0.1-jre.jar (com.google.guava:guava:32.0.1-jre) with ExternalDependencyInstrumentingArtifactTransform
Transforming javax.inject-1.jar (javax.inject:javax.inject:1) with InstrumentationAnalysisTransform
Transforming dagger-2.28.3.jar (com.google.dagger:dagger:2.28.3) with ExternalDependencyInstrumentingArtifactTransform
Transforming javax.inject-1.jar (javax.inject:javax.inject:1) with MergeInstrumentationAnalysisTransform
Transforming kxml2-2.3.0.jar (net.sf.kxml:kxml2:2.3.0) with InstrumentationAnalysisTransform
Transforming javax.inject-1.jar (javax.inject:javax.inject:1) with ExternalDependencyInstrumentingArtifactTransform
Transforming kxml2-2.3.0.jar (net.sf.kxml:kxml2:2.3.0) with MergeInstrumentationAnalysisTransform
Transforming bcutil-jdk18on-1.77.jar (org.bouncycastle:bcutil-jdk18on:1.77) with InstrumentationAnalysisTransform
Transforming bcutil-jdk18on-1.77.jar (org.bouncycastle:bcutil-jdk18on:1.77) with MergeInstrumentationAnalysisTransform
Transforming bcprov-jdk18on-1.77.jar (org.bouncycastle:bcprov-jdk18on:1.77) with InstrumentationAnalysisTransform
Transforming bcprov-jdk18on-1.77.jar (org.bouncycastle:bcprov-jdk18on:1.77) with MergeInstrumentationAnalysisTransform
Transforming trove4j-1.0.20200330.jar (org.jetbrains.intellij.deps:trove4j:1.0.20200330) with InstrumentationAnalysisTransform
Transforming trove4j-1.0.20200330.jar (org.jetbrains.intellij.deps:trove4j:1.0.20200330) with MergeInstrumentationAnalysisTransform
Transforming commons-compress-1.21.jar (org.apache.commons:commons-compress:1.21) with InstrumentationAnalysisTransform
Transforming kxml2-2.3.0.jar (net.sf.kxml:kxml2:2.3.0) with ExternalDependencyInstrumentingArtifactTransform
Transforming bcutil-jdk18on-1.77.jar (org.bouncycastle:bcutil-jdk18on:1.77) with ExternalDependencyInstrumentingArtifactTransform
Transforming commons-compress-1.21.jar (org.apache.commons:commons-compress:1.21) with MergeInstrumentationAnalysisTransform
Transforming bcprov-jdk18on-1.77.jar (org.bouncycastle:bcprov-jdk18on:1.77) with ExternalDependencyInstrumentingArtifactTransform
Transforming trove4j-1.0.20200330.jar (org.jetbrains.intellij.deps:trove4j:1.0.20200330) with ExternalDependencyInstrumentingArtifactTransform
Transforming httpclient-4.5.14.jar (org.apache.httpcomponents:httpclient:4.5.14) with InstrumentationAnalysisTransform
Transforming commons-compress-1.21.jar (org.apache.commons:commons-compress:1.21) with ExternalDependencyInstrumentingArtifactTransform
Transforming httpclient-4.5.14.jar (org.apache.httpcomponents:httpclient:4.5.14) with MergeInstrumentationAnalysisTransform
Transforming httpcore-4.4.16.jar (org.apache.httpcomponents:httpcore:4.4.16) with InstrumentationAnalysisTransform
Transforming httpclient-4.5.14.jar (org.apache.httpcomponents:httpclient:4.5.14) with ExternalDependencyInstrumentingArtifactTransform
Transforming httpcore-4.4.16.jar (org.apache.httpcomponents:httpcore:4.4.16) with MergeInstrumentationAnalysisTransform
Transforming javax.activation-1.2.0.jar (com.sun.activation:javax.activation:1.2.0) with InstrumentationAnalysisTransform
Transforming httpcore-4.4.16.jar (org.apache.httpcomponents:httpcore:4.4.16) with ExternalDependencyInstrumentingArtifactTransform
Transforming javax.activation-1.2.0.jar (com.sun.activation:javax.activation:1.2.0) with MergeInstrumentationAnalysisTransform
Transforming signflinger-8.7.3.jar (com.android:signflinger:8.7.3) with InstrumentationAnalysisTransform
Transforming signflinger-8.7.3.jar (com.android:signflinger:8.7.3) with MergeInstrumentationAnalysisTransform
Transforming zipflinger-8.7.3.jar (com.android:zipflinger:8.7.3) with InstrumentationAnalysisTransform
Transforming javax.activation-1.2.0.jar (com.sun.activation:javax.activation:1.2.0) with ExternalDependencyInstrumentingArtifactTransform
Transforming zipflinger-8.7.3.jar (com.android:zipflinger:8.7.3) with MergeInstrumentationAnalysisTransform
Transforming signflinger-8.7.3.jar (com.android:signflinger:8.7.3) with ExternalDependencyInstrumentingArtifactTransform
Transforming annotations-31.7.3.jar (com.android.tools:annotations:31.7.3) with InstrumentationAnalysisTransform
Transforming zipflinger-8.7.3.jar (com.android:zipflinger:8.7.3) with ExternalDependencyInstrumentingArtifactTransform
Transforming annotations-31.7.3.jar (com.android.tools:annotations:31.7.3) with MergeInstrumentationAnalysisTransform
Transforming jna-platform-5.6.0.jar (net.java.dev.jna:jna-platform:5.6.0) with InstrumentationAnalysisTransform
Transforming jna-platform-5.6.0.jar (net.java.dev.jna:jna-platform:5.6.0) with MergeInstrumentationAnalysisTransform
Transforming juniversalchardet-1.0.3.jar (com.googlecode.juniversalchardet:juniversalchardet:1.0.3) with InstrumentationAnalysisTransform
Transforming juniversalchardet-1.0.3.jar (com.googlecode.juniversalchardet:juniversalchardet:1.0.3) with MergeInstrumentationAnalysisTransform
Transforming annotations-31.7.3.jar (com.android.tools:annotations:31.7.3) with ExternalDependencyInstrumentingArtifactTransform
Transforming jna-platform-5.6.0.jar (net.java.dev.jna:jna-platform:5.6.0) with ExternalDependencyInstrumentingArtifactTransform
Transforming javax.annotation-api-1.3.2.jar (javax.annotation:javax.annotation-api:1.3.2) with InstrumentationAnalysisTransform
Transforming javax.annotation-api-1.3.2.jar (javax.annotation:javax.annotation-api:1.3.2) with MergeInstrumentationAnalysisTransform
Transforming stax-ex-1.8.1.jar (org.jvnet.staxex:stax-ex:1.8.1) with InstrumentationAnalysisTransform
Transforming stax-ex-1.8.1.jar (org.jvnet.staxex:stax-ex:1.8.1) with MergeInstrumentationAnalysisTransform
Transforming juniversalchardet-1.0.3.jar (com.googlecode.juniversalchardet:juniversalchardet:1.0.3) with ExternalDependencyInstrumentingArtifactTransform
Transforming jakarta.xml.bind-api-2.3.2.jar (jakarta.xml.bind:jakarta.xml.bind-api:2.3.2) with InstrumentationAnalysisTransform
Transforming javax.annotation-api-1.3.2.jar (javax.annotation:javax.annotation-api:1.3.2) with ExternalDependencyInstrumentingArtifactTransform
Transforming stax-ex-1.8.1.jar (org.jvnet.staxex:stax-ex:1.8.1) with ExternalDependencyInstrumentingArtifactTransform
Transforming jakarta.xml.bind-api-2.3.2.jar (jakarta.xml.bind:jakarta.xml.bind-api:2.3.2) with MergeInstrumentationAnalysisTransform
Transforming txw2-2.3.2.jar (org.glassfish.jaxb:txw2:2.3.2) with InstrumentationAnalysisTransform
Transforming txw2-2.3.2.jar (org.glassfish.jaxb:txw2:2.3.2) with MergeInstrumentationAnalysisTransform
Transforming istack-commons-runtime-3.0.8.jar (com.sun.istack:istack-commons-runtime:3.0.8) with InstrumentationAnalysisTransform
Transforming istack-commons-runtime-3.0.8.jar (com.sun.istack:istack-commons-runtime:3.0.8) with MergeInstrumentationAnalysisTransform
Transforming FastInfoset-1.2.16.jar (com.sun.xml.fastinfoset:FastInfoset:1.2.16) with InstrumentationAnalysisTransform
Transforming jakarta.xml.bind-api-2.3.2.jar (jakarta.xml.bind:jakarta.xml.bind-api:2.3.2) with ExternalDependencyInstrumentingArtifactTransform
Transforming txw2-2.3.2.jar (org.glassfish.jaxb:txw2:2.3.2) with ExternalDependencyInstrumentingArtifactTransform
Transforming FastInfoset-1.2.16.jar (com.sun.xml.fastinfoset:FastInfoset:1.2.16) with MergeInstrumentationAnalysisTransform
Transforming istack-commons-runtime-3.0.8.jar (com.sun.istack:istack-commons-runtime:3.0.8) with ExternalDependencyInstrumentingArtifactTransform
Transforming jakarta.activation-api-1.2.1.jar (jakarta.activation:jakarta.activation-api:1.2.1) with InstrumentationAnalysisTransform
Transforming jakarta.activation-api-1.2.1.jar (jakarta.activation:jakarta.activation-api:1.2.1) with MergeInstrumentationAnalysisTransform
Transforming FastInfoset-1.2.16.jar (com.sun.xml.fastinfoset:FastInfoset:1.2.16) with ExternalDependencyInstrumentingArtifactTransform
Transforming auto-value-annotations-1.6.2.jar (com.google.auto.value:auto-value-annotations:1.6.2) with InstrumentationAnalysisTransform
Transforming jakarta.activation-api-1.2.1.jar (jakarta.activation:jakarta.activation-api:1.2.1) with ExternalDependencyInstrumentingArtifactTransform
Transforming auto-value-annotations-1.6.2.jar (com.google.auto.value:auto-value-annotations:1.6.2) with MergeInstrumentationAnalysisTransform
Transforming error_prone_annotations-2.18.0.jar (com.google.errorprone:error_prone_annotations:2.18.0) with InstrumentationAnalysisTransform
Transforming error_prone_annotations-2.18.0.jar (com.google.errorprone:error_prone_annotations:2.18.0) with MergeInstrumentationAnalysisTransform
Transforming jose4j-0.9.5.jar (org.bitbucket.b_c:jose4j:0.9.5) with InstrumentationAnalysisTransform
Transforming jose4j-0.9.5.jar (org.bitbucket.b_c:jose4j:0.9.5) with MergeInstrumentationAnalysisTransform
Transforming slf4j-api-1.7.30.jar (org.slf4j:slf4j-api:1.7.30) with InstrumentationAnalysisTransform
Transforming auto-value-annotations-1.6.2.jar (com.google.auto.value:auto-value-annotations:1.6.2) with ExternalDependencyInstrumentingArtifactTransform
Transforming jose4j-0.9.5.jar (org.bitbucket.b_c:jose4j:0.9.5) with ExternalDependencyInstrumentingArtifactTransform
Transforming error_prone_annotations-2.18.0.jar (com.google.errorprone:error_prone_annotations:2.18.0) with ExternalDependencyInstrumentingArtifactTransform
Transforming slf4j-api-1.7.30.jar (org.slf4j:slf4j-api:1.7.30) with MergeInstrumentationAnalysisTransform
Transforming jdom2-2.0.6.jar (org.jdom:jdom2:2.0.6) with InstrumentationAnalysisTransform
Transforming jdom2-2.0.6.jar (org.jdom:jdom2:2.0.6) with MergeInstrumentationAnalysisTransform
Transforming jsr305-3.0.2.jar (com.google.code.findbugs:jsr305:3.0.2) with InstrumentationAnalysisTransform
Transforming slf4j-api-1.7.30.jar (org.slf4j:slf4j-api:1.7.30) with ExternalDependencyInstrumentingArtifactTransform
Transforming jsr305-3.0.2.jar (com.google.code.findbugs:jsr305:3.0.2) with MergeInstrumentationAnalysisTransform
Transforming jdom2-2.0.6.jar (org.jdom:jdom2:2.0.6) with ExternalDependencyInstrumentingArtifactTransform
Transforming j2objc-annotations-2.8.jar (com.google.j2objc:j2objc-annotations:2.8) with InstrumentationAnalysisTransform
Transforming jsr305-3.0.2.jar (com.google.code.findbugs:jsr305:3.0.2) with ExternalDependencyInstrumentingArtifactTransform
Transforming j2objc-annotations-2.8.jar (com.google.j2objc:j2objc-annotations:2.8) with MergeInstrumentationAnalysisTransform
Transforming annotations-4.1.1.4.jar (com.google.android:annotations:4.1.1.4) with InstrumentationAnalysisTransform
Transforming annotations-4.1.1.4.jar (com.google.android:annotations:4.1.1.4) with MergeInstrumentationAnalysisTransform
Transforming j2objc-annotations-2.8.jar (com.google.j2objc:j2objc-annotations:2.8) with ExternalDependencyInstrumentingArtifactTransform
Transforming animal-sniffer-annotations-1.23.jar (org.codehaus.mojo:animal-sniffer-annotations:1.23) with InstrumentationAnalysisTransform
Transforming animal-sniffer-annotations-1.23.jar (org.codehaus.mojo:animal-sniffer-annotations:1.23) with MergeInstrumentationAnalysisTransform
Transforming annotations-4.1.1.4.jar (com.google.android:annotations:4.1.1.4) with ExternalDependencyInstrumentingArtifactTransform
Transforming perfmark-api-0.26.0.jar (io.perfmark:perfmark-api:0.26.0) with InstrumentationAnalysisTransform
Transforming perfmark-api-0.26.0.jar (io.perfmark:perfmark-api:0.26.0) with MergeInstrumentationAnalysisTransform
Transforming animal-sniffer-annotations-1.23.jar (org.codehaus.mojo:animal-sniffer-annotations:1.23) with ExternalDependencyInstrumentingArtifactTransform
Transforming netty-codec-http2-4.1.93.Final.jar (io.netty:netty-codec-http2:4.1.93.Final) with InstrumentationAnalysisTransform
Transforming netty-codec-http2-4.1.93.Final.jar (io.netty:netty-codec-http2:4.1.93.Final) with MergeInstrumentationAnalysisTransform
Transforming netty-handler-proxy-4.1.93.Final.jar (io.netty:netty-handler-proxy:4.1.93.Final) with InstrumentationAnalysisTransform
Transforming netty-handler-proxy-4.1.93.Final.jar (io.netty:netty-handler-proxy:4.1.93.Final) with MergeInstrumentationAnalysisTransform
Transforming netty-codec-http-4.1.93.Final.jar (io.netty:netty-codec-http:4.1.93.Final) with InstrumentationAnalysisTransform
Transforming perfmark-api-0.26.0.jar (io.perfmark:perfmark-api:0.26.0) with ExternalDependencyInstrumentingArtifactTransform
Transforming netty-codec-http2-4.1.93.Final.jar (io.netty:netty-codec-http2:4.1.93.Final) with ExternalDependencyInstrumentingArtifactTransform
Transforming netty-codec-http-4.1.93.Final.jar (io.netty:netty-codec-http:4.1.93.Final) with MergeInstrumentationAnalysisTransform
Transforming netty-handler-proxy-4.1.93.Final.jar (io.netty:netty-handler-proxy:4.1.93.Final) with ExternalDependencyInstrumentingArtifactTransform
Transforming netty-handler-4.1.93.Final.jar (io.netty:netty-handler:4.1.93.Final) with InstrumentationAnalysisTransform
Transforming netty-codec-http-4.1.93.Final.jar (io.netty:netty-codec-http:4.1.93.Final) with ExternalDependencyInstrumentingArtifactTransform
Transforming netty-handler-4.1.93.Final.jar (io.netty:netty-handler:4.1.93.Final) with MergeInstrumentationAnalysisTransform
Transforming netty-transport-native-unix-common-4.1.93.Final.jar (io.netty:netty-transport-native-unix-common:4.1.93.Final) with InstrumentationAnalysisTransform
Transforming netty-transport-native-unix-common-4.1.93.Final.jar (io.netty:netty-transport-native-unix-common:4.1.93.Final) with MergeInstrumentationAnalysisTransform
Transforming checker-qual-3.33.0.jar (org.checkerframework:checker-qual:3.33.0) with InstrumentationAnalysisTransform
Transforming checker-qual-3.33.0.jar (org.checkerframework:checker-qual:3.33.0) with MergeInstrumentationAnalysisTransform
Transforming commons-codec-1.11.jar (commons-codec:commons-codec:1.11) with InstrumentationAnalysisTransform
Transforming commons-codec-1.11.jar (commons-codec:commons-codec:1.11) with MergeInstrumentationAnalysisTransform
Transforming netty-handler-4.1.93.Final.jar (io.netty:netty-handler:4.1.93.Final) with ExternalDependencyInstrumentingArtifactTransform
Transforming netty-transport-native-unix-common-4.1.93.Final.jar (io.netty:netty-transport-native-unix-common:4.1.93.Final) with ExternalDependencyInstrumentingArtifactTransform
Transforming checker-qual-3.33.0.jar (org.checkerframework:checker-qual:3.33.0) with ExternalDependencyInstrumentingArtifactTransform
Transforming apksig-8.7.3.jar (com.android.tools.build:apksig:8.7.3) with InstrumentationAnalysisTransform
Transforming commons-codec-1.11.jar (commons-codec:commons-codec:1.11) with ExternalDependencyInstrumentingArtifactTransform
Transforming apksig-8.7.3.jar (com.android.tools.build:apksig:8.7.3) with MergeInstrumentationAnalysisTransform
Transforming javawriter-2.5.0.jar (com.squareup:javawriter:2.5.0) with InstrumentationAnalysisTransform
Transforming apksig-8.7.3.jar (com.android.tools.build:apksig:8.7.3) with ExternalDependencyInstrumentingArtifactTransform
Transforming javawriter-2.5.0.jar (com.squareup:javawriter:2.5.0) with MergeInstrumentationAnalysisTransform
Transforming kotlin-gradle-plugin-annotations-2.1.0.jar (org.jetbrains.kotlin:kotlin-gradle-plugin-annotations:2.1.0) with InstrumentationAnalysisTransform
Transforming kotlin-gradle-plugin-annotations-2.1.0.jar (org.jetbrains.kotlin:kotlin-gradle-plugin-annotations:2.1.0) with MergeInstrumentationAnalysisTransform
Transforming javawriter-2.5.0.jar (com.squareup:javawriter:2.5.0) with ExternalDependencyInstrumentingArtifactTransform
Transforming kotlin-native-utils-2.1.0.jar (org.jetbrains.kotlin:kotlin-native-utils:2.1.0) with InstrumentationAnalysisTransform
Transforming kotlin-gradle-plugin-annotations-2.1.0.jar (org.jetbrains.kotlin:kotlin-gradle-plugin-annotations:2.1.0) with ExternalDependencyInstrumentingArtifactTransform
Transforming kotlin-native-utils-2.1.0.jar (org.jetbrains.kotlin:kotlin-native-utils:2.1.0) with MergeInstrumentationAnalysisTransform
Transforming kotlin-tooling-core-2.1.0.jar (org.jetbrains.kotlin:kotlin-tooling-core:2.1.0) with InstrumentationAnalysisTransform
Transforming kotlin-tooling-core-2.1.0.jar (org.jetbrains.kotlin:kotlin-tooling-core:2.1.0) with MergeInstrumentationAnalysisTransform
Transforming kotlin-build-tools-api-2.1.0.jar (org.jetbrains.kotlin:kotlin-build-tools-api:2.1.0) with InstrumentationAnalysisTransform
Transforming kotlin-native-utils-2.1.0.jar (org.jetbrains.kotlin:kotlin-native-utils:2.1.0) with ExternalDependencyInstrumentingArtifactTransform
Transforming kotlin-build-tools-api-2.1.0.jar (org.jetbrains.kotlin:kotlin-build-tools-api:2.1.0) with MergeInstrumentationAnalysisTransform
Transforming kotlin-util-klib-2.1.0.jar (org.jetbrains.kotlin:kotlin-util-klib:2.1.0) with InstrumentationAnalysisTransform
Transforming kotlin-util-klib-2.1.0.jar (org.jetbrains.kotlin:kotlin-util-klib:2.1.0) with MergeInstrumentationAnalysisTransform
Transforming kotlin-util-io-2.1.0.jar (org.jetbrains.kotlin:kotlin-util-io:2.1.0) with InstrumentationAnalysisTransform
Transforming kotlin-util-io-2.1.0.jar (org.jetbrains.kotlin:kotlin-util-io:2.1.0) with MergeInstrumentationAnalysisTransform
Transforming kotlin-build-tools-api-2.1.0.jar (org.jetbrains.kotlin:kotlin-build-tools-api:2.1.0) with ExternalDependencyInstrumentingArtifactTransform
Transforming kotlin-tooling-core-2.1.0.jar (org.jetbrains.kotlin:kotlin-tooling-core:2.1.0) with ExternalDependencyInstrumentingArtifactTransform
Transforming kotlin-util-io-2.1.0.jar (org.jetbrains.kotlin:kotlin-util-io:2.1.0) with ExternalDependencyInstrumentingArtifactTransform
Transforming kotlin-util-klib-2.1.0.jar (org.jetbrains.kotlin:kotlin-util-klib:2.1.0) with ExternalDependencyInstrumentingArtifactTransform
Transforming kotlin-daemon-client-2.1.0.jar (org.jetbrains.kotlin:kotlin-daemon-client:2.1.0) with InstrumentationAnalysisTransform
Transforming kotlin-daemon-client-2.1.0.jar (org.jetbrains.kotlin:kotlin-daemon-client:2.1.0) with MergeInstrumentationAnalysisTransform
Transforming kotlinx-coroutines-core-jvm-1.6.4.jar (org.jetbrains.kotlinx:kotlinx-coroutines-core-jvm:1.6.4) with InstrumentationAnalysisTransform
Transforming kotlinx-coroutines-core-jvm-1.6.4.jar (org.jetbrains.kotlinx:kotlinx-coroutines-core-jvm:1.6.4) with MergeInstrumentationAnalysisTransform
Transforming failureaccess-1.0.1.jar (com.google.guava:failureaccess:1.0.1) with InstrumentationAnalysisTransform
Transforming failureaccess-1.0.1.jar (com.google.guava:failureaccess:1.0.1) with MergeInstrumentationAnalysisTransform
Transforming kotlin-daemon-client-2.1.0.jar (org.jetbrains.kotlin:kotlin-daemon-client:2.1.0) with ExternalDependencyInstrumentingArtifactTransform
Transforming kotlinx-coroutines-core-jvm-1.6.4.jar (org.jetbrains.kotlinx:kotlinx-coroutines-core-jvm:1.6.4) with ExternalDependencyInstrumentingArtifactTransform
Transforming listenablefuture-9999.0-empty-to-avoid-conflict-with-guava.jar (com.google.guava:listenablefuture:9999.0-empty-to-avoid-conflict-with-guava) with InstrumentationAnalysisTransform
Transforming listenablefuture-9999.0-empty-to-avoid-conflict-with-guava.jar (com.google.guava:listenablefuture:9999.0-empty-to-avoid-conflict-with-guava) with MergeInstrumentationAnalysisTransform
Transforming failureaccess-1.0.1.jar (com.google.guava:failureaccess:1.0.1) with ExternalDependencyInstrumentingArtifactTransform
Transforming commons-logging-1.2.jar (commons-logging:commons-logging:1.2) with InstrumentationAnalysisTransform
Transforming listenablefuture-9999.0-empty-to-avoid-conflict-with-guava.jar (com.google.guava:listenablefuture:9999.0-empty-to-avoid-conflict-with-guava) with ExternalDependencyInstrumentingArtifactTransform
Transforming commons-logging-1.2.jar (commons-logging:commons-logging:1.2) with MergeInstrumentationAnalysisTransform
Transforming jna-5.6.0.jar (net.java.dev.jna:jna:5.6.0) with InstrumentationAnalysisTransform
Transforming jna-5.6.0.jar (net.java.dev.jna:jna:5.6.0) with MergeInstrumentationAnalysisTransform
Transforming netty-codec-socks-4.1.93.Final.jar (io.netty:netty-codec-socks:4.1.93.Final) with InstrumentationAnalysisTransform
Transforming netty-codec-socks-4.1.93.Final.jar (io.netty:netty-codec-socks:4.1.93.Final) with MergeInstrumentationAnalysisTransform
Transforming netty-codec-4.1.93.Final.jar (io.netty:netty-codec:4.1.93.Final) with InstrumentationAnalysisTransform
Transforming netty-codec-4.1.93.Final.jar (io.netty:netty-codec:4.1.93.Final) with MergeInstrumentationAnalysisTransform
Transforming commons-logging-1.2.jar (commons-logging:commons-logging:1.2) with ExternalDependencyInstrumentingArtifactTransform
Transforming jna-5.6.0.jar (net.java.dev.jna:jna:5.6.0) with ExternalDependencyInstrumentingArtifactTransform
Transforming netty-codec-socks-4.1.93.Final.jar (io.netty:netty-codec-socks:4.1.93.Final) with ExternalDependencyInstrumentingArtifactTransform
Transforming netty-codec-4.1.93.Final.jar (io.netty:netty-codec:4.1.93.Final) with ExternalDependencyInstrumentingArtifactTransform
Transforming netty-transport-4.1.93.Final.jar (io.netty:netty-transport:4.1.93.Final) with InstrumentationAnalysisTransform
Transforming netty-transport-4.1.93.Final.jar (io.netty:netty-transport:4.1.93.Final) with MergeInstrumentationAnalysisTransform
Transforming netty-buffer-4.1.93.Final.jar (io.netty:netty-buffer:4.1.93.Final) with InstrumentationAnalysisTransform
Transforming netty-buffer-4.1.93.Final.jar (io.netty:netty-buffer:4.1.93.Final) with MergeInstrumentationAnalysisTransform
Transforming netty-resolver-4.1.93.Final.jar (io.netty:netty-resolver:4.1.93.Final) with InstrumentationAnalysisTransform
Transforming netty-resolver-4.1.93.Final.jar (io.netty:netty-resolver:4.1.93.Final) with MergeInstrumentationAnalysisTransform
Transforming netty-transport-4.1.93.Final.jar (io.netty:netty-transport:4.1.93.Final) with ExternalDependencyInstrumentingArtifactTransform
Transforming netty-common-4.1.93.Final.jar (io.netty:netty-common:4.1.93.Final) with InstrumentationAnalysisTransform
Transforming netty-buffer-4.1.93.Final.jar (io.netty:netty-buffer:4.1.93.Final) with ExternalDependencyInstrumentingArtifactTransform
Transforming netty-common-4.1.93.Final.jar (io.netty:netty-common:4.1.93.Final) with MergeInstrumentationAnalysisTransform
Transforming netty-resolver-4.1.93.Final.jar (io.netty:netty-resolver:4.1.93.Final) with ExternalDependencyInstrumentingArtifactTransform
Transforming netty-common-4.1.93.Final.jar (io.netty:netty-common:4.1.93.Final) with ExternalDependencyInstrumentingArtifactTransform

> Configure project :app
Evaluating project ':app' using build file 'C:\Users\chams\projectDAM\AndroidFront\app\build.gradle.kts'.
Transforming kotlin-gradle-plugin-api-2.1.0-gradle85.jar (org.jetbrains.kotlin:kotlin-gradle-plugin-api:2.1.0) with InstrumentationAnalysisTransform
Transforming kotlin-serialization-2.1.0-gradle85.jar (org.jetbrains.kotlin:kotlin-serialization:2.1.0) with InstrumentationAnalysisTransform
Transforming kotlin-gradle-plugin-annotations-2.1.0.jar (org.jetbrains.kotlin:kotlin-gradle-plugin-annotations:2.1.0) with InstrumentationAnalysisTransform
Transforming kotlin-native-utils-2.1.0.jar (org.jetbrains.kotlin:kotlin-native-utils:2.1.0) with InstrumentationAnalysisTransform
Transforming kotlin-tooling-core-2.1.0.jar (org.jetbrains.kotlin:kotlin-tooling-core:2.1.0) with InstrumentationAnalysisTransform
Transforming kotlin-build-tools-api-2.1.0.jar (org.jetbrains.kotlin:kotlin-build-tools-api:2.1.0) with InstrumentationAnalysisTransform
Transforming kotlin-util-io-2.1.0.jar (org.jetbrains.kotlin:kotlin-util-io:2.1.0) with InstrumentationAnalysisTransform
Transforming kotlin-gradle-plugin-api-2.1.0-gradle85.jar (org.jetbrains.kotlin:kotlin-gradle-plugin-api:2.1.0) with InstrumentationAnalysisTransform
Transforming kotlin-gradle-plugin-api-2.1.0-gradle85.jar (org.jetbrains.kotlin:kotlin-gradle-plugin-api:2.1.0) with MergeInstrumentationAnalysisTransform
Transforming kotlin-serialization-2.1.0-gradle85.jar (org.jetbrains.kotlin:kotlin-serialization:2.1.0) with InstrumentationAnalysisTransform
Transforming kotlin-serialization-2.1.0-gradle85.jar (org.jetbrains.kotlin:kotlin-serialization:2.1.0) with MergeInstrumentationAnalysisTransform
Transforming kotlin-gradle-plugin-annotations-2.1.0.jar (org.jetbrains.kotlin:kotlin-gradle-plugin-annotations:2.1.0) with InstrumentationAnalysisTransform
Transforming kotlin-gradle-plugin-annotations-2.1.0.jar (org.jetbrains.kotlin:kotlin-gradle-plugin-annotations:2.1.0) with MergeInstrumentationAnalysisTransform
Transforming kotlin-gradle-plugin-api-2.1.0-gradle85.jar (org.jetbrains.kotlin:kotlin-gradle-plugin-api:2.1.0) with ExternalDependencyInstrumentingArtifactTransform
Transforming kotlin-native-utils-2.1.0.jar (org.jetbrains.kotlin:kotlin-native-utils:2.1.0) with InstrumentationAnalysisTransform
Transforming kotlin-native-utils-2.1.0.jar (org.jetbrains.kotlin:kotlin-native-utils:2.1.0) with MergeInstrumentationAnalysisTransform
Transforming kotlin-gradle-plugin-annotations-2.1.0.jar (org.jetbrains.kotlin:kotlin-gradle-plugin-annotations:2.1.0) with ExternalDependencyInstrumentingArtifactTransform
Transforming kotlin-serialization-2.1.0-gradle85.jar (org.jetbrains.kotlin:kotlin-serialization:2.1.0) with ExternalDependencyInstrumentingArtifactTransform
Transforming kotlin-tooling-core-2.1.0.jar (org.jetbrains.kotlin:kotlin-tooling-core:2.1.0) with InstrumentationAnalysisTransform
Transforming kotlin-tooling-core-2.1.0.jar (org.jetbrains.kotlin:kotlin-tooling-core:2.1.0) with MergeInstrumentationAnalysisTransform
Transforming kotlin-native-utils-2.1.0.jar (org.jetbrains.kotlin:kotlin-native-utils:2.1.0) with ExternalDependencyInstrumentingArtifactTransform
Transforming kotlin-build-tools-api-2.1.0.jar (org.jetbrains.kotlin:kotlin-build-tools-api:2.1.0) with InstrumentationAnalysisTransform
Transforming kotlin-build-tools-api-2.1.0.jar (org.jetbrains.kotlin:kotlin-build-tools-api:2.1.0) with MergeInstrumentationAnalysisTransform
Transforming kotlin-tooling-core-2.1.0.jar (org.jetbrains.kotlin:kotlin-tooling-core:2.1.0) with ExternalDependencyInstrumentingArtifactTransform
Transforming kotlin-util-io-2.1.0.jar (org.jetbrains.kotlin:kotlin-util-io:2.1.0) with InstrumentationAnalysisTransform
Transforming kotlin-util-io-2.1.0.jar (org.jetbrains.kotlin:kotlin-util-io:2.1.0) with MergeInstrumentationAnalysisTransform
Transforming kotlin-build-tools-api-2.1.0.jar (org.jetbrains.kotlin:kotlin-build-tools-api:2.1.0) with ExternalDependencyInstrumentingArtifactTransform
Transforming kotlin-util-io-2.1.0.jar (org.jetbrains.kotlin:kotlin-util-io:2.1.0) with ExternalDependencyInstrumentingArtifactTransform
Using default execution profile
Using Kotlin Gradle Plugin gradle85 variant
Detected Android Gradle Plugin compose compiler configuration
Detected Android Gradle Plugin compose compiler configuration
Detected Android Gradle Plugin compose compiler configuration
Detected Android Gradle Plugin compose compiler configuration
Detected Android Gradle Plugin compose compiler configuration
All projects evaluated.
Task name matched 'assembleDebug'
Selected primary task 'assembleDebug' from project :
Tasks to be executed: [task ':app:preBuild', task ':app:preDebugBuild', task ':app:mergeDebugNativeDebugMetadata', task ':app:checkKotlinGradlePluginConfigurationErrors', task ':app:checkDebugAarMetadata', task ':app:generateDebugResValues', task ':app:mapDebugSourceSetPaths', task ':app:generateDebugResources', task ':app:mergeDebugResources', task ':app:packageDebugResources', task ':app:parseDebugLocalResources', task ':app:createDebugCompatibleScreenManifests', task ':app:extractDeepLinksDebug', task ':app:processDebugMainManifest', task ':app:processDebugManifest', task ':app:processDebugManifestForPackage', task ':app:processDebugResources', task ':app:kspDebugKotlin', task ':app:compileDebugKotlin', task ':app:javaPreCompileDebug', task ':app:compileDebugJavaWithJavac', task ':app:mergeDebugShaders', task ':app:compileDebugShaders', task ':app:generateDebugAssets', task ':app:mergeDebugAssets', task ':app:compressDebugAssets', task ':app:processDebugJavaRes', task ':app:mergeDebugJavaResource', task ':app:checkDebugDuplicateClasses', task ':app:desugarDebugFileDependencies', task ':app:mergeExtDexDebug', task ':app:mergeLibDexDebug', task ':app:dexBuilderDebug', task ':app:mergeProjectDexDebug', task ':app:mergeDebugJniLibFolders', task ':app:mergeDebugNativeLibs', task ':app:stripDebugDebugSymbols', task ':app:validateSigningDebug', task ':app:writeDebugAppMetadata', task ':app:writeDebugSigningConfigVersions', task ':app:packageDebug', task ':app:createDebugApkListingFileRedirect', task ':app:assembleDebug']
Tasks that were excluded: []
Resolve mutations for :app:preBuild (Thread[Execution worker,5,main]) started.
:app:preBuild (Thread[Execution worker Thread 2,5,main]) started.

> Task :app:preBuild UP-TO-DATE
Skipping task ':app:preBuild' as it has no actions.
Resolve mutations for :app:preDebugBuild (Thread[Execution worker Thread 19,5,main]) started.
:app:preDebugBuild (Thread[Execution worker Thread 19,5,main]) started.

> Task :app:preDebugBuild UP-TO-DATE
Skipping task ':app:preDebugBuild' as it has no actions.
Resolve mutations for :app:mergeDebugNativeDebugMetadata (Thread[Execution worker Thread 19,5,main]) started.
:app:mergeDebugNativeDebugMetadata (Thread[Execution worker Thread 19,5,main]) started.

> Task :app:mergeDebugNativeDebugMetadata NO-SOURCE
Skipping task ':app:mergeDebugNativeDebugMetadata' as it has no source files and no previous output files.
Resolve mutations for :app:checkKotlinGradlePluginConfigurationErrors (Thread[Execution worker Thread 19,5,main]) started.
:app:checkKotlinGradlePluginConfigurationErrors (Thread[Execution worker Thread 19,5,main]) started.

> Task :app:checkKotlinGradlePluginConfigurationErrors SKIPPED
Skipping task ':app:checkKotlinGradlePluginConfigurationErrors' as task onlyIf 'errorDiagnostics are present' is false.
Resolve mutations for :app:checkDebugAarMetadata (Thread[Execution worker Thread 19,5,main]) started.
:app:checkDebugAarMetadata (Thread[Execution worker Thread 11,5,main]) started.

> Task :app:checkDebugAarMetadata UP-TO-DATE
Transforming room-runtime.aar (androidx.room:room-runtime-android:2.8.2) with ExtractAarTransform
Transforming room-runtime.aar (androidx.room:room-runtime-android:2.8.2) with AarTransform
Transforming room-ktx-2.8.2.aar (androidx.room:room-ktx:2.8.2) with ExtractAarTransform
Transforming room-ktx-2.8.2.aar (androidx.room:room-ktx:2.8.2) with AarTransform
Transforming navigation-common-2.7.0.aar (androidx.navigation:navigation-common:2.7.0) with ExtractAarTransform
Transforming navigation-common-2.7.0.aar (androidx.navigation:navigation-common:2.7.0) with AarTransform
Transforming core-splashscreen-1.0.1.aar (androidx.core:core-splashscreen:1.0.1) with ExtractAarTransform
Transforming core-splashscreen-1.0.1.aar (androidx.core:core-splashscreen:1.0.1) with AarTransform
Transforming navigation-runtime-2.7.0.aar (androidx.navigation:navigation-runtime:2.7.0) with ExtractAarTransform
Transforming navigation-runtime-2.7.0.aar (androidx.navigation:navigation-runtime:2.7.0) with AarTransform
Transforming navigation-common-ktx-2.7.0.aar (androidx.navigation:navigation-common-ktx:2.7.0) with ExtractAarTransform
Transforming navigation-common-ktx-2.7.0.aar (androidx.navigation:navigation-common-ktx:2.7.0) with AarTransform
Transforming navigation-runtime-ktx-2.7.0.aar (androidx.navigation:navigation-runtime-ktx:2.7.0) with ExtractAarTransform
Transforming navigation-runtime-ktx-2.7.0.aar (androidx.navigation:navigation-runtime-ktx:2.7.0) with AarTransform
Transforming navigation-compose-2.7.0.aar (androidx.navigation:navigation-compose:2.7.0) with ExtractAarTransform
Transforming navigation-compose-2.7.0.aar (androidx.navigation:navigation-compose:2.7.0) with AarTransform
Transforming coil-compose-2.7.0.aar (io.coil-kt:coil-compose:2.7.0) with ExtractAarTransform
Transforming coil-compose-2.7.0.aar (io.coil-kt:coil-compose:2.7.0) with AarTransform
Transforming sceneview-2.3.1.aar (io.github.sceneview:sceneview:2.3.1) with ExtractAarTransform
Transforming sceneview-2.3.1.aar (io.github.sceneview:sceneview:2.3.1) with AarTransform
Transforming zego_uikit_prebuilt_call_android-3.9.10.aar (com.github.ZEGOCLOUD:zego_uikit_prebuilt_call_android:3.9.10) with ExtractAarTransform
Transforming zego_uikit_prebuilt_call_android-3.9.10.aar (com.github.ZEGOCLOUD:zego_uikit_prebuilt_call_android:3.9.10) with AarTransform
Transforming permissionx-1.7.1.aar (com.guolindev.permissionx:permissionx:1.7.1) with ExtractAarTransform
Transforming permissionx-1.7.1.aar (com.guolindev.permissionx:permissionx:1.7.1) with AarTransform
Transforming viewpager2-1.0.0.aar (androidx.viewpager2:viewpager2:1.0.0) with ExtractAarTransform
Transforming viewpager2-1.0.0.aar (androidx.viewpager2:viewpager2:1.0.0) with AarTransform
Transforming appcompat-resources-1.6.1.aar (androidx.appcompat:appcompat-resources:1.6.1) with ExtractAarTransform
Transforming coil-2.7.0.aar (io.coil-kt:coil:2.7.0) with ExtractAarTransform
Transforming appcompat-resources-1.6.1.aar (androidx.appcompat:appcompat-resources:1.6.1) with AarTransform
Transforming coil-2.7.0.aar (io.coil-kt:coil:2.7.0) with AarTransform
Transforming coil-base-2.7.0.aar (io.coil-kt:coil-base:2.7.0) with ExtractAarTransform
Transforming coil-base-2.7.0.aar (io.coil-kt:coil-base:2.7.0) with AarTransform
Transforming play-services-stats-17.0.2.aar (com.google.android.gms:play-services-stats:17.0.2) with ExtractAarTransform
Transforming play-services-stats-17.0.2.aar (com.google.android.gms:play-services-stats:17.0.2) with AarTransform
Transforming firebase-installations-17.1.3.aar (com.google.firebase:firebase-installations:17.1.3) with ExtractAarTransform
Transforming firebase-installations-17.1.3.aar (com.google.firebase:firebase-installations:17.1.3) with AarTransform
Transforming material3-release.aar (androidx.compose.material3:material3-android:1.3.0) with ExtractAarTransform
Transforming material3-release.aar (androidx.compose.material3:material3-android:1.3.0) with AarTransform
Transforming play-services-cloud-messaging-17.0.1.aar (com.google.android.gms:play-services-cloud-messaging:17.0.1) with ExtractAarTransform
Transforming play-services-cloud-messaging-17.0.1.aar (com.google.android.gms:play-services-cloud-messaging:17.0.1) with AarTransform
Transforming constraintlayout-2.1.4.aar (androidx.constraintlayout:constraintlayout:2.1.4) with ExtractAarTransform
Transforming constraintlayout-2.1.4.aar (androidx.constraintlayout:constraintlayout:2.1.4) with AarTransform
Transforming firebase-common-20.3.1.aar (com.google.firebase:firebase-common:20.3.1) with ExtractAarTransform
Transforming firebase-common-20.3.1.aar (com.google.firebase:firebase-common:20.3.1) with AarTransform
Transforming firebase-common-20.3.1.aar (com.google.firebase:firebase-common:20.3.1) with ExtractAarTransform
Transforming firebase-common-20.3.1.aar (com.google.firebase:firebase-common:20.3.1) with ExtractAarTransform
Transforming firebase-common-20.3.1.aar (com.google.firebase:firebase-common:20.3.1) with AarTransform
Transforming firebase-common-20.3.1.aar (com.google.firebase:firebase-common:20.3.1) with AarTransform
Transforming play-services-tasks-18.0.2.aar (com.google.android.gms:play-services-tasks:18.0.2) with ExtractAarTransform
Transforming zego_uikit_signaling_plugin_android-3.0.2.aar (com.github.ZEGOCLOUD:zego_uikit_signaling_plugin_android:3.0.2) with ExtractAarTransform
Transforming play-services-tasks-18.0.2.aar (com.google.android.gms:play-services-tasks:18.0.2) with AarTransform
Transforming coil-compose-base-2.7.0.aar (io.coil-kt:coil-compose-base:2.7.0) with ExtractAarTransform
Transforming play-services-tasks-18.0.2.aar (com.google.android.gms:play-services-tasks:18.0.2) with ExtractAarTransform
Transforming play-services-tasks-18.0.2.aar (com.google.android.gms:play-services-tasks:18.0.2) with ExtractAarTransform
Transforming zego_uikit_signaling_plugin_android-3.0.2.aar (com.github.ZEGOCLOUD:zego_uikit_signaling_plugin_android:3.0.2) with AarTransform
Transforming play-services-tasks-18.0.2.aar (com.google.android.gms:play-services-tasks:18.0.2) with AarTransform
Transforming play-services-basement-18.1.0.aar (com.google.android.gms:play-services-basement:18.1.0) with ExtractAarTransform
Transforming play-services-tasks-18.0.2.aar (com.google.android.gms:play-services-tasks:18.0.2) with AarTransform
Transforming firebase-iid-interop-17.1.0.aar (com.google.firebase:firebase-iid-interop:17.1.0) with ExtractAarTransform
Transforming firebase-iid-interop-17.1.0.aar (com.google.firebase:firebase-iid-interop:17.1.0) with AarTransform
Transforming firebase-installations-interop-17.1.0.aar (com.google.firebase:firebase-installations-interop:17.1.0) with ExtractAarTransform
Transforming firebase-installations-interop-17.1.0.aar (com.google.firebase:firebase-installations-interop:17.1.0) with ExtractAarTransform
Transforming coil-compose-base-2.7.0.aar (io.coil-kt:coil-compose-base:2.7.0) with AarTransform
Transforming play-services-basement-18.1.0.aar (com.google.android.gms:play-services-basement:18.1.0) with ExtractAarTransform
Transforming play-services-basement-18.1.0.aar (com.google.android.gms:play-services-basement:18.1.0) with AarTransform
Transforming play-services-tasks-18.0.2.aar (com.google.android.gms:play-services-tasks:18.0.2) with ExtractAarTransform
Transforming play-services-tasks-18.0.2.aar (com.google.android.gms:play-services-tasks:18.0.2) with AarTransform
Transforming accompanist-drawablepainter-0.32.0.aar (com.google.accompanist:accompanist-drawablepainter:0.32.0) with ExtractAarTransform
Transforming play-services-tasks-18.0.2.aar (com.google.android.gms:play-services-tasks:18.0.2) with ExtractAarTransform
Transforming accompanist-drawablepainter-0.32.0.aar (com.google.accompanist:accompanist-drawablepainter:0.32.0) with AarTransform
Transforming play-services-tasks-18.0.2.aar (com.google.android.gms:play-services-tasks:18.0.2) with AarTransform
Transforming material-1.11.0.aar (com.google.android.material:material:1.11.0) with ExtractAarTransform
Transforming material-1.11.0.aar (com.google.android.material:material:1.11.0) with AarTransform
Transforming firebase-installations-interop-17.1.0.aar (com.google.firebase:firebase-installations-interop:17.1.0) with AarTransform
Transforming firebase-installations-interop-17.1.0.aar (com.google.firebase:firebase-installations-interop:17.1.0) with AarTransform
Transforming fragment-1.8.9.aar (androidx.fragment:fragment:1.8.9) with ExtractAarTransform
Transforming play-services-basement-18.1.0.aar (com.google.android.gms:play-services-basement:18.1.0) with ExtractAarTransform
Transforming glide-4.14.2.aar (com.github.bumptech.glide:glide:4.14.2) with ExtractAarTransform
Transforming play-services-basement-18.1.0.aar (com.google.android.gms:play-services-basement:18.1.0) with ExtractAarTransform
Transforming play-services-basement-18.1.0.aar (com.google.android.gms:play-services-basement:18.1.0) with AarTransform
Transforming play-services-basement-18.1.0.aar (com.google.android.gms:play-services-basement:18.1.0) with ExtractAarTransform
Transforming play-services-basement-18.1.0.aar (com.google.android.gms:play-services-basement:18.1.0) with AarTransform
Transforming appcompat-1.6.1.aar (androidx.appcompat:appcompat:1.6.1) with ExtractAarTransform
Transforming zego_uikit_plugin_adapter_android-3.0.4.aar (com.github.ZEGOCLOUD:zego_uikit_plugin_adapter_android:3.0.4) with ExtractAarTransform
Transforming play-services-basement-18.1.0.aar (com.google.android.gms:play-services-basement:18.1.0) with ExtractAarTransform
Transforming zego_uikit_plugin_adapter_android-3.0.4.aar (com.github.ZEGOCLOUD:zego_uikit_plugin_adapter_android:3.0.4) with AarTransform
Transforming appcompat-1.6.1.aar (androidx.appcompat:appcompat:1.6.1) with AarTransform
Transforming firebase-measurement-connector-19.0.0.aar (com.google.firebase:firebase-measurement-connector:19.0.0) with ExtractAarTransform
Transforming play-services-basement-18.1.0.aar (com.google.android.gms:play-services-basement:18.1.0) with AarTransform
Transforming glide-4.14.2.aar (com.github.bumptech.glide:glide:4.14.2) with AarTransform
Transforming ui-tooling-preview.aar (androidx.compose.ui:ui-tooling-preview-android:1.10.0) with ExtractAarTransform
Transforming firebase-messaging-23.2.1.aar (com.google.firebase:firebase-messaging:23.2.1) with ExtractAarTransform
Transforming ui-tooling-preview.aar (androidx.compose.ui:ui-tooling-preview-android:1.10.0) with AarTransform
Transforming firebase-messaging-23.2.1.aar (com.google.firebase:firebase-messaging:23.2.1) with AarTransform
Transforming play-services-basement-18.1.0.aar (com.google.android.gms:play-services-basement:18.1.0) with AarTransform
Transforming fragment-1.8.9.aar (androidx.fragment:fragment:1.8.9) with AarTransform
Transforming zego_uikit_android-3.6.5.aar (com.github.ZEGOCLOUD:zego_uikit_android:3.6.5) with ExtractAarTransform
Transforming fragment-1.8.9.aar (androidx.fragment:fragment:1.8.9) with ExtractAarTransform
Transforming fragment-1.8.9.aar (androidx.fragment:fragment:1.8.9) with ExtractAarTransform
Transforming ui-graphics.aar (androidx.compose.ui:ui-graphics-android:1.10.0) with ExtractAarTransform
Transforming fragment-1.8.9.aar (androidx.fragment:fragment:1.8.9) with AarTransform
Transforming ui-graphics.aar (androidx.compose.ui:ui-graphics-android:1.10.0) with AarTransform
Transforming zego_uikit_android-3.6.5.aar (com.github.ZEGOCLOUD:zego_uikit_android:3.6.5) with AarTransform
Transforming firebase-measurement-connector-19.0.0.aar (com.google.firebase:firebase-measurement-connector:19.0.0) with AarTransform
Transforming material-ripple-release.aar (androidx.compose.material:material-ripple-android:1.7.0) with ExtractAarTransform
Transforming play-services-basement-18.1.0.aar (com.google.android.gms:play-services-basement:18.1.0) with AarTransform
Transforming material-ripple-release.aar (androidx.compose.material:material-ripple-android:1.7.0) with AarTransform
Transforming ui-geometry.aar (androidx.compose.ui:ui-geometry-android:1.10.0) with ExtractAarTransform
Transforming foundation.aar (androidx.compose.foundation:foundation-android:1.10.0) with ExtractAarTransform
Transforming fragment-1.8.9.aar (androidx.fragment:fragment:1.8.9) with AarTransform
Transforming ui-geometry.aar (androidx.compose.ui:ui-geometry-android:1.10.0) with AarTransform
Transforming fragment-1.8.9.aar (androidx.fragment:fragment:1.8.9) with ExtractAarTransform
Transforming foundation.aar (androidx.compose.foundation:foundation-android:1.10.0) with AarTransform
Transforming fragment-1.8.9.aar (androidx.fragment:fragment:1.8.9) with AarTransform
Transforming play-services-base-18.0.1.aar (com.google.android.gms:play-services-base:18.0.1) with ExtractAarTransform
Transforming play-services-base-18.0.1.aar (com.google.android.gms:play-services-base:18.0.1) with AarTransform
Transforming ui-tooling-data.aar (androidx.compose.ui:ui-tooling-data-android:1.10.0) with ExtractAarTransform
Transforming ui-tooling-data.aar (androidx.compose.ui:ui-tooling-data-android:1.10.0) with AarTransform
Transforming runtime-annotation.aar (androidx.compose.runtime:runtime-annotation-android:1.10.0) with ExtractAarTransform
Transforming runtime-annotation.aar (androidx.compose.runtime:runtime-annotation-android:1.10.0) with AarTransform
Transforming legacy-support-core-utils-1.0.0.aar (androidx.legacy:legacy-support-core-utils:1.0.0) with ExtractAarTransform
Transforming legacy-support-core-utils-1.0.0.aar (androidx.legacy:legacy-support-core-utils:1.0.0) with ExtractAarTransform
Transforming legacy-support-core-utils-1.0.0.aar (androidx.legacy:legacy-support-core-utils:1.0.0) with AarTransform
Transforming material-icons-extended-release.aar (androidx.compose.material:material-icons-extended-android:1.7.0) with ExtractAarTransform
Transforming legacy-support-core-utils-1.0.0.aar (androidx.legacy:legacy-support-core-utils:1.0.0) with AarTransform
Transforming material-icons-extended-release.aar (androidx.compose.material:material-icons-extended-android:1.7.0) with AarTransform
Transforming transition-1.6.0.aar (androidx.transition:transition:1.6.0) with ExtractAarTransform
Transforming transition-1.6.0.aar (androidx.transition:transition:1.6.0) with AarTransform
Transforming ui-test-manifest-1.10.0.aar (androidx.compose.ui:ui-test-manifest:1.10.0) with ExtractAarTransform
Transforming ui-test-manifest-1.10.0.aar (androidx.compose.ui:ui-test-manifest:1.10.0) with AarTransform
Transforming runtime-retain.aar (androidx.compose.runtime:runtime-retain-android:1.10.0) with ExtractAarTransform
Transforming runtime-retain.aar (androidx.compose.runtime:runtime-retain-android:1.10.0) with AarTransform
Transforming ui-text.aar (androidx.compose.ui:ui-text-android:1.10.0) with ExtractAarTransform
Transforming ui-text.aar (androidx.compose.ui:ui-text-android:1.10.0) with AarTransform
Transforming material-icons-core-release.aar (androidx.compose.material:material-icons-core-android:1.7.0) with ExtractAarTransform
Transforming material-icons-core-release.aar (androidx.compose.material:material-icons-core-android:1.7.0) with AarTransform
Transforming vectordrawable-animated-1.1.0.aar (androidx.vectordrawable:vectordrawable-animated:1.1.0) with ExtractAarTransform
Transforming vectordrawable-animated-1.1.0.aar (androidx.vectordrawable:vectordrawable-animated:1.1.0) with AarTransform
Transforming vectordrawable-1.1.0.aar (androidx.vectordrawable:vectordrawable:1.1.0) with ExtractAarTransform
Transforming vectordrawable-1.1.0.aar (androidx.vectordrawable:vectordrawable:1.1.0) with ExtractAarTransform
Transforming vectordrawable-1.1.0.aar (androidx.vectordrawable:vectordrawable:1.1.0) with AarTransform
Transforming activity-ktx-1.8.2.aar (androidx.activity:activity-ktx:1.8.2) with ExtractAarTransform
Transforming activity-ktx-1.8.2.aar (androidx.activity:activity-ktx:1.8.2) with AarTransform
Transforming ui-util.aar (androidx.compose.ui:ui-util-android:1.10.0) with ExtractAarTransform
Transforming vectordrawable-1.1.0.aar (androidx.vectordrawable:vectordrawable:1.1.0) with AarTransform
Transforming ui-util.aar (androidx.compose.ui:ui-util-android:1.10.0) with AarTransform
Transforming viewpager-1.0.0.aar (androidx.viewpager:viewpager:1.0.0) with ExtractAarTransform
Transforming viewpager-1.0.0.aar (androidx.viewpager:viewpager:1.0.0) with AarTransform
Transforming fragment-ktx-1.8.9.aar (androidx.fragment:fragment-ktx:1.8.9) with ExtractAarTransform
Transforming fragment-ktx-1.8.9.aar (androidx.fragment:fragment-ktx:1.8.9) with AarTransform
Transforming recyclerview-1.1.0.aar (androidx.recyclerview:recyclerview:1.1.0) with ExtractAarTransform
Transforming recyclerview-1.1.0.aar (androidx.recyclerview:recyclerview:1.1.0) with AarTransform
Transforming recyclerview-1.1.0.aar (androidx.recyclerview:recyclerview:1.1.0) with ExtractAarTransform
Transforming recyclerview-1.1.0.aar (androidx.recyclerview:recyclerview:1.1.0) with AarTransform
Transforming window-core.aar (androidx.window:window-core-android:1.5.0) with ExtractAarTransform
Transforming window-core.aar (androidx.window:window-core-android:1.5.0) with AarTransform
Transforming activity-compose-1.8.2.aar (androidx.activity:activity-compose:1.8.2) with ExtractAarTransform
Transforming emoji2-views-helper-1.4.0.aar (androidx.emoji2:emoji2-views-helper:1.4.0) with ExtractAarTransform
Transforming activity-compose-1.8.2.aar (androidx.activity:activity-compose:1.8.2) with AarTransform
Transforming emoji2-views-helper-1.4.0.aar (androidx.emoji2:emoji2-views-helper:1.4.0) with AarTransform
Transforming graphics-path-1.0.1.aar (androidx.graphics:graphics-path:1.0.1) with ExtractAarTransform
Transforming graphics-path-1.0.1.aar (androidx.graphics:graphics-path:1.0.1) with AarTransform
Transforming core-ktx-1.16.0.aar (androidx.core:core-ktx:1.16.0) with ExtractAarTransform
Transforming core-ktx-1.16.0.aar (androidx.core:core-ktx:1.16.0) with AarTransform
Transforming customview-1.1.0.aar (androidx.customview:customview:1.1.0) with ExtractAarTransform
Transforming customview-1.1.0.aar (androidx.customview:customview:1.1.0) with AarTransform
Transforming customview-1.1.0.aar (androidx.customview:customview:1.1.0) with ExtractAarTransform
Transforming customview-1.1.0.aar (androidx.customview:customview:1.1.0) with ExtractAarTransform
Transforming customview-1.1.0.aar (androidx.customview:customview:1.1.0) with AarTransform
Transforming dynamicanimation-1.0.0.aar (androidx.dynamicanimation:dynamicanimation:1.0.0) with ExtractAarTransform
Transforming dynamicanimation-1.0.0.aar (androidx.dynamicanimation:dynamicanimation:1.0.0) with AarTransform
Transforming autofill-1.0.0.aar (androidx.autofill:autofill:1.0.0) with ExtractAarTransform
Transforming customview-1.1.0.aar (androidx.customview:customview:1.1.0) with ExtractAarTransform
Transforming customview-1.1.0.aar (androidx.customview:customview:1.1.0) with AarTransform
Transforming customview-1.1.0.aar (androidx.customview:customview:1.1.0) with AarTransform
Transforming activity-1.8.2.aar (androidx.activity:activity:1.8.2) with ExtractAarTransform
Transforming autofill-1.0.0.aar (androidx.autofill:autofill:1.0.0) with AarTransform
Transforming core-1.16.0.aar (androidx.core:core:1.16.0) with ExtractAarTransform
Transforming activity-1.8.2.aar (androidx.activity:activity:1.8.2) with AarTransform
Transforming emoji2-1.4.0.aar (androidx.emoji2:emoji2:1.4.0) with ExtractAarTransform
Transforming emoji2-1.4.0.aar (androidx.emoji2:emoji2:1.4.0) with AarTransform
Transforming core-1.16.0.aar (androidx.core:core:1.16.0) with ExtractAarTransform
Transforming firebase-datatransport-18.1.7.aar (com.google.firebase:firebase-datatransport:18.1.7) with ExtractAarTransform
Transforming core-1.16.0.aar (androidx.core:core:1.16.0) with AarTransform
Transforming coordinatorlayout-1.1.0.aar (androidx.coordinatorlayout:coordinatorlayout:1.1.0) with ExtractAarTransform
Transforming drawerlayout-1.1.1.aar (androidx.drawerlayout:drawerlayout:1.1.1) with ExtractAarTransform
Transforming lifecycle-viewmodel-2.9.4.aar (androidx.lifecycle:lifecycle-viewmodel:2.9.4) with ExtractAarTransform
Transforming lifecycle-viewmodel-2.9.4.aar (androidx.lifecycle:lifecycle-viewmodel:2.9.4) with AarTransform
Transforming lifecycle-viewmodel-release.aar (androidx.lifecycle:lifecycle-viewmodel-android:2.9.4) with ExtractAarTransform
Transforming lifecycle-viewmodel-release.aar (androidx.lifecycle:lifecycle-viewmodel-android:2.9.4) with AarTransform
Transforming lifecycle-runtime-ktx.aar (androidx.lifecycle:lifecycle-runtime-ktx-android:2.9.4) with ExtractAarTransform
Transforming core-1.16.0.aar (androidx.core:core:1.16.0) with ExtractAarTransform
Transforming core-1.16.0.aar (androidx.core:core:1.16.0) with AarTransform
Transforming core-1.16.0.aar (androidx.core:core:1.16.0) with ExtractAarTransform
Transforming core-1.16.0.aar (androidx.core:core:1.16.0) with AarTransform
Transforming lifecycle-runtime-release.aar (androidx.lifecycle:lifecycle-runtime-android:2.9.4) with ExtractAarTransform
Transforming lifecycle-runtime-release.aar (androidx.lifecycle:lifecycle-runtime-android:2.9.4) with AarTransform
Transforming core-1.16.0.aar (androidx.core:core:1.16.0) with ExtractAarTransform
Transforming loader-1.0.0.aar (androidx.loader:loader:1.0.0) with ExtractAarTransform
Transforming core-1.16.0.aar (androidx.core:core:1.16.0) with ExtractAarTransform
Transforming core-1.16.0.aar (androidx.core:core:1.16.0) with AarTransform
Transforming lifecycle-process-2.9.4.aar (androidx.lifecycle:lifecycle-process:2.9.4) with ExtractAarTransform
Transforming lifecycle-process-2.9.4.aar (androidx.lifecycle:lifecycle-process:2.9.4) with AarTransform
Transforming loader-1.0.0.aar (androidx.loader:loader:1.0.0) with ExtractAarTransform
Transforming lifecycle-livedata-core-ktx-2.9.4.aar (androidx.lifecycle:lifecycle-livedata-core-ktx:2.9.4) with ExtractAarTransform
Transforming lifecycle-livedata-core-ktx-2.9.4.aar (androidx.lifecycle:lifecycle-livedata-core-ktx:2.9.4) with AarTransform
Transforming core-1.16.0.aar (androidx.core:core:1.16.0) with AarTransform
Transforming core-1.16.0.aar (androidx.core:core:1.16.0) with ExtractAarTransform
Transforming core-1.16.0.aar (androidx.core:core:1.16.0) with AarTransform
Transforming core-1.16.0.aar (androidx.core:core:1.16.0) with ExtractAarTransform
Transforming core-1.16.0.aar (androidx.core:core:1.16.0) with ExtractAarTransform
Transforming core-1.16.0.aar (androidx.core:core:1.16.0) with ExtractAarTransform
Transforming core-1.16.0.aar (androidx.core:core:1.16.0) with AarTransform
Transforming core-1.16.0.aar (androidx.core:core:1.16.0) with AarTransform
Transforming lifecycle-livedata-2.9.4.aar (androidx.lifecycle:lifecycle-livedata:2.9.4) with ExtractAarTransform
Transforming core-1.16.0.aar (androidx.core:core:1.16.0) with ExtractAarTransform
Transforming core-1.16.0.aar (androidx.core:core:1.16.0) with AarTransform
Transforming core-1.16.0.aar (androidx.core:core:1.16.0) with ExtractAarTransform
Transforming customview-poolingcontainer-1.0.0.aar (androidx.customview:customview-poolingcontainer:1.0.0) with ExtractAarTransform
Transforming core-1.16.0.aar (androidx.core:core:1.16.0) with AarTransform
Transforming customview-poolingcontainer-1.0.0.aar (androidx.customview:customview-poolingcontainer:1.0.0) with AarTransform
Transforming window-1.5.0.aar (androidx.window:window:1.5.0) with ExtractAarTransform
Transforming ui-unit.aar (androidx.compose.ui:ui-unit-android:1.10.0) with ExtractAarTransform
Transforming savedstate-ktx-1.3.2.aar (androidx.savedstate:savedstate-ktx:1.3.2) with ExtractAarTransform
Transforming savedstate-ktx-1.3.2.aar (androidx.savedstate:savedstate-ktx:1.3.2) with AarTransform
Transforming ui-unit.aar (androidx.compose.ui:ui-unit-android:1.10.0) with AarTransform
Transforming runtime.aar (androidx.compose.runtime:runtime-android:1.10.0) with ExtractAarTransform
Transforming runtime.aar (androidx.compose.runtime:runtime-android:1.10.0) with AarTransform
Transforming core-1.16.0.aar (androidx.core:core:1.16.0) with AarTransform
Transforming savedstate-release.aar (androidx.savedstate:savedstate-android:1.3.2) with ExtractAarTransform
Transforming savedstate-release.aar (androidx.savedstate:savedstate-android:1.3.2) with AarTransform
Transforming window-1.5.0.aar (androidx.window:window:1.5.0) with AarTransform
Transforming ui-tooling.aar (androidx.compose.ui:ui-tooling-android:1.10.0) with ExtractAarTransform
Transforming ui-tooling.aar (androidx.compose.ui:ui-tooling-android:1.10.0) with AarTransform
Transforming savedstate-compose.aar (androidx.savedstate:savedstate-compose-android:1.3.2) with ExtractAarTransform
Transforming lifecycle-livedata-2.9.4.aar (androidx.lifecycle:lifecycle-livedata:2.9.4) with AarTransform
Transforming lifecycle-viewmodel-compose-release.aar (androidx.lifecycle:lifecycle-viewmodel-compose-android:2.9.4) with ExtractAarTransform
Transforming lifecycle-viewmodel-compose-release.aar (androidx.lifecycle:lifecycle-viewmodel-compose-android:2.9.4) with AarTransform
Transforming core-1.16.0.aar (androidx.core:core:1.16.0) with AarTransform
Transforming lifecycle-livedata-core-2.9.4.aar (androidx.lifecycle:lifecycle-livedata-core:2.9.4) with ExtractAarTransform
Transforming loader-1.0.0.aar (androidx.loader:loader:1.0.0) with AarTransform
Transforming loader-1.0.0.aar (androidx.loader:loader:1.0.0) with AarTransform
Transforming cardview-1.0.0.aar (androidx.cardview:cardview:1.0.0) with ExtractAarTransform
Transforming cardview-1.0.0.aar (androidx.cardview:cardview:1.0.0) with AarTransform
Transforming lifecycle-viewmodel-ktx-2.9.4.aar (androidx.lifecycle:lifecycle-viewmodel-ktx:2.9.4) with ExtractAarTransform
Transforming drawerlayout-1.1.1.aar (androidx.drawerlayout:drawerlayout:1.1.1) with AarTransform
Transforming mmkv-1.3.14.aar (com.tencent:mmkv:1.3.14) with ExtractAarTransform
Transforming lifecycle-runtime-ktx.aar (androidx.lifecycle:lifecycle-runtime-ktx-android:2.9.4) with AarTransform
Transforming mmkv-1.3.14.aar (com.tencent:mmkv:1.3.14) with AarTransform
Transforming coordinatorlayout-1.1.0.aar (androidx.coordinatorlayout:coordinatorlayout:1.1.0) with AarTransform
Transforming firebase-datatransport-18.1.7.aar (com.google.firebase:firebase-datatransport:18.1.7) with AarTransform
Transforming lifecycle-viewmodel-ktx-2.9.4.aar (androidx.lifecycle:lifecycle-viewmodel-ktx:2.9.4) with AarTransform
Transforming animation-core.aar (androidx.compose.animation:animation-core-android:1.10.0) with ExtractAarTransform
Transforming animation-core.aar (androidx.compose.animation:animation-core-android:1.10.0) with AarTransform
Transforming filament-android-1.66.0.aar (com.google.android.filament:filament-android:1.66.0) with ExtractAarTransform
Transforming lifecycle-livedata-core-2.9.4.aar (androidx.lifecycle:lifecycle-livedata-core:2.9.4) with AarTransform
Transforming filament-android-1.66.0.aar (com.google.android.filament:filament-android:1.66.0) with AarTransform
Transforming core-runtime-2.2.0.aar (androidx.arch.core:core-runtime:2.2.0) with ExtractAarTransform
Transforming annotation-experimental-1.5.0.aar (androidx.annotation:annotation-experimental:1.5.0) with ExtractAarTransform
Transforming annotation-experimental-1.5.0.aar (androidx.annotation:annotation-experimental:1.5.0) with AarTransform
Transforming savedstate-compose.aar (androidx.savedstate:savedstate-compose-android:1.3.2) with AarTransform
Transforming lifecycle-viewmodel-savedstate-release.aar (androidx.lifecycle:lifecycle-viewmodel-savedstate-android:2.9.4) with ExtractAarTransform
Transforming lifecycle-viewmodel-savedstate-release.aar (androidx.lifecycle:lifecycle-viewmodel-savedstate-android:2.9.4) with AarTransform
Transforming foundation-layout.aar (androidx.compose.foundation:foundation-layout-android:1.10.0) with ExtractAarTransform
Transforming animation.aar (androidx.compose.animation:animation-android:1.10.0) with ExtractAarTransform
Transforming foundation-layout.aar (androidx.compose.foundation:foundation-layout-android:1.10.0) with AarTransform
Transforming animation.aar (androidx.compose.animation:animation-android:1.10.0) with AarTransform
Transforming transport-api-3.0.0.aar (com.google.android.datatransport:transport-api:3.0.0) with ExtractAarTransform
Transforming transport-api-3.0.0.aar (com.google.android.datatransport:transport-api:3.0.0) with AarTransform
Transforming core-runtime-2.2.0.aar (androidx.arch.core:core-runtime:2.2.0) with AarTransform
Transforming transport-api-3.0.0.aar (com.google.android.datatransport:transport-api:3.0.0) with ExtractAarTransform
Transforming transport-api-3.0.0.aar (com.google.android.datatransport:transport-api:3.0.0) with ExtractAarTransform
Transforming transport-api-3.0.0.aar (com.google.android.datatransport:transport-api:3.0.0) with AarTransform
Transforming transport-api-3.0.0.aar (com.google.android.datatransport:transport-api:3.0.0) with AarTransform
Transforming gltfio-android-1.66.0.aar (com.google.android.filament:gltfio-android:1.66.0) with ExtractAarTransform
Transforming versionedparcelable-1.1.1.aar (androidx.versionedparcelable:versionedparcelable:1.1.1) with ExtractAarTransform
Transforming gltfio-android-1.66.0.aar (com.google.android.filament:gltfio-android:1.66.0) with AarTransform
Transforming versionedparcelable-1.1.1.aar (androidx.versionedparcelable:versionedparcelable:1.1.1) with AarTransform
Transforming transport-backend-cct-3.1.8.aar (com.google.android.datatransport:transport-backend-cct:3.1.8) with ExtractAarTransform
Transforming transport-backend-cct-3.1.8.aar (com.google.android.datatransport:transport-backend-cct:3.1.8) with ExtractAarTransform
Transforming sqlite-framework.aar (androidx.sqlite:sqlite-framework-android:2.6.1) with ExtractAarTransform
Transforming transport-backend-cct-3.1.8.aar (com.google.android.datatransport:transport-backend-cct:3.1.8) with AarTransform
Transforming sqlite-framework.aar (androidx.sqlite:sqlite-framework-android:2.6.1) with AarTransform
Transforming transport-backend-cct-3.1.8.aar (com.google.android.datatransport:transport-backend-cct:3.1.8) with AarTransform
Transforming cursoradapter-1.0.0.aar (androidx.cursoradapter:cursoradapter:1.0.0) with ExtractAarTransform
Transforming cursoradapter-1.0.0.aar (androidx.cursoradapter:cursoradapter:1.0.0) with AarTransform
Transforming startup-runtime-1.1.1.aar (androidx.startup:startup-runtime:1.1.1) with ExtractAarTransform
Transforming startup-runtime-1.1.1.aar (androidx.startup:startup-runtime:1.1.1) with AarTransform
Transforming material-release.aar (androidx.compose.material:material-android:1.7.0) with ExtractAarTransform
Transforming material-release.aar (androidx.compose.material:material-android:1.7.0) with AarTransform
Transforming transport-runtime-3.1.8.aar (com.google.android.datatransport:transport-runtime:3.1.8) with ExtractAarTransform
Transforming transport-runtime-3.1.8.aar (com.google.android.datatransport:transport-runtime:3.1.8) with AarTransform
Transforming transport-runtime-3.1.8.aar (com.google.android.datatransport:transport-runtime:3.1.8) with ExtractAarTransform
Transforming transport-runtime-3.1.8.aar (com.google.android.datatransport:transport-runtime:3.1.8) with AarTransform
Transforming transport-runtime-3.1.8.aar (com.google.android.datatransport:transport-runtime:3.1.8) with ExtractAarTransform
Transforming exifinterface-1.3.7.aar (androidx.exifinterface:exifinterface:1.3.7) with ExtractAarTransform
Transforming transport-runtime-3.1.8.aar (com.google.android.datatransport:transport-runtime:3.1.8) with AarTransform
Transforming exifinterface-1.3.7.aar (androidx.exifinterface:exifinterface:1.3.7) with AarTransform
Transforming firebase-encoders-json-18.0.0.aar (com.google.firebase:firebase-encoders-json:18.0.0) with ExtractAarTransform
Transforming firebase-encoders-json-18.0.0.aar (com.google.firebase:firebase-encoders-json:18.0.0) with ExtractAarTransform
Transforming firebase-encoders-json-18.0.0.aar (com.google.firebase:firebase-encoders-json:18.0.0) with AarTransform
Transforming documentfile-1.0.0.aar (androidx.documentfile:documentfile:1.0.0) with ExtractAarTransform
Transforming firebase-encoders-json-18.0.0.aar (com.google.firebase:firebase-encoders-json:18.0.0) with AarTransform
Transforming documentfile-1.0.0.aar (androidx.documentfile:documentfile:1.0.0) with AarTransform
Transforming filament-utils-android-1.66.0.aar (com.google.android.filament:filament-utils-android:1.66.0) with ExtractAarTransform
Transforming filament-utils-android-1.66.0.aar (com.google.android.filament:filament-utils-android:1.66.0) with AarTransform
Transforming runtime-saveable.aar (androidx.compose.runtime:runtime-saveable-android:1.10.0) with ExtractAarTransform
Transforming firebase-components-17.1.0.aar (com.google.firebase:firebase-components:17.1.0) with ExtractAarTransform
Transforming runtime-saveable.aar (androidx.compose.runtime:runtime-saveable-android:1.10.0) with AarTransform
Transforming firebase-components-17.1.0.aar (com.google.firebase:firebase-components:17.1.0) with AarTransform
Transforming firebase-components-17.1.0.aar (com.google.firebase:firebase-components:17.1.0) with ExtractAarTransform
Transforming firebase-components-17.1.0.aar (com.google.firebase:firebase-components:17.1.0) with ExtractAarTransform
Transforming firebase-components-17.1.0.aar (com.google.firebase:firebase-components:17.1.0) with AarTransform
Transforming firebase-components-17.1.0.aar (com.google.firebase:firebase-components:17.1.0) with AarTransform
Transforming firebase-components-17.1.0.aar (com.google.firebase:firebase-components:17.1.0) with ExtractAarTransform
Transforming firebase-components-17.1.0.aar (com.google.firebase:firebase-components:17.1.0) with AarTransform
Transforming gifdecoder-4.14.2.aar (com.github.bumptech.glide:gifdecoder:4.14.2) with ExtractAarTransform
Transforming gifdecoder-4.14.2.aar (com.github.bumptech.glide:gifdecoder:4.14.2) with AarTransform
Transforming core-viewtree-1.0.0.aar (androidx.core:core-viewtree:1.0.0) with ExtractAarTransform
Transforming core-viewtree-1.0.0.aar (androidx.core:core-viewtree:1.0.0) with AarTransform
Transforming zpns-2.8.0.aar (im.zego:zpns:2.8.0) with ExtractAarTransform
Transforming zpns-2.8.0.aar (im.zego:zpns:2.8.0) with AarTransform
Transforming zpns-fcm-2.8.0.aar (im.zego:zpns-fcm:2.8.0) with ExtractAarTransform
Transforming zpns-fcm-2.8.0.aar (im.zego:zpns-fcm:2.8.0) with AarTransform
Transforming viewbinding-7.2.2.aar (androidx.databinding:viewbinding:7.2.2) with ExtractAarTransform
Transforming viewbinding-7.2.2.aar (androidx.databinding:viewbinding:7.2.2) with AarTransform
Transforming uikitreport-0.5.1.aar (im.zego:uikitreport:0.5.1) with ExtractAarTransform
Transforming uikitreport-0.5.1.aar (im.zego:uikitreport:0.5.1) with AarTransform
Transforming profileinstaller-1.4.0.aar (androidx.profileinstaller:profileinstaller:1.4.0) with ExtractAarTransform
Transforming profileinstaller-1.4.0.aar (androidx.profileinstaller:profileinstaller:1.4.0) with AarTransform
Transforming tracing-1.2.0.aar (androidx.tracing:tracing:1.2.0) with ExtractAarTransform
Transforming tracing-1.2.0.aar (androidx.tracing:tracing:1.2.0) with AarTransform
Transforming express-video-3.23.0.aar (im.zego:express-video:3.23.0) with ExtractAarTransform
Transforming express-video-3.23.0.aar (im.zego:express-video:3.23.0) with AarTransform
Transforming timber-4.7.1.aar (com.jakewharton.timber:timber:4.7.1) with ExtractAarTransform
Transforming timber-4.7.1.aar (com.jakewharton.timber:timber:4.7.1) with AarTransform
Transforming lifecycle-runtime-compose-release.aar (androidx.lifecycle:lifecycle-runtime-compose-android:2.9.4) with ExtractAarTransform
Transforming lifecycle-runtime-compose-release.aar (androidx.lifecycle:lifecycle-runtime-compose-android:2.9.4) with AarTransform
Transforming print-1.0.0.aar (androidx.print:print:1.0.0) with ExtractAarTransform
Transforming print-1.0.0.aar (androidx.print:print:1.0.0) with AarTransform
Transforming interpolator-1.0.0.aar (androidx.interpolator:interpolator:1.0.0) with ExtractAarTransform
Transforming interpolator-1.0.0.aar (androidx.interpolator:interpolator:1.0.0) with AarTransform
Transforming interpolator-1.0.0.aar (androidx.interpolator:interpolator:1.0.0) with ExtractAarTransform
Transforming interpolator-1.0.0.aar (androidx.interpolator:interpolator:1.0.0) with AarTransform
Transforming ui.aar (androidx.compose.ui:ui-android:1.10.0) with ExtractAarTransform
Transforming ui.aar (androidx.compose.ui:ui-android:1.10.0) with AarTransform
Transforming localbroadcastmanager-1.0.0.aar (androidx.localbroadcastmanager:localbroadcastmanager:1.0.0) with ExtractAarTransform
Transforming localbroadcastmanager-1.0.0.aar (androidx.localbroadcastmanager:localbroadcastmanager:1.0.0) with AarTransform
Transforming sqlite.aar (androidx.sqlite:sqlite-android:2.6.1) with ExtractAarTransform
Transforming sqlite.aar (androidx.sqlite:sqlite-android:2.6.1) with AarTransform
Transforming zim-2.21.1.aar (im.zego:zim:2.21.1) with ExtractAarTransform
Transforming zim-2.21.1.aar (im.zego:zim:2.21.1) with AarTransform
Transforming xlog-1.10.1.aar (com.elvishew:xlog:1.10.1) with ExtractAarTransform
Transforming xlog-1.10.1.aar (com.elvishew:xlog:1.10.1) with AarTransform
Caching disabled for task ':app:checkDebugAarMetadata' because:
  Build cache is disabled
  Caching has been disabled for the task
Skipping task ':app:checkDebugAarMetadata' as it is up-to-date.
Resolve mutations for :app:generateDebugResValues (Thread[Execution worker Thread 16,5,main]) started.
:app:generateDebugResValues (Thread[Execution worker Thread 16,5,main]) started.

> Task :app:generateDebugResValues UP-TO-DATE
Caching disabled for task ':app:generateDebugResValues' because:
  Build cache is disabled
Skipping task ':app:generateDebugResValues' as it is up-to-date.
Resolve mutations for :app:mapDebugSourceSetPaths (Thread[Execution worker Thread 16,5,main]) started.
:app:mapDebugSourceSetPaths (Thread[Execution worker Thread 16,5,main]) started.

> Task :app:mapDebugSourceSetPaths UP-TO-DATE
Transforming room-runtime.aar (androidx.room:room-runtime-android:2.8.2) with ExtractAarTransform
Transforming room-runtime.aar (androidx.room:room-runtime-android:2.8.2) with AarTransform
Transforming room-ktx-2.8.2.aar (androidx.room:room-ktx:2.8.2) with ExtractAarTransform
Transforming room-ktx-2.8.2.aar (androidx.room:room-ktx:2.8.2) with AarTransform
Transforming core-splashscreen-1.0.1.aar (androidx.core:core-splashscreen:1.0.1) with ExtractAarTransform
Transforming core-splashscreen-1.0.1.aar (androidx.core:core-splashscreen:1.0.1) with AarTransform
Transforming navigation-common-2.7.0.aar (androidx.navigation:navigation-common:2.7.0) with ExtractAarTransform
Transforming navigation-common-2.7.0.aar (androidx.navigation:navigation-common:2.7.0) with AarTransform
Transforming navigation-runtime-2.7.0.aar (androidx.navigation:navigation-runtime:2.7.0) with ExtractAarTransform
Transforming navigation-runtime-2.7.0.aar (androidx.navigation:navigation-runtime:2.7.0) with AarTransform
Transforming navigation-common-ktx-2.7.0.aar (androidx.navigation:navigation-common-ktx:2.7.0) with ExtractAarTransform
Transforming navigation-common-ktx-2.7.0.aar (androidx.navigation:navigation-common-ktx:2.7.0) with AarTransform
Transforming navigation-runtime-ktx-2.7.0.aar (androidx.navigation:navigation-runtime-ktx:2.7.0) with ExtractAarTransform
Transforming navigation-runtime-ktx-2.7.0.aar (androidx.navigation:navigation-runtime-ktx:2.7.0) with AarTransform
Transforming navigation-compose-2.7.0.aar (androidx.navigation:navigation-compose:2.7.0) with ExtractAarTransform
Transforming navigation-compose-2.7.0.aar (androidx.navigation:navigation-compose:2.7.0) with AarTransform
Transforming coil-compose-2.7.0.aar (io.coil-kt:coil-compose:2.7.0) with ExtractAarTransform
Transforming coil-compose-2.7.0.aar (io.coil-kt:coil-compose:2.7.0) with AarTransform
Transforming zego_uikit_prebuilt_call_android-3.9.10.aar (com.github.ZEGOCLOUD:zego_uikit_prebuilt_call_android:3.9.10) with ExtractAarTransform
Transforming zego_uikit_prebuilt_call_android-3.9.10.aar (com.github.ZEGOCLOUD:zego_uikit_prebuilt_call_android:3.9.10) with AarTransform
Transforming sceneview-2.3.1.aar (io.github.sceneview:sceneview:2.3.1) with ExtractAarTransform
Transforming sceneview-2.3.1.aar (io.github.sceneview:sceneview:2.3.1) with AarTransform
Transforming material3-release.aar (androidx.compose.material3:material3-android:1.3.0) with ExtractAarTransform
Transforming material3-release.aar (androidx.compose.material3:material3-android:1.3.0) with AarTransform
Transforming coil-compose-base-2.7.0.aar (io.coil-kt:coil-compose-base:2.7.0) with ExtractAarTransform
Transforming coil-compose-base-2.7.0.aar (io.coil-kt:coil-compose-base:2.7.0) with AarTransform
Transforming accompanist-drawablepainter-0.32.0.aar (com.google.accompanist:accompanist-drawablepainter:0.32.0) with ExtractAarTransform
Transforming accompanist-drawablepainter-0.32.0.aar (com.google.accompanist:accompanist-drawablepainter:0.32.0) with AarTransform
Transforming zego_uikit_android-3.6.5.aar (com.github.ZEGOCLOUD:zego_uikit_android:3.6.5) with ExtractAarTransform
Transforming zego_uikit_android-3.6.5.aar (com.github.ZEGOCLOUD:zego_uikit_android:3.6.5) with AarTransform
Transforming material-1.11.0.aar (com.google.android.material:material:1.11.0) with ExtractAarTransform
Transforming material-1.11.0.aar (com.google.android.material:material:1.11.0) with AarTransform
Transforming constraintlayout-2.1.4.aar (androidx.constraintlayout:constraintlayout:2.1.4) with ExtractAarTransform
Transforming constraintlayout-2.1.4.aar (androidx.constraintlayout:constraintlayout:2.1.4) with AarTransform
Transforming coil-2.7.0.aar (io.coil-kt:coil:2.7.0) with ExtractAarTransform
Transforming coil-2.7.0.aar (io.coil-kt:coil:2.7.0) with AarTransform
Transforming coil-base-2.7.0.aar (io.coil-kt:coil-base:2.7.0) with ExtractAarTransform
Transforming coil-base-2.7.0.aar (io.coil-kt:coil-base:2.7.0) with AarTransform
Transforming appcompat-resources-1.6.1.aar (androidx.appcompat:appcompat-resources:1.6.1) with ExtractAarTransform
Transforming appcompat-resources-1.6.1.aar (androidx.appcompat:appcompat-resources:1.6.1) with AarTransform
Transforming zego_uikit_signaling_plugin_android-3.0.2.aar (com.github.ZEGOCLOUD:zego_uikit_signaling_plugin_android:3.0.2) with ExtractAarTransform
Transforming zego_uikit_signaling_plugin_android-3.0.2.aar (com.github.ZEGOCLOUD:zego_uikit_signaling_plugin_android:3.0.2) with AarTransform
Transforming zego_uikit_plugin_adapter_android-3.0.4.aar (com.github.ZEGOCLOUD:zego_uikit_plugin_adapter_android:3.0.4) with ExtractAarTransform
Transforming zego_uikit_plugin_adapter_android-3.0.4.aar (com.github.ZEGOCLOUD:zego_uikit_plugin_adapter_android:3.0.4) with AarTransform
Transforming permissionx-1.7.1.aar (com.guolindev.permissionx:permissionx:1.7.1) with ExtractAarTransform
Transforming permissionx-1.7.1.aar (com.guolindev.permissionx:permissionx:1.7.1) with AarTransform
Transforming appcompat-1.6.1.aar (androidx.appcompat:appcompat:1.6.1) with ExtractAarTransform
Transforming appcompat-1.6.1.aar (androidx.appcompat:appcompat:1.6.1) with AarTransform
Transforming viewpager2-1.0.0.aar (androidx.viewpager2:viewpager2:1.0.0) with ExtractAarTransform
Transforming viewpager2-1.0.0.aar (androidx.viewpager2:viewpager2:1.0.0) with AarTransform
Transforming glide-4.14.2.aar (com.github.bumptech.glide:glide:4.14.2) with ExtractAarTransform
Transforming glide-4.14.2.aar (com.github.bumptech.glide:glide:4.14.2) with AarTransform
Transforming firebase-messaging-23.2.1.aar (com.google.firebase:firebase-messaging:23.2.1) with ExtractAarTransform
Transforming firebase-messaging-23.2.1.aar (com.google.firebase:firebase-messaging:23.2.1) with AarTransform
Transforming firebase-datatransport-18.1.7.aar (com.google.firebase:firebase-datatransport:18.1.7) with ExtractAarTransform
Transforming firebase-datatransport-18.1.7.aar (com.google.firebase:firebase-datatransport:18.1.7) with AarTransform
Transforming firebase-installations-17.1.3.aar (com.google.firebase:firebase-installations:17.1.3) with ExtractAarTransform
Transforming firebase-installations-17.1.3.aar (com.google.firebase:firebase-installations:17.1.3) with AarTransform
Transforming firebase-common-20.3.1.aar (com.google.firebase:firebase-common:20.3.1) with ExtractAarTransform
Transforming firebase-common-20.3.1.aar (com.google.firebase:firebase-common:20.3.1) with AarTransform
Transforming play-services-base-18.0.1.aar (com.google.android.gms:play-services-base:18.0.1) with ExtractAarTransform
Transforming play-services-base-18.0.1.aar (com.google.android.gms:play-services-base:18.0.1) with AarTransform
Transforming play-services-stats-17.0.2.aar (com.google.android.gms:play-services-stats:17.0.2) with ExtractAarTransform
Transforming play-services-stats-17.0.2.aar (com.google.android.gms:play-services-stats:17.0.2) with AarTransform
Transforming firebase-measurement-connector-19.0.0.aar (com.google.firebase:firebase-measurement-connector:19.0.0) with ExtractAarTransform
Transforming firebase-measurement-connector-19.0.0.aar (com.google.firebase:firebase-measurement-connector:19.0.0) with AarTransform
Transforming firebase-iid-interop-17.1.0.aar (com.google.firebase:firebase-iid-interop:17.1.0) with ExtractAarTransform
Transforming firebase-iid-interop-17.1.0.aar (com.google.firebase:firebase-iid-interop:17.1.0) with AarTransform
Transforming play-services-cloud-messaging-17.0.1.aar (com.google.android.gms:play-services-cloud-messaging:17.0.1) with ExtractAarTransform
Transforming play-services-cloud-messaging-17.0.1.aar (com.google.android.gms:play-services-cloud-messaging:17.0.1) with AarTransform
Transforming firebase-installations-interop-17.1.0.aar (com.google.firebase:firebase-installations-interop:17.1.0) with ExtractAarTransform
Transforming firebase-installations-interop-17.1.0.aar (com.google.firebase:firebase-installations-interop:17.1.0) with AarTransform
Transforming play-services-tasks-18.0.2.aar (com.google.android.gms:play-services-tasks:18.0.2) with ExtractAarTransform
Transforming play-services-tasks-18.0.2.aar (com.google.android.gms:play-services-tasks:18.0.2) with AarTransform
Transforming play-services-basement-18.1.0.aar (com.google.android.gms:play-services-basement:18.1.0) with ExtractAarTransform
Transforming play-services-basement-18.1.0.aar (com.google.android.gms:play-services-basement:18.1.0) with AarTransform
Transforming fragment-1.8.9.aar (androidx.fragment:fragment:1.8.9) with ExtractAarTransform
Transforming fragment-1.8.9.aar (androidx.fragment:fragment:1.8.9) with AarTransform
Transforming fragment-1.8.9.aar (androidx.fragment:fragment:1.8.9) with ExtractAarTransform
Transforming fragment-1.8.9.aar (androidx.fragment:fragment:1.8.9) with AarTransform
Transforming fragment-ktx-1.8.9.aar (androidx.fragment:fragment-ktx:1.8.9) with ExtractAarTransform
Transforming fragment-ktx-1.8.9.aar (androidx.fragment:fragment-ktx:1.8.9) with AarTransform
Transforming material-ripple-release.aar (androidx.compose.material:material-ripple-android:1.7.0) with ExtractAarTransform
Transforming material-ripple-release.aar (androidx.compose.material:material-ripple-android:1.7.0) with AarTransform
Transforming foundation.aar (androidx.compose.foundation:foundation-android:1.10.0) with ExtractAarTransform
Transforming foundation.aar (androidx.compose.foundation:foundation-android:1.10.0) with AarTransform
Transforming ui-tooling-data.aar (androidx.compose.ui:ui-tooling-data-android:1.10.0) with ExtractAarTransform
Transforming ui-tooling-data.aar (androidx.compose.ui:ui-tooling-data-android:1.10.0) with AarTransform
Transforming ui-tooling-preview.aar (androidx.compose.ui:ui-tooling-preview-android:1.10.0) with ExtractAarTransform
Transforming ui-tooling-preview.aar (androidx.compose.ui:ui-tooling-preview-android:1.10.0) with AarTransform
Transforming ui-text.aar (androidx.compose.ui:ui-text-android:1.10.0) with ExtractAarTransform
Transforming ui-text.aar (androidx.compose.ui:ui-text-android:1.10.0) with AarTransform
Transforming ui-geometry.aar (androidx.compose.ui:ui-geometry-android:1.10.0) with ExtractAarTransform
Transforming ui-geometry.aar (androidx.compose.ui:ui-geometry-android:1.10.0) with AarTransform
Transforming ui-graphics.aar (androidx.compose.ui:ui-graphics-android:1.10.0) with ExtractAarTransform
Transforming ui-graphics.aar (androidx.compose.ui:ui-graphics-android:1.10.0) with AarTransform
Transforming ui-unit.aar (androidx.compose.ui:ui-unit-android:1.10.0) with ExtractAarTransform
Transforming ui-unit.aar (androidx.compose.ui:ui-unit-android:1.10.0) with AarTransform
Transforming ui-util.aar (androidx.compose.ui:ui-util-android:1.10.0) with ExtractAarTransform
Transforming ui-util.aar (androidx.compose.ui:ui-util-android:1.10.0) with AarTransform
Transforming ui-test-manifest-1.10.0.aar (androidx.compose.ui:ui-test-manifest:1.10.0) with ExtractAarTransform
Transforming ui-test-manifest-1.10.0.aar (androidx.compose.ui:ui-test-manifest:1.10.0) with AarTransform
Transforming activity-1.8.2.aar (androidx.activity:activity:1.8.2) with ExtractAarTransform
Transforming activity-1.8.2.aar (androidx.activity:activity:1.8.2) with AarTransform
Transforming activity-ktx-1.8.2.aar (androidx.activity:activity-ktx:1.8.2) with ExtractAarTransform
Transforming activity-ktx-1.8.2.aar (androidx.activity:activity-ktx:1.8.2) with AarTransform
Transforming activity-compose-1.8.2.aar (androidx.activity:activity-compose:1.8.2) with ExtractAarTransform
Transforming activity-compose-1.8.2.aar (androidx.activity:activity-compose:1.8.2) with AarTransform
Transforming material-icons-extended-release.aar (androidx.compose.material:material-icons-extended-android:1.7.0) with ExtractAarTransform
Transforming material-icons-extended-release.aar (androidx.compose.material:material-icons-extended-android:1.7.0) with AarTransform
Transforming material-icons-core-release.aar (androidx.compose.material:material-icons-core-android:1.7.0) with ExtractAarTransform
Transforming material-icons-core-release.aar (androidx.compose.material:material-icons-core-android:1.7.0) with AarTransform
Transforming runtime-retain.aar (androidx.compose.runtime:runtime-retain-android:1.10.0) with ExtractAarTransform
Transforming runtime-retain.aar (androidx.compose.runtime:runtime-retain-android:1.10.0) with AarTransform
Transforming runtime-annotation.aar (androidx.compose.runtime:runtime-annotation-android:1.10.0) with ExtractAarTransform
Transforming runtime-annotation.aar (androidx.compose.runtime:runtime-annotation-android:1.10.0) with AarTransform
Transforming transition-1.6.0.aar (androidx.transition:transition:1.6.0) with ExtractAarTransform
Transforming transition-1.6.0.aar (androidx.transition:transition:1.6.0) with AarTransform
Transforming dynamicanimation-1.0.0.aar (androidx.dynamicanimation:dynamicanimation:1.0.0) with ExtractAarTransform
Transforming dynamicanimation-1.0.0.aar (androidx.dynamicanimation:dynamicanimation:1.0.0) with AarTransform
Transforming legacy-support-core-utils-1.0.0.aar (androidx.legacy:legacy-support-core-utils:1.0.0) with ExtractAarTransform
Transforming legacy-support-core-utils-1.0.0.aar (androidx.legacy:legacy-support-core-utils:1.0.0) with AarTransform
Transforming loader-1.0.0.aar (androidx.loader:loader:1.0.0) with ExtractAarTransform
Transforming loader-1.0.0.aar (androidx.loader:loader:1.0.0) with AarTransform
Transforming loader-1.0.0.aar (androidx.loader:loader:1.0.0) with ExtractAarTransform
Transforming loader-1.0.0.aar (androidx.loader:loader:1.0.0) with AarTransform
Transforming emoji2-views-helper-1.4.0.aar (androidx.emoji2:emoji2-views-helper:1.4.0) with ExtractAarTransform
Transforming emoji2-views-helper-1.4.0.aar (androidx.emoji2:emoji2-views-helper:1.4.0) with AarTransform
Transforming emoji2-1.4.0.aar (androidx.emoji2:emoji2:1.4.0) with ExtractAarTransform
Transforming emoji2-1.4.0.aar (androidx.emoji2:emoji2:1.4.0) with AarTransform
Transforming coordinatorlayout-1.1.0.aar (androidx.coordinatorlayout:coordinatorlayout:1.1.0) with ExtractAarTransform
Transforming coordinatorlayout-1.1.0.aar (androidx.coordinatorlayout:coordinatorlayout:1.1.0) with AarTransform
Transforming drawerlayout-1.1.1.aar (androidx.drawerlayout:drawerlayout:1.1.1) with ExtractAarTransform
Transforming drawerlayout-1.1.1.aar (androidx.drawerlayout:drawerlayout:1.1.1) with AarTransform
Transforming vectordrawable-animated-1.1.0.aar (androidx.vectordrawable:vectordrawable-animated:1.1.0) with ExtractAarTransform
Transforming vectordrawable-animated-1.1.0.aar (androidx.vectordrawable:vectordrawable-animated:1.1.0) with AarTransform
Transforming vectordrawable-1.1.0.aar (androidx.vectordrawable:vectordrawable:1.1.0) with ExtractAarTransform
Transforming vectordrawable-1.1.0.aar (androidx.vectordrawable:vectordrawable:1.1.0) with AarTransform
Transforming vectordrawable-1.1.0.aar (androidx.vectordrawable:vectordrawable:1.1.0) with ExtractAarTransform
Transforming vectordrawable-1.1.0.aar (androidx.vectordrawable:vectordrawable:1.1.0) with AarTransform
Transforming recyclerview-1.1.0.aar (androidx.recyclerview:recyclerview:1.1.0) with ExtractAarTransform
Transforming recyclerview-1.1.0.aar (androidx.recyclerview:recyclerview:1.1.0) with AarTransform
Transforming recyclerview-1.1.0.aar (androidx.recyclerview:recyclerview:1.1.0) with ExtractAarTransform
Transforming recyclerview-1.1.0.aar (androidx.recyclerview:recyclerview:1.1.0) with AarTransform
Transforming viewpager-1.0.0.aar (androidx.viewpager:viewpager:1.0.0) with ExtractAarTransform
Transforming viewpager-1.0.0.aar (androidx.viewpager:viewpager:1.0.0) with AarTransform
Transforming customview-1.1.0.aar (androidx.customview:customview:1.1.0) with ExtractAarTransform
Transforming customview-1.1.0.aar (androidx.customview:customview:1.1.0) with AarTransform
Transforming customview-poolingcontainer-1.0.0.aar (androidx.customview:customview-poolingcontainer:1.0.0) with ExtractAarTransform
Transforming customview-poolingcontainer-1.0.0.aar (androidx.customview:customview-poolingcontainer:1.0.0) with AarTransform
Transforming core-ktx-1.16.0.aar (androidx.core:core-ktx:1.16.0) with ExtractAarTransform
Transforming core-ktx-1.16.0.aar (androidx.core:core-ktx:1.16.0) with AarTransform
Transforming autofill-1.0.0.aar (androidx.autofill:autofill:1.0.0) with ExtractAarTransform
Transforming autofill-1.0.0.aar (androidx.autofill:autofill:1.0.0) with AarTransform
Transforming window-core.aar (androidx.window:window-core-android:1.5.0) with ExtractAarTransform
Transforming window-core.aar (androidx.window:window-core-android:1.5.0) with AarTransform
Transforming window-1.5.0.aar (androidx.window:window:1.5.0) with ExtractAarTransform
Transforming window-1.5.0.aar (androidx.window:window:1.5.0) with AarTransform
Transforming graphics-path-1.0.1.aar (androidx.graphics:graphics-path:1.0.1) with ExtractAarTransform
Transforming graphics-path-1.0.1.aar (androidx.graphics:graphics-path:1.0.1) with AarTransform
Transforming core-1.16.0.aar (androidx.core:core:1.16.0) with ExtractAarTransform
Transforming core-1.16.0.aar (androidx.core:core:1.16.0) with AarTransform
Transforming core-1.16.0.aar (androidx.core:core:1.16.0) with ExtractAarTransform
Transforming core-1.16.0.aar (androidx.core:core:1.16.0) with AarTransform
Transforming lifecycle-viewmodel-2.9.4.aar (androidx.lifecycle:lifecycle-viewmodel:2.9.4) with ExtractAarTransform
Transforming lifecycle-viewmodel-2.9.4.aar (androidx.lifecycle:lifecycle-viewmodel:2.9.4) with AarTransform
Transforming lifecycle-viewmodel-release.aar (androidx.lifecycle:lifecycle-viewmodel-android:2.9.4) with ExtractAarTransform
Transforming lifecycle-viewmodel-release.aar (androidx.lifecycle:lifecycle-viewmodel-android:2.9.4) with AarTransform
Transforming lifecycle-runtime-ktx.aar (androidx.lifecycle:lifecycle-runtime-ktx-android:2.9.4) with ExtractAarTransform
Transforming lifecycle-runtime-ktx.aar (androidx.lifecycle:lifecycle-runtime-ktx-android:2.9.4) with AarTransform
Transforming lifecycle-runtime-release.aar (androidx.lifecycle:lifecycle-runtime-android:2.9.4) with ExtractAarTransform
Transforming lifecycle-runtime-release.aar (androidx.lifecycle:lifecycle-runtime-android:2.9.4) with AarTransform
Transforming lifecycle-viewmodel-ktx-2.9.4.aar (androidx.lifecycle:lifecycle-viewmodel-ktx:2.9.4) with ExtractAarTransform
Transforming lifecycle-viewmodel-ktx-2.9.4.aar (androidx.lifecycle:lifecycle-viewmodel-ktx:2.9.4) with AarTransform
Transforming lifecycle-process-2.9.4.aar (androidx.lifecycle:lifecycle-process:2.9.4) with ExtractAarTransform
Transforming lifecycle-process-2.9.4.aar (androidx.lifecycle:lifecycle-process:2.9.4) with AarTransform
Transforming lifecycle-livedata-core-ktx-2.9.4.aar (androidx.lifecycle:lifecycle-livedata-core-ktx:2.9.4) with ExtractAarTransform
Transforming lifecycle-livedata-core-ktx-2.9.4.aar (androidx.lifecycle:lifecycle-livedata-core-ktx:2.9.4) with AarTransform
Transforming lifecycle-livedata-core-2.9.4.aar (androidx.lifecycle:lifecycle-livedata-core:2.9.4) with ExtractAarTransform
Transforming lifecycle-livedata-core-2.9.4.aar (androidx.lifecycle:lifecycle-livedata-core:2.9.4) with AarTransform
Transforming lifecycle-livedata-2.9.4.aar (androidx.lifecycle:lifecycle-livedata:2.9.4) with ExtractAarTransform
Transforming lifecycle-livedata-2.9.4.aar (androidx.lifecycle:lifecycle-livedata:2.9.4) with AarTransform
Transforming lifecycle-viewmodel-savedstate-release.aar (androidx.lifecycle:lifecycle-viewmodel-savedstate-android:2.9.4) with ExtractAarTransform
Transforming lifecycle-viewmodel-savedstate-release.aar (androidx.lifecycle:lifecycle-viewmodel-savedstate-android:2.9.4) with AarTransform
Transforming savedstate-release.aar (androidx.savedstate:savedstate-android:1.3.2) with ExtractAarTransform
Transforming savedstate-release.aar (androidx.savedstate:savedstate-android:1.3.2) with AarTransform
Transforming savedstate-ktx-1.3.2.aar (androidx.savedstate:savedstate-ktx:1.3.2) with ExtractAarTransform
Transforming savedstate-ktx-1.3.2.aar (androidx.savedstate:savedstate-ktx:1.3.2) with AarTransform
Transforming savedstate-compose.aar (androidx.savedstate:savedstate-compose-android:1.3.2) with ExtractAarTransform
Transforming savedstate-compose.aar (androidx.savedstate:savedstate-compose-android:1.3.2) with AarTransform
Transforming runtime.aar (androidx.compose.runtime:runtime-android:1.10.0) with ExtractAarTransform
Transforming runtime.aar (androidx.compose.runtime:runtime-android:1.10.0) with AarTransform
Transforming runtime-saveable.aar (androidx.compose.runtime:runtime-saveable-android:1.10.0) with ExtractAarTransform
Transforming runtime-saveable.aar (androidx.compose.runtime:runtime-saveable-android:1.10.0) with AarTransform
Transforming lifecycle-runtime-compose-release.aar (androidx.lifecycle:lifecycle-runtime-compose-android:2.9.4) with ExtractAarTransform
Transforming lifecycle-runtime-compose-release.aar (androidx.lifecycle:lifecycle-runtime-compose-android:2.9.4) with AarTransform
Transforming lifecycle-viewmodel-compose-release.aar (androidx.lifecycle:lifecycle-viewmodel-compose-android:2.9.4) with ExtractAarTransform
Transforming lifecycle-viewmodel-compose-release.aar (androidx.lifecycle:lifecycle-viewmodel-compose-android:2.9.4) with AarTransform
Transforming ui.aar (androidx.compose.ui:ui-android:1.10.0) with ExtractAarTransform
Transforming ui.aar (androidx.compose.ui:ui-android:1.10.0) with AarTransform
Transforming ui-tooling.aar (androidx.compose.ui:ui-tooling-android:1.10.0) with ExtractAarTransform
Transforming ui-tooling.aar (androidx.compose.ui:ui-tooling-android:1.10.0) with AarTransform
Transforming material-release.aar (androidx.compose.material:material-android:1.7.0) with ExtractAarTransform
Transforming material-release.aar (androidx.compose.material:material-android:1.7.0) with AarTransform
Transforming animation-core.aar (androidx.compose.animation:animation-core-android:1.10.0) with ExtractAarTransform
Transforming animation-core.aar (androidx.compose.animation:animation-core-android:1.10.0) with AarTransform
Transforming animation.aar (androidx.compose.animation:animation-android:1.10.0) with ExtractAarTransform
Transforming animation.aar (androidx.compose.animation:animation-android:1.10.0) with AarTransform
Transforming foundation-layout.aar (androidx.compose.foundation:foundation-layout-android:1.10.0) with ExtractAarTransform
Transforming foundation-layout.aar (androidx.compose.foundation:foundation-layout-android:1.10.0) with AarTransform
Transforming annotation-experimental-1.5.0.aar (androidx.annotation:annotation-experimental:1.5.0) with ExtractAarTransform
Transforming annotation-experimental-1.5.0.aar (androidx.annotation:annotation-experimental:1.5.0) with AarTransform
Transforming filament-utils-android-1.66.0.aar (com.google.android.filament:filament-utils-android:1.66.0) with ExtractAarTransform
Transforming filament-utils-android-1.66.0.aar (com.google.android.filament:filament-utils-android:1.66.0) with AarTransform
Transforming cardview-1.0.0.aar (androidx.cardview:cardview:1.0.0) with ExtractAarTransform
Transforming cardview-1.0.0.aar (androidx.cardview:cardview:1.0.0) with AarTransform
Transforming mmkv-1.3.14.aar (com.tencent:mmkv:1.3.14) with ExtractAarTransform
Transforming mmkv-1.3.14.aar (com.tencent:mmkv:1.3.14) with AarTransform
Transforming gltfio-android-1.66.0.aar (com.google.android.filament:gltfio-android:1.66.0) with ExtractAarTransform
Transforming gltfio-android-1.66.0.aar (com.google.android.filament:gltfio-android:1.66.0) with AarTransform
Transforming filament-android-1.66.0.aar (com.google.android.filament:filament-android:1.66.0) with ExtractAarTransform
Transforming filament-android-1.66.0.aar (com.google.android.filament:filament-android:1.66.0) with AarTransform
Transforming core-runtime-2.2.0.aar (androidx.arch.core:core-runtime:2.2.0) with ExtractAarTransform
Transforming core-runtime-2.2.0.aar (androidx.arch.core:core-runtime:2.2.0) with AarTransform
Transforming cursoradapter-1.0.0.aar (androidx.cursoradapter:cursoradapter:1.0.0) with ExtractAarTransform
Transforming cursoradapter-1.0.0.aar (androidx.cursoradapter:cursoradapter:1.0.0) with AarTransform
Transforming firebase-components-17.1.0.aar (com.google.firebase:firebase-components:17.1.0) with ExtractAarTransform
Transforming firebase-components-17.1.0.aar (com.google.firebase:firebase-components:17.1.0) with AarTransform
Transforming transport-backend-cct-3.1.8.aar (com.google.android.datatransport:transport-backend-cct:3.1.8) with ExtractAarTransform
Transforming transport-backend-cct-3.1.8.aar (com.google.android.datatransport:transport-backend-cct:3.1.8) with AarTransform
Transforming transport-runtime-3.1.8.aar (com.google.android.datatransport:transport-runtime:3.1.8) with ExtractAarTransform
Transforming transport-runtime-3.1.8.aar (com.google.android.datatransport:transport-runtime:3.1.8) with AarTransform
Transforming transport-api-3.0.0.aar (com.google.android.datatransport:transport-api:3.0.0) with ExtractAarTransform
Transforming transport-api-3.0.0.aar (com.google.android.datatransport:transport-api:3.0.0) with AarTransform
Transforming firebase-encoders-json-18.0.0.aar (com.google.firebase:firebase-encoders-json:18.0.0) with ExtractAarTransform
Transforming firebase-encoders-json-18.0.0.aar (com.google.firebase:firebase-encoders-json:18.0.0) with AarTransform
Transforming versionedparcelable-1.1.1.aar (androidx.versionedparcelable:versionedparcelable:1.1.1) with ExtractAarTransform
Transforming versionedparcelable-1.1.1.aar (androidx.versionedparcelable:versionedparcelable:1.1.1) with AarTransform
Transforming sqlite-framework.aar (androidx.sqlite:sqlite-framework-android:2.6.1) with ExtractAarTransform
Transforming sqlite-framework.aar (androidx.sqlite:sqlite-framework-android:2.6.1) with AarTransform
Transforming sqlite.aar (androidx.sqlite:sqlite-android:2.6.1) with ExtractAarTransform
Transforming sqlite.aar (androidx.sqlite:sqlite-android:2.6.1) with AarTransform
Transforming profileinstaller-1.4.0.aar (androidx.profileinstaller:profileinstaller:1.4.0) with ExtractAarTransform
Transforming profileinstaller-1.4.0.aar (androidx.profileinstaller:profileinstaller:1.4.0) with AarTransform
Transforming startup-runtime-1.1.1.aar (androidx.startup:startup-runtime:1.1.1) with ExtractAarTransform
Transforming startup-runtime-1.1.1.aar (androidx.startup:startup-runtime:1.1.1) with AarTransform
Transforming tracing-1.2.0.aar (androidx.tracing:tracing:1.2.0) with ExtractAarTransform
Transforming tracing-1.2.0.aar (androidx.tracing:tracing:1.2.0) with AarTransform
Transforming interpolator-1.0.0.aar (androidx.interpolator:interpolator:1.0.0) with ExtractAarTransform
Transforming interpolator-1.0.0.aar (androidx.interpolator:interpolator:1.0.0) with AarTransform
Transforming interpolator-1.0.0.aar (androidx.interpolator:interpolator:1.0.0) with ExtractAarTransform
Transforming interpolator-1.0.0.aar (androidx.interpolator:interpolator:1.0.0) with AarTransform
Transforming exifinterface-1.3.7.aar (androidx.exifinterface:exifinterface:1.3.7) with ExtractAarTransform
Transforming exifinterface-1.3.7.aar (androidx.exifinterface:exifinterface:1.3.7) with AarTransform
Transforming documentfile-1.0.0.aar (androidx.documentfile:documentfile:1.0.0) with ExtractAarTransform
Transforming documentfile-1.0.0.aar (androidx.documentfile:documentfile:1.0.0) with AarTransform
Transforming localbroadcastmanager-1.0.0.aar (androidx.localbroadcastmanager:localbroadcastmanager:1.0.0) with ExtractAarTransform
Transforming localbroadcastmanager-1.0.0.aar (androidx.localbroadcastmanager:localbroadcastmanager:1.0.0) with AarTransform
Transforming print-1.0.0.aar (androidx.print:print:1.0.0) with ExtractAarTransform
Transforming print-1.0.0.aar (androidx.print:print:1.0.0) with AarTransform
Transforming gifdecoder-4.14.2.aar (com.github.bumptech.glide:gifdecoder:4.14.2) with ExtractAarTransform
Transforming gifdecoder-4.14.2.aar (com.github.bumptech.glide:gifdecoder:4.14.2) with AarTransform
Transforming viewbinding-7.2.2.aar (androidx.databinding:viewbinding:7.2.2) with ExtractAarTransform
Transforming viewbinding-7.2.2.aar (androidx.databinding:viewbinding:7.2.2) with AarTransform
Transforming core-viewtree-1.0.0.aar (androidx.core:core-viewtree:1.0.0) with ExtractAarTransform
Transforming core-viewtree-1.0.0.aar (androidx.core:core-viewtree:1.0.0) with AarTransform
Transforming timber-4.7.1.aar (com.jakewharton.timber:timber:4.7.1) with ExtractAarTransform
Transforming timber-4.7.1.aar (com.jakewharton.timber:timber:4.7.1) with AarTransform
Transforming zpns-fcm-2.8.0.aar (im.zego:zpns-fcm:2.8.0) with ExtractAarTransform
Transforming zpns-fcm-2.8.0.aar (im.zego:zpns-fcm:2.8.0) with AarTransform
Transforming express-video-3.23.0.aar (im.zego:express-video:3.23.0) with ExtractAarTransform
Transforming express-video-3.23.0.aar (im.zego:express-video:3.23.0) with AarTransform
Transforming uikitreport-0.5.1.aar (im.zego:uikitreport:0.5.1) with ExtractAarTransform
Transforming uikitreport-0.5.1.aar (im.zego:uikitreport:0.5.1) with AarTransform
Transforming zim-2.21.1.aar (im.zego:zim:2.21.1) with ExtractAarTransform
Transforming zim-2.21.1.aar (im.zego:zim:2.21.1) with AarTransform
Transforming zpns-2.8.0.aar (im.zego:zpns:2.8.0) with ExtractAarTransform
Transforming zpns-2.8.0.aar (im.zego:zpns:2.8.0) with AarTransform
Transforming xlog-1.10.1.aar (com.elvishew:xlog:1.10.1) with ExtractAarTransform
Transforming xlog-1.10.1.aar (com.elvishew:xlog:1.10.1) with AarTransform
Caching disabled for task ':app:mapDebugSourceSetPaths' because:
  Build cache is disabled
  Caching has been disabled for the task
Skipping task ':app:mapDebugSourceSetPaths' as it is up-to-date.
Resolve mutations for :app:generateDebugResources (Thread[Execution worker Thread 16,5,main]) started.
:app:generateDebugResources (Thread[Execution worker Thread 16,5,main]) started.

> Task :app:generateDebugResources UP-TO-DATE
Caching disabled for task ':app:generateDebugResources' because:
  Build cache is disabled
Skipping task ':app:generateDebugResources' as it is up-to-date.
Resolve mutations for :app:mergeDebugResources (Thread[Execution worker Thread 16,5,main]) started.
:app:mergeDebugResources (Thread[Execution worker Thread 16,5,main]) started.

> Task :app:mergeDebugResources UP-TO-DATE
Caching disabled for task ':app:mergeDebugResources' because:
  Build cache is disabled
Skipping task ':app:mergeDebugResources' as it is up-to-date.
Resolve mutations for :app:packageDebugResources (Thread[Execution worker Thread 16,5,main]) started.
:app:packageDebugResources (Thread[Execution worker Thread 16,5,main]) started.

> Task :app:packageDebugResources UP-TO-DATE
Caching disabled for task ':app:packageDebugResources' because:
  Build cache is disabled
Skipping task ':app:packageDebugResources' as it is up-to-date.
Resolve mutations for :app:parseDebugLocalResources (Thread[Execution worker Thread 16,5,main]) started.
:app:parseDebugLocalResources (Thread[Execution worker Thread 16,5,main]) started.

> Task :app:parseDebugLocalResources UP-TO-DATE
Transforming android.jar with PlatformAttrTransform
Transforming android.jar with PlatformAttrTransform
Caching disabled for task ':app:parseDebugLocalResources' because:
  Build cache is disabled
Skipping task ':app:parseDebugLocalResources' as it is up-to-date.
Resolve mutations for :app:createDebugCompatibleScreenManifests (Thread[Execution worker Thread 16,5,main]) started.
:app:createDebugCompatibleScreenManifests (Thread[Execution worker Thread 16,5,main]) started.

> Task :app:createDebugCompatibleScreenManifests UP-TO-DATE
Caching disabled for task ':app:createDebugCompatibleScreenManifests' because:
  Build cache is disabled
  Caching has been disabled for the task
Skipping task ':app:createDebugCompatibleScreenManifests' as it is up-to-date.
Resolve mutations for :app:extractDeepLinksDebug (Thread[Execution worker Thread 9,5,main]) started.
:app:extractDeepLinksDebug (Thread[Execution worker Thread 16,5,main]) started.

> Task :app:extractDeepLinksDebug UP-TO-DATE
Caching disabled for task ':app:extractDeepLinksDebug' because:
  Build cache is disabled
Skipping task ':app:extractDeepLinksDebug' as it is up-to-date.
Resolve mutations for :app:processDebugMainManifest (Thread[Execution worker Thread 9,5,main]) started.
:app:processDebugMainManifest (Thread[Execution worker Thread 16,5,main]) started.

> Task :app:processDebugMainManifest UP-TO-DATE
Transforming room-runtime.aar (androidx.room:room-runtime-android:2.8.2) with ExtractAarTransform
Transforming room-runtime.aar (androidx.room:room-runtime-android:2.8.2) with AarTransform
Transforming room-ktx-2.8.2.aar (androidx.room:room-ktx:2.8.2) with ExtractAarTransform
Transforming room-ktx-2.8.2.aar (androidx.room:room-ktx:2.8.2) with AarTransform
Transforming core-splashscreen-1.0.1.aar (androidx.core:core-splashscreen:1.0.1) with ExtractAarTransform
Transforming core-splashscreen-1.0.1.aar (androidx.core:core-splashscreen:1.0.1) with AarTransform
Transforming navigation-common-2.7.0.aar (androidx.navigation:navigation-common:2.7.0) with ExtractAarTransform
Transforming navigation-common-2.7.0.aar (androidx.navigation:navigation-common:2.7.0) with AarTransform
Transforming navigation-runtime-2.7.0.aar (androidx.navigation:navigation-runtime:2.7.0) with ExtractAarTransform
Transforming navigation-runtime-2.7.0.aar (androidx.navigation:navigation-runtime:2.7.0) with AarTransform
Transforming navigation-common-ktx-2.7.0.aar (androidx.navigation:navigation-common-ktx:2.7.0) with ExtractAarTransform
Transforming navigation-common-ktx-2.7.0.aar (androidx.navigation:navigation-common-ktx:2.7.0) with AarTransform
Transforming navigation-runtime-ktx-2.7.0.aar (androidx.navigation:navigation-runtime-ktx:2.7.0) with ExtractAarTransform
Transforming navigation-runtime-ktx-2.7.0.aar (androidx.navigation:navigation-runtime-ktx:2.7.0) with AarTransform
Transforming navigation-compose-2.7.0.aar (androidx.navigation:navigation-compose:2.7.0) with ExtractAarTransform
Transforming navigation-compose-2.7.0.aar (androidx.navigation:navigation-compose:2.7.0) with AarTransform
Transforming coil-compose-2.7.0.aar (io.coil-kt:coil-compose:2.7.0) with ExtractAarTransform
Transforming coil-compose-2.7.0.aar (io.coil-kt:coil-compose:2.7.0) with AarTransform
Transforming zego_uikit_prebuilt_call_android-3.9.10.aar (com.github.ZEGOCLOUD:zego_uikit_prebuilt_call_android:3.9.10) with ExtractAarTransform
Transforming zego_uikit_prebuilt_call_android-3.9.10.aar (com.github.ZEGOCLOUD:zego_uikit_prebuilt_call_android:3.9.10) with AarTransform
Transforming sceneview-2.3.1.aar (io.github.sceneview:sceneview:2.3.1) with ExtractAarTransform
Transforming sceneview-2.3.1.aar (io.github.sceneview:sceneview:2.3.1) with AarTransform
Transforming material3-release.aar (androidx.compose.material3:material3-android:1.3.0) with ExtractAarTransform
Transforming material3-release.aar (androidx.compose.material3:material3-android:1.3.0) with AarTransform
Transforming coil-compose-base-2.7.0.aar (io.coil-kt:coil-compose-base:2.7.0) with ExtractAarTransform
Transforming coil-compose-base-2.7.0.aar (io.coil-kt:coil-compose-base:2.7.0) with AarTransform
Transforming accompanist-drawablepainter-0.32.0.aar (com.google.accompanist:accompanist-drawablepainter:0.32.0) with ExtractAarTransform
Transforming accompanist-drawablepainter-0.32.0.aar (com.google.accompanist:accompanist-drawablepainter:0.32.0) with AarTransform
Transforming zego_uikit_android-3.6.5.aar (com.github.ZEGOCLOUD:zego_uikit_android:3.6.5) with ExtractAarTransform
Transforming zego_uikit_android-3.6.5.aar (com.github.ZEGOCLOUD:zego_uikit_android:3.6.5) with AarTransform
Transforming material-1.11.0.aar (com.google.android.material:material:1.11.0) with ExtractAarTransform
Transforming material-1.11.0.aar (com.google.android.material:material:1.11.0) with AarTransform
Transforming constraintlayout-2.1.4.aar (androidx.constraintlayout:constraintlayout:2.1.4) with ExtractAarTransform
Transforming constraintlayout-2.1.4.aar (androidx.constraintlayout:constraintlayout:2.1.4) with AarTransform
Transforming coil-2.7.0.aar (io.coil-kt:coil:2.7.0) with ExtractAarTransform
Transforming coil-2.7.0.aar (io.coil-kt:coil:2.7.0) with AarTransform
Transforming coil-base-2.7.0.aar (io.coil-kt:coil-base:2.7.0) with ExtractAarTransform
Transforming coil-base-2.7.0.aar (io.coil-kt:coil-base:2.7.0) with AarTransform
Transforming appcompat-resources-1.6.1.aar (androidx.appcompat:appcompat-resources:1.6.1) with ExtractAarTransform
Transforming appcompat-resources-1.6.1.aar (androidx.appcompat:appcompat-resources:1.6.1) with AarTransform
Transforming zego_uikit_signaling_plugin_android-3.0.2.aar (com.github.ZEGOCLOUD:zego_uikit_signaling_plugin_android:3.0.2) with ExtractAarTransform
Transforming zego_uikit_signaling_plugin_android-3.0.2.aar (com.github.ZEGOCLOUD:zego_uikit_signaling_plugin_android:3.0.2) with AarTransform
Transforming zego_uikit_plugin_adapter_android-3.0.4.aar (com.github.ZEGOCLOUD:zego_uikit_plugin_adapter_android:3.0.4) with ExtractAarTransform
Transforming zego_uikit_plugin_adapter_android-3.0.4.aar (com.github.ZEGOCLOUD:zego_uikit_plugin_adapter_android:3.0.4) with AarTransform
Transforming permissionx-1.7.1.aar (com.guolindev.permissionx:permissionx:1.7.1) with ExtractAarTransform
Transforming permissionx-1.7.1.aar (com.guolindev.permissionx:permissionx:1.7.1) with AarTransform
Transforming appcompat-1.6.1.aar (androidx.appcompat:appcompat:1.6.1) with ExtractAarTransform
Transforming appcompat-1.6.1.aar (androidx.appcompat:appcompat:1.6.1) with AarTransform
Transforming viewpager2-1.0.0.aar (androidx.viewpager2:viewpager2:1.0.0) with ExtractAarTransform
Transforming viewpager2-1.0.0.aar (androidx.viewpager2:viewpager2:1.0.0) with AarTransform
Transforming glide-4.14.2.aar (com.github.bumptech.glide:glide:4.14.2) with ExtractAarTransform
Transforming glide-4.14.2.aar (com.github.bumptech.glide:glide:4.14.2) with AarTransform
Transforming firebase-messaging-23.2.1.aar (com.google.firebase:firebase-messaging:23.2.1) with ExtractAarTransform
Transforming firebase-messaging-23.2.1.aar (com.google.firebase:firebase-messaging:23.2.1) with AarTransform
Transforming firebase-datatransport-18.1.7.aar (com.google.firebase:firebase-datatransport:18.1.7) with ExtractAarTransform
Transforming firebase-datatransport-18.1.7.aar (com.google.firebase:firebase-datatransport:18.1.7) with AarTransform
Transforming firebase-installations-17.1.3.aar (com.google.firebase:firebase-installations:17.1.3) with ExtractAarTransform
Transforming firebase-installations-17.1.3.aar (com.google.firebase:firebase-installations:17.1.3) with AarTransform
Transforming firebase-common-20.3.1.aar (com.google.firebase:firebase-common:20.3.1) with ExtractAarTransform
Transforming firebase-common-20.3.1.aar (com.google.firebase:firebase-common:20.3.1) with AarTransform
Transforming play-services-base-18.0.1.aar (com.google.android.gms:play-services-base:18.0.1) with ExtractAarTransform
Transforming play-services-base-18.0.1.aar (com.google.android.gms:play-services-base:18.0.1) with AarTransform
Transforming play-services-stats-17.0.2.aar (com.google.android.gms:play-services-stats:17.0.2) with ExtractAarTransform
Transforming play-services-stats-17.0.2.aar (com.google.android.gms:play-services-stats:17.0.2) with AarTransform
Transforming firebase-measurement-connector-19.0.0.aar (com.google.firebase:firebase-measurement-connector:19.0.0) with ExtractAarTransform
Transforming firebase-measurement-connector-19.0.0.aar (com.google.firebase:firebase-measurement-connector:19.0.0) with AarTransform
Transforming firebase-iid-interop-17.1.0.aar (com.google.firebase:firebase-iid-interop:17.1.0) with ExtractAarTransform
Transforming firebase-iid-interop-17.1.0.aar (com.google.firebase:firebase-iid-interop:17.1.0) with AarTransform
Transforming play-services-cloud-messaging-17.0.1.aar (com.google.android.gms:play-services-cloud-messaging:17.0.1) with ExtractAarTransform
Transforming play-services-cloud-messaging-17.0.1.aar (com.google.android.gms:play-services-cloud-messaging:17.0.1) with AarTransform
Transforming firebase-installations-interop-17.1.0.aar (com.google.firebase:firebase-installations-interop:17.1.0) with ExtractAarTransform
Transforming firebase-installations-interop-17.1.0.aar (com.google.firebase:firebase-installations-interop:17.1.0) with AarTransform
Transforming play-services-tasks-18.0.2.aar (com.google.android.gms:play-services-tasks:18.0.2) with ExtractAarTransform
Transforming play-services-tasks-18.0.2.aar (com.google.android.gms:play-services-tasks:18.0.2) with AarTransform
Transforming play-services-basement-18.1.0.aar (com.google.android.gms:play-services-basement:18.1.0) with ExtractAarTransform
Transforming play-services-basement-18.1.0.aar (com.google.android.gms:play-services-basement:18.1.0) with AarTransform
Transforming fragment-1.8.9.aar (androidx.fragment:fragment:1.8.9) with ExtractAarTransform
Transforming fragment-1.8.9.aar (androidx.fragment:fragment:1.8.9) with AarTransform
Transforming fragment-1.8.9.aar (androidx.fragment:fragment:1.8.9) with ExtractAarTransform
Transforming fragment-1.8.9.aar (androidx.fragment:fragment:1.8.9) with AarTransform
Transforming fragment-ktx-1.8.9.aar (androidx.fragment:fragment-ktx:1.8.9) with ExtractAarTransform
Transforming fragment-ktx-1.8.9.aar (androidx.fragment:fragment-ktx:1.8.9) with AarTransform
Transforming material-ripple-release.aar (androidx.compose.material:material-ripple-android:1.7.0) with ExtractAarTransform
Transforming material-ripple-release.aar (androidx.compose.material:material-ripple-android:1.7.0) with AarTransform
Transforming foundation.aar (androidx.compose.foundation:foundation-android:1.10.0) with ExtractAarTransform
Transforming foundation.aar (androidx.compose.foundation:foundation-android:1.10.0) with AarTransform
Transforming ui-tooling-data.aar (androidx.compose.ui:ui-tooling-data-android:1.10.0) with ExtractAarTransform
Transforming ui-tooling-data.aar (androidx.compose.ui:ui-tooling-data-android:1.10.0) with AarTransform
Transforming ui-tooling-preview.aar (androidx.compose.ui:ui-tooling-preview-android:1.10.0) with ExtractAarTransform
Transforming ui-tooling-preview.aar (androidx.compose.ui:ui-tooling-preview-android:1.10.0) with AarTransform
Transforming ui-text.aar (androidx.compose.ui:ui-text-android:1.10.0) with ExtractAarTransform
Transforming ui-text.aar (androidx.compose.ui:ui-text-android:1.10.0) with AarTransform
Transforming ui-geometry.aar (androidx.compose.ui:ui-geometry-android:1.10.0) with ExtractAarTransform
Transforming ui-geometry.aar (androidx.compose.ui:ui-geometry-android:1.10.0) with AarTransform
Transforming ui-graphics.aar (androidx.compose.ui:ui-graphics-android:1.10.0) with ExtractAarTransform
Transforming ui-graphics.aar (androidx.compose.ui:ui-graphics-android:1.10.0) with AarTransform
Transforming ui-unit.aar (androidx.compose.ui:ui-unit-android:1.10.0) with ExtractAarTransform
Transforming ui-unit.aar (androidx.compose.ui:ui-unit-android:1.10.0) with AarTransform
Transforming ui-util.aar (androidx.compose.ui:ui-util-android:1.10.0) with ExtractAarTransform
Transforming ui-util.aar (androidx.compose.ui:ui-util-android:1.10.0) with AarTransform
Transforming ui-test-manifest-1.10.0.aar (androidx.compose.ui:ui-test-manifest:1.10.0) with ExtractAarTransform
Transforming ui-test-manifest-1.10.0.aar (androidx.compose.ui:ui-test-manifest:1.10.0) with AarTransform
Transforming activity-1.8.2.aar (androidx.activity:activity:1.8.2) with ExtractAarTransform
Transforming activity-1.8.2.aar (androidx.activity:activity:1.8.2) with AarTransform
Transforming activity-ktx-1.8.2.aar (androidx.activity:activity-ktx:1.8.2) with ExtractAarTransform
Transforming activity-ktx-1.8.2.aar (androidx.activity:activity-ktx:1.8.2) with AarTransform
Transforming activity-compose-1.8.2.aar (androidx.activity:activity-compose:1.8.2) with ExtractAarTransform
Transforming activity-compose-1.8.2.aar (androidx.activity:activity-compose:1.8.2) with AarTransform
Transforming material-icons-extended-release.aar (androidx.compose.material:material-icons-extended-android:1.7.0) with ExtractAarTransform
Transforming material-icons-extended-release.aar (androidx.compose.material:material-icons-extended-android:1.7.0) with AarTransform
Transforming material-icons-core-release.aar (androidx.compose.material:material-icons-core-android:1.7.0) with ExtractAarTransform
Transforming material-icons-core-release.aar (androidx.compose.material:material-icons-core-android:1.7.0) with AarTransform
Transforming runtime-retain.aar (androidx.compose.runtime:runtime-retain-android:1.10.0) with ExtractAarTransform
Transforming runtime-retain.aar (androidx.compose.runtime:runtime-retain-android:1.10.0) with AarTransform
Transforming runtime-annotation.aar (androidx.compose.runtime:runtime-annotation-android:1.10.0) with ExtractAarTransform
Transforming runtime-annotation.aar (androidx.compose.runtime:runtime-annotation-android:1.10.0) with AarTransform
Transforming transition-1.6.0.aar (androidx.transition:transition:1.6.0) with ExtractAarTransform
Transforming transition-1.6.0.aar (androidx.transition:transition:1.6.0) with AarTransform
Transforming dynamicanimation-1.0.0.aar (androidx.dynamicanimation:dynamicanimation:1.0.0) with ExtractAarTransform
Transforming dynamicanimation-1.0.0.aar (androidx.dynamicanimation:dynamicanimation:1.0.0) with AarTransform
Transforming legacy-support-core-utils-1.0.0.aar (androidx.legacy:legacy-support-core-utils:1.0.0) with ExtractAarTransform
Transforming legacy-support-core-utils-1.0.0.aar (androidx.legacy:legacy-support-core-utils:1.0.0) with AarTransform
Transforming loader-1.0.0.aar (androidx.loader:loader:1.0.0) with ExtractAarTransform
Transforming loader-1.0.0.aar (androidx.loader:loader:1.0.0) with AarTransform
Transforming loader-1.0.0.aar (androidx.loader:loader:1.0.0) with ExtractAarTransform
Transforming loader-1.0.0.aar (androidx.loader:loader:1.0.0) with AarTransform
Transforming emoji2-views-helper-1.4.0.aar (androidx.emoji2:emoji2-views-helper:1.4.0) with ExtractAarTransform
Transforming emoji2-views-helper-1.4.0.aar (androidx.emoji2:emoji2-views-helper:1.4.0) with AarTransform
Transforming emoji2-1.4.0.aar (androidx.emoji2:emoji2:1.4.0) with ExtractAarTransform
Transforming emoji2-1.4.0.aar (androidx.emoji2:emoji2:1.4.0) with AarTransform
Transforming coordinatorlayout-1.1.0.aar (androidx.coordinatorlayout:coordinatorlayout:1.1.0) with ExtractAarTransform
Transforming coordinatorlayout-1.1.0.aar (androidx.coordinatorlayout:coordinatorlayout:1.1.0) with AarTransform
Transforming drawerlayout-1.1.1.aar (androidx.drawerlayout:drawerlayout:1.1.1) with ExtractAarTransform
Transforming drawerlayout-1.1.1.aar (androidx.drawerlayout:drawerlayout:1.1.1) with AarTransform
Transforming vectordrawable-animated-1.1.0.aar (androidx.vectordrawable:vectordrawable-animated:1.1.0) with ExtractAarTransform
Transforming vectordrawable-animated-1.1.0.aar (androidx.vectordrawable:vectordrawable-animated:1.1.0) with AarTransform
Transforming vectordrawable-1.1.0.aar (androidx.vectordrawable:vectordrawable:1.1.0) with ExtractAarTransform
Transforming vectordrawable-1.1.0.aar (androidx.vectordrawable:vectordrawable:1.1.0) with AarTransform
Transforming vectordrawable-1.1.0.aar (androidx.vectordrawable:vectordrawable:1.1.0) with ExtractAarTransform
Transforming vectordrawable-1.1.0.aar (androidx.vectordrawable:vectordrawable:1.1.0) with AarTransform
Transforming recyclerview-1.1.0.aar (androidx.recyclerview:recyclerview:1.1.0) with ExtractAarTransform
Transforming recyclerview-1.1.0.aar (androidx.recyclerview:recyclerview:1.1.0) with AarTransform
Transforming recyclerview-1.1.0.aar (androidx.recyclerview:recyclerview:1.1.0) with ExtractAarTransform
Transforming recyclerview-1.1.0.aar (androidx.recyclerview:recyclerview:1.1.0) with AarTransform
Transforming viewpager-1.0.0.aar (androidx.viewpager:viewpager:1.0.0) with ExtractAarTransform
Transforming viewpager-1.0.0.aar (androidx.viewpager:viewpager:1.0.0) with AarTransform
Transforming customview-1.1.0.aar (androidx.customview:customview:1.1.0) with ExtractAarTransform
Transforming customview-1.1.0.aar (androidx.customview:customview:1.1.0) with AarTransform
Transforming customview-poolingcontainer-1.0.0.aar (androidx.customview:customview-poolingcontainer:1.0.0) with ExtractAarTransform
Transforming customview-poolingcontainer-1.0.0.aar (androidx.customview:customview-poolingcontainer:1.0.0) with AarTransform
Transforming core-ktx-1.16.0.aar (androidx.core:core-ktx:1.16.0) with ExtractAarTransform
Transforming core-ktx-1.16.0.aar (androidx.core:core-ktx:1.16.0) with AarTransform
Transforming autofill-1.0.0.aar (androidx.autofill:autofill:1.0.0) with ExtractAarTransform
Transforming autofill-1.0.0.aar (androidx.autofill:autofill:1.0.0) with AarTransform
Transforming window-core.aar (androidx.window:window-core-android:1.5.0) with ExtractAarTransform
Transforming window-core.aar (androidx.window:window-core-android:1.5.0) with AarTransform
Transforming window-1.5.0.aar (androidx.window:window:1.5.0) with ExtractAarTransform
Transforming window-1.5.0.aar (androidx.window:window:1.5.0) with AarTransform
Transforming graphics-path-1.0.1.aar (androidx.graphics:graphics-path:1.0.1) with ExtractAarTransform
Transforming graphics-path-1.0.1.aar (androidx.graphics:graphics-path:1.0.1) with AarTransform
Transforming core-1.16.0.aar (androidx.core:core:1.16.0) with ExtractAarTransform
Transforming core-1.16.0.aar (androidx.core:core:1.16.0) with AarTransform
Transforming core-1.16.0.aar (androidx.core:core:1.16.0) with ExtractAarTransform
Transforming core-1.16.0.aar (androidx.core:core:1.16.0) with AarTransform
Transforming lifecycle-viewmodel-2.9.4.aar (androidx.lifecycle:lifecycle-viewmodel:2.9.4) with ExtractAarTransform
Transforming lifecycle-viewmodel-2.9.4.aar (androidx.lifecycle:lifecycle-viewmodel:2.9.4) with AarTransform
Transforming lifecycle-viewmodel-release.aar (androidx.lifecycle:lifecycle-viewmodel-android:2.9.4) with ExtractAarTransform
Transforming lifecycle-viewmodel-release.aar (androidx.lifecycle:lifecycle-viewmodel-android:2.9.4) with AarTransform
Transforming lifecycle-runtime-ktx.aar (androidx.lifecycle:lifecycle-runtime-ktx-android:2.9.4) with ExtractAarTransform
Transforming lifecycle-runtime-ktx.aar (androidx.lifecycle:lifecycle-runtime-ktx-android:2.9.4) with AarTransform
Transforming lifecycle-runtime-release.aar (androidx.lifecycle:lifecycle-runtime-android:2.9.4) with ExtractAarTransform
Transforming lifecycle-runtime-release.aar (androidx.lifecycle:lifecycle-runtime-android:2.9.4) with AarTransform
Transforming lifecycle-viewmodel-ktx-2.9.4.aar (androidx.lifecycle:lifecycle-viewmodel-ktx:2.9.4) with ExtractAarTransform
Transforming lifecycle-viewmodel-ktx-2.9.4.aar (androidx.lifecycle:lifecycle-viewmodel-ktx:2.9.4) with AarTransform
Transforming lifecycle-process-2.9.4.aar (androidx.lifecycle:lifecycle-process:2.9.4) with ExtractAarTransform
Transforming lifecycle-process-2.9.4.aar (androidx.lifecycle:lifecycle-process:2.9.4) with AarTransform
Transforming lifecycle-livedata-core-ktx-2.9.4.aar (androidx.lifecycle:lifecycle-livedata-core-ktx:2.9.4) with ExtractAarTransform
Transforming lifecycle-livedata-core-ktx-2.9.4.aar (androidx.lifecycle:lifecycle-livedata-core-ktx:2.9.4) with AarTransform
Transforming lifecycle-livedata-core-2.9.4.aar (androidx.lifecycle:lifecycle-livedata-core:2.9.4) with ExtractAarTransform
Transforming lifecycle-livedata-core-2.9.4.aar (androidx.lifecycle:lifecycle-livedata-core:2.9.4) with AarTransform
Transforming lifecycle-livedata-2.9.4.aar (androidx.lifecycle:lifecycle-livedata:2.9.4) with ExtractAarTransform
Transforming lifecycle-livedata-2.9.4.aar (androidx.lifecycle:lifecycle-livedata:2.9.4) with AarTransform
Transforming lifecycle-viewmodel-savedstate-release.aar (androidx.lifecycle:lifecycle-viewmodel-savedstate-android:2.9.4) with ExtractAarTransform
Transforming lifecycle-viewmodel-savedstate-release.aar (androidx.lifecycle:lifecycle-viewmodel-savedstate-android:2.9.4) with AarTransform
Transforming savedstate-release.aar (androidx.savedstate:savedstate-android:1.3.2) with ExtractAarTransform
Transforming savedstate-release.aar (androidx.savedstate:savedstate-android:1.3.2) with AarTransform
Transforming savedstate-ktx-1.3.2.aar (androidx.savedstate:savedstate-ktx:1.3.2) with ExtractAarTransform
Transforming savedstate-ktx-1.3.2.aar (androidx.savedstate:savedstate-ktx:1.3.2) with AarTransform
Transforming savedstate-compose.aar (androidx.savedstate:savedstate-compose-android:1.3.2) with ExtractAarTransform
Transforming savedstate-compose.aar (androidx.savedstate:savedstate-compose-android:1.3.2) with AarTransform
Transforming runtime.aar (androidx.compose.runtime:runtime-android:1.10.0) with ExtractAarTransform
Transforming runtime.aar (androidx.compose.runtime:runtime-android:1.10.0) with AarTransform
Transforming runtime-saveable.aar (androidx.compose.runtime:runtime-saveable-android:1.10.0) with ExtractAarTransform
Transforming runtime-saveable.aar (androidx.compose.runtime:runtime-saveable-android:1.10.0) with AarTransform
Transforming lifecycle-runtime-compose-release.aar (androidx.lifecycle:lifecycle-runtime-compose-android:2.9.4) with ExtractAarTransform
Transforming lifecycle-runtime-compose-release.aar (androidx.lifecycle:lifecycle-runtime-compose-android:2.9.4) with AarTransform
Transforming lifecycle-viewmodel-compose-release.aar (androidx.lifecycle:lifecycle-viewmodel-compose-android:2.9.4) with ExtractAarTransform
Transforming lifecycle-viewmodel-compose-release.aar (androidx.lifecycle:lifecycle-viewmodel-compose-android:2.9.4) with AarTransform
Transforming ui.aar (androidx.compose.ui:ui-android:1.10.0) with ExtractAarTransform
Transforming ui.aar (androidx.compose.ui:ui-android:1.10.0) with AarTransform
Transforming ui-tooling.aar (androidx.compose.ui:ui-tooling-android:1.10.0) with ExtractAarTransform
Transforming ui-tooling.aar (androidx.compose.ui:ui-tooling-android:1.10.0) with AarTransform
Transforming material-release.aar (androidx.compose.material:material-android:1.7.0) with ExtractAarTransform
Transforming material-release.aar (androidx.compose.material:material-android:1.7.0) with AarTransform
Transforming animation-core.aar (androidx.compose.animation:animation-core-android:1.10.0) with ExtractAarTransform
Transforming animation-core.aar (androidx.compose.animation:animation-core-android:1.10.0) with AarTransform
Transforming animation.aar (androidx.compose.animation:animation-android:1.10.0) with ExtractAarTransform
Transforming animation.aar (androidx.compose.animation:animation-android:1.10.0) with AarTransform
Transforming foundation-layout.aar (androidx.compose.foundation:foundation-layout-android:1.10.0) with ExtractAarTransform
Transforming foundation-layout.aar (androidx.compose.foundation:foundation-layout-android:1.10.0) with AarTransform
Transforming annotation-experimental-1.5.0.aar (androidx.annotation:annotation-experimental:1.5.0) with ExtractAarTransform
Transforming annotation-experimental-1.5.0.aar (androidx.annotation:annotation-experimental:1.5.0) with AarTransform
Transforming filament-utils-android-1.66.0.aar (com.google.android.filament:filament-utils-android:1.66.0) with ExtractAarTransform
Transforming filament-utils-android-1.66.0.aar (com.google.android.filament:filament-utils-android:1.66.0) with AarTransform
Transforming cardview-1.0.0.aar (androidx.cardview:cardview:1.0.0) with ExtractAarTransform
Transforming cardview-1.0.0.aar (androidx.cardview:cardview:1.0.0) with AarTransform
Transforming mmkv-1.3.14.aar (com.tencent:mmkv:1.3.14) with ExtractAarTransform
Transforming mmkv-1.3.14.aar (com.tencent:mmkv:1.3.14) with AarTransform
Transforming gltfio-android-1.66.0.aar (com.google.android.filament:gltfio-android:1.66.0) with ExtractAarTransform
Transforming gltfio-android-1.66.0.aar (com.google.android.filament:gltfio-android:1.66.0) with AarTransform
Transforming filament-android-1.66.0.aar (com.google.android.filament:filament-android:1.66.0) with ExtractAarTransform
Transforming filament-android-1.66.0.aar (com.google.android.filament:filament-android:1.66.0) with AarTransform
Transforming core-runtime-2.2.0.aar (androidx.arch.core:core-runtime:2.2.0) with ExtractAarTransform
Transforming core-runtime-2.2.0.aar (androidx.arch.core:core-runtime:2.2.0) with AarTransform
Transforming cursoradapter-1.0.0.aar (androidx.cursoradapter:cursoradapter:1.0.0) with ExtractAarTransform
Transforming cursoradapter-1.0.0.aar (androidx.cursoradapter:cursoradapter:1.0.0) with AarTransform
Transforming firebase-components-17.1.0.aar (com.google.firebase:firebase-components:17.1.0) with ExtractAarTransform
Transforming firebase-components-17.1.0.aar (com.google.firebase:firebase-components:17.1.0) with AarTransform
Transforming transport-backend-cct-3.1.8.aar (com.google.android.datatransport:transport-backend-cct:3.1.8) with ExtractAarTransform
Transforming transport-backend-cct-3.1.8.aar (com.google.android.datatransport:transport-backend-cct:3.1.8) with AarTransform
Transforming transport-runtime-3.1.8.aar (com.google.android.datatransport:transport-runtime:3.1.8) with ExtractAarTransform
Transforming transport-runtime-3.1.8.aar (com.google.android.datatransport:transport-runtime:3.1.8) with AarTransform
Transforming transport-api-3.0.0.aar (com.google.android.datatransport:transport-api:3.0.0) with ExtractAarTransform
Transforming transport-api-3.0.0.aar (com.google.android.datatransport:transport-api:3.0.0) with AarTransform
Transforming firebase-encoders-json-18.0.0.aar (com.google.firebase:firebase-encoders-json:18.0.0) with ExtractAarTransform
Transforming firebase-encoders-json-18.0.0.aar (com.google.firebase:firebase-encoders-json:18.0.0) with AarTransform
Transforming versionedparcelable-1.1.1.aar (androidx.versionedparcelable:versionedparcelable:1.1.1) with ExtractAarTransform
Transforming versionedparcelable-1.1.1.aar (androidx.versionedparcelable:versionedparcelable:1.1.1) with AarTransform
Transforming sqlite-framework.aar (androidx.sqlite:sqlite-framework-android:2.6.1) with ExtractAarTransform
Transforming sqlite-framework.aar (androidx.sqlite:sqlite-framework-android:2.6.1) with AarTransform
Transforming sqlite.aar (androidx.sqlite:sqlite-android:2.6.1) with ExtractAarTransform
Transforming sqlite.aar (androidx.sqlite:sqlite-android:2.6.1) with AarTransform
Transforming profileinstaller-1.4.0.aar (androidx.profileinstaller:profileinstaller:1.4.0) with ExtractAarTransform
Transforming profileinstaller-1.4.0.aar (androidx.profileinstaller:profileinstaller:1.4.0) with AarTransform
Transforming startup-runtime-1.1.1.aar (androidx.startup:startup-runtime:1.1.1) with ExtractAarTransform
Transforming startup-runtime-1.1.1.aar (androidx.startup:startup-runtime:1.1.1) with AarTransform
Transforming tracing-1.2.0.aar (androidx.tracing:tracing:1.2.0) with ExtractAarTransform
Transforming tracing-1.2.0.aar (androidx.tracing:tracing:1.2.0) with AarTransform
Transforming interpolator-1.0.0.aar (androidx.interpolator:interpolator:1.0.0) with ExtractAarTransform
Transforming interpolator-1.0.0.aar (androidx.interpolator:interpolator:1.0.0) with AarTransform
Transforming interpolator-1.0.0.aar (androidx.interpolator:interpolator:1.0.0) with ExtractAarTransform
Transforming interpolator-1.0.0.aar (androidx.interpolator:interpolator:1.0.0) with AarTransform
Transforming exifinterface-1.3.7.aar (androidx.exifinterface:exifinterface:1.3.7) with ExtractAarTransform
Transforming exifinterface-1.3.7.aar (androidx.exifinterface:exifinterface:1.3.7) with AarTransform
Transforming documentfile-1.0.0.aar (androidx.documentfile:documentfile:1.0.0) with ExtractAarTransform
Transforming documentfile-1.0.0.aar (androidx.documentfile:documentfile:1.0.0) with AarTransform
Transforming localbroadcastmanager-1.0.0.aar (androidx.localbroadcastmanager:localbroadcastmanager:1.0.0) with ExtractAarTransform
Transforming localbroadcastmanager-1.0.0.aar (androidx.localbroadcastmanager:localbroadcastmanager:1.0.0) with AarTransform
Transforming print-1.0.0.aar (androidx.print:print:1.0.0) with ExtractAarTransform
Transforming print-1.0.0.aar (androidx.print:print:1.0.0) with AarTransform
Transforming gifdecoder-4.14.2.aar (com.github.bumptech.glide:gifdecoder:4.14.2) with ExtractAarTransform
Transforming gifdecoder-4.14.2.aar (com.github.bumptech.glide:gifdecoder:4.14.2) with AarTransform
Transforming viewbinding-7.2.2.aar (androidx.databinding:viewbinding:7.2.2) with ExtractAarTransform
Transforming viewbinding-7.2.2.aar (androidx.databinding:viewbinding:7.2.2) with AarTransform
Transforming core-viewtree-1.0.0.aar (androidx.core:core-viewtree:1.0.0) with ExtractAarTransform
Transforming core-viewtree-1.0.0.aar (androidx.core:core-viewtree:1.0.0) with AarTransform
Transforming timber-4.7.1.aar (com.jakewharton.timber:timber:4.7.1) with ExtractAarTransform
Transforming timber-4.7.1.aar (com.jakewharton.timber:timber:4.7.1) with AarTransform
Transforming zpns-fcm-2.8.0.aar (im.zego:zpns-fcm:2.8.0) with ExtractAarTransform
Transforming zpns-fcm-2.8.0.aar (im.zego:zpns-fcm:2.8.0) with AarTransform
Transforming express-video-3.23.0.aar (im.zego:express-video:3.23.0) with ExtractAarTransform
Transforming express-video-3.23.0.aar (im.zego:express-video:3.23.0) with AarTransform
Transforming uikitreport-0.5.1.aar (im.zego:uikitreport:0.5.1) with ExtractAarTransform
Transforming uikitreport-0.5.1.aar (im.zego:uikitreport:0.5.1) with AarTransform
Transforming zim-2.21.1.aar (im.zego:zim:2.21.1) with ExtractAarTransform
Transforming zim-2.21.1.aar (im.zego:zim:2.21.1) with AarTransform
Transforming zpns-2.8.0.aar (im.zego:zpns:2.8.0) with ExtractAarTransform
Transforming zpns-2.8.0.aar (im.zego:zpns:2.8.0) with AarTransform
Transforming xlog-1.10.1.aar (com.elvishew:xlog:1.10.1) with ExtractAarTransform
Transforming xlog-1.10.1.aar (com.elvishew:xlog:1.10.1) with AarTransform
Transforming room-runtime.aar (androidx.room:room-runtime-android:2.8.2) with ExtractAarTransform
Transforming room-runtime.aar (androidx.room:room-runtime-android:2.8.2) with AarTransform
Transforming room-ktx-2.8.2.aar (androidx.room:room-ktx:2.8.2) with ExtractAarTransform
Transforming room-ktx-2.8.2.aar (androidx.room:room-ktx:2.8.2) with AarTransform
Transforming core-splashscreen-1.0.1.aar (androidx.core:core-splashscreen:1.0.1) with ExtractAarTransform
Transforming core-splashscreen-1.0.1.aar (androidx.core:core-splashscreen:1.0.1) with AarTransform
Transforming navigation-common-2.7.0.aar (androidx.navigation:navigation-common:2.7.0) with ExtractAarTransform
Transforming navigation-common-2.7.0.aar (androidx.navigation:navigation-common:2.7.0) with AarTransform
Transforming navigation-runtime-2.7.0.aar (androidx.navigation:navigation-runtime:2.7.0) with ExtractAarTransform
Transforming navigation-runtime-2.7.0.aar (androidx.navigation:navigation-runtime:2.7.0) with AarTransform
Transforming navigation-common-ktx-2.7.0.aar (androidx.navigation:navigation-common-ktx:2.7.0) with ExtractAarTransform
Transforming navigation-common-ktx-2.7.0.aar (androidx.navigation:navigation-common-ktx:2.7.0) with AarTransform
Transforming navigation-runtime-ktx-2.7.0.aar (androidx.navigation:navigation-runtime-ktx:2.7.0) with ExtractAarTransform
Transforming navigation-runtime-ktx-2.7.0.aar (androidx.navigation:navigation-runtime-ktx:2.7.0) with AarTransform
Transforming navigation-compose-2.7.0.aar (androidx.navigation:navigation-compose:2.7.0) with ExtractAarTransform
Transforming navigation-compose-2.7.0.aar (androidx.navigation:navigation-compose:2.7.0) with AarTransform
Transforming coil-compose-2.7.0.aar (io.coil-kt:coil-compose:2.7.0) with ExtractAarTransform
Transforming coil-compose-2.7.0.aar (io.coil-kt:coil-compose:2.7.0) with AarTransform
Transforming zego_uikit_prebuilt_call_android-3.9.10.aar (com.github.ZEGOCLOUD:zego_uikit_prebuilt_call_android:3.9.10) with ExtractAarTransform
Transforming zego_uikit_prebuilt_call_android-3.9.10.aar (com.github.ZEGOCLOUD:zego_uikit_prebuilt_call_android:3.9.10) with AarTransform
Transforming sceneview-2.3.1.aar (io.github.sceneview:sceneview:2.3.1) with ExtractAarTransform
Transforming sceneview-2.3.1.aar (io.github.sceneview:sceneview:2.3.1) with AarTransform
Transforming material3-release.aar (androidx.compose.material3:material3-android:1.3.0) with ExtractAarTransform
Transforming material3-release.aar (androidx.compose.material3:material3-android:1.3.0) with AarTransform
Transforming coil-compose-base-2.7.0.aar (io.coil-kt:coil-compose-base:2.7.0) with ExtractAarTransform
Transforming coil-compose-base-2.7.0.aar (io.coil-kt:coil-compose-base:2.7.0) with AarTransform
Transforming accompanist-drawablepainter-0.32.0.aar (com.google.accompanist:accompanist-drawablepainter:0.32.0) with ExtractAarTransform
Transforming accompanist-drawablepainter-0.32.0.aar (com.google.accompanist:accompanist-drawablepainter:0.32.0) with AarTransform
Transforming zego_uikit_android-3.6.5.aar (com.github.ZEGOCLOUD:zego_uikit_android:3.6.5) with ExtractAarTransform
Transforming zego_uikit_android-3.6.5.aar (com.github.ZEGOCLOUD:zego_uikit_android:3.6.5) with AarTransform
Transforming material-1.11.0.aar (com.google.android.material:material:1.11.0) with ExtractAarTransform
Transforming material-1.11.0.aar (com.google.android.material:material:1.11.0) with AarTransform
Transforming constraintlayout-2.1.4.aar (androidx.constraintlayout:constraintlayout:2.1.4) with ExtractAarTransform
Transforming constraintlayout-2.1.4.aar (androidx.constraintlayout:constraintlayout:2.1.4) with AarTransform
Transforming coil-2.7.0.aar (io.coil-kt:coil:2.7.0) with ExtractAarTransform
Transforming coil-2.7.0.aar (io.coil-kt:coil:2.7.0) with AarTransform
Transforming coil-base-2.7.0.aar (io.coil-kt:coil-base:2.7.0) with ExtractAarTransform
Transforming coil-base-2.7.0.aar (io.coil-kt:coil-base:2.7.0) with AarTransform
Transforming appcompat-resources-1.6.1.aar (androidx.appcompat:appcompat-resources:1.6.1) with ExtractAarTransform
Transforming appcompat-resources-1.6.1.aar (androidx.appcompat:appcompat-resources:1.6.1) with AarTransform
Transforming zego_uikit_signaling_plugin_android-3.0.2.aar (com.github.ZEGOCLOUD:zego_uikit_signaling_plugin_android:3.0.2) with ExtractAarTransform
Transforming zego_uikit_signaling_plugin_android-3.0.2.aar (com.github.ZEGOCLOUD:zego_uikit_signaling_plugin_android:3.0.2) with AarTransform
Transforming zego_uikit_plugin_adapter_android-3.0.4.aar (com.github.ZEGOCLOUD:zego_uikit_plugin_adapter_android:3.0.4) with ExtractAarTransform
Transforming zego_uikit_plugin_adapter_android-3.0.4.aar (com.github.ZEGOCLOUD:zego_uikit_plugin_adapter_android:3.0.4) with AarTransform
Transforming permissionx-1.7.1.aar (com.guolindev.permissionx:permissionx:1.7.1) with ExtractAarTransform
Transforming permissionx-1.7.1.aar (com.guolindev.permissionx:permissionx:1.7.1) with AarTransform
Transforming appcompat-1.6.1.aar (androidx.appcompat:appcompat:1.6.1) with ExtractAarTransform
Transforming appcompat-1.6.1.aar (androidx.appcompat:appcompat:1.6.1) with AarTransform
Transforming viewpager2-1.0.0.aar (androidx.viewpager2:viewpager2:1.0.0) with ExtractAarTransform
Transforming viewpager2-1.0.0.aar (androidx.viewpager2:viewpager2:1.0.0) with AarTransform
Transforming glide-4.14.2.aar (com.github.bumptech.glide:glide:4.14.2) with ExtractAarTransform
Transforming glide-4.14.2.aar (com.github.bumptech.glide:glide:4.14.2) with AarTransform
Transforming firebase-messaging-23.2.1.aar (com.google.firebase:firebase-messaging:23.2.1) with ExtractAarTransform
Transforming firebase-messaging-23.2.1.aar (com.google.firebase:firebase-messaging:23.2.1) with AarTransform
Transforming firebase-datatransport-18.1.7.aar (com.google.firebase:firebase-datatransport:18.1.7) with ExtractAarTransform
Transforming firebase-datatransport-18.1.7.aar (com.google.firebase:firebase-datatransport:18.1.7) with AarTransform
Transforming firebase-installations-17.1.3.aar (com.google.firebase:firebase-installations:17.1.3) with ExtractAarTransform
Transforming firebase-installations-17.1.3.aar (com.google.firebase:firebase-installations:17.1.3) with AarTransform
Transforming firebase-common-20.3.1.aar (com.google.firebase:firebase-common:20.3.1) with ExtractAarTransform
Transforming firebase-common-20.3.1.aar (com.google.firebase:firebase-common:20.3.1) with AarTransform
Transforming play-services-base-18.0.1.aar (com.google.android.gms:play-services-base:18.0.1) with ExtractAarTransform
Transforming play-services-base-18.0.1.aar (com.google.android.gms:play-services-base:18.0.1) with AarTransform
Transforming play-services-stats-17.0.2.aar (com.google.android.gms:play-services-stats:17.0.2) with ExtractAarTransform
Transforming play-services-stats-17.0.2.aar (com.google.android.gms:play-services-stats:17.0.2) with AarTransform
Transforming firebase-measurement-connector-19.0.0.aar (com.google.firebase:firebase-measurement-connector:19.0.0) with ExtractAarTransform
Transforming firebase-measurement-connector-19.0.0.aar (com.google.firebase:firebase-measurement-connector:19.0.0) with AarTransform
Transforming firebase-iid-interop-17.1.0.aar (com.google.firebase:firebase-iid-interop:17.1.0) with ExtractAarTransform
Transforming firebase-iid-interop-17.1.0.aar (com.google.firebase:firebase-iid-interop:17.1.0) with AarTransform
Transforming play-services-cloud-messaging-17.0.1.aar (com.google.android.gms:play-services-cloud-messaging:17.0.1) with ExtractAarTransform
Transforming play-services-cloud-messaging-17.0.1.aar (com.google.android.gms:play-services-cloud-messaging:17.0.1) with AarTransform
Transforming firebase-installations-interop-17.1.0.aar (com.google.firebase:firebase-installations-interop:17.1.0) with ExtractAarTransform
Transforming firebase-installations-interop-17.1.0.aar (com.google.firebase:firebase-installations-interop:17.1.0) with AarTransform
Transforming play-services-tasks-18.0.2.aar (com.google.android.gms:play-services-tasks:18.0.2) with ExtractAarTransform
Transforming play-services-tasks-18.0.2.aar (com.google.android.gms:play-services-tasks:18.0.2) with AarTransform
Transforming play-services-basement-18.1.0.aar (com.google.android.gms:play-services-basement:18.1.0) with ExtractAarTransform
Transforming play-services-basement-18.1.0.aar (com.google.android.gms:play-services-basement:18.1.0) with AarTransform
Transforming fragment-1.8.9.aar (androidx.fragment:fragment:1.8.9) with ExtractAarTransform
Transforming fragment-1.8.9.aar (androidx.fragment:fragment:1.8.9) with AarTransform
Transforming fragment-1.8.9.aar (androidx.fragment:fragment:1.8.9) with ExtractAarTransform
Transforming fragment-1.8.9.aar (androidx.fragment:fragment:1.8.9) with AarTransform
Transforming fragment-ktx-1.8.9.aar (androidx.fragment:fragment-ktx:1.8.9) with ExtractAarTransform
Transforming fragment-ktx-1.8.9.aar (androidx.fragment:fragment-ktx:1.8.9) with AarTransform
Transforming material-ripple-release.aar (androidx.compose.material:material-ripple-android:1.7.0) with ExtractAarTransform
Transforming material-ripple-release.aar (androidx.compose.material:material-ripple-android:1.7.0) with AarTransform
Transforming foundation.aar (androidx.compose.foundation:foundation-android:1.10.0) with ExtractAarTransform
Transforming foundation.aar (androidx.compose.foundation:foundation-android:1.10.0) with AarTransform
Transforming ui-tooling-data.aar (androidx.compose.ui:ui-tooling-data-android:1.10.0) with ExtractAarTransform
Transforming ui-tooling-data.aar (androidx.compose.ui:ui-tooling-data-android:1.10.0) with AarTransform
Transforming ui-tooling-preview.aar (androidx.compose.ui:ui-tooling-preview-android:1.10.0) with ExtractAarTransform
Transforming ui-tooling-preview.aar (androidx.compose.ui:ui-tooling-preview-android:1.10.0) with AarTransform
Transforming ui-text.aar (androidx.compose.ui:ui-text-android:1.10.0) with ExtractAarTransform
Transforming ui-text.aar (androidx.compose.ui:ui-text-android:1.10.0) with AarTransform
Transforming ui-geometry.aar (androidx.compose.ui:ui-geometry-android:1.10.0) with ExtractAarTransform
Transforming ui-geometry.aar (androidx.compose.ui:ui-geometry-android:1.10.0) with AarTransform
Transforming ui-graphics.aar (androidx.compose.ui:ui-graphics-android:1.10.0) with ExtractAarTransform
Transforming ui-graphics.aar (androidx.compose.ui:ui-graphics-android:1.10.0) with AarTransform
Transforming ui-unit.aar (androidx.compose.ui:ui-unit-android:1.10.0) with ExtractAarTransform
Transforming ui-unit.aar (androidx.compose.ui:ui-unit-android:1.10.0) with AarTransform
Transforming ui-util.aar (androidx.compose.ui:ui-util-android:1.10.0) with ExtractAarTransform
Transforming ui-util.aar (androidx.compose.ui:ui-util-android:1.10.0) with AarTransform
Transforming ui-test-manifest-1.10.0.aar (androidx.compose.ui:ui-test-manifest:1.10.0) with ExtractAarTransform
Transforming ui-test-manifest-1.10.0.aar (androidx.compose.ui:ui-test-manifest:1.10.0) with AarTransform
Transforming activity-1.8.2.aar (androidx.activity:activity:1.8.2) with ExtractAarTransform
Transforming activity-1.8.2.aar (androidx.activity:activity:1.8.2) with AarTransform
Transforming activity-ktx-1.8.2.aar (androidx.activity:activity-ktx:1.8.2) with ExtractAarTransform
Transforming activity-ktx-1.8.2.aar (androidx.activity:activity-ktx:1.8.2) with AarTransform
Transforming activity-compose-1.8.2.aar (androidx.activity:activity-compose:1.8.2) with ExtractAarTransform
Transforming activity-compose-1.8.2.aar (androidx.activity:activity-compose:1.8.2) with AarTransform
Transforming material-icons-extended-release.aar (androidx.compose.material:material-icons-extended-android:1.7.0) with ExtractAarTransform
Transforming material-icons-extended-release.aar (androidx.compose.material:material-icons-extended-android:1.7.0) with AarTransform
Transforming material-icons-core-release.aar (androidx.compose.material:material-icons-core-android:1.7.0) with ExtractAarTransform
Transforming material-icons-core-release.aar (androidx.compose.material:material-icons-core-android:1.7.0) with AarTransform
Transforming runtime-retain.aar (androidx.compose.runtime:runtime-retain-android:1.10.0) with ExtractAarTransform
Transforming runtime-retain.aar (androidx.compose.runtime:runtime-retain-android:1.10.0) with AarTransform
Transforming runtime-annotation.aar (androidx.compose.runtime:runtime-annotation-android:1.10.0) with ExtractAarTransform
Transforming runtime-annotation.aar (androidx.compose.runtime:runtime-annotation-android:1.10.0) with AarTransform
Transforming transition-1.6.0.aar (androidx.transition:transition:1.6.0) with ExtractAarTransform
Transforming transition-1.6.0.aar (androidx.transition:transition:1.6.0) with AarTransform
Transforming dynamicanimation-1.0.0.aar (androidx.dynamicanimation:dynamicanimation:1.0.0) with ExtractAarTransform
Transforming dynamicanimation-1.0.0.aar (androidx.dynamicanimation:dynamicanimation:1.0.0) with AarTransform
Transforming legacy-support-core-utils-1.0.0.aar (androidx.legacy:legacy-support-core-utils:1.0.0) with ExtractAarTransform
Transforming legacy-support-core-utils-1.0.0.aar (androidx.legacy:legacy-support-core-utils:1.0.0) with AarTransform
Transforming loader-1.0.0.aar (androidx.loader:loader:1.0.0) with ExtractAarTransform
Transforming loader-1.0.0.aar (androidx.loader:loader:1.0.0) with AarTransform
Transforming loader-1.0.0.aar (androidx.loader:loader:1.0.0) with ExtractAarTransform
Transforming loader-1.0.0.aar (androidx.loader:loader:1.0.0) with AarTransform
Transforming emoji2-views-helper-1.4.0.aar (androidx.emoji2:emoji2-views-helper:1.4.0) with ExtractAarTransform
Transforming emoji2-views-helper-1.4.0.aar (androidx.emoji2:emoji2-views-helper:1.4.0) with AarTransform
Transforming emoji2-1.4.0.aar (androidx.emoji2:emoji2:1.4.0) with ExtractAarTransform
Transforming emoji2-1.4.0.aar (androidx.emoji2:emoji2:1.4.0) with AarTransform
Transforming coordinatorlayout-1.1.0.aar (androidx.coordinatorlayout:coordinatorlayout:1.1.0) with ExtractAarTransform
Transforming coordinatorlayout-1.1.0.aar (androidx.coordinatorlayout:coordinatorlayout:1.1.0) with AarTransform
Transforming drawerlayout-1.1.1.aar (androidx.drawerlayout:drawerlayout:1.1.1) with ExtractAarTransform
Transforming drawerlayout-1.1.1.aar (androidx.drawerlayout:drawerlayout:1.1.1) with AarTransform
Transforming vectordrawable-animated-1.1.0.aar (androidx.vectordrawable:vectordrawable-animated:1.1.0) with ExtractAarTransform
Transforming vectordrawable-animated-1.1.0.aar (androidx.vectordrawable:vectordrawable-animated:1.1.0) with AarTransform
Transforming vectordrawable-1.1.0.aar (androidx.vectordrawable:vectordrawable:1.1.0) with ExtractAarTransform
Transforming vectordrawable-1.1.0.aar (androidx.vectordrawable:vectordrawable:1.1.0) with AarTransform
Transforming vectordrawable-1.1.0.aar (androidx.vectordrawable:vectordrawable:1.1.0) with ExtractAarTransform
Transforming vectordrawable-1.1.0.aar (androidx.vectordrawable:vectordrawable:1.1.0) with AarTransform
Transforming recyclerview-1.1.0.aar (androidx.recyclerview:recyclerview:1.1.0) with ExtractAarTransform
Transforming recyclerview-1.1.0.aar (androidx.recyclerview:recyclerview:1.1.0) with AarTransform
Transforming recyclerview-1.1.0.aar (androidx.recyclerview:recyclerview:1.1.0) with ExtractAarTransform
Transforming recyclerview-1.1.0.aar (androidx.recyclerview:recyclerview:1.1.0) with AarTransform
Transforming viewpager-1.0.0.aar (androidx.viewpager:viewpager:1.0.0) with ExtractAarTransform
Transforming viewpager-1.0.0.aar (androidx.viewpager:viewpager:1.0.0) with AarTransform
Transforming customview-1.1.0.aar (androidx.customview:customview:1.1.0) with ExtractAarTransform
Transforming customview-1.1.0.aar (androidx.customview:customview:1.1.0) with AarTransform
Transforming customview-poolingcontainer-1.0.0.aar (androidx.customview:customview-poolingcontainer:1.0.0) with ExtractAarTransform
Transforming customview-poolingcontainer-1.0.0.aar (androidx.customview:customview-poolingcontainer:1.0.0) with AarTransform
Transforming core-ktx-1.16.0.aar (androidx.core:core-ktx:1.16.0) with ExtractAarTransform
Transforming core-ktx-1.16.0.aar (androidx.core:core-ktx:1.16.0) with AarTransform
Transforming autofill-1.0.0.aar (androidx.autofill:autofill:1.0.0) with ExtractAarTransform
Transforming autofill-1.0.0.aar (androidx.autofill:autofill:1.0.0) with AarTransform
Transforming window-core.aar (androidx.window:window-core-android:1.5.0) with ExtractAarTransform
Transforming window-core.aar (androidx.window:window-core-android:1.5.0) with AarTransform
Transforming window-1.5.0.aar (androidx.window:window:1.5.0) with ExtractAarTransform
Transforming window-1.5.0.aar (androidx.window:window:1.5.0) with AarTransform
Transforming graphics-path-1.0.1.aar (androidx.graphics:graphics-path:1.0.1) with ExtractAarTransform
Transforming graphics-path-1.0.1.aar (androidx.graphics:graphics-path:1.0.1) with AarTransform
Transforming core-1.16.0.aar (androidx.core:core:1.16.0) with ExtractAarTransform
Transforming core-1.16.0.aar (androidx.core:core:1.16.0) with AarTransform
Transforming core-1.16.0.aar (androidx.core:core:1.16.0) with ExtractAarTransform
Transforming core-1.16.0.aar (androidx.core:core:1.16.0) with AarTransform
Transforming lifecycle-viewmodel-2.9.4.aar (androidx.lifecycle:lifecycle-viewmodel:2.9.4) with ExtractAarTransform
Transforming lifecycle-viewmodel-2.9.4.aar (androidx.lifecycle:lifecycle-viewmodel:2.9.4) with AarTransform
Transforming lifecycle-viewmodel-release.aar (androidx.lifecycle:lifecycle-viewmodel-android:2.9.4) with ExtractAarTransform
Transforming lifecycle-viewmodel-release.aar (androidx.lifecycle:lifecycle-viewmodel-android:2.9.4) with AarTransform
Transforming lifecycle-runtime-ktx.aar (androidx.lifecycle:lifecycle-runtime-ktx-android:2.9.4) with ExtractAarTransform
Transforming lifecycle-runtime-ktx.aar (androidx.lifecycle:lifecycle-runtime-ktx-android:2.9.4) with AarTransform
Transforming lifecycle-runtime-release.aar (androidx.lifecycle:lifecycle-runtime-android:2.9.4) with ExtractAarTransform
Transforming lifecycle-runtime-release.aar (androidx.lifecycle:lifecycle-runtime-android:2.9.4) with AarTransform
Transforming lifecycle-viewmodel-ktx-2.9.4.aar (androidx.lifecycle:lifecycle-viewmodel-ktx:2.9.4) with ExtractAarTransform
Transforming lifecycle-viewmodel-ktx-2.9.4.aar (androidx.lifecycle:lifecycle-viewmodel-ktx:2.9.4) with AarTransform
Transforming lifecycle-process-2.9.4.aar (androidx.lifecycle:lifecycle-process:2.9.4) with ExtractAarTransform
Transforming lifecycle-process-2.9.4.aar (androidx.lifecycle:lifecycle-process:2.9.4) with AarTransform
Transforming lifecycle-livedata-core-ktx-2.9.4.aar (androidx.lifecycle:lifecycle-livedata-core-ktx:2.9.4) with ExtractAarTransform
Transforming lifecycle-livedata-core-ktx-2.9.4.aar (androidx.lifecycle:lifecycle-livedata-core-ktx:2.9.4) with AarTransform
Transforming lifecycle-livedata-core-2.9.4.aar (androidx.lifecycle:lifecycle-livedata-core:2.9.4) with ExtractAarTransform
Transforming lifecycle-livedata-core-2.9.4.aar (androidx.lifecycle:lifecycle-livedata-core:2.9.4) with AarTransform
Transforming lifecycle-livedata-2.9.4.aar (androidx.lifecycle:lifecycle-livedata:2.9.4) with ExtractAarTransform
Transforming lifecycle-livedata-2.9.4.aar (androidx.lifecycle:lifecycle-livedata:2.9.4) with AarTransform
Transforming lifecycle-viewmodel-savedstate-release.aar (androidx.lifecycle:lifecycle-viewmodel-savedstate-android:2.9.4) with ExtractAarTransform
Transforming lifecycle-viewmodel-savedstate-release.aar (androidx.lifecycle:lifecycle-viewmodel-savedstate-android:2.9.4) with AarTransform
Transforming savedstate-release.aar (androidx.savedstate:savedstate-android:1.3.2) with ExtractAarTransform
Transforming savedstate-release.aar (androidx.savedstate:savedstate-android:1.3.2) with AarTransform
Transforming savedstate-ktx-1.3.2.aar (androidx.savedstate:savedstate-ktx:1.3.2) with ExtractAarTransform
Transforming savedstate-ktx-1.3.2.aar (androidx.savedstate:savedstate-ktx:1.3.2) with AarTransform
Transforming savedstate-compose.aar (androidx.savedstate:savedstate-compose-android:1.3.2) with ExtractAarTransform
Transforming savedstate-compose.aar (androidx.savedstate:savedstate-compose-android:1.3.2) with AarTransform
Transforming runtime.aar (androidx.compose.runtime:runtime-android:1.10.0) with ExtractAarTransform
Transforming runtime.aar (androidx.compose.runtime:runtime-android:1.10.0) with AarTransform
Transforming runtime-saveable.aar (androidx.compose.runtime:runtime-saveable-android:1.10.0) with ExtractAarTransform
Transforming runtime-saveable.aar (androidx.compose.runtime:runtime-saveable-android:1.10.0) with AarTransform
Transforming lifecycle-runtime-compose-release.aar (androidx.lifecycle:lifecycle-runtime-compose-android:2.9.4) with ExtractAarTransform
Transforming lifecycle-runtime-compose-release.aar (androidx.lifecycle:lifecycle-runtime-compose-android:2.9.4) with AarTransform
Transforming lifecycle-viewmodel-compose-release.aar (androidx.lifecycle:lifecycle-viewmodel-compose-android:2.9.4) with ExtractAarTransform
Transforming lifecycle-viewmodel-compose-release.aar (androidx.lifecycle:lifecycle-viewmodel-compose-android:2.9.4) with AarTransform
Transforming ui.aar (androidx.compose.ui:ui-android:1.10.0) with ExtractAarTransform
Transforming ui.aar (androidx.compose.ui:ui-android:1.10.0) with AarTransform
Transforming ui-tooling.aar (androidx.compose.ui:ui-tooling-android:1.10.0) with ExtractAarTransform
Transforming ui-tooling.aar (androidx.compose.ui:ui-tooling-android:1.10.0) with AarTransform
Transforming material-release.aar (androidx.compose.material:material-android:1.7.0) with ExtractAarTransform
Transforming material-release.aar (androidx.compose.material:material-android:1.7.0) with AarTransform
Transforming animation-core.aar (androidx.compose.animation:animation-core-android:1.10.0) with ExtractAarTransform
Transforming animation-core.aar (androidx.compose.animation:animation-core-android:1.10.0) with AarTransform
Transforming animation.aar (androidx.compose.animation:animation-android:1.10.0) with ExtractAarTransform
Transforming animation.aar (androidx.compose.animation:animation-android:1.10.0) with AarTransform
Transforming foundation-layout.aar (androidx.compose.foundation:foundation-layout-android:1.10.0) with ExtractAarTransform
Transforming foundation-layout.aar (androidx.compose.foundation:foundation-layout-android:1.10.0) with AarTransform
Transforming annotation-experimental-1.5.0.aar (androidx.annotation:annotation-experimental:1.5.0) with ExtractAarTransform
Transforming annotation-experimental-1.5.0.aar (androidx.annotation:annotation-experimental:1.5.0) with AarTransform
Transforming filament-utils-android-1.66.0.aar (com.google.android.filament:filament-utils-android:1.66.0) with ExtractAarTransform
Transforming filament-utils-android-1.66.0.aar (com.google.android.filament:filament-utils-android:1.66.0) with AarTransform
Transforming cardview-1.0.0.aar (androidx.cardview:cardview:1.0.0) with ExtractAarTransform
Transforming cardview-1.0.0.aar (androidx.cardview:cardview:1.0.0) with AarTransform
Transforming mmkv-1.3.14.aar (com.tencent:mmkv:1.3.14) with ExtractAarTransform
Transforming mmkv-1.3.14.aar (com.tencent:mmkv:1.3.14) with AarTransform
Transforming gltfio-android-1.66.0.aar (com.google.android.filament:gltfio-android:1.66.0) with ExtractAarTransform
Transforming gltfio-android-1.66.0.aar (com.google.android.filament:gltfio-android:1.66.0) with AarTransform
Transforming filament-android-1.66.0.aar (com.google.android.filament:filament-android:1.66.0) with ExtractAarTransform
Transforming filament-android-1.66.0.aar (com.google.android.filament:filament-android:1.66.0) with AarTransform
Transforming core-runtime-2.2.0.aar (androidx.arch.core:core-runtime:2.2.0) with ExtractAarTransform
Transforming core-runtime-2.2.0.aar (androidx.arch.core:core-runtime:2.2.0) with AarTransform
Transforming cursoradapter-1.0.0.aar (androidx.cursoradapter:cursoradapter:1.0.0) with ExtractAarTransform
Transforming cursoradapter-1.0.0.aar (androidx.cursoradapter:cursoradapter:1.0.0) with AarTransform
Transforming firebase-components-17.1.0.aar (com.google.firebase:firebase-components:17.1.0) with ExtractAarTransform
Transforming firebase-components-17.1.0.aar (com.google.firebase:firebase-components:17.1.0) with AarTransform
Transforming transport-backend-cct-3.1.8.aar (com.google.android.datatransport:transport-backend-cct:3.1.8) with ExtractAarTransform
Transforming transport-backend-cct-3.1.8.aar (com.google.android.datatransport:transport-backend-cct:3.1.8) with AarTransform
Transforming transport-runtime-3.1.8.aar (com.google.android.datatransport:transport-runtime:3.1.8) with ExtractAarTransform
Transforming transport-runtime-3.1.8.aar (com.google.android.datatransport:transport-runtime:3.1.8) with AarTransform
Transforming transport-api-3.0.0.aar (com.google.android.datatransport:transport-api:3.0.0) with ExtractAarTransform
Transforming transport-api-3.0.0.aar (com.google.android.datatransport:transport-api:3.0.0) with AarTransform
Transforming firebase-encoders-json-18.0.0.aar (com.google.firebase:firebase-encoders-json:18.0.0) with ExtractAarTransform
Transforming firebase-encoders-json-18.0.0.aar (com.google.firebase:firebase-encoders-json:18.0.0) with AarTransform
Transforming versionedparcelable-1.1.1.aar (androidx.versionedparcelable:versionedparcelable:1.1.1) with ExtractAarTransform
Transforming versionedparcelable-1.1.1.aar (androidx.versionedparcelable:versionedparcelable:1.1.1) with AarTransform
Transforming sqlite-framework.aar (androidx.sqlite:sqlite-framework-android:2.6.1) with ExtractAarTransform
Transforming sqlite-framework.aar (androidx.sqlite:sqlite-framework-android:2.6.1) with AarTransform
Transforming sqlite.aar (androidx.sqlite:sqlite-android:2.6.1) with ExtractAarTransform
Transforming sqlite.aar (androidx.sqlite:sqlite-android:2.6.1) with AarTransform
Transforming profileinstaller-1.4.0.aar (androidx.profileinstaller:profileinstaller:1.4.0) with ExtractAarTransform
Transforming profileinstaller-1.4.0.aar (androidx.profileinstaller:profileinstaller:1.4.0) with AarTransform
Transforming startup-runtime-1.1.1.aar (androidx.startup:startup-runtime:1.1.1) with ExtractAarTransform
Transforming startup-runtime-1.1.1.aar (androidx.startup:startup-runtime:1.1.1) with AarTransform
Transforming tracing-1.2.0.aar (androidx.tracing:tracing:1.2.0) with ExtractAarTransform
Transforming tracing-1.2.0.aar (androidx.tracing:tracing:1.2.0) with AarTransform
Transforming interpolator-1.0.0.aar (androidx.interpolator:interpolator:1.0.0) with ExtractAarTransform
Transforming interpolator-1.0.0.aar (androidx.interpolator:interpolator:1.0.0) with AarTransform
Transforming interpolator-1.0.0.aar (androidx.interpolator:interpolator:1.0.0) with ExtractAarTransform
Transforming interpolator-1.0.0.aar (androidx.interpolator:interpolator:1.0.0) with AarTransform
Transforming exifinterface-1.3.7.aar (androidx.exifinterface:exifinterface:1.3.7) with ExtractAarTransform
Transforming exifinterface-1.3.7.aar (androidx.exifinterface:exifinterface:1.3.7) with AarTransform
Transforming documentfile-1.0.0.aar (androidx.documentfile:documentfile:1.0.0) with ExtractAarTransform
Transforming documentfile-1.0.0.aar (androidx.documentfile:documentfile:1.0.0) with AarTransform
Transforming localbroadcastmanager-1.0.0.aar (androidx.localbroadcastmanager:localbroadcastmanager:1.0.0) with ExtractAarTransform
Transforming localbroadcastmanager-1.0.0.aar (androidx.localbroadcastmanager:localbroadcastmanager:1.0.0) with AarTransform
Transforming print-1.0.0.aar (androidx.print:print:1.0.0) with ExtractAarTransform
Transforming print-1.0.0.aar (androidx.print:print:1.0.0) with AarTransform
Transforming gifdecoder-4.14.2.aar (com.github.bumptech.glide:gifdecoder:4.14.2) with ExtractAarTransform
Transforming gifdecoder-4.14.2.aar (com.github.bumptech.glide:gifdecoder:4.14.2) with AarTransform
Transforming viewbinding-7.2.2.aar (androidx.databinding:viewbinding:7.2.2) with ExtractAarTransform
Transforming viewbinding-7.2.2.aar (androidx.databinding:viewbinding:7.2.2) with AarTransform
Transforming core-viewtree-1.0.0.aar (androidx.core:core-viewtree:1.0.0) with ExtractAarTransform
Transforming core-viewtree-1.0.0.aar (androidx.core:core-viewtree:1.0.0) with AarTransform
Transforming timber-4.7.1.aar (com.jakewharton.timber:timber:4.7.1) with ExtractAarTransform
Transforming timber-4.7.1.aar (com.jakewharton.timber:timber:4.7.1) with AarTransform
Transforming zpns-fcm-2.8.0.aar (im.zego:zpns-fcm:2.8.0) with ExtractAarTransform
Transforming zpns-fcm-2.8.0.aar (im.zego:zpns-fcm:2.8.0) with AarTransform
Transforming express-video-3.23.0.aar (im.zego:express-video:3.23.0) with ExtractAarTransform
Transforming express-video-3.23.0.aar (im.zego:express-video:3.23.0) with AarTransform
Transforming uikitreport-0.5.1.aar (im.zego:uikitreport:0.5.1) with ExtractAarTransform
Transforming uikitreport-0.5.1.aar (im.zego:uikitreport:0.5.1) with AarTransform
Transforming zim-2.21.1.aar (im.zego:zim:2.21.1) with ExtractAarTransform
Transforming zim-2.21.1.aar (im.zego:zim:2.21.1) with AarTransform
Transforming zpns-2.8.0.aar (im.zego:zpns:2.8.0) with ExtractAarTransform
Transforming zpns-2.8.0.aar (im.zego:zpns:2.8.0) with AarTransform
Transforming xlog-1.10.1.aar (com.elvishew:xlog:1.10.1) with ExtractAarTransform
Transforming xlog-1.10.1.aar (com.elvishew:xlog:1.10.1) with AarTransform
Caching disabled for task ':app:processDebugMainManifest' because:
  Build cache is disabled
Skipping task ':app:processDebugMainManifest' as it is up-to-date.
Resolve mutations for :app:processDebugManifest (Thread[Execution worker Thread 16,5,main]) started.
:app:processDebugManifest (Thread[Execution worker Thread 16,5,main]) started.

> Task :app:processDebugManifest UP-TO-DATE
Caching disabled for task ':app:processDebugManifest' because:
  Build cache is disabled
Skipping task ':app:processDebugManifest' as it is up-to-date.
Resolve mutations for :app:processDebugManifestForPackage (Thread[Execution worker Thread 16,5,main]) started.
:app:processDebugManifestForPackage (Thread[Execution worker Thread 16,5,main]) started.

> Task :app:processDebugManifestForPackage UP-TO-DATE
Custom actions are attached to task ':app:processDebugManifestForPackage'.
Caching disabled for task ':app:processDebugManifestForPackage' because:
  Build cache is disabled
Skipping task ':app:processDebugManifestForPackage' as it is up-to-date.
Resolve mutations for :app:processDebugResources (Thread[Execution worker Thread 10,5,main]) started.
:app:processDebugResources (Thread[Execution worker Thread 10,5,main]) started.

> Task :app:processDebugResources UP-TO-DATE
Transforming aapt2-8.7.3-12006047-windows.jar (com.android.tools.build:aapt2:8.7.3-12006047) with Aapt2Extractor
Transforming room-runtime.aar (androidx.room:room-runtime-android:2.8.2) with ExtractAarTransform
Transforming room-runtime.aar (androidx.room:room-runtime-android:2.8.2) with AarResourcesCompilerTransform
Transforming room-ktx-2.8.2.aar (androidx.room:room-ktx:2.8.2) with ExtractAarTransform
Transforming room-ktx-2.8.2.aar (androidx.room:room-ktx:2.8.2) with AarResourcesCompilerTransform
Transforming core-splashscreen-1.0.1.aar (androidx.core:core-splashscreen:1.0.1) with ExtractAarTransform
Transforming core-splashscreen-1.0.1.aar (androidx.core:core-splashscreen:1.0.1) with AarResourcesCompilerTransform
Transforming navigation-common-2.7.0.aar (androidx.navigation:navigation-common:2.7.0) with ExtractAarTransform
Transforming navigation-common-2.7.0.aar (androidx.navigation:navigation-common:2.7.0) with AarResourcesCompilerTransform
Transforming navigation-runtime-2.7.0.aar (androidx.navigation:navigation-runtime:2.7.0) with ExtractAarTransform
Transforming navigation-runtime-2.7.0.aar (androidx.navigation:navigation-runtime:2.7.0) with AarResourcesCompilerTransform
Transforming navigation-common-ktx-2.7.0.aar (androidx.navigation:navigation-common-ktx:2.7.0) with ExtractAarTransform
Transforming navigation-common-ktx-2.7.0.aar (androidx.navigation:navigation-common-ktx:2.7.0) with AarResourcesCompilerTransform
Transforming navigation-runtime-ktx-2.7.0.aar (androidx.navigation:navigation-runtime-ktx:2.7.0) with ExtractAarTransform
Transforming navigation-runtime-ktx-2.7.0.aar (androidx.navigation:navigation-runtime-ktx:2.7.0) with AarResourcesCompilerTransform
Transforming navigation-compose-2.7.0.aar (androidx.navigation:navigation-compose:2.7.0) with ExtractAarTransform
Transforming navigation-compose-2.7.0.aar (androidx.navigation:navigation-compose:2.7.0) with AarResourcesCompilerTransform
Transforming coil-compose-2.7.0.aar (io.coil-kt:coil-compose:2.7.0) with ExtractAarTransform
Transforming coil-compose-2.7.0.aar (io.coil-kt:coil-compose:2.7.0) with AarResourcesCompilerTransform
Transforming zego_uikit_prebuilt_call_android-3.9.10.aar (com.github.ZEGOCLOUD:zego_uikit_prebuilt_call_android:3.9.10) with ExtractAarTransform
Transforming zego_uikit_prebuilt_call_android-3.9.10.aar (com.github.ZEGOCLOUD:zego_uikit_prebuilt_call_android:3.9.10) with AarResourcesCompilerTransform
Transforming sceneview-2.3.1.aar (io.github.sceneview:sceneview:2.3.1) with ExtractAarTransform
Transforming sceneview-2.3.1.aar (io.github.sceneview:sceneview:2.3.1) with AarResourcesCompilerTransform
Transforming material3-release.aar (androidx.compose.material3:material3-android:1.3.0) with ExtractAarTransform
Transforming material3-release.aar (androidx.compose.material3:material3-android:1.3.0) with AarResourcesCompilerTransform
Transforming coil-compose-base-2.7.0.aar (io.coil-kt:coil-compose-base:2.7.0) with ExtractAarTransform
Transforming coil-compose-base-2.7.0.aar (io.coil-kt:coil-compose-base:2.7.0) with AarResourcesCompilerTransform
Transforming accompanist-drawablepainter-0.32.0.aar (com.google.accompanist:accompanist-drawablepainter:0.32.0) with ExtractAarTransform
Transforming accompanist-drawablepainter-0.32.0.aar (com.google.accompanist:accompanist-drawablepainter:0.32.0) with AarResourcesCompilerTransform
Transforming zego_uikit_android-3.6.5.aar (com.github.ZEGOCLOUD:zego_uikit_android:3.6.5) with ExtractAarTransform
Transforming zego_uikit_android-3.6.5.aar (com.github.ZEGOCLOUD:zego_uikit_android:3.6.5) with AarResourcesCompilerTransform
Transforming material-1.11.0.aar (com.google.android.material:material:1.11.0) with ExtractAarTransform
Transforming material-1.11.0.aar (com.google.android.material:material:1.11.0) with AarResourcesCompilerTransform
Transforming constraintlayout-2.1.4.aar (androidx.constraintlayout:constraintlayout:2.1.4) with ExtractAarTransform
Transforming constraintlayout-2.1.4.aar (androidx.constraintlayout:constraintlayout:2.1.4) with AarResourcesCompilerTransform
Transforming coil-2.7.0.aar (io.coil-kt:coil:2.7.0) with ExtractAarTransform
Transforming coil-2.7.0.aar (io.coil-kt:coil:2.7.0) with AarResourcesCompilerTransform
Transforming coil-base-2.7.0.aar (io.coil-kt:coil-base:2.7.0) with ExtractAarTransform
Transforming coil-base-2.7.0.aar (io.coil-kt:coil-base:2.7.0) with AarResourcesCompilerTransform
Transforming appcompat-resources-1.6.1.aar (androidx.appcompat:appcompat-resources:1.6.1) with ExtractAarTransform
Transforming appcompat-resources-1.6.1.aar (androidx.appcompat:appcompat-resources:1.6.1) with AarResourcesCompilerTransform
Transforming zego_uikit_signaling_plugin_android-3.0.2.aar (com.github.ZEGOCLOUD:zego_uikit_signaling_plugin_android:3.0.2) with ExtractAarTransform
Transforming zego_uikit_signaling_plugin_android-3.0.2.aar (com.github.ZEGOCLOUD:zego_uikit_signaling_plugin_android:3.0.2) with AarResourcesCompilerTransform
Transforming zego_uikit_plugin_adapter_android-3.0.4.aar (com.github.ZEGOCLOUD:zego_uikit_plugin_adapter_android:3.0.4) with ExtractAarTransform
Transforming zego_uikit_plugin_adapter_android-3.0.4.aar (com.github.ZEGOCLOUD:zego_uikit_plugin_adapter_android:3.0.4) with AarResourcesCompilerTransform
Transforming permissionx-1.7.1.aar (com.guolindev.permissionx:permissionx:1.7.1) with ExtractAarTransform
Transforming permissionx-1.7.1.aar (com.guolindev.permissionx:permissionx:1.7.1) with AarResourcesCompilerTransform
Transforming appcompat-1.6.1.aar (androidx.appcompat:appcompat:1.6.1) with ExtractAarTransform
Transforming appcompat-1.6.1.aar (androidx.appcompat:appcompat:1.6.1) with AarResourcesCompilerTransform
Transforming viewpager2-1.0.0.aar (androidx.viewpager2:viewpager2:1.0.0) with ExtractAarTransform
Transforming viewpager2-1.0.0.aar (androidx.viewpager2:viewpager2:1.0.0) with AarResourcesCompilerTransform
Transforming glide-4.14.2.aar (com.github.bumptech.glide:glide:4.14.2) with ExtractAarTransform
Transforming glide-4.14.2.aar (com.github.bumptech.glide:glide:4.14.2) with AarResourcesCompilerTransform
Transforming firebase-messaging-23.2.1.aar (com.google.firebase:firebase-messaging:23.2.1) with ExtractAarTransform
Transforming firebase-messaging-23.2.1.aar (com.google.firebase:firebase-messaging:23.2.1) with AarResourcesCompilerTransform
Transforming firebase-datatransport-18.1.7.aar (com.google.firebase:firebase-datatransport:18.1.7) with ExtractAarTransform
Transforming firebase-datatransport-18.1.7.aar (com.google.firebase:firebase-datatransport:18.1.7) with AarResourcesCompilerTransform
Transforming firebase-installations-17.1.3.aar (com.google.firebase:firebase-installations:17.1.3) with ExtractAarTransform
Transforming firebase-installations-17.1.3.aar (com.google.firebase:firebase-installations:17.1.3) with AarResourcesCompilerTransform
Transforming firebase-common-20.3.1.aar (com.google.firebase:firebase-common:20.3.1) with ExtractAarTransform
Transforming firebase-common-20.3.1.aar (com.google.firebase:firebase-common:20.3.1) with AarResourcesCompilerTransform
Transforming play-services-base-18.0.1.aar (com.google.android.gms:play-services-base:18.0.1) with ExtractAarTransform
Transforming play-services-base-18.0.1.aar (com.google.android.gms:play-services-base:18.0.1) with AarResourcesCompilerTransform
Transforming play-services-stats-17.0.2.aar (com.google.android.gms:play-services-stats:17.0.2) with ExtractAarTransform
Transforming play-services-stats-17.0.2.aar (com.google.android.gms:play-services-stats:17.0.2) with AarResourcesCompilerTransform
Transforming firebase-measurement-connector-19.0.0.aar (com.google.firebase:firebase-measurement-connector:19.0.0) with ExtractAarTransform
Transforming firebase-measurement-connector-19.0.0.aar (com.google.firebase:firebase-measurement-connector:19.0.0) with AarResourcesCompilerTransform
Transforming firebase-iid-interop-17.1.0.aar (com.google.firebase:firebase-iid-interop:17.1.0) with ExtractAarTransform
Transforming firebase-iid-interop-17.1.0.aar (com.google.firebase:firebase-iid-interop:17.1.0) with AarResourcesCompilerTransform
Transforming play-services-cloud-messaging-17.0.1.aar (com.google.android.gms:play-services-cloud-messaging:17.0.1) with ExtractAarTransform
Transforming play-services-cloud-messaging-17.0.1.aar (com.google.android.gms:play-services-cloud-messaging:17.0.1) with AarResourcesCompilerTransform
Transforming firebase-installations-interop-17.1.0.aar (com.google.firebase:firebase-installations-interop:17.1.0) with ExtractAarTransform
Transforming firebase-installations-interop-17.1.0.aar (com.google.firebase:firebase-installations-interop:17.1.0) with AarResourcesCompilerTransform
Transforming play-services-tasks-18.0.2.aar (com.google.android.gms:play-services-tasks:18.0.2) with ExtractAarTransform
Transforming play-services-tasks-18.0.2.aar (com.google.android.gms:play-services-tasks:18.0.2) with AarResourcesCompilerTransform
Transforming play-services-basement-18.1.0.aar (com.google.android.gms:play-services-basement:18.1.0) with ExtractAarTransform
Transforming play-services-basement-18.1.0.aar (com.google.android.gms:play-services-basement:18.1.0) with AarResourcesCompilerTransform
Transforming fragment-1.8.9.aar (androidx.fragment:fragment:1.8.9) with ExtractAarTransform
Transforming fragment-1.8.9.aar (androidx.fragment:fragment:1.8.9) with AarResourcesCompilerTransform
Transforming fragment-1.8.9.aar (androidx.fragment:fragment:1.8.9) with ExtractAarTransform
Transforming fragment-1.8.9.aar (androidx.fragment:fragment:1.8.9) with AarResourcesCompilerTransform
Transforming fragment-ktx-1.8.9.aar (androidx.fragment:fragment-ktx:1.8.9) with ExtractAarTransform
Transforming fragment-ktx-1.8.9.aar (androidx.fragment:fragment-ktx:1.8.9) with AarResourcesCompilerTransform
Transforming material-ripple-release.aar (androidx.compose.material:material-ripple-android:1.7.0) with ExtractAarTransform
Transforming material-ripple-release.aar (androidx.compose.material:material-ripple-android:1.7.0) with AarResourcesCompilerTransform
Transforming foundation.aar (androidx.compose.foundation:foundation-android:1.10.0) with ExtractAarTransform
Transforming foundation.aar (androidx.compose.foundation:foundation-android:1.10.0) with AarResourcesCompilerTransform
Transforming ui-tooling-data.aar (androidx.compose.ui:ui-tooling-data-android:1.10.0) with ExtractAarTransform
Transforming ui-tooling-data.aar (androidx.compose.ui:ui-tooling-data-android:1.10.0) with AarResourcesCompilerTransform
Transforming ui-tooling-preview.aar (androidx.compose.ui:ui-tooling-preview-android:1.10.0) with ExtractAarTransform
Transforming ui-tooling-preview.aar (androidx.compose.ui:ui-tooling-preview-android:1.10.0) with AarResourcesCompilerTransform
Transforming ui-text.aar (androidx.compose.ui:ui-text-android:1.10.0) with ExtractAarTransform
Transforming ui-text.aar (androidx.compose.ui:ui-text-android:1.10.0) with AarResourcesCompilerTransform
Transforming ui-geometry.aar (androidx.compose.ui:ui-geometry-android:1.10.0) with ExtractAarTransform
Transforming ui-geometry.aar (androidx.compose.ui:ui-geometry-android:1.10.0) with AarResourcesCompilerTransform
Transforming ui-graphics.aar (androidx.compose.ui:ui-graphics-android:1.10.0) with ExtractAarTransform
Transforming ui-graphics.aar (androidx.compose.ui:ui-graphics-android:1.10.0) with AarResourcesCompilerTransform
Transforming ui-unit.aar (androidx.compose.ui:ui-unit-android:1.10.0) with ExtractAarTransform
Transforming ui-unit.aar (androidx.compose.ui:ui-unit-android:1.10.0) with AarResourcesCompilerTransform
Transforming ui-util.aar (androidx.compose.ui:ui-util-android:1.10.0) with ExtractAarTransform
Transforming ui-util.aar (androidx.compose.ui:ui-util-android:1.10.0) with AarResourcesCompilerTransform
Transforming ui-test-manifest-1.10.0.aar (androidx.compose.ui:ui-test-manifest:1.10.0) with ExtractAarTransform
Transforming ui-test-manifest-1.10.0.aar (androidx.compose.ui:ui-test-manifest:1.10.0) with AarResourcesCompilerTransform
Transforming activity-1.8.2.aar (androidx.activity:activity:1.8.2) with ExtractAarTransform
Transforming activity-1.8.2.aar (androidx.activity:activity:1.8.2) with AarResourcesCompilerTransform
Transforming activity-ktx-1.8.2.aar (androidx.activity:activity-ktx:1.8.2) with ExtractAarTransform
Transforming activity-ktx-1.8.2.aar (androidx.activity:activity-ktx:1.8.2) with AarResourcesCompilerTransform
Transforming activity-compose-1.8.2.aar (androidx.activity:activity-compose:1.8.2) with ExtractAarTransform
Transforming activity-compose-1.8.2.aar (androidx.activity:activity-compose:1.8.2) with AarResourcesCompilerTransform
Transforming material-icons-extended-release.aar (androidx.compose.material:material-icons-extended-android:1.7.0) with ExtractAarTransform
Transforming material-icons-extended-release.aar (androidx.compose.material:material-icons-extended-android:1.7.0) with AarResourcesCompilerTransform
Transforming material-icons-core-release.aar (androidx.compose.material:material-icons-core-android:1.7.0) with ExtractAarTransform
Transforming material-icons-core-release.aar (androidx.compose.material:material-icons-core-android:1.7.0) with AarResourcesCompilerTransform
Transforming runtime-retain.aar (androidx.compose.runtime:runtime-retain-android:1.10.0) with ExtractAarTransform
Transforming runtime-retain.aar (androidx.compose.runtime:runtime-retain-android:1.10.0) with AarResourcesCompilerTransform
Transforming runtime-annotation.aar (androidx.compose.runtime:runtime-annotation-android:1.10.0) with ExtractAarTransform
Transforming runtime-annotation.aar (androidx.compose.runtime:runtime-annotation-android:1.10.0) with AarResourcesCompilerTransform
Transforming transition-1.6.0.aar (androidx.transition:transition:1.6.0) with ExtractAarTransform
Transforming transition-1.6.0.aar (androidx.transition:transition:1.6.0) with AarResourcesCompilerTransform
Transforming dynamicanimation-1.0.0.aar (androidx.dynamicanimation:dynamicanimation:1.0.0) with ExtractAarTransform
Transforming dynamicanimation-1.0.0.aar (androidx.dynamicanimation:dynamicanimation:1.0.0) with AarResourcesCompilerTransform
Transforming legacy-support-core-utils-1.0.0.aar (androidx.legacy:legacy-support-core-utils:1.0.0) with ExtractAarTransform
Transforming legacy-support-core-utils-1.0.0.aar (androidx.legacy:legacy-support-core-utils:1.0.0) with AarResourcesCompilerTransform
Transforming loader-1.0.0.aar (androidx.loader:loader:1.0.0) with ExtractAarTransform
Transforming loader-1.0.0.aar (androidx.loader:loader:1.0.0) with AarResourcesCompilerTransform
Transforming loader-1.0.0.aar (androidx.loader:loader:1.0.0) with ExtractAarTransform
Transforming loader-1.0.0.aar (androidx.loader:loader:1.0.0) with AarResourcesCompilerTransform
Transforming emoji2-views-helper-1.4.0.aar (androidx.emoji2:emoji2-views-helper:1.4.0) with ExtractAarTransform
Transforming emoji2-views-helper-1.4.0.aar (androidx.emoji2:emoji2-views-helper:1.4.0) with AarResourcesCompilerTransform
Transforming emoji2-1.4.0.aar (androidx.emoji2:emoji2:1.4.0) with ExtractAarTransform
Transforming emoji2-1.4.0.aar (androidx.emoji2:emoji2:1.4.0) with AarResourcesCompilerTransform
Transforming coordinatorlayout-1.1.0.aar (androidx.coordinatorlayout:coordinatorlayout:1.1.0) with ExtractAarTransform
Transforming coordinatorlayout-1.1.0.aar (androidx.coordinatorlayout:coordinatorlayout:1.1.0) with AarResourcesCompilerTransform
Transforming drawerlayout-1.1.1.aar (androidx.drawerlayout:drawerlayout:1.1.1) with ExtractAarTransform
Transforming drawerlayout-1.1.1.aar (androidx.drawerlayout:drawerlayout:1.1.1) with AarResourcesCompilerTransform
Transforming vectordrawable-animated-1.1.0.aar (androidx.vectordrawable:vectordrawable-animated:1.1.0) with ExtractAarTransform
Transforming vectordrawable-animated-1.1.0.aar (androidx.vectordrawable:vectordrawable-animated:1.1.0) with AarResourcesCompilerTransform
Transforming vectordrawable-1.1.0.aar (androidx.vectordrawable:vectordrawable:1.1.0) with ExtractAarTransform
Transforming vectordrawable-1.1.0.aar (androidx.vectordrawable:vectordrawable:1.1.0) with AarResourcesCompilerTransform
Transforming vectordrawable-1.1.0.aar (androidx.vectordrawable:vectordrawable:1.1.0) with ExtractAarTransform
Transforming vectordrawable-1.1.0.aar (androidx.vectordrawable:vectordrawable:1.1.0) with AarResourcesCompilerTransform
Transforming recyclerview-1.1.0.aar (androidx.recyclerview:recyclerview:1.1.0) with ExtractAarTransform
Transforming recyclerview-1.1.0.aar (androidx.recyclerview:recyclerview:1.1.0) with AarResourcesCompilerTransform
Transforming recyclerview-1.1.0.aar (androidx.recyclerview:recyclerview:1.1.0) with ExtractAarTransform
Transforming recyclerview-1.1.0.aar (androidx.recyclerview:recyclerview:1.1.0) with AarResourcesCompilerTransform
Transforming viewpager-1.0.0.aar (androidx.viewpager:viewpager:1.0.0) with ExtractAarTransform
Transforming viewpager-1.0.0.aar (androidx.viewpager:viewpager:1.0.0) with AarResourcesCompilerTransform
Transforming customview-1.1.0.aar (androidx.customview:customview:1.1.0) with ExtractAarTransform
Transforming customview-1.1.0.aar (androidx.customview:customview:1.1.0) with AarResourcesCompilerTransform
Transforming customview-poolingcontainer-1.0.0.aar (androidx.customview:customview-poolingcontainer:1.0.0) with ExtractAarTransform
Transforming customview-poolingcontainer-1.0.0.aar (androidx.customview:customview-poolingcontainer:1.0.0) with AarResourcesCompilerTransform
Transforming core-ktx-1.16.0.aar (androidx.core:core-ktx:1.16.0) with ExtractAarTransform
Transforming core-ktx-1.16.0.aar (androidx.core:core-ktx:1.16.0) with AarResourcesCompilerTransform
Transforming autofill-1.0.0.aar (androidx.autofill:autofill:1.0.0) with ExtractAarTransform
Transforming autofill-1.0.0.aar (androidx.autofill:autofill:1.0.0) with AarResourcesCompilerTransform
Transforming window-core.aar (androidx.window:window-core-android:1.5.0) with ExtractAarTransform
Transforming window-core.aar (androidx.window:window-core-android:1.5.0) with AarResourcesCompilerTransform
Transforming window-1.5.0.aar (androidx.window:window:1.5.0) with ExtractAarTransform
Transforming window-1.5.0.aar (androidx.window:window:1.5.0) with AarResourcesCompilerTransform
Transforming graphics-path-1.0.1.aar (androidx.graphics:graphics-path:1.0.1) with ExtractAarTransform
Transforming graphics-path-1.0.1.aar (androidx.graphics:graphics-path:1.0.1) with AarResourcesCompilerTransform
Transforming core-1.16.0.aar (androidx.core:core:1.16.0) with ExtractAarTransform
Transforming core-1.16.0.aar (androidx.core:core:1.16.0) with AarResourcesCompilerTransform
Transforming core-1.16.0.aar (androidx.core:core:1.16.0) with ExtractAarTransform
Transforming core-1.16.0.aar (androidx.core:core:1.16.0) with AarResourcesCompilerTransform
Transforming lifecycle-viewmodel-2.9.4.aar (androidx.lifecycle:lifecycle-viewmodel:2.9.4) with ExtractAarTransform
Transforming lifecycle-viewmodel-2.9.4.aar (androidx.lifecycle:lifecycle-viewmodel:2.9.4) with AarResourcesCompilerTransform
Transforming lifecycle-viewmodel-release.aar (androidx.lifecycle:lifecycle-viewmodel-android:2.9.4) with ExtractAarTransform
Transforming lifecycle-viewmodel-release.aar (androidx.lifecycle:lifecycle-viewmodel-android:2.9.4) with AarResourcesCompilerTransform
Transforming lifecycle-runtime-ktx.aar (androidx.lifecycle:lifecycle-runtime-ktx-android:2.9.4) with ExtractAarTransform
Transforming lifecycle-runtime-ktx.aar (androidx.lifecycle:lifecycle-runtime-ktx-android:2.9.4) with AarResourcesCompilerTransform
Transforming lifecycle-runtime-release.aar (androidx.lifecycle:lifecycle-runtime-android:2.9.4) with ExtractAarTransform
Transforming lifecycle-runtime-release.aar (androidx.lifecycle:lifecycle-runtime-android:2.9.4) with AarResourcesCompilerTransform
Transforming lifecycle-viewmodel-ktx-2.9.4.aar (androidx.lifecycle:lifecycle-viewmodel-ktx:2.9.4) with ExtractAarTransform
Transforming lifecycle-viewmodel-ktx-2.9.4.aar (androidx.lifecycle:lifecycle-viewmodel-ktx:2.9.4) with AarResourcesCompilerTransform
Transforming lifecycle-process-2.9.4.aar (androidx.lifecycle:lifecycle-process:2.9.4) with ExtractAarTransform
Transforming lifecycle-process-2.9.4.aar (androidx.lifecycle:lifecycle-process:2.9.4) with AarResourcesCompilerTransform
Transforming lifecycle-livedata-core-ktx-2.9.4.aar (androidx.lifecycle:lifecycle-livedata-core-ktx:2.9.4) with ExtractAarTransform
Transforming lifecycle-livedata-core-ktx-2.9.4.aar (androidx.lifecycle:lifecycle-livedata-core-ktx:2.9.4) with AarResourcesCompilerTransform
Transforming lifecycle-livedata-core-2.9.4.aar (androidx.lifecycle:lifecycle-livedata-core:2.9.4) with ExtractAarTransform
Transforming lifecycle-livedata-core-2.9.4.aar (androidx.lifecycle:lifecycle-livedata-core:2.9.4) with AarResourcesCompilerTransform
Transforming lifecycle-livedata-2.9.4.aar (androidx.lifecycle:lifecycle-livedata:2.9.4) with ExtractAarTransform
Transforming lifecycle-livedata-2.9.4.aar (androidx.lifecycle:lifecycle-livedata:2.9.4) with AarResourcesCompilerTransform
Transforming lifecycle-viewmodel-savedstate-release.aar (androidx.lifecycle:lifecycle-viewmodel-savedstate-android:2.9.4) with ExtractAarTransform
Transforming lifecycle-viewmodel-savedstate-release.aar (androidx.lifecycle:lifecycle-viewmodel-savedstate-android:2.9.4) with AarResourcesCompilerTransform
Transforming savedstate-release.aar (androidx.savedstate:savedstate-android:1.3.2) with ExtractAarTransform
Transforming savedstate-release.aar (androidx.savedstate:savedstate-android:1.3.2) with AarResourcesCompilerTransform
Transforming savedstate-ktx-1.3.2.aar (androidx.savedstate:savedstate-ktx:1.3.2) with ExtractAarTransform
Transforming savedstate-ktx-1.3.2.aar (androidx.savedstate:savedstate-ktx:1.3.2) with AarResourcesCompilerTransform
Transforming savedstate-compose.aar (androidx.savedstate:savedstate-compose-android:1.3.2) with ExtractAarTransform
Transforming savedstate-compose.aar (androidx.savedstate:savedstate-compose-android:1.3.2) with AarResourcesCompilerTransform
Transforming runtime.aar (androidx.compose.runtime:runtime-android:1.10.0) with ExtractAarTransform
Transforming runtime.aar (androidx.compose.runtime:runtime-android:1.10.0) with AarResourcesCompilerTransform
Transforming runtime-saveable.aar (androidx.compose.runtime:runtime-saveable-android:1.10.0) with ExtractAarTransform
Transforming runtime-saveable.aar (androidx.compose.runtime:runtime-saveable-android:1.10.0) with AarResourcesCompilerTransform
Transforming lifecycle-runtime-compose-release.aar (androidx.lifecycle:lifecycle-runtime-compose-android:2.9.4) with ExtractAarTransform
Transforming lifecycle-runtime-compose-release.aar (androidx.lifecycle:lifecycle-runtime-compose-android:2.9.4) with AarResourcesCompilerTransform
Transforming lifecycle-viewmodel-compose-release.aar (androidx.lifecycle:lifecycle-viewmodel-compose-android:2.9.4) with ExtractAarTransform
Transforming lifecycle-viewmodel-compose-release.aar (androidx.lifecycle:lifecycle-viewmodel-compose-android:2.9.4) with AarResourcesCompilerTransform
Transforming ui.aar (androidx.compose.ui:ui-android:1.10.0) with ExtractAarTransform
Transforming ui.aar (androidx.compose.ui:ui-android:1.10.0) with AarResourcesCompilerTransform
Transforming ui-tooling.aar (androidx.compose.ui:ui-tooling-android:1.10.0) with ExtractAarTransform
Transforming ui-tooling.aar (androidx.compose.ui:ui-tooling-android:1.10.0) with AarResourcesCompilerTransform
Transforming material-release.aar (androidx.compose.material:material-android:1.7.0) with ExtractAarTransform
Transforming material-release.aar (androidx.compose.material:material-android:1.7.0) with AarResourcesCompilerTransform
Transforming animation-core.aar (androidx.compose.animation:animation-core-android:1.10.0) with ExtractAarTransform
Transforming animation-core.aar (androidx.compose.animation:animation-core-android:1.10.0) with AarResourcesCompilerTransform
Transforming animation.aar (androidx.compose.animation:animation-android:1.10.0) with ExtractAarTransform
Transforming animation.aar (androidx.compose.animation:animation-android:1.10.0) with AarResourcesCompilerTransform
Transforming foundation-layout.aar (androidx.compose.foundation:foundation-layout-android:1.10.0) with ExtractAarTransform
Transforming foundation-layout.aar (androidx.compose.foundation:foundation-layout-android:1.10.0) with AarResourcesCompilerTransform
Transforming annotation-experimental-1.5.0.aar (androidx.annotation:annotation-experimental:1.5.0) with ExtractAarTransform
Transforming annotation-experimental-1.5.0.aar (androidx.annotation:annotation-experimental:1.5.0) with AarResourcesCompilerTransform
Transforming filament-utils-android-1.66.0.aar (com.google.android.filament:filament-utils-android:1.66.0) with ExtractAarTransform
Transforming filament-utils-android-1.66.0.aar (com.google.android.filament:filament-utils-android:1.66.0) with AarResourcesCompilerTransform
Transforming cardview-1.0.0.aar (androidx.cardview:cardview:1.0.0) with ExtractAarTransform
Transforming cardview-1.0.0.aar (androidx.cardview:cardview:1.0.0) with AarResourcesCompilerTransform
Transforming mmkv-1.3.14.aar (com.tencent:mmkv:1.3.14) with ExtractAarTransform
Transforming mmkv-1.3.14.aar (com.tencent:mmkv:1.3.14) with AarResourcesCompilerTransform
Transforming gltfio-android-1.66.0.aar (com.google.android.filament:gltfio-android:1.66.0) with ExtractAarTransform
Transforming gltfio-android-1.66.0.aar (com.google.android.filament:gltfio-android:1.66.0) with AarResourcesCompilerTransform
Transforming filament-android-1.66.0.aar (com.google.android.filament:filament-android:1.66.0) with ExtractAarTransform
Transforming filament-android-1.66.0.aar (com.google.android.filament:filament-android:1.66.0) with AarResourcesCompilerTransform
Transforming core-runtime-2.2.0.aar (androidx.arch.core:core-runtime:2.2.0) with ExtractAarTransform
Transforming core-runtime-2.2.0.aar (androidx.arch.core:core-runtime:2.2.0) with AarResourcesCompilerTransform
Transforming cursoradapter-1.0.0.aar (androidx.cursoradapter:cursoradapter:1.0.0) with ExtractAarTransform
Transforming cursoradapter-1.0.0.aar (androidx.cursoradapter:cursoradapter:1.0.0) with AarResourcesCompilerTransform
Transforming firebase-components-17.1.0.aar (com.google.firebase:firebase-components:17.1.0) with ExtractAarTransform
Transforming firebase-components-17.1.0.aar (com.google.firebase:firebase-components:17.1.0) with AarResourcesCompilerTransform
Transforming transport-backend-cct-3.1.8.aar (com.google.android.datatransport:transport-backend-cct:3.1.8) with ExtractAarTransform
Transforming transport-backend-cct-3.1.8.aar (com.google.android.datatransport:transport-backend-cct:3.1.8) with AarResourcesCompilerTransform
Transforming transport-runtime-3.1.8.aar (com.google.android.datatransport:transport-runtime:3.1.8) with ExtractAarTransform
Transforming transport-runtime-3.1.8.aar (com.google.android.datatransport:transport-runtime:3.1.8) with AarResourcesCompilerTransform
Transforming transport-api-3.0.0.aar (com.google.android.datatransport:transport-api:3.0.0) with ExtractAarTransform
Transforming transport-api-3.0.0.aar (com.google.android.datatransport:transport-api:3.0.0) with AarResourcesCompilerTransform
Transforming firebase-encoders-json-18.0.0.aar (com.google.firebase:firebase-encoders-json:18.0.0) with ExtractAarTransform
Transforming firebase-encoders-json-18.0.0.aar (com.google.firebase:firebase-encoders-json:18.0.0) with AarResourcesCompilerTransform
Transforming versionedparcelable-1.1.1.aar (androidx.versionedparcelable:versionedparcelable:1.1.1) with ExtractAarTransform
Transforming versionedparcelable-1.1.1.aar (androidx.versionedparcelable:versionedparcelable:1.1.1) with AarResourcesCompilerTransform
Transforming sqlite-framework.aar (androidx.sqlite:sqlite-framework-android:2.6.1) with ExtractAarTransform
Transforming sqlite-framework.aar (androidx.sqlite:sqlite-framework-android:2.6.1) with AarResourcesCompilerTransform
Transforming sqlite.aar (androidx.sqlite:sqlite-android:2.6.1) with ExtractAarTransform
Transforming sqlite.aar (androidx.sqlite:sqlite-android:2.6.1) with AarResourcesCompilerTransform
Transforming profileinstaller-1.4.0.aar (androidx.profileinstaller:profileinstaller:1.4.0) with ExtractAarTransform
Transforming profileinstaller-1.4.0.aar (androidx.profileinstaller:profileinstaller:1.4.0) with AarResourcesCompilerTransform
Transforming startup-runtime-1.1.1.aar (androidx.startup:startup-runtime:1.1.1) with ExtractAarTransform
Transforming startup-runtime-1.1.1.aar (androidx.startup:startup-runtime:1.1.1) with AarResourcesCompilerTransform
Transforming tracing-1.2.0.aar (androidx.tracing:tracing:1.2.0) with ExtractAarTransform
Transforming tracing-1.2.0.aar (androidx.tracing:tracing:1.2.0) with AarResourcesCompilerTransform
Transforming interpolator-1.0.0.aar (androidx.interpolator:interpolator:1.0.0) with ExtractAarTransform
Transforming interpolator-1.0.0.aar (androidx.interpolator:interpolator:1.0.0) with AarResourcesCompilerTransform
Transforming interpolator-1.0.0.aar (androidx.interpolator:interpolator:1.0.0) with ExtractAarTransform
Transforming interpolator-1.0.0.aar (androidx.interpolator:interpolator:1.0.0) with AarResourcesCompilerTransform
Transforming exifinterface-1.3.7.aar (androidx.exifinterface:exifinterface:1.3.7) with ExtractAarTransform
Transforming exifinterface-1.3.7.aar (androidx.exifinterface:exifinterface:1.3.7) with AarResourcesCompilerTransform
Transforming documentfile-1.0.0.aar (androidx.documentfile:documentfile:1.0.0) with ExtractAarTransform
Transforming documentfile-1.0.0.aar (androidx.documentfile:documentfile:1.0.0) with AarResourcesCompilerTransform
Transforming localbroadcastmanager-1.0.0.aar (androidx.localbroadcastmanager:localbroadcastmanager:1.0.0) with ExtractAarTransform
Transforming localbroadcastmanager-1.0.0.aar (androidx.localbroadcastmanager:localbroadcastmanager:1.0.0) with AarResourcesCompilerTransform
Transforming print-1.0.0.aar (androidx.print:print:1.0.0) with ExtractAarTransform
Transforming print-1.0.0.aar (androidx.print:print:1.0.0) with AarResourcesCompilerTransform
Transforming gifdecoder-4.14.2.aar (com.github.bumptech.glide:gifdecoder:4.14.2) with ExtractAarTransform
Transforming gifdecoder-4.14.2.aar (com.github.bumptech.glide:gifdecoder:4.14.2) with AarResourcesCompilerTransform
Transforming viewbinding-7.2.2.aar (androidx.databinding:viewbinding:7.2.2) with ExtractAarTransform
Transforming viewbinding-7.2.2.aar (androidx.databinding:viewbinding:7.2.2) with AarResourcesCompilerTransform
Transforming core-viewtree-1.0.0.aar (androidx.core:core-viewtree:1.0.0) with ExtractAarTransform
Transforming core-viewtree-1.0.0.aar (androidx.core:core-viewtree:1.0.0) with AarResourcesCompilerTransform
Transforming timber-4.7.1.aar (com.jakewharton.timber:timber:4.7.1) with ExtractAarTransform
Transforming timber-4.7.1.aar (com.jakewharton.timber:timber:4.7.1) with AarResourcesCompilerTransform
Transforming zpns-fcm-2.8.0.aar (im.zego:zpns-fcm:2.8.0) with ExtractAarTransform
Transforming zpns-fcm-2.8.0.aar (im.zego:zpns-fcm:2.8.0) with AarResourcesCompilerTransform
Transforming express-video-3.23.0.aar (im.zego:express-video:3.23.0) with ExtractAarTransform
Transforming express-video-3.23.0.aar (im.zego:express-video:3.23.0) with AarResourcesCompilerTransform
Transforming uikitreport-0.5.1.aar (im.zego:uikitreport:0.5.1) with ExtractAarTransform
Transforming uikitreport-0.5.1.aar (im.zego:uikitreport:0.5.1) with AarResourcesCompilerTransform
Transforming zim-2.21.1.aar (im.zego:zim:2.21.1) with ExtractAarTransform
Transforming zim-2.21.1.aar (im.zego:zim:2.21.1) with AarResourcesCompilerTransform
Transforming zpns-2.8.0.aar (im.zego:zpns:2.8.0) with ExtractAarTransform
Transforming zpns-2.8.0.aar (im.zego:zpns:2.8.0) with AarResourcesCompilerTransform
Transforming xlog-1.10.1.aar (com.elvishew:xlog:1.10.1) with ExtractAarTransform
Transforming xlog-1.10.1.aar (com.elvishew:xlog:1.10.1) with AarResourcesCompilerTransform
Transforming room-runtime.aar (androidx.room:room-runtime-android:2.8.2) with ExtractAarTransform
Transforming room-runtime.aar (androidx.room:room-runtime-android:2.8.2) with LibrarySymbolTableTransform
Transforming room-ktx-2.8.2.aar (androidx.room:room-ktx:2.8.2) with ExtractAarTransform
Transforming room-ktx-2.8.2.aar (androidx.room:room-ktx:2.8.2) with LibrarySymbolTableTransform
Transforming core-splashscreen-1.0.1.aar (androidx.core:core-splashscreen:1.0.1) with ExtractAarTransform
Transforming core-splashscreen-1.0.1.aar (androidx.core:core-splashscreen:1.0.1) with LibrarySymbolTableTransform
Transforming navigation-common-2.7.0.aar (androidx.navigation:navigation-common:2.7.0) with ExtractAarTransform
Transforming navigation-common-2.7.0.aar (androidx.navigation:navigation-common:2.7.0) with LibrarySymbolTableTransform
Transforming navigation-runtime-2.7.0.aar (androidx.navigation:navigation-runtime:2.7.0) with ExtractAarTransform
Transforming navigation-runtime-2.7.0.aar (androidx.navigation:navigation-runtime:2.7.0) with LibrarySymbolTableTransform
Transforming navigation-common-ktx-2.7.0.aar (androidx.navigation:navigation-common-ktx:2.7.0) with ExtractAarTransform
Transforming navigation-common-ktx-2.7.0.aar (androidx.navigation:navigation-common-ktx:2.7.0) with LibrarySymbolTableTransform
Transforming navigation-runtime-ktx-2.7.0.aar (androidx.navigation:navigation-runtime-ktx:2.7.0) with ExtractAarTransform
Transforming navigation-runtime-ktx-2.7.0.aar (androidx.navigation:navigation-runtime-ktx:2.7.0) with LibrarySymbolTableTransform
Transforming navigation-compose-2.7.0.aar (androidx.navigation:navigation-compose:2.7.0) with ExtractAarTransform
Transforming navigation-compose-2.7.0.aar (androidx.navigation:navigation-compose:2.7.0) with LibrarySymbolTableTransform
Transforming coil-compose-2.7.0.aar (io.coil-kt:coil-compose:2.7.0) with ExtractAarTransform
Transforming coil-compose-2.7.0.aar (io.coil-kt:coil-compose:2.7.0) with LibrarySymbolTableTransform
Transforming zego_uikit_prebuilt_call_android-3.9.10.aar (com.github.ZEGOCLOUD:zego_uikit_prebuilt_call_android:3.9.10) with ExtractAarTransform
Transforming zego_uikit_prebuilt_call_android-3.9.10.aar (com.github.ZEGOCLOUD:zego_uikit_prebuilt_call_android:3.9.10) with LibrarySymbolTableTransform
Transforming sceneview-2.3.1.aar (io.github.sceneview:sceneview:2.3.1) with ExtractAarTransform
Transforming sceneview-2.3.1.aar (io.github.sceneview:sceneview:2.3.1) with LibrarySymbolTableTransform
Transforming material3-release.aar (androidx.compose.material3:material3-android:1.3.0) with ExtractAarTransform
Transforming material3-release.aar (androidx.compose.material3:material3-android:1.3.0) with LibrarySymbolTableTransform
Transforming coil-compose-base-2.7.0.aar (io.coil-kt:coil-compose-base:2.7.0) with ExtractAarTransform
Transforming coil-compose-base-2.7.0.aar (io.coil-kt:coil-compose-base:2.7.0) with LibrarySymbolTableTransform
Transforming accompanist-drawablepainter-0.32.0.aar (com.google.accompanist:accompanist-drawablepainter:0.32.0) with ExtractAarTransform
Transforming accompanist-drawablepainter-0.32.0.aar (com.google.accompanist:accompanist-drawablepainter:0.32.0) with LibrarySymbolTableTransform
Transforming zego_uikit_android-3.6.5.aar (com.github.ZEGOCLOUD:zego_uikit_android:3.6.5) with ExtractAarTransform
Transforming zego_uikit_android-3.6.5.aar (com.github.ZEGOCLOUD:zego_uikit_android:3.6.5) with LibrarySymbolTableTransform
Transforming material-1.11.0.aar (com.google.android.material:material:1.11.0) with ExtractAarTransform
Transforming material-1.11.0.aar (com.google.android.material:material:1.11.0) with LibrarySymbolTableTransform
Transforming constraintlayout-2.1.4.aar (androidx.constraintlayout:constraintlayout:2.1.4) with ExtractAarTransform
Transforming constraintlayout-2.1.4.aar (androidx.constraintlayout:constraintlayout:2.1.4) with LibrarySymbolTableTransform
Transforming coil-2.7.0.aar (io.coil-kt:coil:2.7.0) with ExtractAarTransform
Transforming coil-2.7.0.aar (io.coil-kt:coil:2.7.0) with LibrarySymbolTableTransform
Transforming coil-base-2.7.0.aar (io.coil-kt:coil-base:2.7.0) with ExtractAarTransform
Transforming coil-base-2.7.0.aar (io.coil-kt:coil-base:2.7.0) with LibrarySymbolTableTransform
Transforming appcompat-resources-1.6.1.aar (androidx.appcompat:appcompat-resources:1.6.1) with ExtractAarTransform
Transforming appcompat-resources-1.6.1.aar (androidx.appcompat:appcompat-resources:1.6.1) with LibrarySymbolTableTransform
Transforming zego_uikit_signaling_plugin_android-3.0.2.aar (com.github.ZEGOCLOUD:zego_uikit_signaling_plugin_android:3.0.2) with ExtractAarTransform
Transforming zego_uikit_signaling_plugin_android-3.0.2.aar (com.github.ZEGOCLOUD:zego_uikit_signaling_plugin_android:3.0.2) with LibrarySymbolTableTransform
Transforming zego_uikit_plugin_adapter_android-3.0.4.aar (com.github.ZEGOCLOUD:zego_uikit_plugin_adapter_android:3.0.4) with ExtractAarTransform
Transforming zego_uikit_plugin_adapter_android-3.0.4.aar (com.github.ZEGOCLOUD:zego_uikit_plugin_adapter_android:3.0.4) with LibrarySymbolTableTransform
Transforming permissionx-1.7.1.aar (com.guolindev.permissionx:permissionx:1.7.1) with ExtractAarTransform
Transforming permissionx-1.7.1.aar (com.guolindev.permissionx:permissionx:1.7.1) with LibrarySymbolTableTransform
Transforming appcompat-1.6.1.aar (androidx.appcompat:appcompat:1.6.1) with ExtractAarTransform
Transforming appcompat-1.6.1.aar (androidx.appcompat:appcompat:1.6.1) with LibrarySymbolTableTransform
Transforming viewpager2-1.0.0.aar (androidx.viewpager2:viewpager2:1.0.0) with ExtractAarTransform
Transforming viewpager2-1.0.0.aar (androidx.viewpager2:viewpager2:1.0.0) with LibrarySymbolTableTransform
Transforming glide-4.14.2.aar (com.github.bumptech.glide:glide:4.14.2) with ExtractAarTransform
Transforming glide-4.14.2.aar (com.github.bumptech.glide:glide:4.14.2) with LibrarySymbolTableTransform
Transforming firebase-messaging-23.2.1.aar (com.google.firebase:firebase-messaging:23.2.1) with ExtractAarTransform
Transforming firebase-messaging-23.2.1.aar (com.google.firebase:firebase-messaging:23.2.1) with LibrarySymbolTableTransform
Transforming firebase-datatransport-18.1.7.aar (com.google.firebase:firebase-datatransport:18.1.7) with ExtractAarTransform
Transforming firebase-datatransport-18.1.7.aar (com.google.firebase:firebase-datatransport:18.1.7) with LibrarySymbolTableTransform
Transforming firebase-installations-17.1.3.aar (com.google.firebase:firebase-installations:17.1.3) with ExtractAarTransform
Transforming firebase-installations-17.1.3.aar (com.google.firebase:firebase-installations:17.1.3) with LibrarySymbolTableTransform
Transforming firebase-common-20.3.1.aar (com.google.firebase:firebase-common:20.3.1) with ExtractAarTransform
Transforming firebase-common-20.3.1.aar (com.google.firebase:firebase-common:20.3.1) with LibrarySymbolTableTransform
Transforming play-services-base-18.0.1.aar (com.google.android.gms:play-services-base:18.0.1) with ExtractAarTransform
Transforming play-services-base-18.0.1.aar (com.google.android.gms:play-services-base:18.0.1) with LibrarySymbolTableTransform
Transforming play-services-stats-17.0.2.aar (com.google.android.gms:play-services-stats:17.0.2) with ExtractAarTransform
Transforming play-services-stats-17.0.2.aar (com.google.android.gms:play-services-stats:17.0.2) with LibrarySymbolTableTransform
Transforming firebase-measurement-connector-19.0.0.aar (com.google.firebase:firebase-measurement-connector:19.0.0) with ExtractAarTransform
Transforming firebase-measurement-connector-19.0.0.aar (com.google.firebase:firebase-measurement-connector:19.0.0) with LibrarySymbolTableTransform
Transforming firebase-iid-interop-17.1.0.aar (com.google.firebase:firebase-iid-interop:17.1.0) with ExtractAarTransform
Transforming firebase-iid-interop-17.1.0.aar (com.google.firebase:firebase-iid-interop:17.1.0) with LibrarySymbolTableTransform
Transforming play-services-cloud-messaging-17.0.1.aar (com.google.android.gms:play-services-cloud-messaging:17.0.1) with ExtractAarTransform
Transforming play-services-cloud-messaging-17.0.1.aar (com.google.android.gms:play-services-cloud-messaging:17.0.1) with LibrarySymbolTableTransform
Transforming firebase-installations-interop-17.1.0.aar (com.google.firebase:firebase-installations-interop:17.1.0) with ExtractAarTransform
Transforming firebase-installations-interop-17.1.0.aar (com.google.firebase:firebase-installations-interop:17.1.0) with LibrarySymbolTableTransform
Transforming play-services-tasks-18.0.2.aar (com.google.android.gms:play-services-tasks:18.0.2) with ExtractAarTransform
Transforming play-services-tasks-18.0.2.aar (com.google.android.gms:play-services-tasks:18.0.2) with LibrarySymbolTableTransform
Transforming play-services-basement-18.1.0.aar (com.google.android.gms:play-services-basement:18.1.0) with ExtractAarTransform
Transforming play-services-basement-18.1.0.aar (com.google.android.gms:play-services-basement:18.1.0) with LibrarySymbolTableTransform
Transforming fragment-1.8.9.aar (androidx.fragment:fragment:1.8.9) with ExtractAarTransform
Transforming fragment-1.8.9.aar (androidx.fragment:fragment:1.8.9) with LibrarySymbolTableTransform
Transforming fragment-1.8.9.aar (androidx.fragment:fragment:1.8.9) with ExtractAarTransform
Transforming fragment-1.8.9.aar (androidx.fragment:fragment:1.8.9) with LibrarySymbolTableTransform
Transforming fragment-ktx-1.8.9.aar (androidx.fragment:fragment-ktx:1.8.9) with ExtractAarTransform
Transforming fragment-ktx-1.8.9.aar (androidx.fragment:fragment-ktx:1.8.9) with LibrarySymbolTableTransform
Transforming material-ripple-release.aar (androidx.compose.material:material-ripple-android:1.7.0) with ExtractAarTransform
Transforming material-ripple-release.aar (androidx.compose.material:material-ripple-android:1.7.0) with LibrarySymbolTableTransform
Transforming foundation.aar (androidx.compose.foundation:foundation-android:1.10.0) with ExtractAarTransform
Transforming foundation.aar (androidx.compose.foundation:foundation-android:1.10.0) with LibrarySymbolTableTransform
Transforming ui-tooling-data.aar (androidx.compose.ui:ui-tooling-data-android:1.10.0) with ExtractAarTransform
Transforming ui-tooling-data.aar (androidx.compose.ui:ui-tooling-data-android:1.10.0) with LibrarySymbolTableTransform
Transforming ui-tooling-preview.aar (androidx.compose.ui:ui-tooling-preview-android:1.10.0) with ExtractAarTransform
Transforming ui-tooling-preview.aar (androidx.compose.ui:ui-tooling-preview-android:1.10.0) with LibrarySymbolTableTransform
Transforming ui-text.aar (androidx.compose.ui:ui-text-android:1.10.0) with ExtractAarTransform
Transforming ui-text.aar (androidx.compose.ui:ui-text-android:1.10.0) with LibrarySymbolTableTransform
Transforming ui-geometry.aar (androidx.compose.ui:ui-geometry-android:1.10.0) with ExtractAarTransform
Transforming ui-geometry.aar (androidx.compose.ui:ui-geometry-android:1.10.0) with LibrarySymbolTableTransform
Transforming ui-graphics.aar (androidx.compose.ui:ui-graphics-android:1.10.0) with ExtractAarTransform
Transforming ui-graphics.aar (androidx.compose.ui:ui-graphics-android:1.10.0) with LibrarySymbolTableTransform
Transforming ui-unit.aar (androidx.compose.ui:ui-unit-android:1.10.0) with ExtractAarTransform
Transforming ui-unit.aar (androidx.compose.ui:ui-unit-android:1.10.0) with LibrarySymbolTableTransform
Transforming ui-util.aar (androidx.compose.ui:ui-util-android:1.10.0) with ExtractAarTransform
Transforming ui-util.aar (androidx.compose.ui:ui-util-android:1.10.0) with LibrarySymbolTableTransform
Transforming ui-test-manifest-1.10.0.aar (androidx.compose.ui:ui-test-manifest:1.10.0) with ExtractAarTransform
Transforming ui-test-manifest-1.10.0.aar (androidx.compose.ui:ui-test-manifest:1.10.0) with LibrarySymbolTableTransform
Transforming activity-1.8.2.aar (androidx.activity:activity:1.8.2) with ExtractAarTransform
Transforming activity-1.8.2.aar (androidx.activity:activity:1.8.2) with LibrarySymbolTableTransform
Transforming activity-ktx-1.8.2.aar (androidx.activity:activity-ktx:1.8.2) with ExtractAarTransform
Transforming activity-ktx-1.8.2.aar (androidx.activity:activity-ktx:1.8.2) with LibrarySymbolTableTransform
Transforming activity-compose-1.8.2.aar (androidx.activity:activity-compose:1.8.2) with ExtractAarTransform
Transforming activity-compose-1.8.2.aar (androidx.activity:activity-compose:1.8.2) with LibrarySymbolTableTransform
Transforming material-icons-extended-release.aar (androidx.compose.material:material-icons-extended-android:1.7.0) with ExtractAarTransform
Transforming material-icons-extended-release.aar (androidx.compose.material:material-icons-extended-android:1.7.0) with LibrarySymbolTableTransform
Transforming material-icons-core-release.aar (androidx.compose.material:material-icons-core-android:1.7.0) with ExtractAarTransform
Transforming material-icons-core-release.aar (androidx.compose.material:material-icons-core-android:1.7.0) with LibrarySymbolTableTransform
Transforming runtime-retain.aar (androidx.compose.runtime:runtime-retain-android:1.10.0) with ExtractAarTransform
Transforming runtime-retain.aar (androidx.compose.runtime:runtime-retain-android:1.10.0) with LibrarySymbolTableTransform
Transforming runtime-annotation.aar (androidx.compose.runtime:runtime-annotation-android:1.10.0) with ExtractAarTransform
Transforming runtime-annotation.aar (androidx.compose.runtime:runtime-annotation-android:1.10.0) with LibrarySymbolTableTransform
Transforming transition-1.6.0.aar (androidx.transition:transition:1.6.0) with ExtractAarTransform
Transforming transition-1.6.0.aar (androidx.transition:transition:1.6.0) with LibrarySymbolTableTransform
Transforming dynamicanimation-1.0.0.aar (androidx.dynamicanimation:dynamicanimation:1.0.0) with ExtractAarTransform
Transforming dynamicanimation-1.0.0.aar (androidx.dynamicanimation:dynamicanimation:1.0.0) with LibrarySymbolTableTransform
Transforming legacy-support-core-utils-1.0.0.aar (androidx.legacy:legacy-support-core-utils:1.0.0) with ExtractAarTransform
Transforming legacy-support-core-utils-1.0.0.aar (androidx.legacy:legacy-support-core-utils:1.0.0) with LibrarySymbolTableTransform
Transforming loader-1.0.0.aar (androidx.loader:loader:1.0.0) with ExtractAarTransform
Transforming loader-1.0.0.aar (androidx.loader:loader:1.0.0) with LibrarySymbolTableTransform
Transforming loader-1.0.0.aar (androidx.loader:loader:1.0.0) with ExtractAarTransform
Transforming loader-1.0.0.aar (androidx.loader:loader:1.0.0) with LibrarySymbolTableTransform
Transforming emoji2-views-helper-1.4.0.aar (androidx.emoji2:emoji2-views-helper:1.4.0) with ExtractAarTransform
Transforming emoji2-views-helper-1.4.0.aar (androidx.emoji2:emoji2-views-helper:1.4.0) with LibrarySymbolTableTransform
Transforming emoji2-1.4.0.aar (androidx.emoji2:emoji2:1.4.0) with ExtractAarTransform
Transforming emoji2-1.4.0.aar (androidx.emoji2:emoji2:1.4.0) with LibrarySymbolTableTransform
Transforming coordinatorlayout-1.1.0.aar (androidx.coordinatorlayout:coordinatorlayout:1.1.0) with ExtractAarTransform
Transforming coordinatorlayout-1.1.0.aar (androidx.coordinatorlayout:coordinatorlayout:1.1.0) with LibrarySymbolTableTransform
Transforming drawerlayout-1.1.1.aar (androidx.drawerlayout:drawerlayout:1.1.1) with ExtractAarTransform
Transforming drawerlayout-1.1.1.aar (androidx.drawerlayout:drawerlayout:1.1.1) with LibrarySymbolTableTransform
Transforming vectordrawable-animated-1.1.0.aar (androidx.vectordrawable:vectordrawable-animated:1.1.0) with ExtractAarTransform
Transforming vectordrawable-animated-1.1.0.aar (androidx.vectordrawable:vectordrawable-animated:1.1.0) with LibrarySymbolTableTransform
Transforming vectordrawable-1.1.0.aar (androidx.vectordrawable:vectordrawable:1.1.0) with ExtractAarTransform
Transforming vectordrawable-1.1.0.aar (androidx.vectordrawable:vectordrawable:1.1.0) with LibrarySymbolTableTransform
Transforming vectordrawable-1.1.0.aar (androidx.vectordrawable:vectordrawable:1.1.0) with ExtractAarTransform
Transforming vectordrawable-1.1.0.aar (androidx.vectordrawable:vectordrawable:1.1.0) with LibrarySymbolTableTransform
Transforming recyclerview-1.1.0.aar (androidx.recyclerview:recyclerview:1.1.0) with ExtractAarTransform
Transforming recyclerview-1.1.0.aar (androidx.recyclerview:recyclerview:1.1.0) with LibrarySymbolTableTransform
Transforming recyclerview-1.1.0.aar (androidx.recyclerview:recyclerview:1.1.0) with ExtractAarTransform
Transforming recyclerview-1.1.0.aar (androidx.recyclerview:recyclerview:1.1.0) with LibrarySymbolTableTransform
Transforming viewpager-1.0.0.aar (androidx.viewpager:viewpager:1.0.0) with ExtractAarTransform
Transforming viewpager-1.0.0.aar (androidx.viewpager:viewpager:1.0.0) with LibrarySymbolTableTransform
Transforming customview-1.1.0.aar (androidx.customview:customview:1.1.0) with ExtractAarTransform
Transforming customview-1.1.0.aar (androidx.customview:customview:1.1.0) with LibrarySymbolTableTransform
Transforming customview-poolingcontainer-1.0.0.aar (androidx.customview:customview-poolingcontainer:1.0.0) with ExtractAarTransform
Transforming customview-poolingcontainer-1.0.0.aar (androidx.customview:customview-poolingcontainer:1.0.0) with LibrarySymbolTableTransform
Transforming core-ktx-1.16.0.aar (androidx.core:core-ktx:1.16.0) with ExtractAarTransform
Transforming core-ktx-1.16.0.aar (androidx.core:core-ktx:1.16.0) with LibrarySymbolTableTransform
Transforming autofill-1.0.0.aar (androidx.autofill:autofill:1.0.0) with ExtractAarTransform
Transforming autofill-1.0.0.aar (androidx.autofill:autofill:1.0.0) with LibrarySymbolTableTransform
Transforming window-core.aar (androidx.window:window-core-android:1.5.0) with ExtractAarTransform
Transforming window-core.aar (androidx.window:window-core-android:1.5.0) with LibrarySymbolTableTransform
Transforming window-1.5.0.aar (androidx.window:window:1.5.0) with ExtractAarTransform
Transforming window-1.5.0.aar (androidx.window:window:1.5.0) with LibrarySymbolTableTransform
Transforming graphics-path-1.0.1.aar (androidx.graphics:graphics-path:1.0.1) with ExtractAarTransform
Transforming graphics-path-1.0.1.aar (androidx.graphics:graphics-path:1.0.1) with LibrarySymbolTableTransform
Transforming core-1.16.0.aar (androidx.core:core:1.16.0) with ExtractAarTransform
Transforming core-1.16.0.aar (androidx.core:core:1.16.0) with LibrarySymbolTableTransform
Transforming core-1.16.0.aar (androidx.core:core:1.16.0) with ExtractAarTransform
Transforming core-1.16.0.aar (androidx.core:core:1.16.0) with LibrarySymbolTableTransform
Transforming lifecycle-viewmodel-2.9.4.aar (androidx.lifecycle:lifecycle-viewmodel:2.9.4) with ExtractAarTransform
Transforming lifecycle-viewmodel-2.9.4.aar (androidx.lifecycle:lifecycle-viewmodel:2.9.4) with LibrarySymbolTableTransform
Transforming lifecycle-viewmodel-release.aar (androidx.lifecycle:lifecycle-viewmodel-android:2.9.4) with ExtractAarTransform
Transforming lifecycle-viewmodel-release.aar (androidx.lifecycle:lifecycle-viewmodel-android:2.9.4) with LibrarySymbolTableTransform
Transforming lifecycle-runtime-ktx.aar (androidx.lifecycle:lifecycle-runtime-ktx-android:2.9.4) with ExtractAarTransform
Transforming lifecycle-runtime-ktx.aar (androidx.lifecycle:lifecycle-runtime-ktx-android:2.9.4) with LibrarySymbolTableTransform
Transforming lifecycle-runtime-release.aar (androidx.lifecycle:lifecycle-runtime-android:2.9.4) with ExtractAarTransform
Transforming lifecycle-runtime-release.aar (androidx.lifecycle:lifecycle-runtime-android:2.9.4) with LibrarySymbolTableTransform
Transforming lifecycle-viewmodel-ktx-2.9.4.aar (androidx.lifecycle:lifecycle-viewmodel-ktx:2.9.4) with ExtractAarTransform
Transforming lifecycle-viewmodel-ktx-2.9.4.aar (androidx.lifecycle:lifecycle-viewmodel-ktx:2.9.4) with LibrarySymbolTableTransform
Transforming lifecycle-process-2.9.4.aar (androidx.lifecycle:lifecycle-process:2.9.4) with ExtractAarTransform
Transforming lifecycle-process-2.9.4.aar (androidx.lifecycle:lifecycle-process:2.9.4) with LibrarySymbolTableTransform
Transforming lifecycle-livedata-core-ktx-2.9.4.aar (androidx.lifecycle:lifecycle-livedata-core-ktx:2.9.4) with ExtractAarTransform
Transforming lifecycle-livedata-core-ktx-2.9.4.aar (androidx.lifecycle:lifecycle-livedata-core-ktx:2.9.4) with LibrarySymbolTableTransform
Transforming lifecycle-livedata-core-2.9.4.aar (androidx.lifecycle:lifecycle-livedata-core:2.9.4) with ExtractAarTransform
Transforming lifecycle-livedata-core-2.9.4.aar (androidx.lifecycle:lifecycle-livedata-core:2.9.4) with LibrarySymbolTableTransform
Transforming lifecycle-livedata-2.9.4.aar (androidx.lifecycle:lifecycle-livedata:2.9.4) with ExtractAarTransform
Transforming lifecycle-livedata-2.9.4.aar (androidx.lifecycle:lifecycle-livedata:2.9.4) with LibrarySymbolTableTransform
Transforming lifecycle-viewmodel-savedstate-release.aar (androidx.lifecycle:lifecycle-viewmodel-savedstate-android:2.9.4) with ExtractAarTransform
Transforming lifecycle-viewmodel-savedstate-release.aar (androidx.lifecycle:lifecycle-viewmodel-savedstate-android:2.9.4) with LibrarySymbolTableTransform
Transforming savedstate-release.aar (androidx.savedstate:savedstate-android:1.3.2) with ExtractAarTransform
Transforming savedstate-release.aar (androidx.savedstate:savedstate-android:1.3.2) with LibrarySymbolTableTransform
Transforming savedstate-ktx-1.3.2.aar (androidx.savedstate:savedstate-ktx:1.3.2) with ExtractAarTransform
Transforming savedstate-ktx-1.3.2.aar (androidx.savedstate:savedstate-ktx:1.3.2) with LibrarySymbolTableTransform
Transforming savedstate-compose.aar (androidx.savedstate:savedstate-compose-android:1.3.2) with ExtractAarTransform
Transforming savedstate-compose.aar (androidx.savedstate:savedstate-compose-android:1.3.2) with LibrarySymbolTableTransform
Transforming runtime.aar (androidx.compose.runtime:runtime-android:1.10.0) with ExtractAarTransform
Transforming runtime.aar (androidx.compose.runtime:runtime-android:1.10.0) with LibrarySymbolTableTransform
Transforming runtime-saveable.aar (androidx.compose.runtime:runtime-saveable-android:1.10.0) with ExtractAarTransform
Transforming runtime-saveable.aar (androidx.compose.runtime:runtime-saveable-android:1.10.0) with LibrarySymbolTableTransform
Transforming lifecycle-runtime-compose-release.aar (androidx.lifecycle:lifecycle-runtime-compose-android:2.9.4) with ExtractAarTransform
Transforming lifecycle-runtime-compose-release.aar (androidx.lifecycle:lifecycle-runtime-compose-android:2.9.4) with LibrarySymbolTableTransform
Transforming lifecycle-viewmodel-compose-release.aar (androidx.lifecycle:lifecycle-viewmodel-compose-android:2.9.4) with ExtractAarTransform
Transforming lifecycle-viewmodel-compose-release.aar (androidx.lifecycle:lifecycle-viewmodel-compose-android:2.9.4) with LibrarySymbolTableTransform
Transforming ui.aar (androidx.compose.ui:ui-android:1.10.0) with ExtractAarTransform
Transforming ui.aar (androidx.compose.ui:ui-android:1.10.0) with LibrarySymbolTableTransform
Transforming ui-tooling.aar (androidx.compose.ui:ui-tooling-android:1.10.0) with ExtractAarTransform
Transforming ui-tooling.aar (androidx.compose.ui:ui-tooling-android:1.10.0) with LibrarySymbolTableTransform
Transforming material-release.aar (androidx.compose.material:material-android:1.7.0) with ExtractAarTransform
Transforming material-release.aar (androidx.compose.material:material-android:1.7.0) with LibrarySymbolTableTransform
Transforming animation-core.aar (androidx.compose.animation:animation-core-android:1.10.0) with ExtractAarTransform
Transforming animation-core.aar (androidx.compose.animation:animation-core-android:1.10.0) with LibrarySymbolTableTransform
Transforming animation.aar (androidx.compose.animation:animation-android:1.10.0) with ExtractAarTransform
Transforming animation.aar (androidx.compose.animation:animation-android:1.10.0) with LibrarySymbolTableTransform
Transforming foundation-layout.aar (androidx.compose.foundation:foundation-layout-android:1.10.0) with ExtractAarTransform
Transforming foundation-layout.aar (androidx.compose.foundation:foundation-layout-android:1.10.0) with LibrarySymbolTableTransform
Transforming annotation-experimental-1.5.0.aar (androidx.annotation:annotation-experimental:1.5.0) with ExtractAarTransform
Transforming annotation-experimental-1.5.0.aar (androidx.annotation:annotation-experimental:1.5.0) with LibrarySymbolTableTransform
Transforming filament-utils-android-1.66.0.aar (com.google.android.filament:filament-utils-android:1.66.0) with ExtractAarTransform
Transforming filament-utils-android-1.66.0.aar (com.google.android.filament:filament-utils-android:1.66.0) with LibrarySymbolTableTransform
Transforming cardview-1.0.0.aar (androidx.cardview:cardview:1.0.0) with ExtractAarTransform
Transforming cardview-1.0.0.aar (androidx.cardview:cardview:1.0.0) with LibrarySymbolTableTransform
Transforming mmkv-1.3.14.aar (com.tencent:mmkv:1.3.14) with ExtractAarTransform
Transforming mmkv-1.3.14.aar (com.tencent:mmkv:1.3.14) with LibrarySymbolTableTransform
Transforming gltfio-android-1.66.0.aar (com.google.android.filament:gltfio-android:1.66.0) with ExtractAarTransform
Transforming gltfio-android-1.66.0.aar (com.google.android.filament:gltfio-android:1.66.0) with LibrarySymbolTableTransform
Transforming filament-android-1.66.0.aar (com.google.android.filament:filament-android:1.66.0) with ExtractAarTransform
Transforming filament-android-1.66.0.aar (com.google.android.filament:filament-android:1.66.0) with LibrarySymbolTableTransform
Transforming core-runtime-2.2.0.aar (androidx.arch.core:core-runtime:2.2.0) with ExtractAarTransform
Transforming core-runtime-2.2.0.aar (androidx.arch.core:core-runtime:2.2.0) with LibrarySymbolTableTransform
Transforming cursoradapter-1.0.0.aar (androidx.cursoradapter:cursoradapter:1.0.0) with ExtractAarTransform
Transforming cursoradapter-1.0.0.aar (androidx.cursoradapter:cursoradapter:1.0.0) with LibrarySymbolTableTransform
Transforming firebase-components-17.1.0.aar (com.google.firebase:firebase-components:17.1.0) with ExtractAarTransform
Transforming firebase-components-17.1.0.aar (com.google.firebase:firebase-components:17.1.0) with LibrarySymbolTableTransform
Transforming transport-backend-cct-3.1.8.aar (com.google.android.datatransport:transport-backend-cct:3.1.8) with ExtractAarTransform
Transforming transport-backend-cct-3.1.8.aar (com.google.android.datatransport:transport-backend-cct:3.1.8) with LibrarySymbolTableTransform
Transforming transport-runtime-3.1.8.aar (com.google.android.datatransport:transport-runtime:3.1.8) with ExtractAarTransform
Transforming transport-runtime-3.1.8.aar (com.google.android.datatransport:transport-runtime:3.1.8) with LibrarySymbolTableTransform
Transforming transport-api-3.0.0.aar (com.google.android.datatransport:transport-api:3.0.0) with ExtractAarTransform
Transforming transport-api-3.0.0.aar (com.google.android.datatransport:transport-api:3.0.0) with LibrarySymbolTableTransform
Transforming firebase-encoders-json-18.0.0.aar (com.google.firebase:firebase-encoders-json:18.0.0) with ExtractAarTransform
Transforming firebase-encoders-json-18.0.0.aar (com.google.firebase:firebase-encoders-json:18.0.0) with LibrarySymbolTableTransform
Transforming versionedparcelable-1.1.1.aar (androidx.versionedparcelable:versionedparcelable:1.1.1) with ExtractAarTransform
Transforming versionedparcelable-1.1.1.aar (androidx.versionedparcelable:versionedparcelable:1.1.1) with LibrarySymbolTableTransform
Transforming sqlite-framework.aar (androidx.sqlite:sqlite-framework-android:2.6.1) with ExtractAarTransform
Transforming sqlite-framework.aar (androidx.sqlite:sqlite-framework-android:2.6.1) with LibrarySymbolTableTransform
Transforming sqlite.aar (androidx.sqlite:sqlite-android:2.6.1) with ExtractAarTransform
Transforming sqlite.aar (androidx.sqlite:sqlite-android:2.6.1) with LibrarySymbolTableTransform
Transforming profileinstaller-1.4.0.aar (androidx.profileinstaller:profileinstaller:1.4.0) with ExtractAarTransform
Transforming profileinstaller-1.4.0.aar (androidx.profileinstaller:profileinstaller:1.4.0) with LibrarySymbolTableTransform
Transforming startup-runtime-1.1.1.aar (androidx.startup:startup-runtime:1.1.1) with ExtractAarTransform
Transforming startup-runtime-1.1.1.aar (androidx.startup:startup-runtime:1.1.1) with LibrarySymbolTableTransform
Transforming tracing-1.2.0.aar (androidx.tracing:tracing:1.2.0) with ExtractAarTransform
Transforming tracing-1.2.0.aar (androidx.tracing:tracing:1.2.0) with LibrarySymbolTableTransform
Transforming interpolator-1.0.0.aar (androidx.interpolator:interpolator:1.0.0) with ExtractAarTransform
Transforming interpolator-1.0.0.aar (androidx.interpolator:interpolator:1.0.0) with LibrarySymbolTableTransform
Transforming interpolator-1.0.0.aar (androidx.interpolator:interpolator:1.0.0) with ExtractAarTransform
Transforming interpolator-1.0.0.aar (androidx.interpolator:interpolator:1.0.0) with LibrarySymbolTableTransform
Transforming exifinterface-1.3.7.aar (androidx.exifinterface:exifinterface:1.3.7) with ExtractAarTransform
Transforming exifinterface-1.3.7.aar (androidx.exifinterface:exifinterface:1.3.7) with LibrarySymbolTableTransform
Transforming documentfile-1.0.0.aar (androidx.documentfile:documentfile:1.0.0) with ExtractAarTransform
Transforming documentfile-1.0.0.aar (androidx.documentfile:documentfile:1.0.0) with LibrarySymbolTableTransform
Transforming localbroadcastmanager-1.0.0.aar (androidx.localbroadcastmanager:localbroadcastmanager:1.0.0) with ExtractAarTransform
Transforming localbroadcastmanager-1.0.0.aar (androidx.localbroadcastmanager:localbroadcastmanager:1.0.0) with LibrarySymbolTableTransform
Transforming print-1.0.0.aar (androidx.print:print:1.0.0) with ExtractAarTransform
Transforming print-1.0.0.aar (androidx.print:print:1.0.0) with LibrarySymbolTableTransform
Transforming gifdecoder-4.14.2.aar (com.github.bumptech.glide:gifdecoder:4.14.2) with ExtractAarTransform
Transforming gifdecoder-4.14.2.aar (com.github.bumptech.glide:gifdecoder:4.14.2) with LibrarySymbolTableTransform
Transforming viewbinding-7.2.2.aar (androidx.databinding:viewbinding:7.2.2) with ExtractAarTransform
Transforming viewbinding-7.2.2.aar (androidx.databinding:viewbinding:7.2.2) with LibrarySymbolTableTransform
Transforming core-viewtree-1.0.0.aar (androidx.core:core-viewtree:1.0.0) with ExtractAarTransform
Transforming core-viewtree-1.0.0.aar (androidx.core:core-viewtree:1.0.0) with LibrarySymbolTableTransform
Transforming timber-4.7.1.aar (com.jakewharton.timber:timber:4.7.1) with ExtractAarTransform
Transforming timber-4.7.1.aar (com.jakewharton.timber:timber:4.7.1) with LibrarySymbolTableTransform
Transforming zpns-fcm-2.8.0.aar (im.zego:zpns-fcm:2.8.0) with ExtractAarTransform
Transforming zpns-fcm-2.8.0.aar (im.zego:zpns-fcm:2.8.0) with LibrarySymbolTableTransform
Transforming express-video-3.23.0.aar (im.zego:express-video:3.23.0) with ExtractAarTransform
Transforming express-video-3.23.0.aar (im.zego:express-video:3.23.0) with LibrarySymbolTableTransform
Transforming uikitreport-0.5.1.aar (im.zego:uikitreport:0.5.1) with ExtractAarTransform
Transforming uikitreport-0.5.1.aar (im.zego:uikitreport:0.5.1) with LibrarySymbolTableTransform
Transforming zim-2.21.1.aar (im.zego:zim:2.21.1) with ExtractAarTransform
Transforming zim-2.21.1.aar (im.zego:zim:2.21.1) with LibrarySymbolTableTransform
Transforming zpns-2.8.0.aar (im.zego:zpns:2.8.0) with ExtractAarTransform
Transforming zpns-2.8.0.aar (im.zego:zpns:2.8.0) with LibrarySymbolTableTransform
Transforming xlog-1.10.1.aar (com.elvishew:xlog:1.10.1) with ExtractAarTransform
Transforming xlog-1.10.1.aar (com.elvishew:xlog:1.10.1) with LibrarySymbolTableTransform
Caching disabled for task ':app:processDebugResources' because:
  Build cache is disabled
Skipping task ':app:processDebugResources' as it is up-to-date.
Resolve mutations for :app:kspDebugKotlin (Thread[Execution worker Thread 10,5,main]) started.
:app:kspDebugKotlin (Thread[Execution worker Thread 10,5,main]) started.
Resolve mutations for :app:javaPreCompileDebug (Thread[Execution worker Thread 6,5,main]) started.
:app:javaPreCompileDebug (Thread[Execution worker Thread 6,5,main]) started.

> Task :app:javaPreCompileDebug UP-TO-DATE
Caching disabled for task ':app:javaPreCompileDebug' because:
  Build cache is disabled
Skipping task ':app:javaPreCompileDebug' as it is up-to-date.
Resolve mutations for :app:mergeDebugShaders (Thread[Execution worker Thread 6,5,main]) started.
:app:mergeDebugShaders (Thread[Execution worker Thread 6,5,main]) started.

> Task :app:mergeDebugShaders UP-TO-DATE
Caching disabled for task ':app:mergeDebugShaders' because:
  Build cache is disabled
  Simple merging task
Skipping task ':app:mergeDebugShaders' as it is up-to-date.
Resolve mutations for :app:compileDebugShaders (Thread[Execution worker Thread 6,5,main]) started.
:app:compileDebugShaders (Thread[Execution worker Thread 6,5,main]) started.

> Task :app:compileDebugShaders NO-SOURCE
Skipping task ':app:compileDebugShaders' as it has no source files and no previous output files.
Resolve mutations for :app:generateDebugAssets (Thread[Execution worker Thread 6,5,main]) started.
:app:generateDebugAssets (Thread[Execution worker Thread 6,5,main]) started.

> Task :app:generateDebugAssets UP-TO-DATE
Skipping task ':app:generateDebugAssets' as it has no actions.
Resolve mutations for :app:mergeDebugAssets (Thread[Execution worker Thread 6,5,main]) started.
:app:mergeDebugAssets (Thread[Execution worker Thread 6,5,main]) started.

> Task :app:mergeDebugAssets UP-TO-DATE
Transforming room-runtime.aar (androidx.room:room-runtime-android:2.8.2) with ExtractAarTransform
Transforming room-runtime.aar (androidx.room:room-runtime-android:2.8.2) with AarTransform
Transforming room-ktx-2.8.2.aar (androidx.room:room-ktx:2.8.2) with ExtractAarTransform
Transforming room-ktx-2.8.2.aar (androidx.room:room-ktx:2.8.2) with AarTransform
Transforming core-splashscreen-1.0.1.aar (androidx.core:core-splashscreen:1.0.1) with ExtractAarTransform
Transforming core-splashscreen-1.0.1.aar (androidx.core:core-splashscreen:1.0.1) with AarTransform
Transforming navigation-common-2.7.0.aar (androidx.navigation:navigation-common:2.7.0) with ExtractAarTransform
Transforming navigation-common-2.7.0.aar (androidx.navigation:navigation-common:2.7.0) with AarTransform
Transforming navigation-runtime-2.7.0.aar (androidx.navigation:navigation-runtime:2.7.0) with ExtractAarTransform
Transforming navigation-runtime-2.7.0.aar (androidx.navigation:navigation-runtime:2.7.0) with AarTransform
Transforming navigation-common-ktx-2.7.0.aar (androidx.navigation:navigation-common-ktx:2.7.0) with ExtractAarTransform
Transforming navigation-common-ktx-2.7.0.aar (androidx.navigation:navigation-common-ktx:2.7.0) with AarTransform
Transforming navigation-runtime-ktx-2.7.0.aar (androidx.navigation:navigation-runtime-ktx:2.7.0) with ExtractAarTransform
Transforming navigation-runtime-ktx-2.7.0.aar (androidx.navigation:navigation-runtime-ktx:2.7.0) with AarTransform
Transforming navigation-compose-2.7.0.aar (androidx.navigation:navigation-compose:2.7.0) with ExtractAarTransform
Transforming navigation-compose-2.7.0.aar (androidx.navigation:navigation-compose:2.7.0) with AarTransform
Transforming coil-compose-2.7.0.aar (io.coil-kt:coil-compose:2.7.0) with ExtractAarTransform
Transforming coil-compose-2.7.0.aar (io.coil-kt:coil-compose:2.7.0) with AarTransform
Transforming zego_uikit_prebuilt_call_android-3.9.10.aar (com.github.ZEGOCLOUD:zego_uikit_prebuilt_call_android:3.9.10) with ExtractAarTransform
Transforming zego_uikit_prebuilt_call_android-3.9.10.aar (com.github.ZEGOCLOUD:zego_uikit_prebuilt_call_android:3.9.10) with AarTransform
Transforming sceneview-2.3.1.aar (io.github.sceneview:sceneview:2.3.1) with ExtractAarTransform
Transforming sceneview-2.3.1.aar (io.github.sceneview:sceneview:2.3.1) with AarTransform
Transforming material3-release.aar (androidx.compose.material3:material3-android:1.3.0) with ExtractAarTransform
Transforming material3-release.aar (androidx.compose.material3:material3-android:1.3.0) with AarTransform
Transforming coil-compose-base-2.7.0.aar (io.coil-kt:coil-compose-base:2.7.0) with ExtractAarTransform
Transforming coil-compose-base-2.7.0.aar (io.coil-kt:coil-compose-base:2.7.0) with AarTransform
Transforming accompanist-drawablepainter-0.32.0.aar (com.google.accompanist:accompanist-drawablepainter:0.32.0) with ExtractAarTransform
Transforming accompanist-drawablepainter-0.32.0.aar (com.google.accompanist:accompanist-drawablepainter:0.32.0) with AarTransform
Transforming zego_uikit_android-3.6.5.aar (com.github.ZEGOCLOUD:zego_uikit_android:3.6.5) with ExtractAarTransform
Transforming zego_uikit_android-3.6.5.aar (com.github.ZEGOCLOUD:zego_uikit_android:3.6.5) with AarTransform
Transforming material-1.11.0.aar (com.google.android.material:material:1.11.0) with ExtractAarTransform
Transforming material-1.11.0.aar (com.google.android.material:material:1.11.0) with AarTransform
Transforming constraintlayout-2.1.4.aar (androidx.constraintlayout:constraintlayout:2.1.4) with ExtractAarTransform
Transforming constraintlayout-2.1.4.aar (androidx.constraintlayout:constraintlayout:2.1.4) with AarTransform
Transforming coil-2.7.0.aar (io.coil-kt:coil:2.7.0) with ExtractAarTransform
Transforming coil-2.7.0.aar (io.coil-kt:coil:2.7.0) with AarTransform
Transforming coil-base-2.7.0.aar (io.coil-kt:coil-base:2.7.0) with ExtractAarTransform
Transforming coil-base-2.7.0.aar (io.coil-kt:coil-base:2.7.0) with AarTransform
Transforming appcompat-resources-1.6.1.aar (androidx.appcompat:appcompat-resources:1.6.1) with ExtractAarTransform
Transforming appcompat-resources-1.6.1.aar (androidx.appcompat:appcompat-resources:1.6.1) with AarTransform
Transforming zego_uikit_signaling_plugin_android-3.0.2.aar (com.github.ZEGOCLOUD:zego_uikit_signaling_plugin_android:3.0.2) with ExtractAarTransform
Transforming zego_uikit_signaling_plugin_android-3.0.2.aar (com.github.ZEGOCLOUD:zego_uikit_signaling_plugin_android:3.0.2) with AarTransform
Transforming zego_uikit_plugin_adapter_android-3.0.4.aar (com.github.ZEGOCLOUD:zego_uikit_plugin_adapter_android:3.0.4) with ExtractAarTransform
Transforming zego_uikit_plugin_adapter_android-3.0.4.aar (com.github.ZEGOCLOUD:zego_uikit_plugin_adapter_android:3.0.4) with AarTransform
Transforming permissionx-1.7.1.aar (com.guolindev.permissionx:permissionx:1.7.1) with ExtractAarTransform
Transforming permissionx-1.7.1.aar (com.guolindev.permissionx:permissionx:1.7.1) with AarTransform
Transforming appcompat-1.6.1.aar (androidx.appcompat:appcompat:1.6.1) with ExtractAarTransform
Transforming appcompat-1.6.1.aar (androidx.appcompat:appcompat:1.6.1) with AarTransform
Transforming viewpager2-1.0.0.aar (androidx.viewpager2:viewpager2:1.0.0) with ExtractAarTransform
Transforming viewpager2-1.0.0.aar (androidx.viewpager2:viewpager2:1.0.0) with AarTransform
Transforming glide-4.14.2.aar (com.github.bumptech.glide:glide:4.14.2) with ExtractAarTransform
Transforming glide-4.14.2.aar (com.github.bumptech.glide:glide:4.14.2) with AarTransform
Transforming firebase-messaging-23.2.1.aar (com.google.firebase:firebase-messaging:23.2.1) with ExtractAarTransform
Transforming firebase-messaging-23.2.1.aar (com.google.firebase:firebase-messaging:23.2.1) with AarTransform
Transforming firebase-datatransport-18.1.7.aar (com.google.firebase:firebase-datatransport:18.1.7) with ExtractAarTransform
Transforming firebase-datatransport-18.1.7.aar (com.google.firebase:firebase-datatransport:18.1.7) with AarTransform
Transforming firebase-installations-17.1.3.aar (com.google.firebase:firebase-installations:17.1.3) with ExtractAarTransform
Transforming firebase-installations-17.1.3.aar (com.google.firebase:firebase-installations:17.1.3) with AarTransform
Transforming firebase-common-20.3.1.aar (com.google.firebase:firebase-common:20.3.1) with ExtractAarTransform
Transforming firebase-common-20.3.1.aar (com.google.firebase:firebase-common:20.3.1) with AarTransform
Transforming play-services-base-18.0.1.aar (com.google.android.gms:play-services-base:18.0.1) with ExtractAarTransform
Transforming play-services-base-18.0.1.aar (com.google.android.gms:play-services-base:18.0.1) with AarTransform
Transforming play-services-stats-17.0.2.aar (com.google.android.gms:play-services-stats:17.0.2) with ExtractAarTransform
Transforming play-services-stats-17.0.2.aar (com.google.android.gms:play-services-stats:17.0.2) with AarTransform
Transforming firebase-measurement-connector-19.0.0.aar (com.google.firebase:firebase-measurement-connector:19.0.0) with ExtractAarTransform
Transforming firebase-measurement-connector-19.0.0.aar (com.google.firebase:firebase-measurement-connector:19.0.0) with AarTransform
Transforming firebase-iid-interop-17.1.0.aar (com.google.firebase:firebase-iid-interop:17.1.0) with ExtractAarTransform
Transforming firebase-iid-interop-17.1.0.aar (com.google.firebase:firebase-iid-interop:17.1.0) with AarTransform
Transforming play-services-cloud-messaging-17.0.1.aar (com.google.android.gms:play-services-cloud-messaging:17.0.1) with ExtractAarTransform
Transforming play-services-cloud-messaging-17.0.1.aar (com.google.android.gms:play-services-cloud-messaging:17.0.1) with AarTransform
Transforming firebase-installations-interop-17.1.0.aar (com.google.firebase:firebase-installations-interop:17.1.0) with ExtractAarTransform
Transforming firebase-installations-interop-17.1.0.aar (com.google.firebase:firebase-installations-interop:17.1.0) with AarTransform
Transforming play-services-tasks-18.0.2.aar (com.google.android.gms:play-services-tasks:18.0.2) with ExtractAarTransform
Transforming play-services-tasks-18.0.2.aar (com.google.android.gms:play-services-tasks:18.0.2) with AarTransform
Transforming play-services-basement-18.1.0.aar (com.google.android.gms:play-services-basement:18.1.0) with ExtractAarTransform
Transforming play-services-basement-18.1.0.aar (com.google.android.gms:play-services-basement:18.1.0) with AarTransform
Transforming fragment-1.8.9.aar (androidx.fragment:fragment:1.8.9) with ExtractAarTransform
Transforming fragment-1.8.9.aar (androidx.fragment:fragment:1.8.9) with AarTransform
Transforming fragment-1.8.9.aar (androidx.fragment:fragment:1.8.9) with ExtractAarTransform
Transforming fragment-1.8.9.aar (androidx.fragment:fragment:1.8.9) with AarTransform
Transforming fragment-ktx-1.8.9.aar (androidx.fragment:fragment-ktx:1.8.9) with ExtractAarTransform
Transforming fragment-ktx-1.8.9.aar (androidx.fragment:fragment-ktx:1.8.9) with AarTransform
Transforming material-ripple-release.aar (androidx.compose.material:material-ripple-android:1.7.0) with ExtractAarTransform
Transforming material-ripple-release.aar (androidx.compose.material:material-ripple-android:1.7.0) with AarTransform
Transforming foundation.aar (androidx.compose.foundation:foundation-android:1.10.0) with ExtractAarTransform
Transforming foundation.aar (androidx.compose.foundation:foundation-android:1.10.0) with AarTransform
Transforming ui-tooling-data.aar (androidx.compose.ui:ui-tooling-data-android:1.10.0) with ExtractAarTransform
Transforming ui-tooling-data.aar (androidx.compose.ui:ui-tooling-data-android:1.10.0) with AarTransform
Transforming ui-tooling-preview.aar (androidx.compose.ui:ui-tooling-preview-android:1.10.0) with ExtractAarTransform
Transforming ui-tooling-preview.aar (androidx.compose.ui:ui-tooling-preview-android:1.10.0) with AarTransform
Transforming ui-text.aar (androidx.compose.ui:ui-text-android:1.10.0) with ExtractAarTransform
Transforming ui-text.aar (androidx.compose.ui:ui-text-android:1.10.0) with AarTransform
Transforming ui-geometry.aar (androidx.compose.ui:ui-geometry-android:1.10.0) with ExtractAarTransform
Transforming ui-geometry.aar (androidx.compose.ui:ui-geometry-android:1.10.0) with AarTransform
Transforming ui-graphics.aar (androidx.compose.ui:ui-graphics-android:1.10.0) with ExtractAarTransform
Transforming ui-graphics.aar (androidx.compose.ui:ui-graphics-android:1.10.0) with AarTransform
Transforming ui-unit.aar (androidx.compose.ui:ui-unit-android:1.10.0) with ExtractAarTransform
Transforming ui-unit.aar (androidx.compose.ui:ui-unit-android:1.10.0) with AarTransform
Transforming ui-util.aar (androidx.compose.ui:ui-util-android:1.10.0) with ExtractAarTransform
Transforming ui-util.aar (androidx.compose.ui:ui-util-android:1.10.0) with AarTransform
Transforming ui-test-manifest-1.10.0.aar (androidx.compose.ui:ui-test-manifest:1.10.0) with ExtractAarTransform
Transforming ui-test-manifest-1.10.0.aar (androidx.compose.ui:ui-test-manifest:1.10.0) with AarTransform
Transforming activity-1.8.2.aar (androidx.activity:activity:1.8.2) with ExtractAarTransform
Transforming activity-1.8.2.aar (androidx.activity:activity:1.8.2) with AarTransform
Transforming activity-ktx-1.8.2.aar (androidx.activity:activity-ktx:1.8.2) with ExtractAarTransform
Transforming activity-ktx-1.8.2.aar (androidx.activity:activity-ktx:1.8.2) with AarTransform
Transforming activity-compose-1.8.2.aar (androidx.activity:activity-compose:1.8.2) with ExtractAarTransform
Transforming activity-compose-1.8.2.aar (androidx.activity:activity-compose:1.8.2) with AarTransform
Transforming material-icons-extended-release.aar (androidx.compose.material:material-icons-extended-android:1.7.0) with ExtractAarTransform
Transforming material-icons-extended-release.aar (androidx.compose.material:material-icons-extended-android:1.7.0) with AarTransform
Transforming material-icons-core-release.aar (androidx.compose.material:material-icons-core-android:1.7.0) with ExtractAarTransform
Transforming material-icons-core-release.aar (androidx.compose.material:material-icons-core-android:1.7.0) with AarTransform
Transforming runtime-retain.aar (androidx.compose.runtime:runtime-retain-android:1.10.0) with ExtractAarTransform
Transforming runtime-retain.aar (androidx.compose.runtime:runtime-retain-android:1.10.0) with AarTransform
Transforming runtime-annotation.aar (androidx.compose.runtime:runtime-annotation-android:1.10.0) with ExtractAarTransform
Transforming runtime-annotation.aar (androidx.compose.runtime:runtime-annotation-android:1.10.0) with AarTransform
Transforming transition-1.6.0.aar (androidx.transition:transition:1.6.0) with ExtractAarTransform
Transforming transition-1.6.0.aar (androidx.transition:transition:1.6.0) with AarTransform
Transforming dynamicanimation-1.0.0.aar (androidx.dynamicanimation:dynamicanimation:1.0.0) with ExtractAarTransform
Transforming dynamicanimation-1.0.0.aar (androidx.dynamicanimation:dynamicanimation:1.0.0) with AarTransform
Transforming legacy-support-core-utils-1.0.0.aar (androidx.legacy:legacy-support-core-utils:1.0.0) with ExtractAarTransform
Transforming legacy-support-core-utils-1.0.0.aar (androidx.legacy:legacy-support-core-utils:1.0.0) with AarTransform
Transforming loader-1.0.0.aar (androidx.loader:loader:1.0.0) with ExtractAarTransform
Transforming loader-1.0.0.aar (androidx.loader:loader:1.0.0) with AarTransform
Transforming loader-1.0.0.aar (androidx.loader:loader:1.0.0) with ExtractAarTransform
Transforming loader-1.0.0.aar (androidx.loader:loader:1.0.0) with AarTransform
Transforming emoji2-views-helper-1.4.0.aar (androidx.emoji2:emoji2-views-helper:1.4.0) with ExtractAarTransform
Transforming emoji2-views-helper-1.4.0.aar (androidx.emoji2:emoji2-views-helper:1.4.0) with AarTransform
Transforming emoji2-1.4.0.aar (androidx.emoji2:emoji2:1.4.0) with ExtractAarTransform
Transforming emoji2-1.4.0.aar (androidx.emoji2:emoji2:1.4.0) with AarTransform
Transforming coordinatorlayout-1.1.0.aar (androidx.coordinatorlayout:coordinatorlayout:1.1.0) with ExtractAarTransform
Transforming coordinatorlayout-1.1.0.aar (androidx.coordinatorlayout:coordinatorlayout:1.1.0) with AarTransform
Transforming drawerlayout-1.1.1.aar (androidx.drawerlayout:drawerlayout:1.1.1) with ExtractAarTransform
Transforming drawerlayout-1.1.1.aar (androidx.drawerlayout:drawerlayout:1.1.1) with AarTransform
Transforming vectordrawable-animated-1.1.0.aar (androidx.vectordrawable:vectordrawable-animated:1.1.0) with ExtractAarTransform
Transforming vectordrawable-animated-1.1.0.aar (androidx.vectordrawable:vectordrawable-animated:1.1.0) with AarTransform
Transforming vectordrawable-1.1.0.aar (androidx.vectordrawable:vectordrawable:1.1.0) with ExtractAarTransform
Transforming vectordrawable-1.1.0.aar (androidx.vectordrawable:vectordrawable:1.1.0) with AarTransform
Transforming vectordrawable-1.1.0.aar (androidx.vectordrawable:vectordrawable:1.1.0) with ExtractAarTransform
Transforming vectordrawable-1.1.0.aar (androidx.vectordrawable:vectordrawable:1.1.0) with AarTransform
Transforming recyclerview-1.1.0.aar (androidx.recyclerview:recyclerview:1.1.0) with ExtractAarTransform
Transforming recyclerview-1.1.0.aar (androidx.recyclerview:recyclerview:1.1.0) with AarTransform
Transforming recyclerview-1.1.0.aar (androidx.recyclerview:recyclerview:1.1.0) with ExtractAarTransform
Transforming recyclerview-1.1.0.aar (androidx.recyclerview:recyclerview:1.1.0) with AarTransform
Transforming viewpager-1.0.0.aar (androidx.viewpager:viewpager:1.0.0) with ExtractAarTransform
Transforming viewpager-1.0.0.aar (androidx.viewpager:viewpager:1.0.0) with AarTransform
Transforming customview-1.1.0.aar (androidx.customview:customview:1.1.0) with ExtractAarTransform
Transforming customview-1.1.0.aar (androidx.customview:customview:1.1.0) with AarTransform
Transforming customview-poolingcontainer-1.0.0.aar (androidx.customview:customview-poolingcontainer:1.0.0) with ExtractAarTransform
Transforming customview-poolingcontainer-1.0.0.aar (androidx.customview:customview-poolingcontainer:1.0.0) with AarTransform
Transforming core-ktx-1.16.0.aar (androidx.core:core-ktx:1.16.0) with ExtractAarTransform
Transforming core-ktx-1.16.0.aar (androidx.core:core-ktx:1.16.0) with AarTransform
Transforming autofill-1.0.0.aar (androidx.autofill:autofill:1.0.0) with ExtractAarTransform
Transforming autofill-1.0.0.aar (androidx.autofill:autofill:1.0.0) with AarTransform
Transforming window-core.aar (androidx.window:window-core-android:1.5.0) with ExtractAarTransform
Transforming window-core.aar (androidx.window:window-core-android:1.5.0) with AarTransform
Transforming window-1.5.0.aar (androidx.window:window:1.5.0) with ExtractAarTransform
Transforming window-1.5.0.aar (androidx.window:window:1.5.0) with AarTransform
Transforming graphics-path-1.0.1.aar (androidx.graphics:graphics-path:1.0.1) with ExtractAarTransform
Transforming graphics-path-1.0.1.aar (androidx.graphics:graphics-path:1.0.1) with AarTransform
Transforming core-1.16.0.aar (androidx.core:core:1.16.0) with ExtractAarTransform
Transforming core-1.16.0.aar (androidx.core:core:1.16.0) with AarTransform
Transforming core-1.16.0.aar (androidx.core:core:1.16.0) with ExtractAarTransform
Transforming core-1.16.0.aar (androidx.core:core:1.16.0) with AarTransform
Transforming lifecycle-viewmodel-2.9.4.aar (androidx.lifecycle:lifecycle-viewmodel:2.9.4) with ExtractAarTransform
Transforming lifecycle-viewmodel-2.9.4.aar (androidx.lifecycle:lifecycle-viewmodel:2.9.4) with AarTransform
Transforming lifecycle-viewmodel-release.aar (androidx.lifecycle:lifecycle-viewmodel-android:2.9.4) with ExtractAarTransform
Transforming lifecycle-viewmodel-release.aar (androidx.lifecycle:lifecycle-viewmodel-android:2.9.4) with AarTransform
Transforming lifecycle-runtime-ktx.aar (androidx.lifecycle:lifecycle-runtime-ktx-android:2.9.4) with ExtractAarTransform
Transforming lifecycle-runtime-ktx.aar (androidx.lifecycle:lifecycle-runtime-ktx-android:2.9.4) with AarTransform
Transforming lifecycle-runtime-release.aar (androidx.lifecycle:lifecycle-runtime-android:2.9.4) with ExtractAarTransform
Transforming lifecycle-runtime-release.aar (androidx.lifecycle:lifecycle-runtime-android:2.9.4) with AarTransform
Transforming lifecycle-viewmodel-ktx-2.9.4.aar (androidx.lifecycle:lifecycle-viewmodel-ktx:2.9.4) with ExtractAarTransform
Transforming lifecycle-viewmodel-ktx-2.9.4.aar (androidx.lifecycle:lifecycle-viewmodel-ktx:2.9.4) with AarTransform
Transforming lifecycle-process-2.9.4.aar (androidx.lifecycle:lifecycle-process:2.9.4) with ExtractAarTransform
Transforming lifecycle-process-2.9.4.aar (androidx.lifecycle:lifecycle-process:2.9.4) with AarTransform
Transforming lifecycle-livedata-core-ktx-2.9.4.aar (androidx.lifecycle:lifecycle-livedata-core-ktx:2.9.4) with ExtractAarTransform
Transforming lifecycle-livedata-core-ktx-2.9.4.aar (androidx.lifecycle:lifecycle-livedata-core-ktx:2.9.4) with AarTransform
Transforming lifecycle-livedata-core-2.9.4.aar (androidx.lifecycle:lifecycle-livedata-core:2.9.4) with ExtractAarTransform
Transforming lifecycle-livedata-core-2.9.4.aar (androidx.lifecycle:lifecycle-livedata-core:2.9.4) with AarTransform
Transforming lifecycle-livedata-2.9.4.aar (androidx.lifecycle:lifecycle-livedata:2.9.4) with ExtractAarTransform
Transforming lifecycle-livedata-2.9.4.aar (androidx.lifecycle:lifecycle-livedata:2.9.4) with AarTransform
Transforming lifecycle-viewmodel-savedstate-release.aar (androidx.lifecycle:lifecycle-viewmodel-savedstate-android:2.9.4) with ExtractAarTransform
Transforming lifecycle-viewmodel-savedstate-release.aar (androidx.lifecycle:lifecycle-viewmodel-savedstate-android:2.9.4) with AarTransform
Transforming savedstate-release.aar (androidx.savedstate:savedstate-android:1.3.2) with ExtractAarTransform
Transforming savedstate-release.aar (androidx.savedstate:savedstate-android:1.3.2) with AarTransform
Transforming savedstate-ktx-1.3.2.aar (androidx.savedstate:savedstate-ktx:1.3.2) with ExtractAarTransform
Transforming savedstate-ktx-1.3.2.aar (androidx.savedstate:savedstate-ktx:1.3.2) with AarTransform
Transforming savedstate-compose.aar (androidx.savedstate:savedstate-compose-android:1.3.2) with ExtractAarTransform
Transforming savedstate-compose.aar (androidx.savedstate:savedstate-compose-android:1.3.2) with AarTransform
Transforming runtime.aar (androidx.compose.runtime:runtime-android:1.10.0) with ExtractAarTransform
Transforming runtime.aar (androidx.compose.runtime:runtime-android:1.10.0) with AarTransform
Transforming runtime-saveable.aar (androidx.compose.runtime:runtime-saveable-android:1.10.0) with ExtractAarTransform
Transforming runtime-saveable.aar (androidx.compose.runtime:runtime-saveable-android:1.10.0) with AarTransform
Transforming lifecycle-runtime-compose-release.aar (androidx.lifecycle:lifecycle-runtime-compose-android:2.9.4) with ExtractAarTransform
Transforming lifecycle-runtime-compose-release.aar (androidx.lifecycle:lifecycle-runtime-compose-android:2.9.4) with AarTransform
Transforming lifecycle-viewmodel-compose-release.aar (androidx.lifecycle:lifecycle-viewmodel-compose-android:2.9.4) with ExtractAarTransform
Transforming lifecycle-viewmodel-compose-release.aar (androidx.lifecycle:lifecycle-viewmodel-compose-android:2.9.4) with AarTransform
Transforming ui.aar (androidx.compose.ui:ui-android:1.10.0) with ExtractAarTransform
Transforming ui.aar (androidx.compose.ui:ui-android:1.10.0) with AarTransform
Transforming ui-tooling.aar (androidx.compose.ui:ui-tooling-android:1.10.0) with ExtractAarTransform
Transforming ui-tooling.aar (androidx.compose.ui:ui-tooling-android:1.10.0) with AarTransform
Transforming material-release.aar (androidx.compose.material:material-android:1.7.0) with ExtractAarTransform
Transforming material-release.aar (androidx.compose.material:material-android:1.7.0) with AarTransform
Transforming animation-core.aar (androidx.compose.animation:animation-core-android:1.10.0) with ExtractAarTransform
Transforming animation-core.aar (androidx.compose.animation:animation-core-android:1.10.0) with AarTransform
Transforming animation.aar (androidx.compose.animation:animation-android:1.10.0) with ExtractAarTransform
Transforming animation.aar (androidx.compose.animation:animation-android:1.10.0) with AarTransform
Transforming foundation-layout.aar (androidx.compose.foundation:foundation-layout-android:1.10.0) with ExtractAarTransform
Transforming foundation-layout.aar (androidx.compose.foundation:foundation-layout-android:1.10.0) with AarTransform
Transforming annotation-experimental-1.5.0.aar (androidx.annotation:annotation-experimental:1.5.0) with ExtractAarTransform
Transforming annotation-experimental-1.5.0.aar (androidx.annotation:annotation-experimental:1.5.0) with AarTransform
Transforming filament-utils-android-1.66.0.aar (com.google.android.filament:filament-utils-android:1.66.0) with ExtractAarTransform
Transforming filament-utils-android-1.66.0.aar (com.google.android.filament:filament-utils-android:1.66.0) with AarTransform
Transforming cardview-1.0.0.aar (androidx.cardview:cardview:1.0.0) with ExtractAarTransform
Transforming cardview-1.0.0.aar (androidx.cardview:cardview:1.0.0) with AarTransform
Transforming mmkv-1.3.14.aar (com.tencent:mmkv:1.3.14) with ExtractAarTransform
Transforming mmkv-1.3.14.aar (com.tencent:mmkv:1.3.14) with AarTransform
Transforming gltfio-android-1.66.0.aar (com.google.android.filament:gltfio-android:1.66.0) with ExtractAarTransform
Transforming gltfio-android-1.66.0.aar (com.google.android.filament:gltfio-android:1.66.0) with AarTransform
Transforming filament-android-1.66.0.aar (com.google.android.filament:filament-android:1.66.0) with ExtractAarTransform
Transforming filament-android-1.66.0.aar (com.google.android.filament:filament-android:1.66.0) with AarTransform
Transforming core-runtime-2.2.0.aar (androidx.arch.core:core-runtime:2.2.0) with ExtractAarTransform
Transforming core-runtime-2.2.0.aar (androidx.arch.core:core-runtime:2.2.0) with AarTransform
Transforming cursoradapter-1.0.0.aar (androidx.cursoradapter:cursoradapter:1.0.0) with ExtractAarTransform
Transforming cursoradapter-1.0.0.aar (androidx.cursoradapter:cursoradapter:1.0.0) with AarTransform
Transforming firebase-components-17.1.0.aar (com.google.firebase:firebase-components:17.1.0) with ExtractAarTransform
Transforming firebase-components-17.1.0.aar (com.google.firebase:firebase-components:17.1.0) with AarTransform
Transforming transport-backend-cct-3.1.8.aar (com.google.android.datatransport:transport-backend-cct:3.1.8) with ExtractAarTransform
Transforming transport-backend-cct-3.1.8.aar (com.google.android.datatransport:transport-backend-cct:3.1.8) with AarTransform
Transforming transport-runtime-3.1.8.aar (com.google.android.datatransport:transport-runtime:3.1.8) with ExtractAarTransform
Transforming transport-runtime-3.1.8.aar (com.google.android.datatransport:transport-runtime:3.1.8) with AarTransform
Transforming transport-api-3.0.0.aar (com.google.android.datatransport:transport-api:3.0.0) with ExtractAarTransform
Transforming transport-api-3.0.0.aar (com.google.android.datatransport:transport-api:3.0.0) with AarTransform
Transforming firebase-encoders-json-18.0.0.aar (com.google.firebase:firebase-encoders-json:18.0.0) with ExtractAarTransform
Transforming firebase-encoders-json-18.0.0.aar (com.google.firebase:firebase-encoders-json:18.0.0) with AarTransform
Transforming versionedparcelable-1.1.1.aar (androidx.versionedparcelable:versionedparcelable:1.1.1) with ExtractAarTransform
Transforming versionedparcelable-1.1.1.aar (androidx.versionedparcelable:versionedparcelable:1.1.1) with AarTransform
Transforming sqlite-framework.aar (androidx.sqlite:sqlite-framework-android:2.6.1) with ExtractAarTransform
Transforming sqlite-framework.aar (androidx.sqlite:sqlite-framework-android:2.6.1) with AarTransform
Transforming sqlite.aar (androidx.sqlite:sqlite-android:2.6.1) with ExtractAarTransform
Transforming sqlite.aar (androidx.sqlite:sqlite-android:2.6.1) with AarTransform
Transforming profileinstaller-1.4.0.aar (androidx.profileinstaller:profileinstaller:1.4.0) with ExtractAarTransform
Transforming profileinstaller-1.4.0.aar (androidx.profileinstaller:profileinstaller:1.4.0) with AarTransform
Transforming startup-runtime-1.1.1.aar (androidx.startup:startup-runtime:1.1.1) with ExtractAarTransform
Transforming startup-runtime-1.1.1.aar (androidx.startup:startup-runtime:1.1.1) with AarTransform
Transforming tracing-1.2.0.aar (androidx.tracing:tracing:1.2.0) with ExtractAarTransform
Transforming tracing-1.2.0.aar (androidx.tracing:tracing:1.2.0) with AarTransform
Transforming interpolator-1.0.0.aar (androidx.interpolator:interpolator:1.0.0) with ExtractAarTransform
Transforming interpolator-1.0.0.aar (androidx.interpolator:interpolator:1.0.0) with AarTransform
Transforming interpolator-1.0.0.aar (androidx.interpolator:interpolator:1.0.0) with ExtractAarTransform
Transforming interpolator-1.0.0.aar (androidx.interpolator:interpolator:1.0.0) with AarTransform
Transforming exifinterface-1.3.7.aar (androidx.exifinterface:exifinterface:1.3.7) with ExtractAarTransform
Transforming exifinterface-1.3.7.aar (androidx.exifinterface:exifinterface:1.3.7) with AarTransform
Transforming documentfile-1.0.0.aar (androidx.documentfile:documentfile:1.0.0) with ExtractAarTransform
Transforming documentfile-1.0.0.aar (androidx.documentfile:documentfile:1.0.0) with AarTransform
Transforming localbroadcastmanager-1.0.0.aar (androidx.localbroadcastmanager:localbroadcastmanager:1.0.0) with ExtractAarTransform
Transforming localbroadcastmanager-1.0.0.aar (androidx.localbroadcastmanager:localbroadcastmanager:1.0.0) with AarTransform
Transforming print-1.0.0.aar (androidx.print:print:1.0.0) with ExtractAarTransform
Transforming print-1.0.0.aar (androidx.print:print:1.0.0) with AarTransform
Transforming gifdecoder-4.14.2.aar (com.github.bumptech.glide:gifdecoder:4.14.2) with ExtractAarTransform
Transforming gifdecoder-4.14.2.aar (com.github.bumptech.glide:gifdecoder:4.14.2) with AarTransform
Transforming viewbinding-7.2.2.aar (androidx.databinding:viewbinding:7.2.2) with ExtractAarTransform
Transforming viewbinding-7.2.2.aar (androidx.databinding:viewbinding:7.2.2) with AarTransform
Transforming core-viewtree-1.0.0.aar (androidx.core:core-viewtree:1.0.0) with ExtractAarTransform
Transforming core-viewtree-1.0.0.aar (androidx.core:core-viewtree:1.0.0) with AarTransform
Transforming timber-4.7.1.aar (com.jakewharton.timber:timber:4.7.1) with ExtractAarTransform
Transforming timber-4.7.1.aar (com.jakewharton.timber:timber:4.7.1) with AarTransform
Transforming zpns-fcm-2.8.0.aar (im.zego:zpns-fcm:2.8.0) with ExtractAarTransform
Transforming zpns-fcm-2.8.0.aar (im.zego:zpns-fcm:2.8.0) with AarTransform
Transforming express-video-3.23.0.aar (im.zego:express-video:3.23.0) with ExtractAarTransform
Transforming express-video-3.23.0.aar (im.zego:express-video:3.23.0) with AarTransform
Transforming uikitreport-0.5.1.aar (im.zego:uikitreport:0.5.1) with ExtractAarTransform
Transforming uikitreport-0.5.1.aar (im.zego:uikitreport:0.5.1) with AarTransform
Transforming zim-2.21.1.aar (im.zego:zim:2.21.1) with ExtractAarTransform
Transforming zim-2.21.1.aar (im.zego:zim:2.21.1) with AarTransform
Transforming zpns-2.8.0.aar (im.zego:zpns:2.8.0) with ExtractAarTransform
Transforming zpns-2.8.0.aar (im.zego:zpns:2.8.0) with AarTransform
Transforming xlog-1.10.1.aar (com.elvishew:xlog:1.10.1) with ExtractAarTransform
Transforming xlog-1.10.1.aar (com.elvishew:xlog:1.10.1) with AarTransform
Caching disabled for task ':app:mergeDebugAssets' because:
  Build cache is disabled
  Simple merging task
Skipping task ':app:mergeDebugAssets' as it is up-to-date.
Resolve mutations for :app:compressDebugAssets (Thread[Execution worker Thread 6,5,main]) started.
:app:compressDebugAssets (Thread[Execution worker Thread 7,5,main]) started.

> Task :app:compressDebugAssets UP-TO-DATE
Caching disabled for task ':app:compressDebugAssets' because:
  Build cache is disabled
Skipping task ':app:compressDebugAssets' as it is up-to-date.
Resolve mutations for :app:checkDebugDuplicateClasses (Thread[Execution worker Thread 7,5,main]) started.
:app:checkDebugDuplicateClasses (Thread[Execution worker Thread 7,5,main]) started.

> Task :app:checkDebugDuplicateClasses UP-TO-DATE
Transforming room-common-jvm-2.8.2.jar (androidx.room:room-common-jvm:2.8.2) with IdentityTransform
Transforming room-common-jvm-2.8.2.jar (androidx.room:room-common-jvm:2.8.2) with EnumerateClassesTransform
Transforming room-runtime.aar (androidx.room:room-runtime-android:2.8.2) with AarToClassTransform
Transforming room-runtime.aar (androidx.room:room-runtime-android:2.8.2) with EnumerateClassesTransform
Transforming room-ktx-2.8.2.aar (androidx.room:room-ktx:2.8.2) with AarToClassTransform
Transforming room-ktx-2.8.2.aar (androidx.room:room-ktx:2.8.2) with EnumerateClassesTransform
Transforming core-splashscreen-1.0.1.aar (androidx.core:core-splashscreen:1.0.1) with AarToClassTransform
Transforming core-splashscreen-1.0.1.aar (androidx.core:core-splashscreen:1.0.1) with EnumerateClassesTransform
Transforming navigation-common-2.7.0.aar (androidx.navigation:navigation-common:2.7.0) with AarToClassTransform
Transforming navigation-common-2.7.0.aar (androidx.navigation:navigation-common:2.7.0) with EnumerateClassesTransform
Transforming navigation-runtime-2.7.0.aar (androidx.navigation:navigation-runtime:2.7.0) with AarToClassTransform
Transforming navigation-runtime-2.7.0.aar (androidx.navigation:navigation-runtime:2.7.0) with EnumerateClassesTransform
Transforming navigation-common-ktx-2.7.0.aar (androidx.navigation:navigation-common-ktx:2.7.0) with AarToClassTransform
Transforming navigation-common-ktx-2.7.0.aar (androidx.navigation:navigation-common-ktx:2.7.0) with EnumerateClassesTransform
Transforming navigation-runtime-ktx-2.7.0.aar (androidx.navigation:navigation-runtime-ktx:2.7.0) with AarToClassTransform
Transforming navigation-runtime-ktx-2.7.0.aar (androidx.navigation:navigation-runtime-ktx:2.7.0) with EnumerateClassesTransform
Transforming navigation-compose-2.7.0.aar (androidx.navigation:navigation-compose:2.7.0) with AarToClassTransform
Transforming navigation-compose-2.7.0.aar (androidx.navigation:navigation-compose:2.7.0) with EnumerateClassesTransform
Transforming converter-gson-3.0.0.jar (com.squareup.retrofit2:converter-gson:3.0.0) with IdentityTransform
Transforming converter-gson-3.0.0.jar (com.squareup.retrofit2:converter-gson:3.0.0) with EnumerateClassesTransform
Transforming retrofit-3.0.0.jar (com.squareup.retrofit2:retrofit:3.0.0) with IdentityTransform
Transforming retrofit-3.0.0.jar (com.squareup.retrofit2:retrofit:3.0.0) with EnumerateClassesTransform
Transforming coil-compose-2.7.0.aar (io.coil-kt:coil-compose:2.7.0) with AarToClassTransform
Transforming coil-compose-2.7.0.aar (io.coil-kt:coil-compose:2.7.0) with EnumerateClassesTransform
Transforming zego_uikit_prebuilt_call_android-3.9.10.aar (com.github.ZEGOCLOUD:zego_uikit_prebuilt_call_android:3.9.10) with AarToClassTransform
Transforming zego_uikit_prebuilt_call_android-3.9.10.aar (com.github.ZEGOCLOUD:zego_uikit_prebuilt_call_android:3.9.10) with EnumerateClassesTransform
Transforming sceneview-2.3.1.aar (io.github.sceneview:sceneview:2.3.1) with AarToClassTransform
Transforming sceneview-2.3.1.aar (io.github.sceneview:sceneview:2.3.1) with EnumerateClassesTransform
Transforming material3-release.aar (androidx.compose.material3:material3-android:1.3.0) with AarToClassTransform
Transforming material3-release.aar (androidx.compose.material3:material3-android:1.3.0) with EnumerateClassesTransform
Transforming coil-compose-base-2.7.0.aar (io.coil-kt:coil-compose-base:2.7.0) with AarToClassTransform
Transforming coil-compose-base-2.7.0.aar (io.coil-kt:coil-compose-base:2.7.0) with EnumerateClassesTransform
Transforming accompanist-drawablepainter-0.32.0.aar (com.google.accompanist:accompanist-drawablepainter:0.32.0) with AarToClassTransform
Transforming accompanist-drawablepainter-0.32.0.aar (com.google.accompanist:accompanist-drawablepainter:0.32.0) with EnumerateClassesTransform
Transforming zego_uikit_android-3.6.5.aar (com.github.ZEGOCLOUD:zego_uikit_android:3.6.5) with AarToClassTransform
Transforming zego_uikit_android-3.6.5.aar (com.github.ZEGOCLOUD:zego_uikit_android:3.6.5) with EnumerateClassesTransform
Transforming material-1.11.0.aar (com.google.android.material:material:1.11.0) with AarToClassTransform
Transforming material-1.11.0.aar (com.google.android.material:material:1.11.0) with EnumerateClassesTransform
Transforming constraintlayout-2.1.4.aar (androidx.constraintlayout:constraintlayout:2.1.4) with AarToClassTransform
Transforming constraintlayout-2.1.4.aar (androidx.constraintlayout:constraintlayout:2.1.4) with EnumerateClassesTransform
Transforming coil-2.7.0.aar (io.coil-kt:coil:2.7.0) with AarToClassTransform
Transforming coil-2.7.0.aar (io.coil-kt:coil:2.7.0) with EnumerateClassesTransform
Transforming coil-base-2.7.0.aar (io.coil-kt:coil-base:2.7.0) with AarToClassTransform
Transforming coil-base-2.7.0.aar (io.coil-kt:coil-base:2.7.0) with EnumerateClassesTransform
Transforming appcompat-resources-1.6.1.aar (androidx.appcompat:appcompat-resources:1.6.1) with AarToClassTransform
Transforming appcompat-resources-1.6.1.aar (androidx.appcompat:appcompat-resources:1.6.1) with EnumerateClassesTransform
Transforming zego_uikit_signaling_plugin_android-3.0.2.aar (com.github.ZEGOCLOUD:zego_uikit_signaling_plugin_android:3.0.2) with AarToClassTransform
Transforming zego_uikit_signaling_plugin_android-3.0.2.aar (com.github.ZEGOCLOUD:zego_uikit_signaling_plugin_android:3.0.2) with EnumerateClassesTransform
Transforming zego_uikit_plugin_adapter_android-3.0.4.aar (com.github.ZEGOCLOUD:zego_uikit_plugin_adapter_android:3.0.4) with AarToClassTransform
Transforming zego_uikit_plugin_adapter_android-3.0.4.aar (com.github.ZEGOCLOUD:zego_uikit_plugin_adapter_android:3.0.4) with EnumerateClassesTransform
Transforming permissionx-1.7.1.aar (com.guolindev.permissionx:permissionx:1.7.1) with AarToClassTransform
Transforming permissionx-1.7.1.aar (com.guolindev.permissionx:permissionx:1.7.1) with EnumerateClassesTransform
Transforming appcompat-1.6.1.aar (androidx.appcompat:appcompat:1.6.1) with AarToClassTransform
Transforming appcompat-1.6.1.aar (androidx.appcompat:appcompat:1.6.1) with EnumerateClassesTransform
Transforming viewpager2-1.0.0.aar (androidx.viewpager2:viewpager2:1.0.0) with AarToClassTransform
Transforming viewpager2-1.0.0.aar (androidx.viewpager2:viewpager2:1.0.0) with EnumerateClassesTransform
Transforming glide-4.14.2.aar (com.github.bumptech.glide:glide:4.14.2) with AarToClassTransform
Transforming glide-4.14.2.aar (com.github.bumptech.glide:glide:4.14.2) with EnumerateClassesTransform
Transforming firebase-messaging-23.2.1.aar (com.google.firebase:firebase-messaging:23.2.1) with AarToClassTransform
Transforming firebase-messaging-23.2.1.aar (com.google.firebase:firebase-messaging:23.2.1) with EnumerateClassesTransform
Transforming firebase-datatransport-18.1.7.aar (com.google.firebase:firebase-datatransport:18.1.7) with AarToClassTransform
Transforming firebase-datatransport-18.1.7.aar (com.google.firebase:firebase-datatransport:18.1.7) with EnumerateClassesTransform
Transforming firebase-installations-17.1.3.aar (com.google.firebase:firebase-installations:17.1.3) with AarToClassTransform
Transforming firebase-installations-17.1.3.aar (com.google.firebase:firebase-installations:17.1.3) with EnumerateClassesTransform
Transforming firebase-common-20.3.1.aar (com.google.firebase:firebase-common:20.3.1) with AarToClassTransform
Transforming firebase-common-20.3.1.aar (com.google.firebase:firebase-common:20.3.1) with EnumerateClassesTransform
Transforming play-services-base-18.0.1.aar (com.google.android.gms:play-services-base:18.0.1) with AarToClassTransform
Transforming play-services-base-18.0.1.aar (com.google.android.gms:play-services-base:18.0.1) with EnumerateClassesTransform
Transforming play-services-stats-17.0.2.aar (com.google.android.gms:play-services-stats:17.0.2) with AarToClassTransform
Transforming play-services-stats-17.0.2.aar (com.google.android.gms:play-services-stats:17.0.2) with EnumerateClassesTransform
Transforming firebase-measurement-connector-19.0.0.aar (com.google.firebase:firebase-measurement-connector:19.0.0) with AarToClassTransform
Transforming firebase-measurement-connector-19.0.0.aar (com.google.firebase:firebase-measurement-connector:19.0.0) with EnumerateClassesTransform
Transforming firebase-iid-interop-17.1.0.aar (com.google.firebase:firebase-iid-interop:17.1.0) with AarToClassTransform
Transforming firebase-iid-interop-17.1.0.aar (com.google.firebase:firebase-iid-interop:17.1.0) with EnumerateClassesTransform
Transforming play-services-cloud-messaging-17.0.1.aar (com.google.android.gms:play-services-cloud-messaging:17.0.1) with AarToClassTransform
Transforming play-services-cloud-messaging-17.0.1.aar (com.google.android.gms:play-services-cloud-messaging:17.0.1) with EnumerateClassesTransform
Transforming firebase-installations-interop-17.1.0.aar (com.google.firebase:firebase-installations-interop:17.1.0) with AarToClassTransform
Transforming firebase-installations-interop-17.1.0.aar (com.google.firebase:firebase-installations-interop:17.1.0) with EnumerateClassesTransform
Transforming play-services-tasks-18.0.2.aar (com.google.android.gms:play-services-tasks:18.0.2) with AarToClassTransform
Transforming play-services-tasks-18.0.2.aar (com.google.android.gms:play-services-tasks:18.0.2) with EnumerateClassesTransform
Transforming play-services-basement-18.1.0.aar (com.google.android.gms:play-services-basement:18.1.0) with AarToClassTransform
Transforming play-services-basement-18.1.0.aar (com.google.android.gms:play-services-basement:18.1.0) with EnumerateClassesTransform
Transforming fragment-1.8.9.aar (androidx.fragment:fragment:1.8.9) with AarToClassTransform
Transforming fragment-1.8.9.aar (androidx.fragment:fragment:1.8.9) with EnumerateClassesTransform
Transforming fragment-1.8.9.aar (androidx.fragment:fragment:1.8.9) with AarToClassTransform
Transforming fragment-1.8.9.aar (androidx.fragment:fragment:1.8.9) with EnumerateClassesTransform
Transforming fragment-ktx-1.8.9.aar (androidx.fragment:fragment-ktx:1.8.9) with AarToClassTransform
Transforming fragment-ktx-1.8.9.aar (androidx.fragment:fragment-ktx:1.8.9) with EnumerateClassesTransform
Transforming material-ripple-release.aar (androidx.compose.material:material-ripple-android:1.7.0) with AarToClassTransform
Transforming material-ripple-release.aar (androidx.compose.material:material-ripple-android:1.7.0) with EnumerateClassesTransform
Transforming foundation.aar (androidx.compose.foundation:foundation-android:1.10.0) with AarToClassTransform
Transforming foundation.aar (androidx.compose.foundation:foundation-android:1.10.0) with EnumerateClassesTransform
Transforming ui-tooling-data.aar (androidx.compose.ui:ui-tooling-data-android:1.10.0) with AarToClassTransform
Transforming ui-tooling-data.aar (androidx.compose.ui:ui-tooling-data-android:1.10.0) with EnumerateClassesTransform
Transforming ui-tooling-preview.aar (androidx.compose.ui:ui-tooling-preview-android:1.10.0) with AarToClassTransform
Transforming ui-tooling-preview.aar (androidx.compose.ui:ui-tooling-preview-android:1.10.0) with EnumerateClassesTransform
Transforming ui-text.aar (androidx.compose.ui:ui-text-android:1.10.0) with AarToClassTransform
Transforming ui-text.aar (androidx.compose.ui:ui-text-android:1.10.0) with EnumerateClassesTransform
Transforming ui-geometry.aar (androidx.compose.ui:ui-geometry-android:1.10.0) with AarToClassTransform
Transforming ui-geometry.aar (androidx.compose.ui:ui-geometry-android:1.10.0) with EnumerateClassesTransform
Transforming ui-graphics.aar (androidx.compose.ui:ui-graphics-android:1.10.0) with AarToClassTransform
Transforming ui-graphics.aar (androidx.compose.ui:ui-graphics-android:1.10.0) with EnumerateClassesTransform
Transforming ui-unit.aar (androidx.compose.ui:ui-unit-android:1.10.0) with AarToClassTransform
Transforming ui-unit.aar (androidx.compose.ui:ui-unit-android:1.10.0) with EnumerateClassesTransform
Transforming ui-util.aar (androidx.compose.ui:ui-util-android:1.10.0) with AarToClassTransform
Transforming ui-util.aar (androidx.compose.ui:ui-util-android:1.10.0) with EnumerateClassesTransform
Transforming ui-test-manifest-1.10.0.aar (androidx.compose.ui:ui-test-manifest:1.10.0) with AarToClassTransform
Transforming ui-test-manifest-1.10.0.aar (androidx.compose.ui:ui-test-manifest:1.10.0) with EnumerateClassesTransform
Transforming activity-1.8.2.aar (androidx.activity:activity:1.8.2) with AarToClassTransform
Transforming activity-1.8.2.aar (androidx.activity:activity:1.8.2) with EnumerateClassesTransform
Transforming activity-ktx-1.8.2.aar (androidx.activity:activity-ktx:1.8.2) with AarToClassTransform
Transforming activity-ktx-1.8.2.aar (androidx.activity:activity-ktx:1.8.2) with EnumerateClassesTransform
Transforming activity-compose-1.8.2.aar (androidx.activity:activity-compose:1.8.2) with AarToClassTransform
Transforming activity-compose-1.8.2.aar (androidx.activity:activity-compose:1.8.2) with EnumerateClassesTransform
Transforming material-icons-extended-release.aar (androidx.compose.material:material-icons-extended-android:1.7.0) with AarToClassTransform
Transforming material-icons-extended-release.aar (androidx.compose.material:material-icons-extended-android:1.7.0) with EnumerateClassesTransform
Transforming material-icons-core-release.aar (androidx.compose.material:material-icons-core-android:1.7.0) with AarToClassTransform
Transforming material-icons-core-release.aar (androidx.compose.material:material-icons-core-android:1.7.0) with EnumerateClassesTransform
Transforming runtime-retain.aar (androidx.compose.runtime:runtime-retain-android:1.10.0) with AarToClassTransform
Transforming runtime-retain.aar (androidx.compose.runtime:runtime-retain-android:1.10.0) with EnumerateClassesTransform
Transforming runtime-annotation.aar (androidx.compose.runtime:runtime-annotation-android:1.10.0) with AarToClassTransform
Transforming runtime-annotation.aar (androidx.compose.runtime:runtime-annotation-android:1.10.0) with EnumerateClassesTransform
Transforming transition-1.6.0.aar (androidx.transition:transition:1.6.0) with AarToClassTransform
Transforming transition-1.6.0.aar (androidx.transition:transition:1.6.0) with EnumerateClassesTransform
Transforming dynamicanimation-1.0.0.aar (androidx.dynamicanimation:dynamicanimation:1.0.0) with AarToClassTransform
Transforming dynamicanimation-1.0.0.aar (androidx.dynamicanimation:dynamicanimation:1.0.0) with EnumerateClassesTransform
Transforming legacy-support-core-utils-1.0.0.aar (androidx.legacy:legacy-support-core-utils:1.0.0) with AarToClassTransform
Transforming legacy-support-core-utils-1.0.0.aar (androidx.legacy:legacy-support-core-utils:1.0.0) with EnumerateClassesTransform
Transforming loader-1.0.0.aar (androidx.loader:loader:1.0.0) with AarToClassTransform
Transforming loader-1.0.0.aar (androidx.loader:loader:1.0.0) with EnumerateClassesTransform
Transforming loader-1.0.0.aar (androidx.loader:loader:1.0.0) with AarToClassTransform
Transforming loader-1.0.0.aar (androidx.loader:loader:1.0.0) with EnumerateClassesTransform
Transforming emoji2-views-helper-1.4.0.aar (androidx.emoji2:emoji2-views-helper:1.4.0) with AarToClassTransform
Transforming emoji2-views-helper-1.4.0.aar (androidx.emoji2:emoji2-views-helper:1.4.0) with EnumerateClassesTransform
Transforming emoji2-1.4.0.aar (androidx.emoji2:emoji2:1.4.0) with AarToClassTransform
Transforming emoji2-1.4.0.aar (androidx.emoji2:emoji2:1.4.0) with EnumerateClassesTransform
Transforming coordinatorlayout-1.1.0.aar (androidx.coordinatorlayout:coordinatorlayout:1.1.0) with AarToClassTransform
Transforming coordinatorlayout-1.1.0.aar (androidx.coordinatorlayout:coordinatorlayout:1.1.0) with EnumerateClassesTransform
Transforming drawerlayout-1.1.1.aar (androidx.drawerlayout:drawerlayout:1.1.1) with AarToClassTransform
Transforming drawerlayout-1.1.1.aar (androidx.drawerlayout:drawerlayout:1.1.1) with EnumerateClassesTransform
Transforming vectordrawable-animated-1.1.0.aar (androidx.vectordrawable:vectordrawable-animated:1.1.0) with AarToClassTransform
Transforming vectordrawable-animated-1.1.0.aar (androidx.vectordrawable:vectordrawable-animated:1.1.0) with EnumerateClassesTransform
Transforming vectordrawable-1.1.0.aar (androidx.vectordrawable:vectordrawable:1.1.0) with AarToClassTransform
Transforming vectordrawable-1.1.0.aar (androidx.vectordrawable:vectordrawable:1.1.0) with EnumerateClassesTransform
Transforming vectordrawable-1.1.0.aar (androidx.vectordrawable:vectordrawable:1.1.0) with AarToClassTransform
Transforming vectordrawable-1.1.0.aar (androidx.vectordrawable:vectordrawable:1.1.0) with EnumerateClassesTransform
Transforming recyclerview-1.1.0.aar (androidx.recyclerview:recyclerview:1.1.0) with AarToClassTransform
Transforming recyclerview-1.1.0.aar (androidx.recyclerview:recyclerview:1.1.0) with EnumerateClassesTransform
Transforming recyclerview-1.1.0.aar (androidx.recyclerview:recyclerview:1.1.0) with AarToClassTransform
Transforming recyclerview-1.1.0.aar (androidx.recyclerview:recyclerview:1.1.0) with EnumerateClassesTransform
Transforming viewpager-1.0.0.aar (androidx.viewpager:viewpager:1.0.0) with AarToClassTransform
Transforming viewpager-1.0.0.aar (androidx.viewpager:viewpager:1.0.0) with EnumerateClassesTransform
Transforming customview-1.1.0.aar (androidx.customview:customview:1.1.0) with AarToClassTransform
Transforming customview-1.1.0.aar (androidx.customview:customview:1.1.0) with EnumerateClassesTransform
Transforming customview-poolingcontainer-1.0.0.aar (androidx.customview:customview-poolingcontainer:1.0.0) with AarToClassTransform
Transforming customview-poolingcontainer-1.0.0.aar (androidx.customview:customview-poolingcontainer:1.0.0) with EnumerateClassesTransform
Transforming core-ktx-1.16.0.aar (androidx.core:core-ktx:1.16.0) with AarToClassTransform
Transforming core-ktx-1.16.0.aar (androidx.core:core-ktx:1.16.0) with EnumerateClassesTransform
Transforming autofill-1.0.0.aar (androidx.autofill:autofill:1.0.0) with AarToClassTransform
Transforming autofill-1.0.0.aar (androidx.autofill:autofill:1.0.0) with EnumerateClassesTransform
Transforming window-core.aar (androidx.window:window-core-android:1.5.0) with AarToClassTransform
Transforming window-core.aar (androidx.window:window-core-android:1.5.0) with EnumerateClassesTransform
Transforming window-1.5.0.aar (androidx.window:window:1.5.0) with AarToClassTransform
Transforming window-1.5.0.aar (androidx.window:window:1.5.0) with EnumerateClassesTransform
Transforming graphics-path-1.0.1.aar (androidx.graphics:graphics-path:1.0.1) with AarToClassTransform
Transforming graphics-path-1.0.1.aar (androidx.graphics:graphics-path:1.0.1) with EnumerateClassesTransform
Transforming core-1.16.0.aar (androidx.core:core:1.16.0) with AarToClassTransform
Transforming core-1.16.0.aar (androidx.core:core:1.16.0) with EnumerateClassesTransform
Transforming core-1.16.0.aar (androidx.core:core:1.16.0) with AarToClassTransform
Transforming core-1.16.0.aar (androidx.core:core:1.16.0) with EnumerateClassesTransform
Transforming lifecycle-viewmodel-2.9.4.aar (androidx.lifecycle:lifecycle-viewmodel:2.9.4) with AarToClassTransform
Transforming lifecycle-viewmodel-2.9.4.aar (androidx.lifecycle:lifecycle-viewmodel:2.9.4) with EnumerateClassesTransform
Transforming lifecycle-viewmodel-release.aar (androidx.lifecycle:lifecycle-viewmodel-android:2.9.4) with AarToClassTransform
Transforming lifecycle-viewmodel-release.aar (androidx.lifecycle:lifecycle-viewmodel-android:2.9.4) with EnumerateClassesTransform
Transforming lifecycle-common-jvm-2.9.4.jar (androidx.lifecycle:lifecycle-common-jvm:2.9.4) with IdentityTransform
Transforming lifecycle-common-jvm-2.9.4.jar (androidx.lifecycle:lifecycle-common-jvm:2.9.4) with EnumerateClassesTransform
Transforming lifecycle-runtime-ktx.aar (androidx.lifecycle:lifecycle-runtime-ktx-android:2.9.4) with AarToClassTransform
Transforming lifecycle-runtime-ktx.aar (androidx.lifecycle:lifecycle-runtime-ktx-android:2.9.4) with EnumerateClassesTransform
Transforming lifecycle-runtime-release.aar (androidx.lifecycle:lifecycle-runtime-android:2.9.4) with AarToClassTransform
Transforming lifecycle-runtime-release.aar (androidx.lifecycle:lifecycle-runtime-android:2.9.4) with EnumerateClassesTransform
Transforming lifecycle-viewmodel-ktx-2.9.4.aar (androidx.lifecycle:lifecycle-viewmodel-ktx:2.9.4) with AarToClassTransform
Transforming lifecycle-viewmodel-ktx-2.9.4.aar (androidx.lifecycle:lifecycle-viewmodel-ktx:2.9.4) with EnumerateClassesTransform
Transforming lifecycle-process-2.9.4.aar (androidx.lifecycle:lifecycle-process:2.9.4) with AarToClassTransform
Transforming lifecycle-process-2.9.4.aar (androidx.lifecycle:lifecycle-process:2.9.4) with EnumerateClassesTransform
Transforming lifecycle-livedata-core-ktx-2.9.4.aar (androidx.lifecycle:lifecycle-livedata-core-ktx:2.9.4) with AarToClassTransform
Transforming lifecycle-livedata-core-ktx-2.9.4.aar (androidx.lifecycle:lifecycle-livedata-core-ktx:2.9.4) with EnumerateClassesTransform
Transforming lifecycle-livedata-core-2.9.4.aar (androidx.lifecycle:lifecycle-livedata-core:2.9.4) with AarToClassTransform
Transforming lifecycle-livedata-core-2.9.4.aar (androidx.lifecycle:lifecycle-livedata-core:2.9.4) with EnumerateClassesTransform
Transforming lifecycle-livedata-2.9.4.aar (androidx.lifecycle:lifecycle-livedata:2.9.4) with AarToClassTransform
Transforming lifecycle-livedata-2.9.4.aar (androidx.lifecycle:lifecycle-livedata:2.9.4) with EnumerateClassesTransform
Transforming lifecycle-viewmodel-savedstate-release.aar (androidx.lifecycle:lifecycle-viewmodel-savedstate-android:2.9.4) with AarToClassTransform
Transforming lifecycle-viewmodel-savedstate-release.aar (androidx.lifecycle:lifecycle-viewmodel-savedstate-android:2.9.4) with EnumerateClassesTransform
Transforming savedstate-release.aar (androidx.savedstate:savedstate-android:1.3.2) with AarToClassTransform
Transforming savedstate-release.aar (androidx.savedstate:savedstate-android:1.3.2) with EnumerateClassesTransform
Transforming savedstate-ktx-1.3.2.aar (androidx.savedstate:savedstate-ktx:1.3.2) with AarToClassTransform
Transforming savedstate-ktx-1.3.2.aar (androidx.savedstate:savedstate-ktx:1.3.2) with EnumerateClassesTransform
Transforming savedstate-compose.aar (androidx.savedstate:savedstate-compose-android:1.3.2) with AarToClassTransform
Transforming savedstate-compose.aar (androidx.savedstate:savedstate-compose-android:1.3.2) with EnumerateClassesTransform
Transforming runtime.aar (androidx.compose.runtime:runtime-android:1.10.0) with AarToClassTransform
Transforming runtime.aar (androidx.compose.runtime:runtime-android:1.10.0) with EnumerateClassesTransform
Transforming runtime-saveable.aar (androidx.compose.runtime:runtime-saveable-android:1.10.0) with AarToClassTransform
Transforming runtime-saveable.aar (androidx.compose.runtime:runtime-saveable-android:1.10.0) with EnumerateClassesTransform
Transforming lifecycle-runtime-compose-release.aar (androidx.lifecycle:lifecycle-runtime-compose-android:2.9.4) with AarToClassTransform
Transforming lifecycle-runtime-compose-release.aar (androidx.lifecycle:lifecycle-runtime-compose-android:2.9.4) with EnumerateClassesTransform
Transforming lifecycle-viewmodel-compose-release.aar (androidx.lifecycle:lifecycle-viewmodel-compose-android:2.9.4) with AarToClassTransform
Transforming lifecycle-viewmodel-compose-release.aar (androidx.lifecycle:lifecycle-viewmodel-compose-android:2.9.4) with EnumerateClassesTransform
Transforming ui.aar (androidx.compose.ui:ui-android:1.10.0) with AarToClassTransform
Transforming ui.aar (androidx.compose.ui:ui-android:1.10.0) with EnumerateClassesTransform
Transforming ui-tooling.aar (androidx.compose.ui:ui-tooling-android:1.10.0) with AarToClassTransform
Transforming ui-tooling.aar (androidx.compose.ui:ui-tooling-android:1.10.0) with EnumerateClassesTransform
Transforming material-release.aar (androidx.compose.material:material-android:1.7.0) with AarToClassTransform
Transforming lifecycle-common-java8-2.9.4.jar (androidx.lifecycle:lifecycle-common-java8:2.9.4) with IdentityTransform
Transforming material-release.aar (androidx.compose.material:material-android:1.7.0) with EnumerateClassesTransform
Transforming animation-core.aar (androidx.compose.animation:animation-core-android:1.10.0) with AarToClassTransform
Transforming lifecycle-common-java8-2.9.4.jar (androidx.lifecycle:lifecycle-common-java8:2.9.4) with EnumerateClassesTransform
Transforming animation-core.aar (androidx.compose.animation:animation-core-android:1.10.0) with EnumerateClassesTransform
Transforming animation.aar (androidx.compose.animation:animation-android:1.10.0) with AarToClassTransform
Transforming animation.aar (androidx.compose.animation:animation-android:1.10.0) with EnumerateClassesTransform
Transforming foundation-layout.aar (androidx.compose.foundation:foundation-layout-android:1.10.0) with AarToClassTransform
Transforming foundation-layout.aar (androidx.compose.foundation:foundation-layout-android:1.10.0) with EnumerateClassesTransform
Transforming annotation-experimental-1.5.0.aar (androidx.annotation:annotation-experimental:1.5.0) with AarToClassTransform
Transforming annotation-experimental-1.5.0.aar (androidx.annotation:annotation-experimental:1.5.0) with EnumerateClassesTransform
Transforming ktor-client-cio-jvm-2.3.5.jar (io.ktor:ktor-client-cio-jvm:2.3.5) with IdentityTransform
Transforming ktor-client-cio-jvm-2.3.5.jar (io.ktor:ktor-client-cio-jvm:2.3.5) with EnumerateClassesTransform
Transforming ktor-client-content-negotiation-jvm-2.3.5.jar (io.ktor:ktor-client-content-negotiation-jvm:2.3.5) with IdentityTransform
Transforming ktor-client-content-negotiation-jvm-2.3.5.jar (io.ktor:ktor-client-content-negotiation-jvm:2.3.5) with EnumerateClassesTransform
Transforming ktor-serialization-kotlinx-json-jvm-2.3.5.jar (io.ktor:ktor-serialization-kotlinx-json-jvm:2.3.5) with IdentityTransform
Transforming ktor-serialization-kotlinx-json-jvm-2.3.5.jar (io.ktor:ktor-serialization-kotlinx-json-jvm:2.3.5) with EnumerateClassesTransform
Transforming ktor-client-core-jvm-2.3.5.jar (io.ktor:ktor-client-core-jvm:2.3.5) with IdentityTransform
Transforming ktor-client-core-jvm-2.3.5.jar (io.ktor:ktor-client-core-jvm:2.3.5) with EnumerateClassesTransform
Transforming kotlin-math-jvm-1.6.0.jar (dev.romainguy:kotlin-math-jvm:1.6.0) with IdentityTransform
Transforming kotlin-math-jvm-1.6.0.jar (dev.romainguy:kotlin-math-jvm:1.6.0) with EnumerateClassesTransform
Transforming ktor-events-jvm-2.3.5.jar (io.ktor:ktor-events-jvm:2.3.5) with IdentityTransform
Transforming ktor-events-jvm-2.3.5.jar (io.ktor:ktor-events-jvm:2.3.5) with EnumerateClassesTransform
Transforming ktor-websocket-serialization-jvm-2.3.5.jar (io.ktor:ktor-websocket-serialization-jvm:2.3.5) with IdentityTransform
Transforming ktor-websocket-serialization-jvm-2.3.5.jar (io.ktor:ktor-websocket-serialization-jvm:2.3.5) with EnumerateClassesTransform
Transforming ktor-http-cio-jvm-2.3.5.jar (io.ktor:ktor-http-cio-jvm:2.3.5) with IdentityTransform
Transforming ktor-http-cio-jvm-2.3.5.jar (io.ktor:ktor-http-cio-jvm:2.3.5) with EnumerateClassesTransform
Transforming ktor-serialization-kotlinx-jvm-2.3.5.jar (io.ktor:ktor-serialization-kotlinx-jvm:2.3.5) with IdentityTransform
Transforming ktor-serialization-kotlinx-jvm-2.3.5.jar (io.ktor:ktor-serialization-kotlinx-jvm:2.3.5) with EnumerateClassesTransform
Transforming ktor-serialization-jvm-2.3.5.jar (io.ktor:ktor-serialization-jvm:2.3.5) with IdentityTransform
Transforming ktor-serialization-jvm-2.3.5.jar (io.ktor:ktor-serialization-jvm:2.3.5) with EnumerateClassesTransform
Transforming ktor-websockets-jvm-2.3.5.jar (io.ktor:ktor-websockets-jvm:2.3.5) with IdentityTransform
Transforming ktor-websockets-jvm-2.3.5.jar (io.ktor:ktor-websockets-jvm:2.3.5) with EnumerateClassesTransform
Transforming ktor-network-tls-jvm-2.3.5.jar (io.ktor:ktor-network-tls-jvm:2.3.5) with IdentityTransform
Transforming ktor-network-tls-jvm-2.3.5.jar (io.ktor:ktor-network-tls-jvm:2.3.5) with EnumerateClassesTransform
Transforming ktor-http-jvm-2.3.5.jar (io.ktor:ktor-http-jvm:2.3.5) with IdentityTransform
Transforming ktor-http-jvm-2.3.5.jar (io.ktor:ktor-http-jvm:2.3.5) with EnumerateClassesTransform
Transforming ktor-network-jvm-2.3.5.jar (io.ktor:ktor-network-jvm:2.3.5) with IdentityTransform
Transforming ktor-network-jvm-2.3.5.jar (io.ktor:ktor-network-jvm:2.3.5) with EnumerateClassesTransform
Transforming ktor-utils-jvm-2.3.5.jar (io.ktor:ktor-utils-jvm:2.3.5) with IdentityTransform
Transforming ktor-utils-jvm-2.3.5.jar (io.ktor:ktor-utils-jvm:2.3.5) with EnumerateClassesTransform
Transforming ktor-io-jvm-2.3.5.jar (io.ktor:ktor-io-jvm:2.3.5) with IdentityTransform
Transforming ktor-io-jvm-2.3.5.jar (io.ktor:ktor-io-jvm:2.3.5) with EnumerateClassesTransform
Transforming filament-utils-android-1.66.0.aar (com.google.android.filament:filament-utils-android:1.66.0) with AarToClassTransform
Transforming filament-utils-android-1.66.0.aar (com.google.android.filament:filament-utils-android:1.66.0) with EnumerateClassesTransform
Transforming kotlin-stdlib-jdk8-2.0.21.jar (org.jetbrains.kotlin:kotlin-stdlib-jdk8:2.0.21) with IdentityTransform
Transforming kotlin-stdlib-jdk8-2.0.21.jar (org.jetbrains.kotlin:kotlin-stdlib-jdk8:2.0.21) with EnumerateClassesTransform
Transforming kotlinx-coroutines-jdk8-1.9.0.jar (org.jetbrains.kotlinx:kotlinx-coroutines-jdk8:1.9.0) with IdentityTransform
Transforming kotlinx-coroutines-jdk8-1.9.0.jar (org.jetbrains.kotlinx:kotlinx-coroutines-jdk8:1.9.0) with EnumerateClassesTransform
Transforming fuel-jvm-3.0.0-alpha04.jar (com.github.kittinunf.fuel:fuel-jvm:3.0.0-alpha04) with IdentityTransform
Transforming fuel-jvm-3.0.0-alpha04.jar (com.github.kittinunf.fuel:fuel-jvm:3.0.0-alpha04) with EnumerateClassesTransform
Transforming kotlinx-coroutines-core-jvm-1.9.0.jar (org.jetbrains.kotlinx:kotlinx-coroutines-core-jvm:1.9.0) with IdentityTransform
Transforming kotlinx-coroutines-core-jvm-1.9.0.jar (org.jetbrains.kotlinx:kotlinx-coroutines-core-jvm:1.9.0) with EnumerateClassesTransform
Transforming kotlinx-coroutines-android-1.9.0.jar (org.jetbrains.kotlinx:kotlinx-coroutines-android:1.9.0) with IdentityTransform
Transforming kotlinx-coroutines-android-1.9.0.jar (org.jetbrains.kotlinx:kotlinx-coroutines-android:1.9.0) with EnumerateClassesTransform
Transforming cardview-1.0.0.aar (androidx.cardview:cardview:1.0.0) with AarToClassTransform
Transforming cardview-1.0.0.aar (androidx.cardview:cardview:1.0.0) with EnumerateClassesTransform
Transforming resourceinspection-annotation-1.0.1.jar (androidx.resourceinspection:resourceinspection-annotation:1.0.1) with IdentityTransform
Transforming okhttp-coroutines-5.0.0-alpha.14.jar (com.squareup.okhttp3:okhttp-coroutines:5.0.0-alpha.14) with IdentityTransform
Transforming resourceinspection-annotation-1.0.1.jar (androidx.resourceinspection:resourceinspection-annotation:1.0.1) with EnumerateClassesTransform
Transforming okhttp-coroutines-5.0.0-alpha.14.jar (com.squareup.okhttp3:okhttp-coroutines:5.0.0-alpha.14) with EnumerateClassesTransform
Transforming mmkv-1.3.14.aar (com.tencent:mmkv:1.3.14) with AarToClassTransform
Transforming mmkv-1.3.14.aar (com.tencent:mmkv:1.3.14) with EnumerateClassesTransform
Transforming kotlinx-coroutines-slf4j-1.9.0.jar (org.jetbrains.kotlinx:kotlinx-coroutines-slf4j:1.9.0) with IdentityTransform
Transforming gltfio-android-1.66.0.aar (com.google.android.filament:gltfio-android:1.66.0) with AarToClassTransform
Transforming kotlinx-coroutines-slf4j-1.9.0.jar (org.jetbrains.kotlinx:kotlinx-coroutines-slf4j:1.9.0) with EnumerateClassesTransform
Transforming gltfio-android-1.66.0.aar (com.google.android.filament:gltfio-android:1.66.0) with EnumerateClassesTransform
Transforming filament-android-1.66.0.aar (com.google.android.filament:filament-android:1.66.0) with AarToClassTransform
Transforming filament-android-1.66.0.aar (com.google.android.filament:filament-android:1.66.0) with EnumerateClassesTransform
Transforming core-runtime-2.2.0.aar (androidx.arch.core:core-runtime:2.2.0) with AarToClassTransform
Transforming core-runtime-2.2.0.aar (androidx.arch.core:core-runtime:2.2.0) with EnumerateClassesTransform
Transforming core-common-2.2.0.jar (androidx.arch.core:core-common:2.2.0) with IdentityTransform
Transforming core-common-2.2.0.jar (androidx.arch.core:core-common:2.2.0) with EnumerateClassesTransform
Transforming cursoradapter-1.0.0.aar (androidx.cursoradapter:cursoradapter:1.0.0) with AarToClassTransform
Transforming cursoradapter-1.0.0.aar (androidx.cursoradapter:cursoradapter:1.0.0) with EnumerateClassesTransform
Transforming firebase-components-17.1.0.aar (com.google.firebase:firebase-components:17.1.0) with AarToClassTransform
Transforming firebase-components-17.1.0.aar (com.google.firebase:firebase-components:17.1.0) with EnumerateClassesTransform
Transforming transport-backend-cct-3.1.8.aar (com.google.android.datatransport:transport-backend-cct:3.1.8) with AarToClassTransform
Transforming transport-backend-cct-3.1.8.aar (com.google.android.datatransport:transport-backend-cct:3.1.8) with EnumerateClassesTransform
Transforming transport-runtime-3.1.8.aar (com.google.android.datatransport:transport-runtime:3.1.8) with AarToClassTransform
Transforming transport-runtime-3.1.8.aar (com.google.android.datatransport:transport-runtime:3.1.8) with EnumerateClassesTransform
Transforming transport-api-3.0.0.aar (com.google.android.datatransport:transport-api:3.0.0) with AarToClassTransform
Transforming transport-api-3.0.0.aar (com.google.android.datatransport:transport-api:3.0.0) with EnumerateClassesTransform
Transforming firebase-encoders-json-18.0.0.aar (com.google.firebase:firebase-encoders-json:18.0.0) with AarToClassTransform
Transforming firebase-encoders-json-18.0.0.aar (com.google.firebase:firebase-encoders-json:18.0.0) with EnumerateClassesTransform
Transforming firebase-encoders-proto-16.0.0.jar (com.google.firebase:firebase-encoders-proto:16.0.0) with IdentityTransform
Transforming firebase-encoders-proto-16.0.0.jar (com.google.firebase:firebase-encoders-proto:16.0.0) with EnumerateClassesTransform
Transforming firebase-encoders-17.0.0.jar (com.google.firebase:firebase-encoders:17.0.0) with IdentityTransform
Transforming firebase-encoders-17.0.0.jar (com.google.firebase:firebase-encoders:17.0.0) with EnumerateClassesTransform
Transforming versionedparcelable-1.1.1.aar (androidx.versionedparcelable:versionedparcelable:1.1.1) with AarToClassTransform
Transforming versionedparcelable-1.1.1.aar (androidx.versionedparcelable:versionedparcelable:1.1.1) with EnumerateClassesTransform
Transforming collection-jvm-1.5.0.jar (androidx.collection:collection-jvm:1.5.0) with IdentityTransform
Transforming collection-jvm-1.5.0.jar (androidx.collection:collection-jvm:1.5.0) with EnumerateClassesTransform
Transforming sqlite-framework.aar (androidx.sqlite:sqlite-framework-android:2.6.1) with AarToClassTransform
Transforming sqlite-framework.aar (androidx.sqlite:sqlite-framework-android:2.6.1) with EnumerateClassesTransform
Transforming sqlite.aar (androidx.sqlite:sqlite-android:2.6.1) with AarToClassTransform
Transforming sqlite.aar (androidx.sqlite:sqlite-android:2.6.1) with EnumerateClassesTransform
Transforming profileinstaller-1.4.0.aar (androidx.profileinstaller:profileinstaller:1.4.0) with AarToClassTransform
Transforming profileinstaller-1.4.0.aar (androidx.profileinstaller:profileinstaller:1.4.0) with EnumerateClassesTransform
Transforming concurrent-futures-1.1.0.jar (androidx.concurrent:concurrent-futures:1.1.0) with IdentityTransform
Transforming concurrent-futures-1.1.0.jar (androidx.concurrent:concurrent-futures:1.1.0) with EnumerateClassesTransform
Transforming collection-ktx-1.5.0.jar (androidx.collection:collection-ktx:1.5.0) with IdentityTransform
Transforming startup-runtime-1.1.1.aar (androidx.startup:startup-runtime:1.1.1) with AarToClassTransform
Transforming collection-ktx-1.5.0.jar (androidx.collection:collection-ktx:1.5.0) with EnumerateClassesTransform
Transforming startup-runtime-1.1.1.aar (androidx.startup:startup-runtime:1.1.1) with EnumerateClassesTransform
Transforming tracing-1.2.0.aar (androidx.tracing:tracing:1.2.0) with AarToClassTransform
Transforming tracing-1.2.0.aar (androidx.tracing:tracing:1.2.0) with EnumerateClassesTransform
Transforming interpolator-1.0.0.aar (androidx.interpolator:interpolator:1.0.0) with AarToClassTransform
Transforming interpolator-1.0.0.aar (androidx.interpolator:interpolator:1.0.0) with EnumerateClassesTransform
Transforming interpolator-1.0.0.aar (androidx.interpolator:interpolator:1.0.0) with AarToClassTransform
Transforming interpolator-1.0.0.aar (androidx.interpolator:interpolator:1.0.0) with EnumerateClassesTransform
Transforming exifinterface-1.3.7.aar (androidx.exifinterface:exifinterface:1.3.7) with AarToClassTransform
Transforming exifinterface-1.3.7.aar (androidx.exifinterface:exifinterface:1.3.7) with EnumerateClassesTransform
Transforming documentfile-1.0.0.aar (androidx.documentfile:documentfile:1.0.0) with AarToClassTransform
Transforming documentfile-1.0.0.aar (androidx.documentfile:documentfile:1.0.0) with EnumerateClassesTransform
Transforming localbroadcastmanager-1.0.0.aar (androidx.localbroadcastmanager:localbroadcastmanager:1.0.0) with AarToClassTransform
Transforming localbroadcastmanager-1.0.0.aar (androidx.localbroadcastmanager:localbroadcastmanager:1.0.0) with EnumerateClassesTransform
Transforming print-1.0.0.aar (androidx.print:print:1.0.0) with AarToClassTransform
Transforming print-1.0.0.aar (androidx.print:print:1.0.0) with EnumerateClassesTransform
Transforming gifdecoder-4.14.2.aar (com.github.bumptech.glide:gifdecoder:4.14.2) with AarToClassTransform
Transforming gifdecoder-4.14.2.aar (com.github.bumptech.glide:gifdecoder:4.14.2) with EnumerateClassesTransform
Transforming viewbinding-7.2.2.aar (androidx.databinding:viewbinding:7.2.2) with AarToClassTransform
Transforming viewbinding-7.2.2.aar (androidx.databinding:viewbinding:7.2.2) with EnumerateClassesTransform
Transforming annotation-jvm-1.9.1.jar (androidx.annotation:annotation-jvm:1.9.1) with IdentityTransform
Transforming annotation-jvm-1.9.1.jar (androidx.annotation:annotation-jvm:1.9.1) with EnumerateClassesTransform
Transforming core-viewtree-1.0.0.aar (androidx.core:core-viewtree:1.0.0) with AarToClassTransform
Transforming core-viewtree-1.0.0.aar (androidx.core:core-viewtree:1.0.0) with EnumerateClassesTransform
Transforming kotlin-stdlib-jdk7-2.0.21.jar (org.jetbrains.kotlin:kotlin-stdlib-jdk7:2.0.21) with IdentityTransform
Transforming kotlin-stdlib-jdk7-2.0.21.jar (org.jetbrains.kotlin:kotlin-stdlib-jdk7:2.0.21) with EnumerateClassesTransform
Transforming socket.io-client-2.1.2.jar (io.socket:socket.io-client:2.1.2) with IdentityTransform
Transforming socket.io-client-2.1.2.jar (io.socket:socket.io-client:2.1.2) with EnumerateClassesTransform
Transforming engine.io-client-2.1.0.jar (io.socket:engine.io-client:2.1.0) with IdentityTransform
Transforming engine.io-client-2.1.0.jar (io.socket:engine.io-client:2.1.0) with EnumerateClassesTransform
Transforming okhttp-5.0.0-alpha.14.jar (com.squareup.okhttp3:okhttp:5.0.0-alpha.14) with IdentityTransform
Transforming okhttp-5.0.0-alpha.14.jar (com.squareup.okhttp3:okhttp:5.0.0-alpha.14) with EnumerateClassesTransform
Transforming okio-jvm-3.9.0.jar (com.squareup.okio:okio-jvm:3.9.0) with IdentityTransform
Transforming okio-jvm-3.9.0.jar (com.squareup.okio:okio-jvm:3.9.0) with EnumerateClassesTransform
Transforming kotlinx-serialization-json-jvm-1.7.3.jar (org.jetbrains.kotlinx:kotlinx-serialization-json-jvm:1.7.3) with IdentityTransform
Transforming kotlinx-io-core-jvm-0.5.4.jar (org.jetbrains.kotlinx:kotlinx-io-core-jvm:0.5.4) with IdentityTransform
Transforming kotlinx-io-bytestring-jvm-0.5.4.jar (org.jetbrains.kotlinx:kotlinx-io-bytestring-jvm:0.5.4) with IdentityTransform
Transforming kotlinx-io-core-jvm-0.5.4.jar (org.jetbrains.kotlinx:kotlinx-io-core-jvm:0.5.4) with EnumerateClassesTransform
Transforming kotlinx-io-bytestring-jvm-0.5.4.jar (org.jetbrains.kotlinx:kotlinx-io-bytestring-jvm:0.5.4) with EnumerateClassesTransform
Transforming kotlinx-serialization-json-jvm-1.7.3.jar (org.jetbrains.kotlinx:kotlinx-serialization-json-jvm:1.7.3) with EnumerateClassesTransform
Transforming kotlinx-serialization-core-jvm-1.7.3.jar (org.jetbrains.kotlinx:kotlinx-serialization-core-jvm:1.7.3) with IdentityTransform
Transforming kotlinx-serialization-core-jvm-1.7.3.jar (org.jetbrains.kotlinx:kotlinx-serialization-core-jvm:1.7.3) with EnumerateClassesTransform
Transforming kotlin-stdlib-2.2.21.jar (org.jetbrains.kotlin:kotlin-stdlib:2.2.21) with IdentityTransform
Transforming kotlin-stdlib-2.2.21.jar (org.jetbrains.kotlin:kotlin-stdlib:2.2.21) with EnumerateClassesTransform
Transforming firebase-crashlytics-buildtools-3.0.6.jar (com.google.firebase:firebase-crashlytics-buildtools:3.0.6) with IdentityTransform
Transforming firebase-crashlytics-buildtools-3.0.6.jar (com.google.firebase:firebase-crashlytics-buildtools:3.0.6) with EnumerateClassesTransform
Transforming timber-4.7.1.aar (com.jakewharton.timber:timber:4.7.1) with AarToClassTransform
Transforming timber-4.7.1.aar (com.jakewharton.timber:timber:4.7.1) with EnumerateClassesTransform
Transforming annotations-23.0.0.jar (org.jetbrains:annotations:23.0.0) with IdentityTransform
Transforming annotations-23.0.0.jar (org.jetbrains:annotations:23.0.0) with EnumerateClassesTransform
Transforming gson-2.13.1.jar (com.google.code.gson:gson:2.13.1) with IdentityTransform
Transforming gson-2.13.1.jar (com.google.code.gson:gson:2.13.1) with EnumerateClassesTransform
Transforming json-20090211.jar (org.json:json:20090211) with IdentityTransform
Transforming json-20090211.jar (org.json:json:20090211) with EnumerateClassesTransform
Transforming error_prone_annotations-2.38.0.jar (com.google.errorprone:error_prone_annotations:2.38.0) with IdentityTransform
Transforming error_prone_annotations-2.38.0.jar (com.google.errorprone:error_prone_annotations:2.38.0) with EnumerateClassesTransform
Transforming zpns-fcm-2.8.0.aar (im.zego:zpns-fcm:2.8.0) with AarToClassTransform
Transforming zpns-fcm-2.8.0.aar (im.zego:zpns-fcm:2.8.0) with EnumerateClassesTransform
Transforming jspecify-1.0.0.jar (org.jspecify:jspecify:1.0.0) with IdentityTransform
Transforming jspecify-1.0.0.jar (org.jspecify:jspecify:1.0.0) with EnumerateClassesTransform
Transforming slf4j-api-1.7.36.jar (org.slf4j:slf4j-api:1.7.36) with IdentityTransform
Transforming slf4j-api-1.7.36.jar (org.slf4j:slf4j-api:1.7.36) with EnumerateClassesTransform
Transforming express-video-3.23.0.aar (im.zego:express-video:3.23.0) with AarToClassTransform
Transforming express-video-3.23.0.aar (im.zego:express-video:3.23.0) with EnumerateClassesTransform
Transforming uikitreport-0.5.1.aar (im.zego:uikitreport:0.5.1) with AarToClassTransform
Transforming uikitreport-0.5.1.aar (im.zego:uikitreport:0.5.1) with EnumerateClassesTransform
Transforming zim-2.21.1.aar (im.zego:zim:2.21.1) with AarToClassTransform
Transforming zim-2.21.1.aar (im.zego:zim:2.21.1) with EnumerateClassesTransform
Transforming zpns-2.8.0.aar (im.zego:zpns:2.8.0) with AarToClassTransform
Transforming zpns-2.8.0.aar (im.zego:zpns:2.8.0) with EnumerateClassesTransform
Transforming listenablefuture-1.0.jar (com.google.guava:listenablefuture:1.0) with IdentityTransform
Transforming listenablefuture-1.0.jar (com.google.guava:listenablefuture:1.0) with EnumerateClassesTransform
Transforming xlog-1.10.1.aar (com.elvishew:xlog:1.10.1) with AarToClassTransform
Transforming xlog-1.10.1.aar (com.elvishew:xlog:1.10.1) with EnumerateClassesTransform
Transforming disklrucache-4.14.2.jar (com.github.bumptech.glide:disklrucache:4.14.2) with IdentityTransform
Transforming disklrucache-4.14.2.jar (com.github.bumptech.glide:disklrucache:4.14.2) with EnumerateClassesTransform
Transforming annotations-4.14.2.jar (com.github.bumptech.glide:annotations:4.14.2) with IdentityTransform
Transforming annotations-4.14.2.jar (com.github.bumptech.glide:annotations:4.14.2) with EnumerateClassesTransform
Transforming firebase-annotations-16.2.0.jar (com.google.firebase:firebase-annotations:16.2.0) with IdentityTransform
Transforming constraintlayout-core-1.0.4.jar (androidx.constraintlayout:constraintlayout-core:1.0.4) with IdentityTransform
Transforming firebase-annotations-16.2.0.jar (com.google.firebase:firebase-annotations:16.2.0) with EnumerateClassesTransform
Transforming constraintlayout-core-1.0.4.jar (androidx.constraintlayout:constraintlayout-core:1.0.4) with EnumerateClassesTransform
Transforming javax.inject-1.jar (javax.inject:javax.inject:1) with IdentityTransform
Transforming javax.inject-1.jar (javax.inject:javax.inject:1) with EnumerateClassesTransform
Caching disabled for task ':app:checkDebugDuplicateClasses' because:
  Build cache is disabled
  Caching has been disabled for the task
Skipping task ':app:checkDebugDuplicateClasses' as it is up-to-date.
Resolve mutations for :app:desugarDebugFileDependencies (Thread[Execution worker Thread 7,5,main]) started.
:app:desugarDebugFileDependencies (Thread[Execution worker Thread 7,5,main]) started.

> Task :app:desugarDebugFileDependencies UP-TO-DATE
Caching disabled for task ':app:desugarDebugFileDependencies' because:
  Build cache is disabled
Skipping task ':app:desugarDebugFileDependencies' as it is up-to-date.
Resolve mutations for :app:mergeExtDexDebug (Thread[Execution worker Thread 7,5,main]) started.
:app:mergeExtDexDebug (Thread[Execution worker Thread 7,5,main]) started.

> Task :app:mergeExtDexDebug UP-TO-DATE
Transforming room-common-jvm-2.8.2.jar (androidx.room:room-common-jvm:2.8.2) with IdentityTransform
Transforming room-common-jvm-2.8.2.jar (androidx.room:room-common-jvm:2.8.2) with IdentityTransform
Transforming room-common-jvm-2.8.2.jar (androidx.room:room-common-jvm:2.8.2) with DexingNoClasspathTransform
Transforming room-runtime.aar (androidx.room:room-runtime-android:2.8.2) with AarToClassTransform
Transforming room-runtime.aar (androidx.room:room-runtime-android:2.8.2) with IdentityTransform
Transforming room-runtime.aar (androidx.room:room-runtime-android:2.8.2) with DexingNoClasspathTransform
Transforming room-ktx-2.8.2.aar (androidx.room:room-ktx:2.8.2) with AarToClassTransform
Transforming room-ktx-2.8.2.aar (androidx.room:room-ktx:2.8.2) with IdentityTransform
Transforming room-ktx-2.8.2.aar (androidx.room:room-ktx:2.8.2) with DexingNoClasspathTransform
Transforming core-splashscreen-1.0.1.aar (androidx.core:core-splashscreen:1.0.1) with AarToClassTransform
Transforming core-splashscreen-1.0.1.aar (androidx.core:core-splashscreen:1.0.1) with IdentityTransform
Transforming core-splashscreen-1.0.1.aar (androidx.core:core-splashscreen:1.0.1) with DexingNoClasspathTransform
Transforming navigation-common-2.7.0.aar (androidx.navigation:navigation-common:2.7.0) with AarToClassTransform
Transforming navigation-common-2.7.0.aar (androidx.navigation:navigation-common:2.7.0) with IdentityTransform
Transforming navigation-common-2.7.0.aar (androidx.navigation:navigation-common:2.7.0) with DexingNoClasspathTransform
Transforming navigation-runtime-2.7.0.aar (androidx.navigation:navigation-runtime:2.7.0) with AarToClassTransform
Transforming navigation-runtime-2.7.0.aar (androidx.navigation:navigation-runtime:2.7.0) with IdentityTransform
Transforming navigation-runtime-2.7.0.aar (androidx.navigation:navigation-runtime:2.7.0) with DexingNoClasspathTransform
Transforming navigation-common-ktx-2.7.0.aar (androidx.navigation:navigation-common-ktx:2.7.0) with AarToClassTransform
Transforming navigation-common-ktx-2.7.0.aar (androidx.navigation:navigation-common-ktx:2.7.0) with IdentityTransform
Transforming navigation-common-ktx-2.7.0.aar (androidx.navigation:navigation-common-ktx:2.7.0) with DexingNoClasspathTransform
Transforming navigation-runtime-ktx-2.7.0.aar (androidx.navigation:navigation-runtime-ktx:2.7.0) with AarToClassTransform
Transforming navigation-runtime-ktx-2.7.0.aar (androidx.navigation:navigation-runtime-ktx:2.7.0) with IdentityTransform
Transforming navigation-runtime-ktx-2.7.0.aar (androidx.navigation:navigation-runtime-ktx:2.7.0) with DexingNoClasspathTransform
Transforming navigation-compose-2.7.0.aar (androidx.navigation:navigation-compose:2.7.0) with AarToClassTransform
Transforming navigation-compose-2.7.0.aar (androidx.navigation:navigation-compose:2.7.0) with IdentityTransform
Transforming navigation-compose-2.7.0.aar (androidx.navigation:navigation-compose:2.7.0) with DexingNoClasspathTransform
Transforming converter-gson-3.0.0.jar (com.squareup.retrofit2:converter-gson:3.0.0) with IdentityTransform
Transforming converter-gson-3.0.0.jar (com.squareup.retrofit2:converter-gson:3.0.0) with IdentityTransform
Transforming converter-gson-3.0.0.jar (com.squareup.retrofit2:converter-gson:3.0.0) with DexingNoClasspathTransform
Transforming retrofit-3.0.0.jar (com.squareup.retrofit2:retrofit:3.0.0) with IdentityTransform
Transforming retrofit-3.0.0.jar (com.squareup.retrofit2:retrofit:3.0.0) with IdentityTransform
Transforming retrofit-3.0.0.jar (com.squareup.retrofit2:retrofit:3.0.0) with DexingNoClasspathTransform
Transforming coil-compose-2.7.0.aar (io.coil-kt:coil-compose:2.7.0) with AarToClassTransform
Transforming coil-compose-2.7.0.aar (io.coil-kt:coil-compose:2.7.0) with IdentityTransform
Transforming coil-compose-2.7.0.aar (io.coil-kt:coil-compose:2.7.0) with DexingNoClasspathTransform
Transforming zego_uikit_prebuilt_call_android-3.9.10.aar (com.github.ZEGOCLOUD:zego_uikit_prebuilt_call_android:3.9.10) with AarToClassTransform
Transforming zego_uikit_prebuilt_call_android-3.9.10.aar (com.github.ZEGOCLOUD:zego_uikit_prebuilt_call_android:3.9.10) with IdentityTransform
Transforming zego_uikit_prebuilt_call_android-3.9.10.aar (com.github.ZEGOCLOUD:zego_uikit_prebuilt_call_android:3.9.10) with DexingNoClasspathTransform
Transforming sceneview-2.3.1.aar (io.github.sceneview:sceneview:2.3.1) with AarToClassTransform
Transforming sceneview-2.3.1.aar (io.github.sceneview:sceneview:2.3.1) with IdentityTransform
Transforming sceneview-2.3.1.aar (io.github.sceneview:sceneview:2.3.1) with DexingNoClasspathTransform
Transforming material3-release.aar (androidx.compose.material3:material3-android:1.3.0) with AarToClassTransform
Transforming material3-release.aar (androidx.compose.material3:material3-android:1.3.0) with IdentityTransform
Transforming material3-release.aar (androidx.compose.material3:material3-android:1.3.0) with DexingNoClasspathTransform
Transforming coil-compose-base-2.7.0.aar (io.coil-kt:coil-compose-base:2.7.0) with AarToClassTransform
Transforming coil-compose-base-2.7.0.aar (io.coil-kt:coil-compose-base:2.7.0) with IdentityTransform
Transforming coil-compose-base-2.7.0.aar (io.coil-kt:coil-compose-base:2.7.0) with DexingNoClasspathTransform
Transforming accompanist-drawablepainter-0.32.0.aar (com.google.accompanist:accompanist-drawablepainter:0.32.0) with AarToClassTransform
Transforming accompanist-drawablepainter-0.32.0.aar (com.google.accompanist:accompanist-drawablepainter:0.32.0) with IdentityTransform
Transforming accompanist-drawablepainter-0.32.0.aar (com.google.accompanist:accompanist-drawablepainter:0.32.0) with DexingNoClasspathTransform
Transforming zego_uikit_android-3.6.5.aar (com.github.ZEGOCLOUD:zego_uikit_android:3.6.5) with AarToClassTransform
Transforming zego_uikit_android-3.6.5.aar (com.github.ZEGOCLOUD:zego_uikit_android:3.6.5) with IdentityTransform
Transforming zego_uikit_android-3.6.5.aar (com.github.ZEGOCLOUD:zego_uikit_android:3.6.5) with DexingNoClasspathTransform
Transforming material-1.11.0.aar (com.google.android.material:material:1.11.0) with AarToClassTransform
Transforming material-1.11.0.aar (com.google.android.material:material:1.11.0) with IdentityTransform
Transforming material-1.11.0.aar (com.google.android.material:material:1.11.0) with DexingNoClasspathTransform
Transforming constraintlayout-2.1.4.aar (androidx.constraintlayout:constraintlayout:2.1.4) with AarToClassTransform
Transforming constraintlayout-2.1.4.aar (androidx.constraintlayout:constraintlayout:2.1.4) with IdentityTransform
Transforming constraintlayout-2.1.4.aar (androidx.constraintlayout:constraintlayout:2.1.4) with DexingNoClasspathTransform
Transforming coil-2.7.0.aar (io.coil-kt:coil:2.7.0) with AarToClassTransform
Transforming coil-2.7.0.aar (io.coil-kt:coil:2.7.0) with IdentityTransform
Transforming coil-2.7.0.aar (io.coil-kt:coil:2.7.0) with DexingNoClasspathTransform
Transforming coil-base-2.7.0.aar (io.coil-kt:coil-base:2.7.0) with AarToClassTransform
Transforming coil-base-2.7.0.aar (io.coil-kt:coil-base:2.7.0) with IdentityTransform
Transforming coil-base-2.7.0.aar (io.coil-kt:coil-base:2.7.0) with DexingNoClasspathTransform
Transforming appcompat-resources-1.6.1.aar (androidx.appcompat:appcompat-resources:1.6.1) with AarToClassTransform
Transforming appcompat-resources-1.6.1.aar (androidx.appcompat:appcompat-resources:1.6.1) with IdentityTransform
Transforming appcompat-resources-1.6.1.aar (androidx.appcompat:appcompat-resources:1.6.1) with DexingNoClasspathTransform
Transforming zego_uikit_signaling_plugin_android-3.0.2.aar (com.github.ZEGOCLOUD:zego_uikit_signaling_plugin_android:3.0.2) with AarToClassTransform
Transforming zego_uikit_signaling_plugin_android-3.0.2.aar (com.github.ZEGOCLOUD:zego_uikit_signaling_plugin_android:3.0.2) with IdentityTransform
Transforming zego_uikit_signaling_plugin_android-3.0.2.aar (com.github.ZEGOCLOUD:zego_uikit_signaling_plugin_android:3.0.2) with DexingNoClasspathTransform
Transforming zego_uikit_plugin_adapter_android-3.0.4.aar (com.github.ZEGOCLOUD:zego_uikit_plugin_adapter_android:3.0.4) with AarToClassTransform
Transforming zego_uikit_plugin_adapter_android-3.0.4.aar (com.github.ZEGOCLOUD:zego_uikit_plugin_adapter_android:3.0.4) with IdentityTransform
Transforming zego_uikit_plugin_adapter_android-3.0.4.aar (com.github.ZEGOCLOUD:zego_uikit_plugin_adapter_android:3.0.4) with DexingNoClasspathTransform
Transforming permissionx-1.7.1.aar (com.guolindev.permissionx:permissionx:1.7.1) with AarToClassTransform
Transforming permissionx-1.7.1.aar (com.guolindev.permissionx:permissionx:1.7.1) with IdentityTransform
Transforming permissionx-1.7.1.aar (com.guolindev.permissionx:permissionx:1.7.1) with DexingNoClasspathTransform
Transforming appcompat-1.6.1.aar (androidx.appcompat:appcompat:1.6.1) with AarToClassTransform
Transforming appcompat-1.6.1.aar (androidx.appcompat:appcompat:1.6.1) with IdentityTransform
Transforming appcompat-1.6.1.aar (androidx.appcompat:appcompat:1.6.1) with DexingNoClasspathTransform
Transforming viewpager2-1.0.0.aar (androidx.viewpager2:viewpager2:1.0.0) with AarToClassTransform
Transforming viewpager2-1.0.0.aar (androidx.viewpager2:viewpager2:1.0.0) with IdentityTransform
Transforming viewpager2-1.0.0.aar (androidx.viewpager2:viewpager2:1.0.0) with DexingNoClasspathTransform
Transforming glide-4.14.2.aar (com.github.bumptech.glide:glide:4.14.2) with AarToClassTransform
Transforming glide-4.14.2.aar (com.github.bumptech.glide:glide:4.14.2) with IdentityTransform
Transforming glide-4.14.2.aar (com.github.bumptech.glide:glide:4.14.2) with DexingNoClasspathTransform
Transforming firebase-messaging-23.2.1.aar (com.google.firebase:firebase-messaging:23.2.1) with AarToClassTransform
Transforming firebase-messaging-23.2.1.aar (com.google.firebase:firebase-messaging:23.2.1) with IdentityTransform
Transforming firebase-messaging-23.2.1.aar (com.google.firebase:firebase-messaging:23.2.1) with DexingNoClasspathTransform
Transforming firebase-datatransport-18.1.7.aar (com.google.firebase:firebase-datatransport:18.1.7) with AarToClassTransform
Transforming firebase-datatransport-18.1.7.aar (com.google.firebase:firebase-datatransport:18.1.7) with IdentityTransform
Transforming firebase-datatransport-18.1.7.aar (com.google.firebase:firebase-datatransport:18.1.7) with DexingNoClasspathTransform
Transforming firebase-installations-17.1.3.aar (com.google.firebase:firebase-installations:17.1.3) with AarToClassTransform
Transforming firebase-installations-17.1.3.aar (com.google.firebase:firebase-installations:17.1.3) with IdentityTransform
Transforming firebase-installations-17.1.3.aar (com.google.firebase:firebase-installations:17.1.3) with DexingNoClasspathTransform
Transforming firebase-common-20.3.1.aar (com.google.firebase:firebase-common:20.3.1) with AarToClassTransform
Transforming firebase-common-20.3.1.aar (com.google.firebase:firebase-common:20.3.1) with IdentityTransform
Transforming firebase-common-20.3.1.aar (com.google.firebase:firebase-common:20.3.1) with DexingNoClasspathTransform
Transforming play-services-base-18.0.1.aar (com.google.android.gms:play-services-base:18.0.1) with AarToClassTransform
Transforming play-services-base-18.0.1.aar (com.google.android.gms:play-services-base:18.0.1) with IdentityTransform
Transforming play-services-base-18.0.1.aar (com.google.android.gms:play-services-base:18.0.1) with DexingNoClasspathTransform
Transforming play-services-stats-17.0.2.aar (com.google.android.gms:play-services-stats:17.0.2) with AarToClassTransform
Transforming play-services-stats-17.0.2.aar (com.google.android.gms:play-services-stats:17.0.2) with IdentityTransform
Transforming play-services-stats-17.0.2.aar (com.google.android.gms:play-services-stats:17.0.2) with DexingNoClasspathTransform
Transforming firebase-measurement-connector-19.0.0.aar (com.google.firebase:firebase-measurement-connector:19.0.0) with AarToClassTransform
Transforming firebase-measurement-connector-19.0.0.aar (com.google.firebase:firebase-measurement-connector:19.0.0) with IdentityTransform
Transforming firebase-measurement-connector-19.0.0.aar (com.google.firebase:firebase-measurement-connector:19.0.0) with DexingNoClasspathTransform
Transforming firebase-iid-interop-17.1.0.aar (com.google.firebase:firebase-iid-interop:17.1.0) with AarToClassTransform
Transforming firebase-iid-interop-17.1.0.aar (com.google.firebase:firebase-iid-interop:17.1.0) with IdentityTransform
Transforming firebase-iid-interop-17.1.0.aar (com.google.firebase:firebase-iid-interop:17.1.0) with DexingNoClasspathTransform
Transforming play-services-cloud-messaging-17.0.1.aar (com.google.android.gms:play-services-cloud-messaging:17.0.1) with AarToClassTransform
Transforming play-services-cloud-messaging-17.0.1.aar (com.google.android.gms:play-services-cloud-messaging:17.0.1) with IdentityTransform
Transforming play-services-cloud-messaging-17.0.1.aar (com.google.android.gms:play-services-cloud-messaging:17.0.1) with DexingNoClasspathTransform
Transforming firebase-installations-interop-17.1.0.aar (com.google.firebase:firebase-installations-interop:17.1.0) with AarToClassTransform
Transforming firebase-installations-interop-17.1.0.aar (com.google.firebase:firebase-installations-interop:17.1.0) with IdentityTransform
Transforming firebase-installations-interop-17.1.0.aar (com.google.firebase:firebase-installations-interop:17.1.0) with DexingNoClasspathTransform
Transforming play-services-tasks-18.0.2.aar (com.google.android.gms:play-services-tasks:18.0.2) with AarToClassTransform
Transforming play-services-tasks-18.0.2.aar (com.google.android.gms:play-services-tasks:18.0.2) with IdentityTransform
Transforming play-services-tasks-18.0.2.aar (com.google.android.gms:play-services-tasks:18.0.2) with DexingNoClasspathTransform
Transforming play-services-basement-18.1.0.aar (com.google.android.gms:play-services-basement:18.1.0) with AarToClassTransform
Transforming play-services-basement-18.1.0.aar (com.google.android.gms:play-services-basement:18.1.0) with IdentityTransform
Transforming play-services-basement-18.1.0.aar (com.google.android.gms:play-services-basement:18.1.0) with DexingNoClasspathTransform
Transforming fragment-1.8.9.aar (androidx.fragment:fragment:1.8.9) with AarToClassTransform
Transforming fragment-1.8.9.aar (androidx.fragment:fragment:1.8.9) with IdentityTransform
Transforming fragment-1.8.9.aar (androidx.fragment:fragment:1.8.9) with DexingNoClasspathTransform
Transforming fragment-1.8.9.aar (androidx.fragment:fragment:1.8.9) with AarToClassTransform
Transforming fragment-1.8.9.aar (androidx.fragment:fragment:1.8.9) with IdentityTransform
Transforming fragment-1.8.9.aar (androidx.fragment:fragment:1.8.9) with DexingNoClasspathTransform
Transforming fragment-ktx-1.8.9.aar (androidx.fragment:fragment-ktx:1.8.9) with AarToClassTransform
Transforming fragment-ktx-1.8.9.aar (androidx.fragment:fragment-ktx:1.8.9) with IdentityTransform
Transforming fragment-ktx-1.8.9.aar (androidx.fragment:fragment-ktx:1.8.9) with DexingNoClasspathTransform
Transforming material-ripple-release.aar (androidx.compose.material:material-ripple-android:1.7.0) with AarToClassTransform
Transforming material-ripple-release.aar (androidx.compose.material:material-ripple-android:1.7.0) with IdentityTransform
Transforming material-ripple-release.aar (androidx.compose.material:material-ripple-android:1.7.0) with DexingNoClasspathTransform
Transforming foundation.aar (androidx.compose.foundation:foundation-android:1.10.0) with AarToClassTransform
Transforming foundation.aar (androidx.compose.foundation:foundation-android:1.10.0) with IdentityTransform
Transforming foundation.aar (androidx.compose.foundation:foundation-android:1.10.0) with DexingNoClasspathTransform
Transforming ui-tooling-data.aar (androidx.compose.ui:ui-tooling-data-android:1.10.0) with AarToClassTransform
Transforming ui-tooling-data.aar (androidx.compose.ui:ui-tooling-data-android:1.10.0) with IdentityTransform
Transforming ui-tooling-data.aar (androidx.compose.ui:ui-tooling-data-android:1.10.0) with DexingNoClasspathTransform
Transforming ui-tooling-preview.aar (androidx.compose.ui:ui-tooling-preview-android:1.10.0) with AarToClassTransform
Transforming ui-tooling-preview.aar (androidx.compose.ui:ui-tooling-preview-android:1.10.0) with IdentityTransform
Transforming ui-tooling-preview.aar (androidx.compose.ui:ui-tooling-preview-android:1.10.0) with DexingNoClasspathTransform
Transforming ui-text.aar (androidx.compose.ui:ui-text-android:1.10.0) with AarToClassTransform
Transforming ui-text.aar (androidx.compose.ui:ui-text-android:1.10.0) with IdentityTransform
Transforming ui-text.aar (androidx.compose.ui:ui-text-android:1.10.0) with DexingNoClasspathTransform
Transforming ui-geometry.aar (androidx.compose.ui:ui-geometry-android:1.10.0) with AarToClassTransform
Transforming ui-geometry.aar (androidx.compose.ui:ui-geometry-android:1.10.0) with IdentityTransform
Transforming ui-geometry.aar (androidx.compose.ui:ui-geometry-android:1.10.0) with DexingNoClasspathTransform
Transforming ui-graphics.aar (androidx.compose.ui:ui-graphics-android:1.10.0) with AarToClassTransform
Transforming ui-graphics.aar (androidx.compose.ui:ui-graphics-android:1.10.0) with IdentityTransform
Transforming ui-graphics.aar (androidx.compose.ui:ui-graphics-android:1.10.0) with DexingNoClasspathTransform
Transforming ui-unit.aar (androidx.compose.ui:ui-unit-android:1.10.0) with AarToClassTransform
Transforming ui-unit.aar (androidx.compose.ui:ui-unit-android:1.10.0) with IdentityTransform
Transforming ui-unit.aar (androidx.compose.ui:ui-unit-android:1.10.0) with DexingNoClasspathTransform
Transforming ui-util.aar (androidx.compose.ui:ui-util-android:1.10.0) with AarToClassTransform
Transforming ui-util.aar (androidx.compose.ui:ui-util-android:1.10.0) with IdentityTransform
Transforming ui-util.aar (androidx.compose.ui:ui-util-android:1.10.0) with DexingNoClasspathTransform
Transforming ui-test-manifest-1.10.0.aar (androidx.compose.ui:ui-test-manifest:1.10.0) with AarToClassTransform
Transforming ui-test-manifest-1.10.0.aar (androidx.compose.ui:ui-test-manifest:1.10.0) with IdentityTransform
Transforming ui-test-manifest-1.10.0.aar (androidx.compose.ui:ui-test-manifest:1.10.0) with DexingNoClasspathTransform
Transforming activity-1.8.2.aar (androidx.activity:activity:1.8.2) with AarToClassTransform
Transforming activity-1.8.2.aar (androidx.activity:activity:1.8.2) with IdentityTransform
Transforming activity-1.8.2.aar (androidx.activity:activity:1.8.2) with DexingNoClasspathTransform
Transforming activity-ktx-1.8.2.aar (androidx.activity:activity-ktx:1.8.2) with AarToClassTransform
Transforming activity-ktx-1.8.2.aar (androidx.activity:activity-ktx:1.8.2) with IdentityTransform
Transforming activity-ktx-1.8.2.aar (androidx.activity:activity-ktx:1.8.2) with DexingNoClasspathTransform
Transforming activity-compose-1.8.2.aar (androidx.activity:activity-compose:1.8.2) with AarToClassTransform
Transforming activity-compose-1.8.2.aar (androidx.activity:activity-compose:1.8.2) with IdentityTransform
Transforming activity-compose-1.8.2.aar (androidx.activity:activity-compose:1.8.2) with DexingNoClasspathTransform
Transforming material-icons-extended-release.aar (androidx.compose.material:material-icons-extended-android:1.7.0) with AarToClassTransform
Transforming material-icons-extended-release.aar (androidx.compose.material:material-icons-extended-android:1.7.0) with IdentityTransform
Transforming material-icons-extended-release.aar (androidx.compose.material:material-icons-extended-android:1.7.0) with DexingNoClasspathTransform
Transforming material-icons-core-release.aar (androidx.compose.material:material-icons-core-android:1.7.0) with AarToClassTransform
Transforming material-icons-core-release.aar (androidx.compose.material:material-icons-core-android:1.7.0) with IdentityTransform
Transforming material-icons-core-release.aar (androidx.compose.material:material-icons-core-android:1.7.0) with DexingNoClasspathTransform
Transforming runtime-retain.aar (androidx.compose.runtime:runtime-retain-android:1.10.0) with AarToClassTransform
Transforming runtime-retain.aar (androidx.compose.runtime:runtime-retain-android:1.10.0) with IdentityTransform
Transforming runtime-retain.aar (androidx.compose.runtime:runtime-retain-android:1.10.0) with DexingNoClasspathTransform
Transforming runtime-annotation.aar (androidx.compose.runtime:runtime-annotation-android:1.10.0) with AarToClassTransform
Transforming runtime-annotation.aar (androidx.compose.runtime:runtime-annotation-android:1.10.0) with IdentityTransform
Transforming runtime-annotation.aar (androidx.compose.runtime:runtime-annotation-android:1.10.0) with DexingNoClasspathTransform
Transforming transition-1.6.0.aar (androidx.transition:transition:1.6.0) with AarToClassTransform
Transforming transition-1.6.0.aar (androidx.transition:transition:1.6.0) with IdentityTransform
Transforming transition-1.6.0.aar (androidx.transition:transition:1.6.0) with DexingNoClasspathTransform
Transforming dynamicanimation-1.0.0.aar (androidx.dynamicanimation:dynamicanimation:1.0.0) with AarToClassTransform
Transforming dynamicanimation-1.0.0.aar (androidx.dynamicanimation:dynamicanimation:1.0.0) with IdentityTransform
Transforming dynamicanimation-1.0.0.aar (androidx.dynamicanimation:dynamicanimation:1.0.0) with DexingNoClasspathTransform
Transforming legacy-support-core-utils-1.0.0.aar (androidx.legacy:legacy-support-core-utils:1.0.0) with AarToClassTransform
Transforming legacy-support-core-utils-1.0.0.aar (androidx.legacy:legacy-support-core-utils:1.0.0) with IdentityTransform
Transforming legacy-support-core-utils-1.0.0.aar (androidx.legacy:legacy-support-core-utils:1.0.0) with DexingNoClasspathTransform
Transforming loader-1.0.0.aar (androidx.loader:loader:1.0.0) with AarToClassTransform
Transforming loader-1.0.0.aar (androidx.loader:loader:1.0.0) with IdentityTransform
Transforming loader-1.0.0.aar (androidx.loader:loader:1.0.0) with DexingNoClasspathTransform
Transforming loader-1.0.0.aar (androidx.loader:loader:1.0.0) with AarToClassTransform
Transforming loader-1.0.0.aar (androidx.loader:loader:1.0.0) with IdentityTransform
Transforming loader-1.0.0.aar (androidx.loader:loader:1.0.0) with DexingNoClasspathTransform
Transforming emoji2-views-helper-1.4.0.aar (androidx.emoji2:emoji2-views-helper:1.4.0) with AarToClassTransform
Transforming emoji2-views-helper-1.4.0.aar (androidx.emoji2:emoji2-views-helper:1.4.0) with IdentityTransform
Transforming emoji2-views-helper-1.4.0.aar (androidx.emoji2:emoji2-views-helper:1.4.0) with DexingNoClasspathTransform
Transforming emoji2-1.4.0.aar (androidx.emoji2:emoji2:1.4.0) with AarToClassTransform
Transforming emoji2-1.4.0.aar (androidx.emoji2:emoji2:1.4.0) with IdentityTransform
Transforming emoji2-1.4.0.aar (androidx.emoji2:emoji2:1.4.0) with DexingNoClasspathTransform
Transforming coordinatorlayout-1.1.0.aar (androidx.coordinatorlayout:coordinatorlayout:1.1.0) with AarToClassTransform
Transforming coordinatorlayout-1.1.0.aar (androidx.coordinatorlayout:coordinatorlayout:1.1.0) with IdentityTransform
Transforming coordinatorlayout-1.1.0.aar (androidx.coordinatorlayout:coordinatorlayout:1.1.0) with DexingNoClasspathTransform
Transforming drawerlayout-1.1.1.aar (androidx.drawerlayout:drawerlayout:1.1.1) with AarToClassTransform
Transforming drawerlayout-1.1.1.aar (androidx.drawerlayout:drawerlayout:1.1.1) with IdentityTransform
Transforming drawerlayout-1.1.1.aar (androidx.drawerlayout:drawerlayout:1.1.1) with DexingNoClasspathTransform
Transforming vectordrawable-animated-1.1.0.aar (androidx.vectordrawable:vectordrawable-animated:1.1.0) with AarToClassTransform
Transforming vectordrawable-animated-1.1.0.aar (androidx.vectordrawable:vectordrawable-animated:1.1.0) with IdentityTransform
Transforming vectordrawable-animated-1.1.0.aar (androidx.vectordrawable:vectordrawable-animated:1.1.0) with DexingNoClasspathTransform
Transforming vectordrawable-1.1.0.aar (androidx.vectordrawable:vectordrawable:1.1.0) with AarToClassTransform
Transforming vectordrawable-1.1.0.aar (androidx.vectordrawable:vectordrawable:1.1.0) with IdentityTransform
Transforming vectordrawable-1.1.0.aar (androidx.vectordrawable:vectordrawable:1.1.0) with DexingNoClasspathTransform
Transforming vectordrawable-1.1.0.aar (androidx.vectordrawable:vectordrawable:1.1.0) with AarToClassTransform
Transforming vectordrawable-1.1.0.aar (androidx.vectordrawable:vectordrawable:1.1.0) with IdentityTransform
Transforming vectordrawable-1.1.0.aar (androidx.vectordrawable:vectordrawable:1.1.0) with DexingNoClasspathTransform
Transforming recyclerview-1.1.0.aar (androidx.recyclerview:recyclerview:1.1.0) with AarToClassTransform
Transforming recyclerview-1.1.0.aar (androidx.recyclerview:recyclerview:1.1.0) with IdentityTransform
Transforming recyclerview-1.1.0.aar (androidx.recyclerview:recyclerview:1.1.0) with DexingNoClasspathTransform
Transforming recyclerview-1.1.0.aar (androidx.recyclerview:recyclerview:1.1.0) with AarToClassTransform
Transforming recyclerview-1.1.0.aar (androidx.recyclerview:recyclerview:1.1.0) with IdentityTransform
Transforming recyclerview-1.1.0.aar (androidx.recyclerview:recyclerview:1.1.0) with DexingNoClasspathTransform
Transforming viewpager-1.0.0.aar (androidx.viewpager:viewpager:1.0.0) with AarToClassTransform
Transforming viewpager-1.0.0.aar (androidx.viewpager:viewpager:1.0.0) with IdentityTransform
Transforming viewpager-1.0.0.aar (androidx.viewpager:viewpager:1.0.0) with DexingNoClasspathTransform
Transforming customview-1.1.0.aar (androidx.customview:customview:1.1.0) with AarToClassTransform
Transforming customview-1.1.0.aar (androidx.customview:customview:1.1.0) with IdentityTransform
Transforming customview-1.1.0.aar (androidx.customview:customview:1.1.0) with DexingNoClasspathTransform
Transforming customview-poolingcontainer-1.0.0.aar (androidx.customview:customview-poolingcontainer:1.0.0) with AarToClassTransform
Transforming customview-poolingcontainer-1.0.0.aar (androidx.customview:customview-poolingcontainer:1.0.0) with IdentityTransform
Transforming customview-poolingcontainer-1.0.0.aar (androidx.customview:customview-poolingcontainer:1.0.0) with DexingNoClasspathTransform
Transforming core-ktx-1.16.0.aar (androidx.core:core-ktx:1.16.0) with AarToClassTransform
Transforming core-ktx-1.16.0.aar (androidx.core:core-ktx:1.16.0) with IdentityTransform
Transforming core-ktx-1.16.0.aar (androidx.core:core-ktx:1.16.0) with DexingNoClasspathTransform
Transforming autofill-1.0.0.aar (androidx.autofill:autofill:1.0.0) with AarToClassTransform
Transforming autofill-1.0.0.aar (androidx.autofill:autofill:1.0.0) with IdentityTransform
Transforming autofill-1.0.0.aar (androidx.autofill:autofill:1.0.0) with DexingNoClasspathTransform
Transforming window-core.aar (androidx.window:window-core-android:1.5.0) with AarToClassTransform
Transforming window-core.aar (androidx.window:window-core-android:1.5.0) with IdentityTransform
Transforming window-core.aar (androidx.window:window-core-android:1.5.0) with DexingNoClasspathTransform
Transforming window-1.5.0.aar (androidx.window:window:1.5.0) with AarToClassTransform
Transforming window-1.5.0.aar (androidx.window:window:1.5.0) with IdentityTransform
Transforming window-1.5.0.aar (androidx.window:window:1.5.0) with DexingNoClasspathTransform
Transforming graphics-path-1.0.1.aar (androidx.graphics:graphics-path:1.0.1) with AarToClassTransform
Transforming graphics-path-1.0.1.aar (androidx.graphics:graphics-path:1.0.1) with IdentityTransform
Transforming graphics-path-1.0.1.aar (androidx.graphics:graphics-path:1.0.1) with DexingNoClasspathTransform
Transforming core-1.16.0.aar (androidx.core:core:1.16.0) with AarToClassTransform
Transforming core-1.16.0.aar (androidx.core:core:1.16.0) with IdentityTransform
Transforming core-1.16.0.aar (androidx.core:core:1.16.0) with DexingNoClasspathTransform
Transforming core-1.16.0.aar (androidx.core:core:1.16.0) with AarToClassTransform
Transforming core-1.16.0.aar (androidx.core:core:1.16.0) with IdentityTransform
Transforming core-1.16.0.aar (androidx.core:core:1.16.0) with DexingNoClasspathTransform
Transforming lifecycle-viewmodel-2.9.4.aar (androidx.lifecycle:lifecycle-viewmodel:2.9.4) with AarToClassTransform
Transforming lifecycle-viewmodel-2.9.4.aar (androidx.lifecycle:lifecycle-viewmodel:2.9.4) with IdentityTransform
Transforming lifecycle-viewmodel-2.9.4.aar (androidx.lifecycle:lifecycle-viewmodel:2.9.4) with DexingNoClasspathTransform
Transforming lifecycle-viewmodel-release.aar (androidx.lifecycle:lifecycle-viewmodel-android:2.9.4) with AarToClassTransform
Transforming lifecycle-viewmodel-release.aar (androidx.lifecycle:lifecycle-viewmodel-android:2.9.4) with IdentityTransform
Transforming lifecycle-viewmodel-release.aar (androidx.lifecycle:lifecycle-viewmodel-android:2.9.4) with DexingNoClasspathTransform
Transforming lifecycle-common-jvm-2.9.4.jar (androidx.lifecycle:lifecycle-common-jvm:2.9.4) with IdentityTransform
Transforming lifecycle-common-jvm-2.9.4.jar (androidx.lifecycle:lifecycle-common-jvm:2.9.4) with IdentityTransform
Transforming lifecycle-common-jvm-2.9.4.jar (androidx.lifecycle:lifecycle-common-jvm:2.9.4) with DexingNoClasspathTransform
Transforming lifecycle-runtime-ktx.aar (androidx.lifecycle:lifecycle-runtime-ktx-android:2.9.4) with AarToClassTransform
Transforming lifecycle-runtime-ktx.aar (androidx.lifecycle:lifecycle-runtime-ktx-android:2.9.4) with IdentityTransform
Transforming lifecycle-runtime-ktx.aar (androidx.lifecycle:lifecycle-runtime-ktx-android:2.9.4) with DexingNoClasspathTransform
Transforming lifecycle-runtime-release.aar (androidx.lifecycle:lifecycle-runtime-android:2.9.4) with AarToClassTransform
Transforming lifecycle-runtime-release.aar (androidx.lifecycle:lifecycle-runtime-android:2.9.4) with IdentityTransform
Transforming lifecycle-runtime-release.aar (androidx.lifecycle:lifecycle-runtime-android:2.9.4) with DexingNoClasspathTransform
Transforming lifecycle-viewmodel-ktx-2.9.4.aar (androidx.lifecycle:lifecycle-viewmodel-ktx:2.9.4) with AarToClassTransform
Transforming lifecycle-viewmodel-ktx-2.9.4.aar (androidx.lifecycle:lifecycle-viewmodel-ktx:2.9.4) with IdentityTransform
Transforming lifecycle-viewmodel-ktx-2.9.4.aar (androidx.lifecycle:lifecycle-viewmodel-ktx:2.9.4) with DexingNoClasspathTransform
Transforming lifecycle-process-2.9.4.aar (androidx.lifecycle:lifecycle-process:2.9.4) with AarToClassTransform
Transforming lifecycle-process-2.9.4.aar (androidx.lifecycle:lifecycle-process:2.9.4) with IdentityTransform
Transforming lifecycle-process-2.9.4.aar (androidx.lifecycle:lifecycle-process:2.9.4) with DexingNoClasspathTransform
Transforming lifecycle-livedata-core-ktx-2.9.4.aar (androidx.lifecycle:lifecycle-livedata-core-ktx:2.9.4) with AarToClassTransform
Transforming lifecycle-livedata-core-ktx-2.9.4.aar (androidx.lifecycle:lifecycle-livedata-core-ktx:2.9.4) with IdentityTransform
Transforming lifecycle-livedata-core-ktx-2.9.4.aar (androidx.lifecycle:lifecycle-livedata-core-ktx:2.9.4) with DexingNoClasspathTransform
Transforming lifecycle-livedata-core-2.9.4.aar (androidx.lifecycle:lifecycle-livedata-core:2.9.4) with AarToClassTransform
Transforming lifecycle-livedata-core-2.9.4.aar (androidx.lifecycle:lifecycle-livedata-core:2.9.4) with IdentityTransform
Transforming lifecycle-livedata-core-2.9.4.aar (androidx.lifecycle:lifecycle-livedata-core:2.9.4) with DexingNoClasspathTransform
Transforming lifecycle-livedata-2.9.4.aar (androidx.lifecycle:lifecycle-livedata:2.9.4) with AarToClassTransform
Transforming lifecycle-livedata-2.9.4.aar (androidx.lifecycle:lifecycle-livedata:2.9.4) with IdentityTransform
Transforming lifecycle-livedata-2.9.4.aar (androidx.lifecycle:lifecycle-livedata:2.9.4) with DexingNoClasspathTransform
Transforming lifecycle-common-java8-2.9.4.jar (androidx.lifecycle:lifecycle-common-java8:2.9.4) with IdentityTransform
Transforming lifecycle-common-java8-2.9.4.jar (androidx.lifecycle:lifecycle-common-java8:2.9.4) with IdentityTransform
Transforming lifecycle-common-java8-2.9.4.jar (androidx.lifecycle:lifecycle-common-java8:2.9.4) with DexingNoClasspathTransform
Transforming lifecycle-viewmodel-savedstate-release.aar (androidx.lifecycle:lifecycle-viewmodel-savedstate-android:2.9.4) with AarToClassTransform
Transforming lifecycle-viewmodel-savedstate-release.aar (androidx.lifecycle:lifecycle-viewmodel-savedstate-android:2.9.4) with IdentityTransform
Transforming lifecycle-viewmodel-savedstate-release.aar (androidx.lifecycle:lifecycle-viewmodel-savedstate-android:2.9.4) with DexingNoClasspathTransform
Transforming savedstate-release.aar (androidx.savedstate:savedstate-android:1.3.2) with AarToClassTransform
Transforming savedstate-release.aar (androidx.savedstate:savedstate-android:1.3.2) with IdentityTransform
Transforming savedstate-release.aar (androidx.savedstate:savedstate-android:1.3.2) with DexingNoClasspathTransform
Transforming savedstate-ktx-1.3.2.aar (androidx.savedstate:savedstate-ktx:1.3.2) with AarToClassTransform
Transforming savedstate-ktx-1.3.2.aar (androidx.savedstate:savedstate-ktx:1.3.2) with IdentityTransform
Transforming savedstate-ktx-1.3.2.aar (androidx.savedstate:savedstate-ktx:1.3.2) with DexingNoClasspathTransform
Transforming savedstate-compose.aar (androidx.savedstate:savedstate-compose-android:1.3.2) with AarToClassTransform
Transforming savedstate-compose.aar (androidx.savedstate:savedstate-compose-android:1.3.2) with IdentityTransform
Transforming savedstate-compose.aar (androidx.savedstate:savedstate-compose-android:1.3.2) with DexingNoClasspathTransform
Transforming runtime.aar (androidx.compose.runtime:runtime-android:1.10.0) with AarToClassTransform
Transforming runtime.aar (androidx.compose.runtime:runtime-android:1.10.0) with IdentityTransform
Transforming runtime.aar (androidx.compose.runtime:runtime-android:1.10.0) with DexingNoClasspathTransform
Transforming runtime-saveable.aar (androidx.compose.runtime:runtime-saveable-android:1.10.0) with AarToClassTransform
Transforming runtime-saveable.aar (androidx.compose.runtime:runtime-saveable-android:1.10.0) with IdentityTransform
Transforming runtime-saveable.aar (androidx.compose.runtime:runtime-saveable-android:1.10.0) with DexingNoClasspathTransform
Transforming lifecycle-runtime-compose-release.aar (androidx.lifecycle:lifecycle-runtime-compose-android:2.9.4) with AarToClassTransform
Transforming lifecycle-runtime-compose-release.aar (androidx.lifecycle:lifecycle-runtime-compose-android:2.9.4) with IdentityTransform
Transforming lifecycle-runtime-compose-release.aar (androidx.lifecycle:lifecycle-runtime-compose-android:2.9.4) with DexingNoClasspathTransform
Transforming lifecycle-viewmodel-compose-release.aar (androidx.lifecycle:lifecycle-viewmodel-compose-android:2.9.4) with AarToClassTransform
Transforming lifecycle-viewmodel-compose-release.aar (androidx.lifecycle:lifecycle-viewmodel-compose-android:2.9.4) with IdentityTransform
Transforming lifecycle-viewmodel-compose-release.aar (androidx.lifecycle:lifecycle-viewmodel-compose-android:2.9.4) with DexingNoClasspathTransform
Transforming ui.aar (androidx.compose.ui:ui-android:1.10.0) with AarToClassTransform
Transforming ui.aar (androidx.compose.ui:ui-android:1.10.0) with IdentityTransform
Transforming ui.aar (androidx.compose.ui:ui-android:1.10.0) with DexingNoClasspathTransform
Transforming ui-tooling.aar (androidx.compose.ui:ui-tooling-android:1.10.0) with AarToClassTransform
Transforming ui-tooling.aar (androidx.compose.ui:ui-tooling-android:1.10.0) with IdentityTransform
Transforming ui-tooling.aar (androidx.compose.ui:ui-tooling-android:1.10.0) with DexingNoClasspathTransform
Transforming material-release.aar (androidx.compose.material:material-android:1.7.0) with AarToClassTransform
Transforming material-release.aar (androidx.compose.material:material-android:1.7.0) with IdentityTransform
Transforming material-release.aar (androidx.compose.material:material-android:1.7.0) with DexingNoClasspathTransform
Transforming animation-core.aar (androidx.compose.animation:animation-core-android:1.10.0) with AarToClassTransform
Transforming animation-core.aar (androidx.compose.animation:animation-core-android:1.10.0) with IdentityTransform
Transforming animation-core.aar (androidx.compose.animation:animation-core-android:1.10.0) with DexingNoClasspathTransform
Transforming animation.aar (androidx.compose.animation:animation-android:1.10.0) with AarToClassTransform
Transforming animation.aar (androidx.compose.animation:animation-android:1.10.0) with IdentityTransform
Transforming animation.aar (androidx.compose.animation:animation-android:1.10.0) with DexingNoClasspathTransform
Transforming foundation-layout.aar (androidx.compose.foundation:foundation-layout-android:1.10.0) with AarToClassTransform
Transforming foundation-layout.aar (androidx.compose.foundation:foundation-layout-android:1.10.0) with IdentityTransform
Transforming foundation-layout.aar (androidx.compose.foundation:foundation-layout-android:1.10.0) with DexingNoClasspathTransform
Transforming annotation-experimental-1.5.0.aar (androidx.annotation:annotation-experimental:1.5.0) with AarToClassTransform
Transforming annotation-experimental-1.5.0.aar (androidx.annotation:annotation-experimental:1.5.0) with IdentityTransform
Transforming annotation-experimental-1.5.0.aar (androidx.annotation:annotation-experimental:1.5.0) with DexingNoClasspathTransform
Transforming ktor-client-cio-jvm-2.3.5.jar (io.ktor:ktor-client-cio-jvm:2.3.5) with IdentityTransform
Transforming ktor-client-cio-jvm-2.3.5.jar (io.ktor:ktor-client-cio-jvm:2.3.5) with IdentityTransform
Transforming ktor-client-cio-jvm-2.3.5.jar (io.ktor:ktor-client-cio-jvm:2.3.5) with DexingNoClasspathTransform
Transforming ktor-client-content-negotiation-jvm-2.3.5.jar (io.ktor:ktor-client-content-negotiation-jvm:2.3.5) with IdentityTransform
Transforming ktor-client-content-negotiation-jvm-2.3.5.jar (io.ktor:ktor-client-content-negotiation-jvm:2.3.5) with IdentityTransform
Transforming ktor-client-content-negotiation-jvm-2.3.5.jar (io.ktor:ktor-client-content-negotiation-jvm:2.3.5) with DexingNoClasspathTransform
Transforming ktor-serialization-kotlinx-json-jvm-2.3.5.jar (io.ktor:ktor-serialization-kotlinx-json-jvm:2.3.5) with IdentityTransform
Transforming ktor-serialization-kotlinx-json-jvm-2.3.5.jar (io.ktor:ktor-serialization-kotlinx-json-jvm:2.3.5) with IdentityTransform
Transforming ktor-serialization-kotlinx-json-jvm-2.3.5.jar (io.ktor:ktor-serialization-kotlinx-json-jvm:2.3.5) with DexingNoClasspathTransform
Transforming ktor-client-core-jvm-2.3.5.jar (io.ktor:ktor-client-core-jvm:2.3.5) with IdentityTransform
Transforming ktor-client-core-jvm-2.3.5.jar (io.ktor:ktor-client-core-jvm:2.3.5) with IdentityTransform
Transforming ktor-client-core-jvm-2.3.5.jar (io.ktor:ktor-client-core-jvm:2.3.5) with DexingNoClasspathTransform
Transforming kotlin-math-jvm-1.6.0.jar (dev.romainguy:kotlin-math-jvm:1.6.0) with IdentityTransform
Transforming kotlin-math-jvm-1.6.0.jar (dev.romainguy:kotlin-math-jvm:1.6.0) with IdentityTransform
Transforming kotlin-math-jvm-1.6.0.jar (dev.romainguy:kotlin-math-jvm:1.6.0) with DexingNoClasspathTransform
Transforming ktor-events-jvm-2.3.5.jar (io.ktor:ktor-events-jvm:2.3.5) with IdentityTransform
Transforming ktor-events-jvm-2.3.5.jar (io.ktor:ktor-events-jvm:2.3.5) with IdentityTransform
Transforming ktor-events-jvm-2.3.5.jar (io.ktor:ktor-events-jvm:2.3.5) with DexingNoClasspathTransform
Transforming ktor-websocket-serialization-jvm-2.3.5.jar (io.ktor:ktor-websocket-serialization-jvm:2.3.5) with IdentityTransform
Transforming ktor-websocket-serialization-jvm-2.3.5.jar (io.ktor:ktor-websocket-serialization-jvm:2.3.5) with IdentityTransform
Transforming ktor-websocket-serialization-jvm-2.3.5.jar (io.ktor:ktor-websocket-serialization-jvm:2.3.5) with DexingNoClasspathTransform
Transforming ktor-http-cio-jvm-2.3.5.jar (io.ktor:ktor-http-cio-jvm:2.3.5) with IdentityTransform
Transforming ktor-http-cio-jvm-2.3.5.jar (io.ktor:ktor-http-cio-jvm:2.3.5) with IdentityTransform
Transforming ktor-http-cio-jvm-2.3.5.jar (io.ktor:ktor-http-cio-jvm:2.3.5) with DexingNoClasspathTransform
Transforming ktor-serialization-kotlinx-jvm-2.3.5.jar (io.ktor:ktor-serialization-kotlinx-jvm:2.3.5) with IdentityTransform
Transforming ktor-serialization-kotlinx-jvm-2.3.5.jar (io.ktor:ktor-serialization-kotlinx-jvm:2.3.5) with IdentityTransform
Transforming ktor-serialization-kotlinx-jvm-2.3.5.jar (io.ktor:ktor-serialization-kotlinx-jvm:2.3.5) with DexingNoClasspathTransform
Transforming ktor-serialization-jvm-2.3.5.jar (io.ktor:ktor-serialization-jvm:2.3.5) with IdentityTransform
Transforming ktor-serialization-jvm-2.3.5.jar (io.ktor:ktor-serialization-jvm:2.3.5) with IdentityTransform
Transforming ktor-serialization-jvm-2.3.5.jar (io.ktor:ktor-serialization-jvm:2.3.5) with DexingNoClasspathTransform
Transforming ktor-websockets-jvm-2.3.5.jar (io.ktor:ktor-websockets-jvm:2.3.5) with IdentityTransform
Transforming ktor-websockets-jvm-2.3.5.jar (io.ktor:ktor-websockets-jvm:2.3.5) with IdentityTransform
Transforming ktor-websockets-jvm-2.3.5.jar (io.ktor:ktor-websockets-jvm:2.3.5) with DexingNoClasspathTransform
Transforming ktor-network-tls-jvm-2.3.5.jar (io.ktor:ktor-network-tls-jvm:2.3.5) with IdentityTransform
Transforming ktor-network-tls-jvm-2.3.5.jar (io.ktor:ktor-network-tls-jvm:2.3.5) with IdentityTransform
Transforming ktor-network-tls-jvm-2.3.5.jar (io.ktor:ktor-network-tls-jvm:2.3.5) with DexingNoClasspathTransform
Transforming ktor-http-jvm-2.3.5.jar (io.ktor:ktor-http-jvm:2.3.5) with IdentityTransform
Transforming ktor-http-jvm-2.3.5.jar (io.ktor:ktor-http-jvm:2.3.5) with IdentityTransform
Transforming ktor-http-jvm-2.3.5.jar (io.ktor:ktor-http-jvm:2.3.5) with DexingNoClasspathTransform
Transforming ktor-network-jvm-2.3.5.jar (io.ktor:ktor-network-jvm:2.3.5) with IdentityTransform
Transforming ktor-network-jvm-2.3.5.jar (io.ktor:ktor-network-jvm:2.3.5) with IdentityTransform
Transforming ktor-network-jvm-2.3.5.jar (io.ktor:ktor-network-jvm:2.3.5) with DexingNoClasspathTransform
Transforming ktor-utils-jvm-2.3.5.jar (io.ktor:ktor-utils-jvm:2.3.5) with IdentityTransform
Transforming ktor-utils-jvm-2.3.5.jar (io.ktor:ktor-utils-jvm:2.3.5) with IdentityTransform
Transforming ktor-utils-jvm-2.3.5.jar (io.ktor:ktor-utils-jvm:2.3.5) with DexingNoClasspathTransform
Transforming ktor-io-jvm-2.3.5.jar (io.ktor:ktor-io-jvm:2.3.5) with IdentityTransform
Transforming ktor-io-jvm-2.3.5.jar (io.ktor:ktor-io-jvm:2.3.5) with IdentityTransform
Transforming ktor-io-jvm-2.3.5.jar (io.ktor:ktor-io-jvm:2.3.5) with DexingNoClasspathTransform
Transforming fuel-jvm-3.0.0-alpha04.jar (com.github.kittinunf.fuel:fuel-jvm:3.0.0-alpha04) with IdentityTransform
Transforming fuel-jvm-3.0.0-alpha04.jar (com.github.kittinunf.fuel:fuel-jvm:3.0.0-alpha04) with IdentityTransform
Transforming fuel-jvm-3.0.0-alpha04.jar (com.github.kittinunf.fuel:fuel-jvm:3.0.0-alpha04) with DexingNoClasspathTransform
Transforming filament-utils-android-1.66.0.aar (com.google.android.filament:filament-utils-android:1.66.0) with AarToClassTransform
Transforming filament-utils-android-1.66.0.aar (com.google.android.filament:filament-utils-android:1.66.0) with IdentityTransform
Transforming filament-utils-android-1.66.0.aar (com.google.android.filament:filament-utils-android:1.66.0) with DexingNoClasspathTransform
Transforming kotlin-stdlib-jdk8-2.0.21.jar (org.jetbrains.kotlin:kotlin-stdlib-jdk8:2.0.21) with IdentityTransform
Transforming kotlin-stdlib-jdk8-2.0.21.jar (org.jetbrains.kotlin:kotlin-stdlib-jdk8:2.0.21) with IdentityTransform
Transforming kotlin-stdlib-jdk8-2.0.21.jar (org.jetbrains.kotlin:kotlin-stdlib-jdk8:2.0.21) with DexingNoClasspathTransform
Transforming kotlinx-coroutines-jdk8-1.9.0.jar (org.jetbrains.kotlinx:kotlinx-coroutines-jdk8:1.9.0) with IdentityTransform
Transforming kotlinx-coroutines-jdk8-1.9.0.jar (org.jetbrains.kotlinx:kotlinx-coroutines-jdk8:1.9.0) with IdentityTransform
Transforming kotlinx-coroutines-jdk8-1.9.0.jar (org.jetbrains.kotlinx:kotlinx-coroutines-jdk8:1.9.0) with DexingNoClasspathTransform
Transforming kotlinx-coroutines-slf4j-1.9.0.jar (org.jetbrains.kotlinx:kotlinx-coroutines-slf4j:1.9.0) with IdentityTransform
Transforming kotlinx-coroutines-slf4j-1.9.0.jar (org.jetbrains.kotlinx:kotlinx-coroutines-slf4j:1.9.0) with IdentityTransform
Transforming kotlinx-coroutines-slf4j-1.9.0.jar (org.jetbrains.kotlinx:kotlinx-coroutines-slf4j:1.9.0) with DexingNoClasspathTransform
Transforming okhttp-coroutines-5.0.0-alpha.14.jar (com.squareup.okhttp3:okhttp-coroutines:5.0.0-alpha.14) with IdentityTransform
Transforming okhttp-coroutines-5.0.0-alpha.14.jar (com.squareup.okhttp3:okhttp-coroutines:5.0.0-alpha.14) with IdentityTransform
Transforming okhttp-coroutines-5.0.0-alpha.14.jar (com.squareup.okhttp3:okhttp-coroutines:5.0.0-alpha.14) with DexingNoClasspathTransform
Transforming kotlinx-coroutines-core-jvm-1.9.0.jar (org.jetbrains.kotlinx:kotlinx-coroutines-core-jvm:1.9.0) with IdentityTransform
Transforming kotlinx-coroutines-core-jvm-1.9.0.jar (org.jetbrains.kotlinx:kotlinx-coroutines-core-jvm:1.9.0) with IdentityTransform
Transforming kotlinx-coroutines-core-jvm-1.9.0.jar (org.jetbrains.kotlinx:kotlinx-coroutines-core-jvm:1.9.0) with DexingNoClasspathTransform
Transforming kotlinx-coroutines-android-1.9.0.jar (org.jetbrains.kotlinx:kotlinx-coroutines-android:1.9.0) with IdentityTransform
Transforming kotlinx-coroutines-android-1.9.0.jar (org.jetbrains.kotlinx:kotlinx-coroutines-android:1.9.0) with IdentityTransform
Transforming kotlinx-coroutines-android-1.9.0.jar (org.jetbrains.kotlinx:kotlinx-coroutines-android:1.9.0) with DexingNoClasspathTransform
Transforming cardview-1.0.0.aar (androidx.cardview:cardview:1.0.0) with AarToClassTransform
Transforming cardview-1.0.0.aar (androidx.cardview:cardview:1.0.0) with IdentityTransform
Transforming cardview-1.0.0.aar (androidx.cardview:cardview:1.0.0) with DexingNoClasspathTransform
Transforming resourceinspection-annotation-1.0.1.jar (androidx.resourceinspection:resourceinspection-annotation:1.0.1) with IdentityTransform
Transforming resourceinspection-annotation-1.0.1.jar (androidx.resourceinspection:resourceinspection-annotation:1.0.1) with IdentityTransform
Transforming resourceinspection-annotation-1.0.1.jar (androidx.resourceinspection:resourceinspection-annotation:1.0.1) with DexingNoClasspathTransform
Transforming mmkv-1.3.14.aar (com.tencent:mmkv:1.3.14) with AarToClassTransform
Transforming mmkv-1.3.14.aar (com.tencent:mmkv:1.3.14) with IdentityTransform
Transforming mmkv-1.3.14.aar (com.tencent:mmkv:1.3.14) with DexingNoClasspathTransform
Transforming gltfio-android-1.66.0.aar (com.google.android.filament:gltfio-android:1.66.0) with AarToClassTransform
Transforming gltfio-android-1.66.0.aar (com.google.android.filament:gltfio-android:1.66.0) with IdentityTransform
Transforming gltfio-android-1.66.0.aar (com.google.android.filament:gltfio-android:1.66.0) with DexingNoClasspathTransform
Transforming filament-android-1.66.0.aar (com.google.android.filament:filament-android:1.66.0) with AarToClassTransform
Transforming filament-android-1.66.0.aar (com.google.android.filament:filament-android:1.66.0) with IdentityTransform
Transforming filament-android-1.66.0.aar (com.google.android.filament:filament-android:1.66.0) with DexingNoClasspathTransform
Transforming core-runtime-2.2.0.aar (androidx.arch.core:core-runtime:2.2.0) with AarToClassTransform
Transforming core-runtime-2.2.0.aar (androidx.arch.core:core-runtime:2.2.0) with IdentityTransform
Transforming core-runtime-2.2.0.aar (androidx.arch.core:core-runtime:2.2.0) with DexingNoClasspathTransform
Transforming core-common-2.2.0.jar (androidx.arch.core:core-common:2.2.0) with IdentityTransform
Transforming core-common-2.2.0.jar (androidx.arch.core:core-common:2.2.0) with IdentityTransform
Transforming core-common-2.2.0.jar (androidx.arch.core:core-common:2.2.0) with DexingNoClasspathTransform
Transforming cursoradapter-1.0.0.aar (androidx.cursoradapter:cursoradapter:1.0.0) with AarToClassTransform
Transforming cursoradapter-1.0.0.aar (androidx.cursoradapter:cursoradapter:1.0.0) with IdentityTransform
Transforming cursoradapter-1.0.0.aar (androidx.cursoradapter:cursoradapter:1.0.0) with DexingNoClasspathTransform
Transforming firebase-components-17.1.0.aar (com.google.firebase:firebase-components:17.1.0) with AarToClassTransform
Transforming firebase-components-17.1.0.aar (com.google.firebase:firebase-components:17.1.0) with IdentityTransform
Transforming firebase-components-17.1.0.aar (com.google.firebase:firebase-components:17.1.0) with DexingNoClasspathTransform
Transforming transport-backend-cct-3.1.8.aar (com.google.android.datatransport:transport-backend-cct:3.1.8) with AarToClassTransform
Transforming transport-backend-cct-3.1.8.aar (com.google.android.datatransport:transport-backend-cct:3.1.8) with IdentityTransform
Transforming transport-backend-cct-3.1.8.aar (com.google.android.datatransport:transport-backend-cct:3.1.8) with DexingNoClasspathTransform
Transforming transport-runtime-3.1.8.aar (com.google.android.datatransport:transport-runtime:3.1.8) with AarToClassTransform
Transforming transport-runtime-3.1.8.aar (com.google.android.datatransport:transport-runtime:3.1.8) with IdentityTransform
Transforming transport-runtime-3.1.8.aar (com.google.android.datatransport:transport-runtime:3.1.8) with DexingNoClasspathTransform
Transforming transport-api-3.0.0.aar (com.google.android.datatransport:transport-api:3.0.0) with AarToClassTransform
Transforming transport-api-3.0.0.aar (com.google.android.datatransport:transport-api:3.0.0) with IdentityTransform
Transforming transport-api-3.0.0.aar (com.google.android.datatransport:transport-api:3.0.0) with DexingNoClasspathTransform
Transforming firebase-encoders-json-18.0.0.aar (com.google.firebase:firebase-encoders-json:18.0.0) with AarToClassTransform
Transforming firebase-encoders-json-18.0.0.aar (com.google.firebase:firebase-encoders-json:18.0.0) with IdentityTransform
Transforming firebase-encoders-json-18.0.0.aar (com.google.firebase:firebase-encoders-json:18.0.0) with DexingNoClasspathTransform
Transforming firebase-encoders-proto-16.0.0.jar (com.google.firebase:firebase-encoders-proto:16.0.0) with IdentityTransform
Transforming firebase-encoders-proto-16.0.0.jar (com.google.firebase:firebase-encoders-proto:16.0.0) with IdentityTransform
Transforming firebase-encoders-proto-16.0.0.jar (com.google.firebase:firebase-encoders-proto:16.0.0) with DexingNoClasspathTransform
Transforming firebase-encoders-17.0.0.jar (com.google.firebase:firebase-encoders:17.0.0) with IdentityTransform
Transforming firebase-encoders-17.0.0.jar (com.google.firebase:firebase-encoders:17.0.0) with IdentityTransform
Transforming firebase-encoders-17.0.0.jar (com.google.firebase:firebase-encoders:17.0.0) with DexingNoClasspathTransform
Transforming versionedparcelable-1.1.1.aar (androidx.versionedparcelable:versionedparcelable:1.1.1) with AarToClassTransform
Transforming versionedparcelable-1.1.1.aar (androidx.versionedparcelable:versionedparcelable:1.1.1) with IdentityTransform
Transforming versionedparcelable-1.1.1.aar (androidx.versionedparcelable:versionedparcelable:1.1.1) with DexingNoClasspathTransform
Transforming collection-ktx-1.5.0.jar (androidx.collection:collection-ktx:1.5.0) with IdentityTransform
Transforming collection-ktx-1.5.0.jar (androidx.collection:collection-ktx:1.5.0) with IdentityTransform
Transforming collection-ktx-1.5.0.jar (androidx.collection:collection-ktx:1.5.0) with DexingNoClasspathTransform
Transforming collection-jvm-1.5.0.jar (androidx.collection:collection-jvm:1.5.0) with IdentityTransform
Transforming collection-jvm-1.5.0.jar (androidx.collection:collection-jvm:1.5.0) with IdentityTransform
Transforming collection-jvm-1.5.0.jar (androidx.collection:collection-jvm:1.5.0) with DexingNoClasspathTransform
Transforming sqlite-framework.aar (androidx.sqlite:sqlite-framework-android:2.6.1) with AarToClassTransform
Transforming sqlite-framework.aar (androidx.sqlite:sqlite-framework-android:2.6.1) with IdentityTransform
Transforming sqlite-framework.aar (androidx.sqlite:sqlite-framework-android:2.6.1) with DexingNoClasspathTransform
Transforming sqlite.aar (androidx.sqlite:sqlite-android:2.6.1) with AarToClassTransform
Transforming sqlite.aar (androidx.sqlite:sqlite-android:2.6.1) with IdentityTransform
Transforming sqlite.aar (androidx.sqlite:sqlite-android:2.6.1) with DexingNoClasspathTransform
Transforming profileinstaller-1.4.0.aar (androidx.profileinstaller:profileinstaller:1.4.0) with AarToClassTransform
Transforming profileinstaller-1.4.0.aar (androidx.profileinstaller:profileinstaller:1.4.0) with IdentityTransform
Transforming profileinstaller-1.4.0.aar (androidx.profileinstaller:profileinstaller:1.4.0) with DexingNoClasspathTransform
Transforming concurrent-futures-1.1.0.jar (androidx.concurrent:concurrent-futures:1.1.0) with IdentityTransform
Transforming concurrent-futures-1.1.0.jar (androidx.concurrent:concurrent-futures:1.1.0) with IdentityTransform
Transforming concurrent-futures-1.1.0.jar (androidx.concurrent:concurrent-futures:1.1.0) with DexingNoClasspathTransform
Transforming startup-runtime-1.1.1.aar (androidx.startup:startup-runtime:1.1.1) with AarToClassTransform
Transforming startup-runtime-1.1.1.aar (androidx.startup:startup-runtime:1.1.1) with IdentityTransform
Transforming startup-runtime-1.1.1.aar (androidx.startup:startup-runtime:1.1.1) with DexingNoClasspathTransform
Transforming tracing-1.2.0.aar (androidx.tracing:tracing:1.2.0) with AarToClassTransform
Transforming tracing-1.2.0.aar (androidx.tracing:tracing:1.2.0) with IdentityTransform
Transforming tracing-1.2.0.aar (androidx.tracing:tracing:1.2.0) with DexingNoClasspathTransform
Transforming interpolator-1.0.0.aar (androidx.interpolator:interpolator:1.0.0) with AarToClassTransform
Transforming interpolator-1.0.0.aar (androidx.interpolator:interpolator:1.0.0) with IdentityTransform
Transforming interpolator-1.0.0.aar (androidx.interpolator:interpolator:1.0.0) with DexingNoClasspathTransform
Transforming interpolator-1.0.0.aar (androidx.interpolator:interpolator:1.0.0) with AarToClassTransform
Transforming interpolator-1.0.0.aar (androidx.interpolator:interpolator:1.0.0) with IdentityTransform
Transforming interpolator-1.0.0.aar (androidx.interpolator:interpolator:1.0.0) with DexingNoClasspathTransform
Transforming exifinterface-1.3.7.aar (androidx.exifinterface:exifinterface:1.3.7) with AarToClassTransform
Transforming exifinterface-1.3.7.aar (androidx.exifinterface:exifinterface:1.3.7) with IdentityTransform
Transforming exifinterface-1.3.7.aar (androidx.exifinterface:exifinterface:1.3.7) with DexingNoClasspathTransform
Transforming documentfile-1.0.0.aar (androidx.documentfile:documentfile:1.0.0) with AarToClassTransform
Transforming documentfile-1.0.0.aar (androidx.documentfile:documentfile:1.0.0) with IdentityTransform
Transforming documentfile-1.0.0.aar (androidx.documentfile:documentfile:1.0.0) with DexingNoClasspathTransform
Transforming localbroadcastmanager-1.0.0.aar (androidx.localbroadcastmanager:localbroadcastmanager:1.0.0) with AarToClassTransform
Transforming localbroadcastmanager-1.0.0.aar (androidx.localbroadcastmanager:localbroadcastmanager:1.0.0) with IdentityTransform
Transforming localbroadcastmanager-1.0.0.aar (androidx.localbroadcastmanager:localbroadcastmanager:1.0.0) with DexingNoClasspathTransform
Transforming print-1.0.0.aar (androidx.print:print:1.0.0) with AarToClassTransform
Transforming print-1.0.0.aar (androidx.print:print:1.0.0) with IdentityTransform
Transforming print-1.0.0.aar (androidx.print:print:1.0.0) with DexingNoClasspathTransform
Transforming gifdecoder-4.14.2.aar (com.github.bumptech.glide:gifdecoder:4.14.2) with AarToClassTransform
Transforming gifdecoder-4.14.2.aar (com.github.bumptech.glide:gifdecoder:4.14.2) with IdentityTransform
Transforming gifdecoder-4.14.2.aar (com.github.bumptech.glide:gifdecoder:4.14.2) with DexingNoClasspathTransform
Transforming viewbinding-7.2.2.aar (androidx.databinding:viewbinding:7.2.2) with AarToClassTransform
Transforming viewbinding-7.2.2.aar (androidx.databinding:viewbinding:7.2.2) with IdentityTransform
Transforming viewbinding-7.2.2.aar (androidx.databinding:viewbinding:7.2.2) with DexingNoClasspathTransform
Transforming annotation-jvm-1.9.1.jar (androidx.annotation:annotation-jvm:1.9.1) with IdentityTransform
Transforming annotation-jvm-1.9.1.jar (androidx.annotation:annotation-jvm:1.9.1) with IdentityTransform
Transforming annotation-jvm-1.9.1.jar (androidx.annotation:annotation-jvm:1.9.1) with DexingNoClasspathTransform
Transforming core-viewtree-1.0.0.aar (androidx.core:core-viewtree:1.0.0) with AarToClassTransform
Transforming core-viewtree-1.0.0.aar (androidx.core:core-viewtree:1.0.0) with IdentityTransform
Transforming core-viewtree-1.0.0.aar (androidx.core:core-viewtree:1.0.0) with DexingNoClasspathTransform
Transforming kotlin-stdlib-jdk7-2.0.21.jar (org.jetbrains.kotlin:kotlin-stdlib-jdk7:2.0.21) with IdentityTransform
Transforming kotlin-stdlib-jdk7-2.0.21.jar (org.jetbrains.kotlin:kotlin-stdlib-jdk7:2.0.21) with IdentityTransform
Transforming kotlin-stdlib-jdk7-2.0.21.jar (org.jetbrains.kotlin:kotlin-stdlib-jdk7:2.0.21) with DexingNoClasspathTransform
Transforming socket.io-client-2.1.2.jar (io.socket:socket.io-client:2.1.2) with IdentityTransform
Transforming socket.io-client-2.1.2.jar (io.socket:socket.io-client:2.1.2) with IdentityTransform
Transforming socket.io-client-2.1.2.jar (io.socket:socket.io-client:2.1.2) with DexingNoClasspathTransform
Transforming engine.io-client-2.1.0.jar (io.socket:engine.io-client:2.1.0) with IdentityTransform
Transforming engine.io-client-2.1.0.jar (io.socket:engine.io-client:2.1.0) with IdentityTransform
Transforming engine.io-client-2.1.0.jar (io.socket:engine.io-client:2.1.0) with DexingNoClasspathTransform
Transforming okhttp-5.0.0-alpha.14.jar (com.squareup.okhttp3:okhttp:5.0.0-alpha.14) with IdentityTransform
Transforming okhttp-5.0.0-alpha.14.jar (com.squareup.okhttp3:okhttp:5.0.0-alpha.14) with IdentityTransform
Transforming okhttp-5.0.0-alpha.14.jar (com.squareup.okhttp3:okhttp:5.0.0-alpha.14) with DexingNoClasspathTransform
Transforming okio-jvm-3.9.0.jar (com.squareup.okio:okio-jvm:3.9.0) with IdentityTransform
Transforming okio-jvm-3.9.0.jar (com.squareup.okio:okio-jvm:3.9.0) with IdentityTransform
Transforming okio-jvm-3.9.0.jar (com.squareup.okio:okio-jvm:3.9.0) with DexingNoClasspathTransform
Transforming kotlinx-io-core-jvm-0.5.4.jar (org.jetbrains.kotlinx:kotlinx-io-core-jvm:0.5.4) with IdentityTransform
Transforming kotlinx-io-core-jvm-0.5.4.jar (org.jetbrains.kotlinx:kotlinx-io-core-jvm:0.5.4) with IdentityTransform
Transforming kotlinx-io-core-jvm-0.5.4.jar (org.jetbrains.kotlinx:kotlinx-io-core-jvm:0.5.4) with DexingNoClasspathTransform
Transforming kotlinx-io-bytestring-jvm-0.5.4.jar (org.jetbrains.kotlinx:kotlinx-io-bytestring-jvm:0.5.4) with IdentityTransform
Transforming kotlinx-io-bytestring-jvm-0.5.4.jar (org.jetbrains.kotlinx:kotlinx-io-bytestring-jvm:0.5.4) with IdentityTransform
Transforming kotlinx-io-bytestring-jvm-0.5.4.jar (org.jetbrains.kotlinx:kotlinx-io-bytestring-jvm:0.5.4) with DexingNoClasspathTransform
Transforming kotlinx-serialization-json-jvm-1.7.3.jar (org.jetbrains.kotlinx:kotlinx-serialization-json-jvm:1.7.3) with IdentityTransform
Transforming kotlinx-serialization-json-jvm-1.7.3.jar (org.jetbrains.kotlinx:kotlinx-serialization-json-jvm:1.7.3) with IdentityTransform
Transforming kotlinx-serialization-json-jvm-1.7.3.jar (org.jetbrains.kotlinx:kotlinx-serialization-json-jvm:1.7.3) with DexingNoClasspathTransform
Transforming kotlinx-serialization-core-jvm-1.7.3.jar (org.jetbrains.kotlinx:kotlinx-serialization-core-jvm:1.7.3) with IdentityTransform
Transforming kotlinx-serialization-core-jvm-1.7.3.jar (org.jetbrains.kotlinx:kotlinx-serialization-core-jvm:1.7.3) with IdentityTransform
Transforming kotlinx-serialization-core-jvm-1.7.3.jar (org.jetbrains.kotlinx:kotlinx-serialization-core-jvm:1.7.3) with DexingNoClasspathTransform
Transforming kotlin-stdlib-2.2.21.jar (org.jetbrains.kotlin:kotlin-stdlib:2.2.21) with IdentityTransform
Transforming kotlin-stdlib-2.2.21.jar (org.jetbrains.kotlin:kotlin-stdlib:2.2.21) with IdentityTransform
Transforming kotlin-stdlib-2.2.21.jar (org.jetbrains.kotlin:kotlin-stdlib:2.2.21) with DexingNoClasspathTransform
Transforming firebase-crashlytics-buildtools-3.0.6.jar (com.google.firebase:firebase-crashlytics-buildtools:3.0.6) with IdentityTransform
Transforming firebase-crashlytics-buildtools-3.0.6.jar (com.google.firebase:firebase-crashlytics-buildtools:3.0.6) with IdentityTransform
Transforming firebase-crashlytics-buildtools-3.0.6.jar (com.google.firebase:firebase-crashlytics-buildtools:3.0.6) with DexingNoClasspathTransform
Transforming timber-4.7.1.aar (com.jakewharton.timber:timber:4.7.1) with AarToClassTransform
Transforming timber-4.7.1.aar (com.jakewharton.timber:timber:4.7.1) with IdentityTransform
Transforming timber-4.7.1.aar (com.jakewharton.timber:timber:4.7.1) with DexingNoClasspathTransform
Transforming annotations-23.0.0.jar (org.jetbrains:annotations:23.0.0) with IdentityTransform
Transforming annotations-23.0.0.jar (org.jetbrains:annotations:23.0.0) with IdentityTransform
Transforming annotations-23.0.0.jar (org.jetbrains:annotations:23.0.0) with DexingNoClasspathTransform
Transforming gson-2.13.1.jar (com.google.code.gson:gson:2.13.1) with IdentityTransform
Transforming gson-2.13.1.jar (com.google.code.gson:gson:2.13.1) with IdentityTransform
Transforming gson-2.13.1.jar (com.google.code.gson:gson:2.13.1) with DexingNoClasspathTransform
Transforming json-20090211.jar (org.json:json:20090211) with IdentityTransform
Transforming json-20090211.jar (org.json:json:20090211) with IdentityTransform
Transforming json-20090211.jar (org.json:json:20090211) with DexingNoClasspathTransform
Transforming error_prone_annotations-2.38.0.jar (com.google.errorprone:error_prone_annotations:2.38.0) with IdentityTransform
Transforming error_prone_annotations-2.38.0.jar (com.google.errorprone:error_prone_annotations:2.38.0) with IdentityTransform
Transforming error_prone_annotations-2.38.0.jar (com.google.errorprone:error_prone_annotations:2.38.0) with DexingNoClasspathTransform
Transforming zpns-fcm-2.8.0.aar (im.zego:zpns-fcm:2.8.0) with AarToClassTransform
Transforming zpns-fcm-2.8.0.aar (im.zego:zpns-fcm:2.8.0) with IdentityTransform
Transforming zpns-fcm-2.8.0.aar (im.zego:zpns-fcm:2.8.0) with DexingNoClasspathTransform
Transforming jspecify-1.0.0.jar (org.jspecify:jspecify:1.0.0) with IdentityTransform
Transforming jspecify-1.0.0.jar (org.jspecify:jspecify:1.0.0) with IdentityTransform
Transforming jspecify-1.0.0.jar (org.jspecify:jspecify:1.0.0) with DexingNoClasspathTransform
Transforming slf4j-api-1.7.36.jar (org.slf4j:slf4j-api:1.7.36) with IdentityTransform
Transforming slf4j-api-1.7.36.jar (org.slf4j:slf4j-api:1.7.36) with IdentityTransform
Transforming slf4j-api-1.7.36.jar (org.slf4j:slf4j-api:1.7.36) with DexingNoClasspathTransform
Transforming constraintlayout-core-1.0.4.jar (androidx.constraintlayout:constraintlayout-core:1.0.4) with IdentityTransform
Transforming constraintlayout-core-1.0.4.jar (androidx.constraintlayout:constraintlayout-core:1.0.4) with IdentityTransform
Transforming constraintlayout-core-1.0.4.jar (androidx.constraintlayout:constraintlayout-core:1.0.4) with DexingNoClasspathTransform
Transforming express-video-3.23.0.aar (im.zego:express-video:3.23.0) with AarToClassTransform
Transforming express-video-3.23.0.aar (im.zego:express-video:3.23.0) with IdentityTransform
Transforming express-video-3.23.0.aar (im.zego:express-video:3.23.0) with DexingNoClasspathTransform
Transforming uikitreport-0.5.1.aar (im.zego:uikitreport:0.5.1) with AarToClassTransform
Transforming uikitreport-0.5.1.aar (im.zego:uikitreport:0.5.1) with IdentityTransform
Transforming uikitreport-0.5.1.aar (im.zego:uikitreport:0.5.1) with DexingNoClasspathTransform
Transforming zim-2.21.1.aar (im.zego:zim:2.21.1) with AarToClassTransform
Transforming zim-2.21.1.aar (im.zego:zim:2.21.1) with IdentityTransform
Transforming zim-2.21.1.aar (im.zego:zim:2.21.1) with DexingNoClasspathTransform
Transforming zpns-2.8.0.aar (im.zego:zpns:2.8.0) with AarToClassTransform
Transforming zpns-2.8.0.aar (im.zego:zpns:2.8.0) with IdentityTransform
Transforming zpns-2.8.0.aar (im.zego:zpns:2.8.0) with DexingNoClasspathTransform
Transforming listenablefuture-1.0.jar (com.google.guava:listenablefuture:1.0) with IdentityTransform
Transforming listenablefuture-1.0.jar (com.google.guava:listenablefuture:1.0) with IdentityTransform
Transforming listenablefuture-1.0.jar (com.google.guava:listenablefuture:1.0) with DexingNoClasspathTransform
Transforming xlog-1.10.1.aar (com.elvishew:xlog:1.10.1) with AarToClassTransform
Transforming xlog-1.10.1.aar (com.elvishew:xlog:1.10.1) with IdentityTransform
Transforming xlog-1.10.1.aar (com.elvishew:xlog:1.10.1) with DexingNoClasspathTransform
Transforming disklrucache-4.14.2.jar (com.github.bumptech.glide:disklrucache:4.14.2) with IdentityTransform
Transforming disklrucache-4.14.2.jar (com.github.bumptech.glide:disklrucache:4.14.2) with IdentityTransform
Transforming disklrucache-4.14.2.jar (com.github.bumptech.glide:disklrucache:4.14.2) with DexingNoClasspathTransform
Transforming annotations-4.14.2.jar (com.github.bumptech.glide:annotations:4.14.2) with IdentityTransform
Transforming annotations-4.14.2.jar (com.github.bumptech.glide:annotations:4.14.2) with IdentityTransform
Transforming annotations-4.14.2.jar (com.github.bumptech.glide:annotations:4.14.2) with DexingNoClasspathTransform
Transforming firebase-annotations-16.2.0.jar (com.google.firebase:firebase-annotations:16.2.0) with IdentityTransform
Transforming firebase-annotations-16.2.0.jar (com.google.firebase:firebase-annotations:16.2.0) with IdentityTransform
Transforming firebase-annotations-16.2.0.jar (com.google.firebase:firebase-annotations:16.2.0) with DexingNoClasspathTransform
Transforming javax.inject-1.jar (javax.inject:javax.inject:1) with IdentityTransform
Transforming javax.inject-1.jar (javax.inject:javax.inject:1) with IdentityTransform
Transforming javax.inject-1.jar (javax.inject:javax.inject:1) with DexingNoClasspathTransform
Caching disabled for task ':app:mergeExtDexDebug' because:
  Build cache is disabled
Skipping task ':app:mergeExtDexDebug' as it is up-to-date.
Resolve mutations for :app:mergeLibDexDebug (Thread[Execution worker,5,main]) started.
:app:mergeLibDexDebug (Thread[Execution worker,5,main]) started.

> Task :app:mergeLibDexDebug UP-TO-DATE
Caching disabled for task ':app:mergeLibDexDebug' because:
  Build cache is disabled
Skipping task ':app:mergeLibDexDebug' as it is up-to-date.
Resolve mutations for :app:mergeDebugJniLibFolders (Thread[Execution worker Thread 7,5,main]) started.
:app:mergeDebugJniLibFolders (Thread[Execution worker Thread 7,5,main]) started.

> Task :app:mergeDebugJniLibFolders UP-TO-DATE
Caching disabled for task ':app:mergeDebugJniLibFolders' because:
  Build cache is disabled
  Simple merging task
Skipping task ':app:mergeDebugJniLibFolders' as it is up-to-date.
Resolve mutations for :app:mergeDebugNativeLibs (Thread[Execution worker Thread 7,5,main]) started.
:app:mergeDebugNativeLibs (Thread[Execution worker Thread 7,5,main]) started.

> Task :app:mergeDebugNativeLibs UP-TO-DATE
Transforming room-common-jvm-2.8.2.jar (androidx.room:room-common-jvm:2.8.2) with ExtractJniTransform
Transforming room-runtime.aar (androidx.room:room-runtime-android:2.8.2) with ExtractAarTransform
Transforming room-runtime.aar (androidx.room:room-runtime-android:2.8.2) with AarTransform
Transforming room-ktx-2.8.2.aar (androidx.room:room-ktx:2.8.2) with ExtractAarTransform
Transforming room-ktx-2.8.2.aar (androidx.room:room-ktx:2.8.2) with AarTransform
Transforming core-splashscreen-1.0.1.aar (androidx.core:core-splashscreen:1.0.1) with ExtractAarTransform
Transforming core-splashscreen-1.0.1.aar (androidx.core:core-splashscreen:1.0.1) with AarTransform
Transforming navigation-common-2.7.0.aar (androidx.navigation:navigation-common:2.7.0) with ExtractAarTransform
Transforming navigation-common-2.7.0.aar (androidx.navigation:navigation-common:2.7.0) with AarTransform
Transforming navigation-runtime-2.7.0.aar (androidx.navigation:navigation-runtime:2.7.0) with ExtractAarTransform
Transforming navigation-runtime-2.7.0.aar (androidx.navigation:navigation-runtime:2.7.0) with AarTransform
Transforming navigation-common-ktx-2.7.0.aar (androidx.navigation:navigation-common-ktx:2.7.0) with ExtractAarTransform
Transforming navigation-common-ktx-2.7.0.aar (androidx.navigation:navigation-common-ktx:2.7.0) with AarTransform
Transforming navigation-runtime-ktx-2.7.0.aar (androidx.navigation:navigation-runtime-ktx:2.7.0) with ExtractAarTransform
Transforming navigation-runtime-ktx-2.7.0.aar (androidx.navigation:navigation-runtime-ktx:2.7.0) with AarTransform
Transforming navigation-compose-2.7.0.aar (androidx.navigation:navigation-compose:2.7.0) with ExtractAarTransform
Transforming navigation-compose-2.7.0.aar (androidx.navigation:navigation-compose:2.7.0) with AarTransform
Transforming converter-gson-3.0.0.jar (com.squareup.retrofit2:converter-gson:3.0.0) with ExtractJniTransform
Transforming retrofit-3.0.0.jar (com.squareup.retrofit2:retrofit:3.0.0) with ExtractJniTransform
Transforming coil-compose-2.7.0.aar (io.coil-kt:coil-compose:2.7.0) with ExtractAarTransform
Transforming coil-compose-2.7.0.aar (io.coil-kt:coil-compose:2.7.0) with AarTransform
Transforming zego_uikit_prebuilt_call_android-3.9.10.aar (com.github.ZEGOCLOUD:zego_uikit_prebuilt_call_android:3.9.10) with ExtractAarTransform
Transforming zego_uikit_prebuilt_call_android-3.9.10.aar (com.github.ZEGOCLOUD:zego_uikit_prebuilt_call_android:3.9.10) with AarTransform
Transforming sceneview-2.3.1.aar (io.github.sceneview:sceneview:2.3.1) with ExtractAarTransform
Transforming sceneview-2.3.1.aar (io.github.sceneview:sceneview:2.3.1) with AarTransform
Transforming material3-release.aar (androidx.compose.material3:material3-android:1.3.0) with ExtractAarTransform
Transforming material3-release.aar (androidx.compose.material3:material3-android:1.3.0) with AarTransform
Transforming coil-compose-base-2.7.0.aar (io.coil-kt:coil-compose-base:2.7.0) with ExtractAarTransform
Transforming coil-compose-base-2.7.0.aar (io.coil-kt:coil-compose-base:2.7.0) with AarTransform
Transforming accompanist-drawablepainter-0.32.0.aar (com.google.accompanist:accompanist-drawablepainter:0.32.0) with ExtractAarTransform
Transforming accompanist-drawablepainter-0.32.0.aar (com.google.accompanist:accompanist-drawablepainter:0.32.0) with AarTransform
Transforming zego_uikit_android-3.6.5.aar (com.github.ZEGOCLOUD:zego_uikit_android:3.6.5) with ExtractAarTransform
Transforming zego_uikit_android-3.6.5.aar (com.github.ZEGOCLOUD:zego_uikit_android:3.6.5) with AarTransform
Transforming material-1.11.0.aar (com.google.android.material:material:1.11.0) with ExtractAarTransform
Transforming material-1.11.0.aar (com.google.android.material:material:1.11.0) with AarTransform
Transforming constraintlayout-2.1.4.aar (androidx.constraintlayout:constraintlayout:2.1.4) with ExtractAarTransform
Transforming constraintlayout-2.1.4.aar (androidx.constraintlayout:constraintlayout:2.1.4) with AarTransform
Transforming coil-2.7.0.aar (io.coil-kt:coil:2.7.0) with ExtractAarTransform
Transforming coil-2.7.0.aar (io.coil-kt:coil:2.7.0) with AarTransform
Transforming coil-base-2.7.0.aar (io.coil-kt:coil-base:2.7.0) with ExtractAarTransform
Transforming coil-base-2.7.0.aar (io.coil-kt:coil-base:2.7.0) with AarTransform
Transforming appcompat-resources-1.6.1.aar (androidx.appcompat:appcompat-resources:1.6.1) with ExtractAarTransform
Transforming appcompat-resources-1.6.1.aar (androidx.appcompat:appcompat-resources:1.6.1) with AarTransform
Transforming zego_uikit_signaling_plugin_android-3.0.2.aar (com.github.ZEGOCLOUD:zego_uikit_signaling_plugin_android:3.0.2) with ExtractAarTransform
Transforming zego_uikit_signaling_plugin_android-3.0.2.aar (com.github.ZEGOCLOUD:zego_uikit_signaling_plugin_android:3.0.2) with AarTransform
Transforming zego_uikit_plugin_adapter_android-3.0.4.aar (com.github.ZEGOCLOUD:zego_uikit_plugin_adapter_android:3.0.4) with ExtractAarTransform
Transforming zego_uikit_plugin_adapter_android-3.0.4.aar (com.github.ZEGOCLOUD:zego_uikit_plugin_adapter_android:3.0.4) with AarTransform
Transforming permissionx-1.7.1.aar (com.guolindev.permissionx:permissionx:1.7.1) with ExtractAarTransform
Transforming permissionx-1.7.1.aar (com.guolindev.permissionx:permissionx:1.7.1) with AarTransform
Transforming appcompat-1.6.1.aar (androidx.appcompat:appcompat:1.6.1) with ExtractAarTransform
Transforming appcompat-1.6.1.aar (androidx.appcompat:appcompat:1.6.1) with AarTransform
Transforming viewpager2-1.0.0.aar (androidx.viewpager2:viewpager2:1.0.0) with ExtractAarTransform
Transforming viewpager2-1.0.0.aar (androidx.viewpager2:viewpager2:1.0.0) with AarTransform
Transforming glide-4.14.2.aar (com.github.bumptech.glide:glide:4.14.2) with ExtractAarTransform
Transforming glide-4.14.2.aar (com.github.bumptech.glide:glide:4.14.2) with AarTransform
Transforming firebase-messaging-23.2.1.aar (com.google.firebase:firebase-messaging:23.2.1) with ExtractAarTransform
Transforming firebase-messaging-23.2.1.aar (com.google.firebase:firebase-messaging:23.2.1) with AarTransform
Transforming firebase-datatransport-18.1.7.aar (com.google.firebase:firebase-datatransport:18.1.7) with ExtractAarTransform
Transforming firebase-datatransport-18.1.7.aar (com.google.firebase:firebase-datatransport:18.1.7) with AarTransform
Transforming firebase-installations-17.1.3.aar (com.google.firebase:firebase-installations:17.1.3) with ExtractAarTransform
Transforming firebase-installations-17.1.3.aar (com.google.firebase:firebase-installations:17.1.3) with AarTransform
Transforming firebase-common-20.3.1.aar (com.google.firebase:firebase-common:20.3.1) with ExtractAarTransform
Transforming firebase-common-20.3.1.aar (com.google.firebase:firebase-common:20.3.1) with AarTransform
Transforming play-services-base-18.0.1.aar (com.google.android.gms:play-services-base:18.0.1) with ExtractAarTransform
Transforming play-services-base-18.0.1.aar (com.google.android.gms:play-services-base:18.0.1) with AarTransform
Transforming play-services-stats-17.0.2.aar (com.google.android.gms:play-services-stats:17.0.2) with ExtractAarTransform
Transforming play-services-stats-17.0.2.aar (com.google.android.gms:play-services-stats:17.0.2) with AarTransform
Transforming firebase-measurement-connector-19.0.0.aar (com.google.firebase:firebase-measurement-connector:19.0.0) with ExtractAarTransform
Transforming firebase-measurement-connector-19.0.0.aar (com.google.firebase:firebase-measurement-connector:19.0.0) with AarTransform
Transforming firebase-iid-interop-17.1.0.aar (com.google.firebase:firebase-iid-interop:17.1.0) with ExtractAarTransform
Transforming firebase-iid-interop-17.1.0.aar (com.google.firebase:firebase-iid-interop:17.1.0) with AarTransform
Transforming play-services-cloud-messaging-17.0.1.aar (com.google.android.gms:play-services-cloud-messaging:17.0.1) with ExtractAarTransform
Transforming play-services-cloud-messaging-17.0.1.aar (com.google.android.gms:play-services-cloud-messaging:17.0.1) with AarTransform
Transforming firebase-installations-interop-17.1.0.aar (com.google.firebase:firebase-installations-interop:17.1.0) with ExtractAarTransform
Transforming firebase-installations-interop-17.1.0.aar (com.google.firebase:firebase-installations-interop:17.1.0) with AarTransform
Transforming play-services-tasks-18.0.2.aar (com.google.android.gms:play-services-tasks:18.0.2) with ExtractAarTransform
Transforming play-services-tasks-18.0.2.aar (com.google.android.gms:play-services-tasks:18.0.2) with AarTransform
Transforming play-services-basement-18.1.0.aar (com.google.android.gms:play-services-basement:18.1.0) with ExtractAarTransform
Transforming play-services-basement-18.1.0.aar (com.google.android.gms:play-services-basement:18.1.0) with AarTransform
Transforming fragment-1.8.9.aar (androidx.fragment:fragment:1.8.9) with ExtractAarTransform
Transforming fragment-1.8.9.aar (androidx.fragment:fragment:1.8.9) with AarTransform
Transforming fragment-1.8.9.aar (androidx.fragment:fragment:1.8.9) with ExtractAarTransform
Transforming fragment-1.8.9.aar (androidx.fragment:fragment:1.8.9) with AarTransform
Transforming fragment-ktx-1.8.9.aar (androidx.fragment:fragment-ktx:1.8.9) with ExtractAarTransform
Transforming fragment-ktx-1.8.9.aar (androidx.fragment:fragment-ktx:1.8.9) with AarTransform
Transforming material-ripple-release.aar (androidx.compose.material:material-ripple-android:1.7.0) with ExtractAarTransform
Transforming material-ripple-release.aar (androidx.compose.material:material-ripple-android:1.7.0) with AarTransform
Transforming foundation.aar (androidx.compose.foundation:foundation-android:1.10.0) with ExtractAarTransform
Transforming foundation.aar (androidx.compose.foundation:foundation-android:1.10.0) with AarTransform
Transforming ui-tooling-data.aar (androidx.compose.ui:ui-tooling-data-android:1.10.0) with ExtractAarTransform
Transforming ui-tooling-data.aar (androidx.compose.ui:ui-tooling-data-android:1.10.0) with AarTransform
Transforming ui-tooling-preview.aar (androidx.compose.ui:ui-tooling-preview-android:1.10.0) with ExtractAarTransform
Transforming ui-tooling-preview.aar (androidx.compose.ui:ui-tooling-preview-android:1.10.0) with AarTransform
Transforming ui-text.aar (androidx.compose.ui:ui-text-android:1.10.0) with ExtractAarTransform
Transforming ui-text.aar (androidx.compose.ui:ui-text-android:1.10.0) with AarTransform
Transforming ui-geometry.aar (androidx.compose.ui:ui-geometry-android:1.10.0) with ExtractAarTransform
Transforming ui-geometry.aar (androidx.compose.ui:ui-geometry-android:1.10.0) with AarTransform
Transforming ui-graphics.aar (androidx.compose.ui:ui-graphics-android:1.10.0) with ExtractAarTransform
Transforming ui-graphics.aar (androidx.compose.ui:ui-graphics-android:1.10.0) with AarTransform
Transforming ui-unit.aar (androidx.compose.ui:ui-unit-android:1.10.0) with ExtractAarTransform
Transforming ui-unit.aar (androidx.compose.ui:ui-unit-android:1.10.0) with AarTransform
Transforming ui-util.aar (androidx.compose.ui:ui-util-android:1.10.0) with ExtractAarTransform
Transforming ui-util.aar (androidx.compose.ui:ui-util-android:1.10.0) with AarTransform
Transforming ui-test-manifest-1.10.0.aar (androidx.compose.ui:ui-test-manifest:1.10.0) with ExtractAarTransform
Transforming ui-test-manifest-1.10.0.aar (androidx.compose.ui:ui-test-manifest:1.10.0) with AarTransform
Transforming activity-1.8.2.aar (androidx.activity:activity:1.8.2) with ExtractAarTransform
Transforming activity-1.8.2.aar (androidx.activity:activity:1.8.2) with AarTransform
Transforming activity-ktx-1.8.2.aar (androidx.activity:activity-ktx:1.8.2) with ExtractAarTransform
Transforming activity-ktx-1.8.2.aar (androidx.activity:activity-ktx:1.8.2) with AarTransform
Transforming activity-compose-1.8.2.aar (androidx.activity:activity-compose:1.8.2) with ExtractAarTransform
Transforming activity-compose-1.8.2.aar (androidx.activity:activity-compose:1.8.2) with AarTransform
Transforming material-icons-extended-release.aar (androidx.compose.material:material-icons-extended-android:1.7.0) with ExtractAarTransform
Transforming material-icons-extended-release.aar (androidx.compose.material:material-icons-extended-android:1.7.0) with AarTransform
Transforming material-icons-core-release.aar (androidx.compose.material:material-icons-core-android:1.7.0) with ExtractAarTransform
Transforming material-icons-core-release.aar (androidx.compose.material:material-icons-core-android:1.7.0) with AarTransform
Transforming runtime-retain.aar (androidx.compose.runtime:runtime-retain-android:1.10.0) with ExtractAarTransform
Transforming runtime-retain.aar (androidx.compose.runtime:runtime-retain-android:1.10.0) with AarTransform
Transforming runtime-annotation.aar (androidx.compose.runtime:runtime-annotation-android:1.10.0) with ExtractAarTransform
Transforming runtime-annotation.aar (androidx.compose.runtime:runtime-annotation-android:1.10.0) with AarTransform
Transforming transition-1.6.0.aar (androidx.transition:transition:1.6.0) with ExtractAarTransform
Transforming transition-1.6.0.aar (androidx.transition:transition:1.6.0) with AarTransform
Transforming dynamicanimation-1.0.0.aar (androidx.dynamicanimation:dynamicanimation:1.0.0) with ExtractAarTransform
Transforming dynamicanimation-1.0.0.aar (androidx.dynamicanimation:dynamicanimation:1.0.0) with AarTransform
Transforming legacy-support-core-utils-1.0.0.aar (androidx.legacy:legacy-support-core-utils:1.0.0) with ExtractAarTransform
Transforming legacy-support-core-utils-1.0.0.aar (androidx.legacy:legacy-support-core-utils:1.0.0) with AarTransform
Transforming loader-1.0.0.aar (androidx.loader:loader:1.0.0) with ExtractAarTransform
Transforming loader-1.0.0.aar (androidx.loader:loader:1.0.0) with AarTransform
Transforming loader-1.0.0.aar (androidx.loader:loader:1.0.0) with ExtractAarTransform
Transforming loader-1.0.0.aar (androidx.loader:loader:1.0.0) with AarTransform
Transforming emoji2-views-helper-1.4.0.aar (androidx.emoji2:emoji2-views-helper:1.4.0) with ExtractAarTransform
Transforming emoji2-views-helper-1.4.0.aar (androidx.emoji2:emoji2-views-helper:1.4.0) with AarTransform
Transforming emoji2-1.4.0.aar (androidx.emoji2:emoji2:1.4.0) with ExtractAarTransform
Transforming emoji2-1.4.0.aar (androidx.emoji2:emoji2:1.4.0) with AarTransform
Transforming coordinatorlayout-1.1.0.aar (androidx.coordinatorlayout:coordinatorlayout:1.1.0) with ExtractAarTransform
Transforming coordinatorlayout-1.1.0.aar (androidx.coordinatorlayout:coordinatorlayout:1.1.0) with AarTransform
Transforming drawerlayout-1.1.1.aar (androidx.drawerlayout:drawerlayout:1.1.1) with ExtractAarTransform
Transforming drawerlayout-1.1.1.aar (androidx.drawerlayout:drawerlayout:1.1.1) with AarTransform
Transforming vectordrawable-animated-1.1.0.aar (androidx.vectordrawable:vectordrawable-animated:1.1.0) with ExtractAarTransform
Transforming vectordrawable-animated-1.1.0.aar (androidx.vectordrawable:vectordrawable-animated:1.1.0) with AarTransform
Transforming vectordrawable-1.1.0.aar (androidx.vectordrawable:vectordrawable:1.1.0) with ExtractAarTransform
Transforming vectordrawable-1.1.0.aar (androidx.vectordrawable:vectordrawable:1.1.0) with AarTransform
Transforming vectordrawable-1.1.0.aar (androidx.vectordrawable:vectordrawable:1.1.0) with ExtractAarTransform
Transforming vectordrawable-1.1.0.aar (androidx.vectordrawable:vectordrawable:1.1.0) with AarTransform
Transforming recyclerview-1.1.0.aar (androidx.recyclerview:recyclerview:1.1.0) with ExtractAarTransform
Transforming recyclerview-1.1.0.aar (androidx.recyclerview:recyclerview:1.1.0) with AarTransform
Transforming recyclerview-1.1.0.aar (androidx.recyclerview:recyclerview:1.1.0) with ExtractAarTransform
Transforming recyclerview-1.1.0.aar (androidx.recyclerview:recyclerview:1.1.0) with AarTransform
Transforming viewpager-1.0.0.aar (androidx.viewpager:viewpager:1.0.0) with ExtractAarTransform
Transforming viewpager-1.0.0.aar (androidx.viewpager:viewpager:1.0.0) with AarTransform
Transforming customview-1.1.0.aar (androidx.customview:customview:1.1.0) with ExtractAarTransform
Transforming customview-1.1.0.aar (androidx.customview:customview:1.1.0) with AarTransform
Transforming customview-poolingcontainer-1.0.0.aar (androidx.customview:customview-poolingcontainer:1.0.0) with ExtractAarTransform
Transforming customview-poolingcontainer-1.0.0.aar (androidx.customview:customview-poolingcontainer:1.0.0) with AarTransform
Transforming core-ktx-1.16.0.aar (androidx.core:core-ktx:1.16.0) with ExtractAarTransform
Transforming core-ktx-1.16.0.aar (androidx.core:core-ktx:1.16.0) with AarTransform
Transforming autofill-1.0.0.aar (androidx.autofill:autofill:1.0.0) with ExtractAarTransform
Transforming autofill-1.0.0.aar (androidx.autofill:autofill:1.0.0) with AarTransform
Transforming window-core.aar (androidx.window:window-core-android:1.5.0) with ExtractAarTransform
Transforming window-core.aar (androidx.window:window-core-android:1.5.0) with AarTransform
Transforming window-1.5.0.aar (androidx.window:window:1.5.0) with ExtractAarTransform
Transforming window-1.5.0.aar (androidx.window:window:1.5.0) with AarTransform
Transforming graphics-path-1.0.1.aar (androidx.graphics:graphics-path:1.0.1) with ExtractAarTransform
Transforming graphics-path-1.0.1.aar (androidx.graphics:graphics-path:1.0.1) with AarTransform
Transforming core-1.16.0.aar (androidx.core:core:1.16.0) with ExtractAarTransform
Transforming core-1.16.0.aar (androidx.core:core:1.16.0) with AarTransform
Transforming core-1.16.0.aar (androidx.core:core:1.16.0) with ExtractAarTransform
Transforming core-1.16.0.aar (androidx.core:core:1.16.0) with AarTransform
Transforming lifecycle-viewmodel-2.9.4.aar (androidx.lifecycle:lifecycle-viewmodel:2.9.4) with ExtractAarTransform
Transforming lifecycle-viewmodel-2.9.4.aar (androidx.lifecycle:lifecycle-viewmodel:2.9.4) with AarTransform
Transforming lifecycle-viewmodel-release.aar (androidx.lifecycle:lifecycle-viewmodel-android:2.9.4) with ExtractAarTransform
Transforming lifecycle-viewmodel-release.aar (androidx.lifecycle:lifecycle-viewmodel-android:2.9.4) with AarTransform
Transforming lifecycle-common-jvm-2.9.4.jar (androidx.lifecycle:lifecycle-common-jvm:2.9.4) with ExtractJniTransform
Transforming lifecycle-runtime-ktx.aar (androidx.lifecycle:lifecycle-runtime-ktx-android:2.9.4) with ExtractAarTransform
Transforming lifecycle-runtime-ktx.aar (androidx.lifecycle:lifecycle-runtime-ktx-android:2.9.4) with AarTransform
Transforming lifecycle-runtime-release.aar (androidx.lifecycle:lifecycle-runtime-android:2.9.4) with ExtractAarTransform
Transforming lifecycle-runtime-release.aar (androidx.lifecycle:lifecycle-runtime-android:2.9.4) with AarTransform
Transforming lifecycle-viewmodel-ktx-2.9.4.aar (androidx.lifecycle:lifecycle-viewmodel-ktx:2.9.4) with ExtractAarTransform
Transforming lifecycle-viewmodel-ktx-2.9.4.aar (androidx.lifecycle:lifecycle-viewmodel-ktx:2.9.4) with AarTransform
Transforming lifecycle-process-2.9.4.aar (androidx.lifecycle:lifecycle-process:2.9.4) with ExtractAarTransform
Transforming lifecycle-process-2.9.4.aar (androidx.lifecycle:lifecycle-process:2.9.4) with AarTransform
Transforming lifecycle-livedata-core-ktx-2.9.4.aar (androidx.lifecycle:lifecycle-livedata-core-ktx:2.9.4) with ExtractAarTransform
Transforming lifecycle-livedata-core-ktx-2.9.4.aar (androidx.lifecycle:lifecycle-livedata-core-ktx:2.9.4) with AarTransform
Transforming lifecycle-livedata-core-2.9.4.aar (androidx.lifecycle:lifecycle-livedata-core:2.9.4) with ExtractAarTransform
Transforming lifecycle-livedata-core-2.9.4.aar (androidx.lifecycle:lifecycle-livedata-core:2.9.4) with AarTransform
Transforming lifecycle-livedata-2.9.4.aar (androidx.lifecycle:lifecycle-livedata:2.9.4) with ExtractAarTransform
Transforming lifecycle-livedata-2.9.4.aar (androidx.lifecycle:lifecycle-livedata:2.9.4) with AarTransform
Transforming lifecycle-common-java8-2.9.4.jar (androidx.lifecycle:lifecycle-common-java8:2.9.4) with ExtractJniTransform
Transforming lifecycle-viewmodel-savedstate-release.aar (androidx.lifecycle:lifecycle-viewmodel-savedstate-android:2.9.4) with ExtractAarTransform
Transforming lifecycle-viewmodel-savedstate-release.aar (androidx.lifecycle:lifecycle-viewmodel-savedstate-android:2.9.4) with AarTransform
Transforming savedstate-release.aar (androidx.savedstate:savedstate-android:1.3.2) with ExtractAarTransform
Transforming savedstate-release.aar (androidx.savedstate:savedstate-android:1.3.2) with AarTransform
Transforming savedstate-ktx-1.3.2.aar (androidx.savedstate:savedstate-ktx:1.3.2) with ExtractAarTransform
Transforming savedstate-ktx-1.3.2.aar (androidx.savedstate:savedstate-ktx:1.3.2) with AarTransform
Transforming savedstate-compose.aar (androidx.savedstate:savedstate-compose-android:1.3.2) with ExtractAarTransform
Transforming savedstate-compose.aar (androidx.savedstate:savedstate-compose-android:1.3.2) with AarTransform
Transforming runtime.aar (androidx.compose.runtime:runtime-android:1.10.0) with ExtractAarTransform
Transforming runtime.aar (androidx.compose.runtime:runtime-android:1.10.0) with AarTransform
Transforming runtime-saveable.aar (androidx.compose.runtime:runtime-saveable-android:1.10.0) with ExtractAarTransform
Transforming runtime-saveable.aar (androidx.compose.runtime:runtime-saveable-android:1.10.0) with AarTransform
Transforming lifecycle-runtime-compose-release.aar (androidx.lifecycle:lifecycle-runtime-compose-android:2.9.4) with ExtractAarTransform
Transforming lifecycle-runtime-compose-release.aar (androidx.lifecycle:lifecycle-runtime-compose-android:2.9.4) with AarTransform
Transforming lifecycle-viewmodel-compose-release.aar (androidx.lifecycle:lifecycle-viewmodel-compose-android:2.9.4) with ExtractAarTransform
Transforming lifecycle-viewmodel-compose-release.aar (androidx.lifecycle:lifecycle-viewmodel-compose-android:2.9.4) with AarTransform
Transforming ui.aar (androidx.compose.ui:ui-android:1.10.0) with ExtractAarTransform
Transforming ui.aar (androidx.compose.ui:ui-android:1.10.0) with AarTransform
Transforming ui-tooling.aar (androidx.compose.ui:ui-tooling-android:1.10.0) with ExtractAarTransform
Transforming ui-tooling.aar (androidx.compose.ui:ui-tooling-android:1.10.0) with AarTransform
Transforming material-release.aar (androidx.compose.material:material-android:1.7.0) with ExtractAarTransform
Transforming material-release.aar (androidx.compose.material:material-android:1.7.0) with AarTransform
Transforming animation-core.aar (androidx.compose.animation:animation-core-android:1.10.0) with ExtractAarTransform
Transforming animation-core.aar (androidx.compose.animation:animation-core-android:1.10.0) with AarTransform
Transforming animation.aar (androidx.compose.animation:animation-android:1.10.0) with ExtractAarTransform
Transforming animation.aar (androidx.compose.animation:animation-android:1.10.0) with AarTransform
Transforming foundation-layout.aar (androidx.compose.foundation:foundation-layout-android:1.10.0) with ExtractAarTransform
Transforming foundation-layout.aar (androidx.compose.foundation:foundation-layout-android:1.10.0) with AarTransform
Transforming annotation-experimental-1.5.0.aar (androidx.annotation:annotation-experimental:1.5.0) with ExtractAarTransform
Transforming annotation-experimental-1.5.0.aar (androidx.annotation:annotation-experimental:1.5.0) with AarTransform
Transforming ktor-client-cio-jvm-2.3.5.jar (io.ktor:ktor-client-cio-jvm:2.3.5) with ExtractJniTransform
Transforming ktor-client-content-negotiation-jvm-2.3.5.jar (io.ktor:ktor-client-content-negotiation-jvm:2.3.5) with ExtractJniTransform
Transforming ktor-serialization-kotlinx-json-jvm-2.3.5.jar (io.ktor:ktor-serialization-kotlinx-json-jvm:2.3.5) with ExtractJniTransform
Transforming ktor-client-core-jvm-2.3.5.jar (io.ktor:ktor-client-core-jvm:2.3.5) with ExtractJniTransform
Transforming kotlin-math-jvm-1.6.0.jar (dev.romainguy:kotlin-math-jvm:1.6.0) with ExtractJniTransform
Transforming ktor-events-jvm-2.3.5.jar (io.ktor:ktor-events-jvm:2.3.5) with ExtractJniTransform
Transforming ktor-websocket-serialization-jvm-2.3.5.jar (io.ktor:ktor-websocket-serialization-jvm:2.3.5) with ExtractJniTransform
Transforming ktor-http-cio-jvm-2.3.5.jar (io.ktor:ktor-http-cio-jvm:2.3.5) with ExtractJniTransform
Transforming ktor-serialization-kotlinx-jvm-2.3.5.jar (io.ktor:ktor-serialization-kotlinx-jvm:2.3.5) with ExtractJniTransform
Transforming ktor-serialization-jvm-2.3.5.jar (io.ktor:ktor-serialization-jvm:2.3.5) with ExtractJniTransform
Transforming ktor-websockets-jvm-2.3.5.jar (io.ktor:ktor-websockets-jvm:2.3.5) with ExtractJniTransform
Transforming ktor-network-tls-jvm-2.3.5.jar (io.ktor:ktor-network-tls-jvm:2.3.5) with ExtractJniTransform
Transforming ktor-http-jvm-2.3.5.jar (io.ktor:ktor-http-jvm:2.3.5) with ExtractJniTransform
Transforming ktor-network-jvm-2.3.5.jar (io.ktor:ktor-network-jvm:2.3.5) with ExtractJniTransform
Transforming ktor-utils-jvm-2.3.5.jar (io.ktor:ktor-utils-jvm:2.3.5) with ExtractJniTransform
Transforming ktor-io-jvm-2.3.5.jar (io.ktor:ktor-io-jvm:2.3.5) with ExtractJniTransform
Transforming fuel-jvm-3.0.0-alpha04.jar (com.github.kittinunf.fuel:fuel-jvm:3.0.0-alpha04) with ExtractJniTransform
Transforming filament-utils-android-1.66.0.aar (com.google.android.filament:filament-utils-android:1.66.0) with ExtractAarTransform
Transforming filament-utils-android-1.66.0.aar (com.google.android.filament:filament-utils-android:1.66.0) with AarTransform
Transforming kotlin-stdlib-jdk8-2.0.21.jar (org.jetbrains.kotlin:kotlin-stdlib-jdk8:2.0.21) with ExtractJniTransform
Transforming kotlinx-coroutines-jdk8-1.9.0.jar (org.jetbrains.kotlinx:kotlinx-coroutines-jdk8:1.9.0) with ExtractJniTransform
Transforming kotlinx-coroutines-slf4j-1.9.0.jar (org.jetbrains.kotlinx:kotlinx-coroutines-slf4j:1.9.0) with ExtractJniTransform
Transforming okhttp-coroutines-5.0.0-alpha.14.jar (com.squareup.okhttp3:okhttp-coroutines:5.0.0-alpha.14) with ExtractJniTransform
Transforming kotlinx-coroutines-core-jvm-1.9.0.jar (org.jetbrains.kotlinx:kotlinx-coroutines-core-jvm:1.9.0) with ExtractJniTransform
Transforming kotlinx-coroutines-android-1.9.0.jar (org.jetbrains.kotlinx:kotlinx-coroutines-android:1.9.0) with ExtractJniTransform
Transforming cardview-1.0.0.aar (androidx.cardview:cardview:1.0.0) with ExtractAarTransform
Transforming cardview-1.0.0.aar (androidx.cardview:cardview:1.0.0) with AarTransform
Transforming resourceinspection-annotation-1.0.1.jar (androidx.resourceinspection:resourceinspection-annotation:1.0.1) with ExtractJniTransform
Transforming mmkv-1.3.14.aar (com.tencent:mmkv:1.3.14) with ExtractAarTransform
Transforming mmkv-1.3.14.aar (com.tencent:mmkv:1.3.14) with AarTransform
Transforming gltfio-android-1.66.0.aar (com.google.android.filament:gltfio-android:1.66.0) with ExtractAarTransform
Transforming gltfio-android-1.66.0.aar (com.google.android.filament:gltfio-android:1.66.0) with AarTransform
Transforming filament-android-1.66.0.aar (com.google.android.filament:filament-android:1.66.0) with ExtractAarTransform
Transforming filament-android-1.66.0.aar (com.google.android.filament:filament-android:1.66.0) with AarTransform
Transforming core-runtime-2.2.0.aar (androidx.arch.core:core-runtime:2.2.0) with ExtractAarTransform
Transforming core-runtime-2.2.0.aar (androidx.arch.core:core-runtime:2.2.0) with AarTransform
Transforming core-common-2.2.0.jar (androidx.arch.core:core-common:2.2.0) with ExtractJniTransform
Transforming cursoradapter-1.0.0.aar (androidx.cursoradapter:cursoradapter:1.0.0) with ExtractAarTransform
Transforming cursoradapter-1.0.0.aar (androidx.cursoradapter:cursoradapter:1.0.0) with AarTransform
Transforming firebase-components-17.1.0.aar (com.google.firebase:firebase-components:17.1.0) with ExtractAarTransform
Transforming firebase-components-17.1.0.aar (com.google.firebase:firebase-components:17.1.0) with AarTransform
Transforming transport-backend-cct-3.1.8.aar (com.google.android.datatransport:transport-backend-cct:3.1.8) with ExtractAarTransform
Transforming transport-backend-cct-3.1.8.aar (com.google.android.datatransport:transport-backend-cct:3.1.8) with AarTransform
Transforming transport-runtime-3.1.8.aar (com.google.android.datatransport:transport-runtime:3.1.8) with ExtractAarTransform
Transforming transport-runtime-3.1.8.aar (com.google.android.datatransport:transport-runtime:3.1.8) with AarTransform
Transforming transport-api-3.0.0.aar (com.google.android.datatransport:transport-api:3.0.0) with ExtractAarTransform
Transforming transport-api-3.0.0.aar (com.google.android.datatransport:transport-api:3.0.0) with AarTransform
Transforming firebase-encoders-json-18.0.0.aar (com.google.firebase:firebase-encoders-json:18.0.0) with ExtractAarTransform
Transforming firebase-encoders-json-18.0.0.aar (com.google.firebase:firebase-encoders-json:18.0.0) with AarTransform
Transforming firebase-encoders-proto-16.0.0.jar (com.google.firebase:firebase-encoders-proto:16.0.0) with ExtractJniTransform
Transforming firebase-encoders-17.0.0.jar (com.google.firebase:firebase-encoders:17.0.0) with ExtractJniTransform
Transforming versionedparcelable-1.1.1.aar (androidx.versionedparcelable:versionedparcelable:1.1.1) with ExtractAarTransform
Transforming versionedparcelable-1.1.1.aar (androidx.versionedparcelable:versionedparcelable:1.1.1) with AarTransform
Transforming collection-ktx-1.5.0.jar (androidx.collection:collection-ktx:1.5.0) with ExtractJniTransform
Transforming collection-jvm-1.5.0.jar (androidx.collection:collection-jvm:1.5.0) with ExtractJniTransform
Transforming sqlite-framework.aar (androidx.sqlite:sqlite-framework-android:2.6.1) with ExtractAarTransform
Transforming sqlite-framework.aar (androidx.sqlite:sqlite-framework-android:2.6.1) with AarTransform
Transforming sqlite.aar (androidx.sqlite:sqlite-android:2.6.1) with ExtractAarTransform
Transforming sqlite.aar (androidx.sqlite:sqlite-android:2.6.1) with AarTransform
Transforming profileinstaller-1.4.0.aar (androidx.profileinstaller:profileinstaller:1.4.0) with ExtractAarTransform
Transforming profileinstaller-1.4.0.aar (androidx.profileinstaller:profileinstaller:1.4.0) with AarTransform
Transforming concurrent-futures-1.1.0.jar (androidx.concurrent:concurrent-futures:1.1.0) with ExtractJniTransform
Transforming startup-runtime-1.1.1.aar (androidx.startup:startup-runtime:1.1.1) with ExtractAarTransform
Transforming startup-runtime-1.1.1.aar (androidx.startup:startup-runtime:1.1.1) with AarTransform
Transforming tracing-1.2.0.aar (androidx.tracing:tracing:1.2.0) with ExtractAarTransform
Transforming tracing-1.2.0.aar (androidx.tracing:tracing:1.2.0) with AarTransform
Transforming interpolator-1.0.0.aar (androidx.interpolator:interpolator:1.0.0) with ExtractAarTransform
Transforming interpolator-1.0.0.aar (androidx.interpolator:interpolator:1.0.0) with AarTransform
Transforming interpolator-1.0.0.aar (androidx.interpolator:interpolator:1.0.0) with ExtractAarTransform
Transforming interpolator-1.0.0.aar (androidx.interpolator:interpolator:1.0.0) with AarTransform
Transforming exifinterface-1.3.7.aar (androidx.exifinterface:exifinterface:1.3.7) with ExtractAarTransform
Transforming exifinterface-1.3.7.aar (androidx.exifinterface:exifinterface:1.3.7) with AarTransform
Transforming documentfile-1.0.0.aar (androidx.documentfile:documentfile:1.0.0) with ExtractAarTransform
Transforming documentfile-1.0.0.aar (androidx.documentfile:documentfile:1.0.0) with AarTransform
Transforming localbroadcastmanager-1.0.0.aar (androidx.localbroadcastmanager:localbroadcastmanager:1.0.0) with ExtractAarTransform
Transforming localbroadcastmanager-1.0.0.aar (androidx.localbroadcastmanager:localbroadcastmanager:1.0.0) with AarTransform
Transforming print-1.0.0.aar (androidx.print:print:1.0.0) with ExtractAarTransform
Transforming print-1.0.0.aar (androidx.print:print:1.0.0) with AarTransform
Transforming gifdecoder-4.14.2.aar (com.github.bumptech.glide:gifdecoder:4.14.2) with ExtractAarTransform
Transforming gifdecoder-4.14.2.aar (com.github.bumptech.glide:gifdecoder:4.14.2) with AarTransform
Transforming viewbinding-7.2.2.aar (androidx.databinding:viewbinding:7.2.2) with ExtractAarTransform
Transforming viewbinding-7.2.2.aar (androidx.databinding:viewbinding:7.2.2) with AarTransform
Transforming annotation-jvm-1.9.1.jar (androidx.annotation:annotation-jvm:1.9.1) with ExtractJniTransform
Transforming core-viewtree-1.0.0.aar (androidx.core:core-viewtree:1.0.0) with ExtractAarTransform
Transforming core-viewtree-1.0.0.aar (androidx.core:core-viewtree:1.0.0) with AarTransform
Transforming kotlin-stdlib-jdk7-2.0.21.jar (org.jetbrains.kotlin:kotlin-stdlib-jdk7:2.0.21) with ExtractJniTransform
Transforming socket.io-client-2.1.2.jar (io.socket:socket.io-client:2.1.2) with ExtractJniTransform
Transforming engine.io-client-2.1.0.jar (io.socket:engine.io-client:2.1.0) with ExtractJniTransform
Transforming okhttp-5.0.0-alpha.14.jar (com.squareup.okhttp3:okhttp:5.0.0-alpha.14) with ExtractJniTransform
Transforming okio-jvm-3.9.0.jar (com.squareup.okio:okio-jvm:3.9.0) with ExtractJniTransform
Transforming kotlinx-io-core-jvm-0.5.4.jar (org.jetbrains.kotlinx:kotlinx-io-core-jvm:0.5.4) with ExtractJniTransform
Transforming kotlinx-io-bytestring-jvm-0.5.4.jar (org.jetbrains.kotlinx:kotlinx-io-bytestring-jvm:0.5.4) with ExtractJniTransform
Transforming kotlinx-serialization-json-jvm-1.7.3.jar (org.jetbrains.kotlinx:kotlinx-serialization-json-jvm:1.7.3) with ExtractJniTransform
Transforming kotlinx-serialization-core-jvm-1.7.3.jar (org.jetbrains.kotlinx:kotlinx-serialization-core-jvm:1.7.3) with ExtractJniTransform
Transforming kotlin-stdlib-2.2.21.jar (org.jetbrains.kotlin:kotlin-stdlib:2.2.21) with ExtractJniTransform
Transforming firebase-crashlytics-buildtools-3.0.6.jar (com.google.firebase:firebase-crashlytics-buildtools:3.0.6) with ExtractJniTransform
Transforming timber-4.7.1.aar (com.jakewharton.timber:timber:4.7.1) with ExtractAarTransform
Transforming timber-4.7.1.aar (com.jakewharton.timber:timber:4.7.1) with AarTransform
Transforming annotations-23.0.0.jar (org.jetbrains:annotations:23.0.0) with ExtractJniTransform
Transforming gson-2.13.1.jar (com.google.code.gson:gson:2.13.1) with ExtractJniTransform
Transforming json-20090211.jar (org.json:json:20090211) with ExtractJniTransform
Transforming error_prone_annotations-2.38.0.jar (com.google.errorprone:error_prone_annotations:2.38.0) with ExtractJniTransform
Transforming zpns-fcm-2.8.0.aar (im.zego:zpns-fcm:2.8.0) with ExtractAarTransform
Transforming zpns-fcm-2.8.0.aar (im.zego:zpns-fcm:2.8.0) with AarTransform
Transforming jspecify-1.0.0.jar (org.jspecify:jspecify:1.0.0) with ExtractJniTransform
Transforming slf4j-api-1.7.36.jar (org.slf4j:slf4j-api:1.7.36) with ExtractJniTransform
Transforming constraintlayout-core-1.0.4.jar (androidx.constraintlayout:constraintlayout-core:1.0.4) with ExtractJniTransform
Transforming express-video-3.23.0.aar (im.zego:express-video:3.23.0) with ExtractAarTransform
Transforming express-video-3.23.0.aar (im.zego:express-video:3.23.0) with AarTransform
Transforming uikitreport-0.5.1.aar (im.zego:uikitreport:0.5.1) with ExtractAarTransform
Transforming uikitreport-0.5.1.aar (im.zego:uikitreport:0.5.1) with AarTransform
Transforming zim-2.21.1.aar (im.zego:zim:2.21.1) with ExtractAarTransform
Transforming zim-2.21.1.aar (im.zego:zim:2.21.1) with AarTransform
Transforming zpns-2.8.0.aar (im.zego:zpns:2.8.0) with ExtractAarTransform
Transforming zpns-2.8.0.aar (im.zego:zpns:2.8.0) with AarTransform
Transforming listenablefuture-1.0.jar (com.google.guava:listenablefuture:1.0) with ExtractJniTransform
Transforming xlog-1.10.1.aar (com.elvishew:xlog:1.10.1) with ExtractAarTransform
Transforming xlog-1.10.1.aar (com.elvishew:xlog:1.10.1) with AarTransform
Transforming disklrucache-4.14.2.jar (com.github.bumptech.glide:disklrucache:4.14.2) with ExtractJniTransform
Transforming annotations-4.14.2.jar (com.github.bumptech.glide:annotations:4.14.2) with ExtractJniTransform
Transforming firebase-annotations-16.2.0.jar (com.google.firebase:firebase-annotations:16.2.0) with ExtractJniTransform
Transforming javax.inject-1.jar (javax.inject:javax.inject:1) with ExtractJniTransform
Caching disabled for task ':app:mergeDebugNativeLibs' because:
  Build cache is disabled
  Caching has been disabled for the task
Skipping task ':app:mergeDebugNativeLibs' as it is up-to-date.
Resolve mutations for :app:stripDebugDebugSymbols (Thread[Execution worker Thread 7,5,main]) started.
:app:stripDebugDebugSymbols (Thread[Execution worker Thread 7,5,main]) started.

> Task :app:stripDebugDebugSymbols UP-TO-DATE
Caching disabled for task ':app:stripDebugDebugSymbols' because:
  Build cache is disabled
  Caching has been disabled for the task
Skipping task ':app:stripDebugDebugSymbols' as it is up-to-date.
Resolve mutations for :app:validateSigningDebug (Thread[Execution worker Thread 7,5,main]) started.
:app:validateSigningDebug (Thread[Execution worker Thread 7,5,main]) started.

> Task :app:validateSigningDebug UP-TO-DATE
Caching disabled for task ':app:validateSigningDebug' because:
  Build cache is disabled
  Caching has been disabled for the task
Skipping task ':app:validateSigningDebug' as it is up-to-date.
Resolve mutations for :app:writeDebugAppMetadata (Thread[Execution worker Thread 7,5,main]) started.
:app:writeDebugAppMetadata (Thread[Execution worker Thread 7,5,main]) started.

> Task :app:writeDebugAppMetadata UP-TO-DATE
Caching disabled for task ':app:writeDebugAppMetadata' because:
  Build cache is disabled
  Caching has been disabled for the task
Skipping task ':app:writeDebugAppMetadata' as it is up-to-date.
Resolve mutations for :app:writeDebugSigningConfigVersions (Thread[Execution worker Thread 7,5,main]) started.
:app:writeDebugSigningConfigVersions (Thread[Execution worker Thread 7,5,main]) started.

> Task :app:writeDebugSigningConfigVersions UP-TO-DATE
Caching disabled for task ':app:writeDebugSigningConfigVersions' because:
  Build cache is disabled
  Caching has been disabled for the task
Skipping task ':app:writeDebugSigningConfigVersions' as it is up-to-date.

> Task :app:kspDebugKotlin
file or directory 'C:\Users\chams\projectDAM\AndroidFront\app\src\debug\kotlin', not found
file or directory 'C:\Users\chams\projectDAM\AndroidFront\app\src\debug\java', not found
file or directory 'C:\Users\chams\projectDAM\AndroidFront\app\src\main\kotlin', not found
file or directory 'C:\Users\chams\projectDAM\AndroidFront\app\src\debug\java', not found
Transforming room-runtime.aar (androidx.room:room-runtime-android:2.8.2) with AarToClassTransform
Transforming room-ktx-2.8.2.aar (androidx.room:room-ktx:2.8.2) with AarToClassTransform
Transforming navigation-common-2.7.0.aar (androidx.navigation:navigation-common:2.7.0) with AarToClassTransform
Transforming room-common-jvm-2.8.2.jar (androidx.room:room-common-jvm:2.8.2) with IdentityTransform
Transforming navigation-runtime-2.7.0.aar (androidx.navigation:navigation-runtime:2.7.0) with AarToClassTransform
Transforming navigation-common-ktx-2.7.0.aar (androidx.navigation:navigation-common-ktx:2.7.0) with AarToClassTransform
Transforming navigation-runtime-ktx-2.7.0.aar (androidx.navigation:navigation-runtime-ktx:2.7.0) with AarToClassTransform
Transforming navigation-compose-2.7.0.aar (androidx.navigation:navigation-compose:2.7.0) with AarToClassTransform
Transforming material3-release.aar (androidx.compose.material3:material3-android:1.3.0) with AarToClassTransform
Transforming foundation-layout.aar (androidx.compose.foundation:foundation-layout-android:1.10.0) with AarToClassTransform
Transforming coil-compose-2.7.0.aar (io.coil-kt:coil-compose:2.7.0) with AarToClassTransform
Transforming coil-compose-base-2.7.0.aar (io.coil-kt:coil-compose-base:2.7.0) with AarToClassTransform
Transforming material-ripple-release.aar (androidx.compose.material:material-ripple-android:1.7.0) with AarToClassTransform
Transforming foundation.aar (androidx.compose.foundation:foundation-android:1.10.0) with AarToClassTransform
Transforming animation-core.aar (androidx.compose.animation:animation-core-android:1.10.0) with AarToClassTransform
Transforming animation.aar (androidx.compose.animation:animation-android:1.10.0) with AarToClassTransform
Transforming ui-util.aar (androidx.compose.ui:ui-util-android:1.10.0) with AarToClassTransform
Transforming ui-unit.aar (androidx.compose.ui:ui-unit-android:1.10.0) with AarToClassTransform
Transforming ui-text.aar (androidx.compose.ui:ui-text-android:1.10.0) with AarToClassTransform
Transforming ui-geometry.aar (androidx.compose.ui:ui-geometry-android:1.10.0) with AarToClassTransform
Transforming ui-tooling-data.aar (androidx.compose.ui:ui-tooling-data-android:1.10.0) with AarToClassTransform
Transforming ui-tooling-preview.aar (androidx.compose.ui:ui-tooling-preview-android:1.10.0) with AarToClassTransform
Transforming ui-graphics.aar (androidx.compose.ui:ui-graphics-android:1.10.0) with AarToClassTransform
Transforming material-1.11.0.aar (com.google.android.material:material:1.11.0) with AarToClassTransform
Transforming appcompat-1.6.1.aar (androidx.appcompat:appcompat:1.6.1) with AarToClassTransform
Transforming viewpager2-1.0.0.aar (androidx.viewpager2:viewpager2:1.0.0) with AarToClassTransform
Transforming zego_uikit_prebuilt_call_android-3.9.10.aar (com.github.ZEGOCLOUD:zego_uikit_prebuilt_call_android:3.9.10) with AarToClassTransform
Transforming zego_uikit_android-3.6.5.aar (com.github.ZEGOCLOUD:zego_uikit_android:3.6.5) with AarToClassTransform
Transforming glide-4.14.2.aar (com.github.bumptech.glide:glide:4.14.2) with AarToClassTransform
Transforming firebase-messaging-23.2.1.aar (com.google.firebase:firebase-messaging:23.2.1) with AarToClassTransform
Transforming firebase-datatransport-18.1.7.aar (com.google.firebase:firebase-datatransport:18.1.7) with AarToClassTransform
Transforming firebase-installations-17.1.3.aar (com.google.firebase:firebase-installations:17.1.3) with AarToClassTransform
Transforming firebase-common-20.3.1.aar (com.google.firebase:firebase-common:20.3.1) with AarToClassTransform
Transforming firebase-installations-interop-17.1.0.aar (com.google.firebase:firebase-installations-interop:17.1.0) with AarToClassTransform
Transforming play-services-base-18.0.1.aar (com.google.android.gms:play-services-base:18.0.1) with AarToClassTransform
Transforming firebase-iid-interop-17.1.0.aar (com.google.firebase:firebase-iid-interop:17.1.0) with AarToClassTransform
Transforming play-services-cloud-messaging-17.0.1.aar (com.google.android.gms:play-services-cloud-messaging:17.0.1) with AarToClassTransform
Transforming play-services-tasks-18.0.2.aar (com.google.android.gms:play-services-tasks:18.0.2) with AarToClassTransform
Transforming play-services-stats-17.0.2.aar (com.google.android.gms:play-services-stats:17.0.2) with AarToClassTransform
Transforming firebase-measurement-connector-19.0.0.aar (com.google.firebase:firebase-measurement-connector:19.0.0) with AarToClassTransform
Transforming play-services-basement-18.1.0.aar (com.google.android.gms:play-services-basement:18.1.0) with AarToClassTransform
Transforming fragment-1.8.9.aar (androidx.fragment:fragment:1.8.9) with AarToClassTransform
Transforming fragment-1.8.9.aar (androidx.fragment:fragment:1.8.9) with AarToClassTransform
Transforming coordinatorlayout-1.1.0.aar (androidx.coordinatorlayout:coordinatorlayout:1.1.0) with AarToClassTransform
Transforming drawerlayout-1.1.1.aar (androidx.drawerlayout:drawerlayout:1.1.1) with AarToClassTransform
Transforming dynamicanimation-1.0.0.aar (androidx.dynamicanimation:dynamicanimation:1.0.0) with AarToClassTransform
Transforming recyclerview-1.1.0.aar (androidx.recyclerview:recyclerview:1.1.0) with AarToClassTransform
Transforming recyclerview-1.1.0.aar (androidx.recyclerview:recyclerview:1.1.0) with AarToClassTransform
Transforming transition-1.6.0.aar (androidx.transition:transition:1.6.0) with AarToClassTransform
Transforming appcompat-resources-1.6.1.aar (androidx.appcompat:appcompat-resources:1.6.1) with AarToClassTransform
Transforming vectordrawable-animated-1.1.0.aar (androidx.vectordrawable:vectordrawable-animated:1.1.0) with AarToClassTransform
Transforming vectordrawable-1.1.0.aar (androidx.vectordrawable:vectordrawable:1.1.0) with AarToClassTransform
Transforming vectordrawable-1.1.0.aar (androidx.vectordrawable:vectordrawable:1.1.0) with AarToClassTransform
Transforming viewpager-1.0.0.aar (androidx.viewpager:viewpager:1.0.0) with AarToClassTransform
Transforming customview-1.1.0.aar (androidx.customview:customview:1.1.0) with AarToClassTransform
Transforming legacy-support-core-utils-1.0.0.aar (androidx.legacy:legacy-support-core-utils:1.0.0) with AarToClassTransform
Transforming loader-1.0.0.aar (androidx.loader:loader:1.0.0) with AarToClassTransform
Transforming loader-1.0.0.aar (androidx.loader:loader:1.0.0) with AarToClassTransform
Transforming zego_uikit_signaling_plugin_android-3.0.2.aar (com.github.ZEGOCLOUD:zego_uikit_signaling_plugin_android:3.0.2) with AarToClassTransform
Transforming zego_uikit_plugin_adapter_android-3.0.4.aar (com.github.ZEGOCLOUD:zego_uikit_plugin_adapter_android:3.0.4) with AarToClassTransform
Transforming core-1.16.0.aar (androidx.core:core:1.16.0) with AarToClassTransform
Transforming core-1.16.0.aar (androidx.core:core:1.16.0) with AarToClassTransform
Transforming coil-2.7.0.aar (io.coil-kt:coil:2.7.0) with AarToClassTransform
Transforming coil-base-2.7.0.aar (io.coil-kt:coil-base:2.7.0) with AarToClassTransform
Transforming lifecycle-livedata-core-ktx-2.9.4.aar (androidx.lifecycle:lifecycle-livedata-core-ktx:2.9.4) with AarToClassTransform
Transforming lifecycle-livedata-2.9.4.aar (androidx.lifecycle:lifecycle-livedata:2.9.4) with AarToClassTransform
Transforming lifecycle-runtime-compose-release.aar (androidx.lifecycle:lifecycle-runtime-compose-android:2.9.4) with AarToClassTransform
Transforming lifecycle-viewmodel-savedstate-release.aar (androidx.lifecycle:lifecycle-viewmodel-savedstate-android:2.9.4) with AarToClassTransform
Transforming lifecycle-runtime-release.aar (androidx.lifecycle:lifecycle-runtime-android:2.9.4) with AarToClassTransform
Transforming lifecycle-livedata-core-2.9.4.aar (androidx.lifecycle:lifecycle-livedata-core:2.9.4) with AarToClassTransform
Transforming lifecycle-viewmodel-2.9.4.aar (androidx.lifecycle:lifecycle-viewmodel:2.9.4) with AarToClassTransform
Transforming lifecycle-viewmodel-release.aar (androidx.lifecycle:lifecycle-viewmodel-android:2.9.4) with AarToClassTransform
Transforming lifecycle-viewmodel-ktx-2.9.4.aar (androidx.lifecycle:lifecycle-viewmodel-ktx:2.9.4) with AarToClassTransform
Transforming lifecycle-runtime-ktx.aar (androidx.lifecycle:lifecycle-runtime-ktx-android:2.9.4) with AarToClassTransform
Transforming lifecycle-viewmodel-compose-release.aar (androidx.lifecycle:lifecycle-viewmodel-compose-android:2.9.4) with AarToClassTransform
Transforming material-icons-extended-release.aar (androidx.compose.material:material-icons-extended-android:1.7.0) with AarToClassTransform
Transforming material-icons-core-release.aar (androidx.compose.material:material-icons-core-android:1.7.0) with AarToClassTransform
Transforming ui.aar (androidx.compose.ui:ui-android:1.10.0) with AarToClassTransform
Transforming ui-tooling.aar (androidx.compose.ui:ui-tooling-android:1.10.0) with AarToClassTransform
Transforming ui-test-manifest-1.10.0.aar (androidx.compose.ui:ui-test-manifest:1.10.0) with AarToClassTransform
Transforming lifecycle-common-jvm-2.9.4.jar (androidx.lifecycle:lifecycle-common-jvm:2.9.4) with IdentityTransform
Transforming activity-1.8.2.aar (androidx.activity:activity:1.8.2) with AarToClassTransform
Transforming activity-compose-1.8.2.aar (androidx.activity:activity-compose:1.8.2) with AarToClassTransform
Transforming activity-ktx-1.8.2.aar (androidx.activity:activity-ktx:1.8.2) with AarToClassTransform
Transforming core-ktx-1.16.0.aar (androidx.core:core-ktx:1.16.0) with AarToClassTransform
Transforming core-splashscreen-1.0.1.aar (androidx.core:core-splashscreen:1.0.1) with AarToClassTransform
Transforming converter-gson-3.0.0.jar (com.squareup.retrofit2:converter-gson:3.0.0) with IdentityTransform
Transforming sceneview-2.3.1.aar (io.github.sceneview:sceneview:2.3.1) with AarToClassTransform
Transforming retrofit-3.0.0.jar (com.squareup.retrofit2:retrofit:3.0.0) with IdentityTransform
Transforming ktor-client-cio-jvm-2.3.5.jar (io.ktor:ktor-client-cio-jvm:2.3.5) with IdentityTransform
Transforming ktor-client-content-negotiation-jvm-2.3.5.jar (io.ktor:ktor-client-content-negotiation-jvm:2.3.5) with IdentityTransform
Transforming ktor-events-jvm-2.3.5.jar (io.ktor:ktor-events-jvm:2.3.5) with IdentityTransform
Transforming ktor-serialization-kotlinx-json-jvm-2.3.5.jar (io.ktor:ktor-serialization-kotlinx-json-jvm:2.3.5) with IdentityTransform
Transforming ktor-websocket-serialization-jvm-2.3.5.jar (io.ktor:ktor-websocket-serialization-jvm:2.3.5) with IdentityTransform
Transforming ktor-client-core-jvm-2.3.5.jar (io.ktor:ktor-client-core-jvm:2.3.5) with IdentityTransform
Transforming ktor-serialization-kotlinx-jvm-2.3.5.jar (io.ktor:ktor-serialization-kotlinx-jvm:2.3.5) with IdentityTransform
Transforming ktor-http-cio-jvm-2.3.5.jar (io.ktor:ktor-http-cio-jvm:2.3.5) with IdentityTransform
Transforming ktor-serialization-jvm-2.3.5.jar (io.ktor:ktor-serialization-jvm:2.3.5) with IdentityTransform
Transforming ktor-websockets-jvm-2.3.5.jar (io.ktor:ktor-websockets-jvm:2.3.5) with IdentityTransform
Transforming ktor-network-tls-jvm-2.3.5.jar (io.ktor:ktor-network-tls-jvm:2.3.5) with IdentityTransform
Transforming runtime-annotation.aar (androidx.compose.runtime:runtime-annotation-android:1.10.0) with AarToClassTransform
Transforming ktor-http-jvm-2.3.5.jar (io.ktor:ktor-http-jvm:2.3.5) with IdentityTransform
Transforming runtime-retain.aar (androidx.compose.runtime:runtime-retain-android:1.10.0) with AarToClassTransform
Transforming runtime-saveable.aar (androidx.compose.runtime:runtime-saveable-android:1.10.0) with AarToClassTransform
Transforming savedstate-release.aar (androidx.savedstate:savedstate-android:1.3.2) with AarToClassTransform
Transforming savedstate-ktx-1.3.2.aar (androidx.savedstate:savedstate-ktx:1.3.2) with AarToClassTransform
Transforming savedstate-compose.aar (androidx.savedstate:savedstate-compose-android:1.3.2) with AarToClassTransform
Transforming runtime.aar (androidx.compose.runtime:runtime-android:1.10.0) with AarToClassTransform
Transforming annotation-experimental-1.5.0.aar (androidx.annotation:annotation-experimental:1.5.0) with AarToClassTransform
Transforming ktor-network-jvm-2.3.5.jar (io.ktor:ktor-network-jvm:2.3.5) with IdentityTransform
Transforming cardview-1.0.0.aar (androidx.cardview:cardview:1.0.0) with AarToClassTransform
Transforming permissionx-1.7.1.aar (com.guolindev.permissionx:permissionx:1.7.1) with AarToClassTransform
Transforming viewbinding-7.2.2.aar (androidx.databinding:viewbinding:7.2.2) with AarToClassTransform
Transforming versionedparcelable-1.1.1.aar (androidx.versionedparcelable:versionedparcelable:1.1.1) with AarToClassTransform
Transforming cursoradapter-1.0.0.aar (androidx.cursoradapter:cursoradapter:1.0.0) with AarToClassTransform
Transforming firebase-components-17.1.0.aar (com.google.firebase:firebase-components:17.1.0) with AarToClassTransform
Transforming transport-backend-cct-3.1.8.aar (com.google.android.datatransport:transport-backend-cct:3.1.8) with AarToClassTransform
Transforming ktor-utils-jvm-2.3.5.jar (io.ktor:ktor-utils-jvm:2.3.5) with IdentityTransform
Transforming transport-runtime-3.1.8.aar (com.google.android.datatransport:transport-runtime:3.1.8) with AarToClassTransform
Transforming transport-api-3.0.0.aar (com.google.android.datatransport:transport-api:3.0.0) with AarToClassTransform
Transforming kotlin-stdlib-jdk8-2.0.21.jar (org.jetbrains.kotlin:kotlin-stdlib-jdk8:2.0.21) with IdentityTransform
Transforming firebase-encoders-json-18.0.0.aar (com.google.firebase:firebase-encoders-json:18.0.0) with AarToClassTransform
Transforming sqlite-framework.aar (androidx.sqlite:sqlite-framework-android:2.6.1) with AarToClassTransform
Transforming sqlite.aar (androidx.sqlite:sqlite-android:2.6.1) with AarToClassTransform
Transforming documentfile-1.0.0.aar (androidx.documentfile:documentfile:1.0.0) with AarToClassTransform
Transforming localbroadcastmanager-1.0.0.aar (androidx.localbroadcastmanager:localbroadcastmanager:1.0.0) with AarToClassTransform
Transforming print-1.0.0.aar (androidx.print:print:1.0.0) with AarToClassTransform
Transforming ktor-io-jvm-2.3.5.jar (io.ktor:ktor-io-jvm:2.3.5) with IdentityTransform
Transforming core-runtime-2.2.0.aar (androidx.arch.core:core-runtime:2.2.0) with AarToClassTransform
Transforming gifdecoder-4.14.2.aar (com.github.bumptech.glide:gifdecoder:4.14.2) with AarToClassTransform
Transforming collection-jvm-1.5.0.jar (androidx.collection:collection-jvm:1.5.0) with IdentityTransform
Transforming interpolator-1.0.0.aar (androidx.interpolator:interpolator:1.0.0) with AarToClassTransform
Transforming kotlinx-coroutines-jdk8-1.9.0.jar (org.jetbrains.kotlinx:kotlinx-coroutines-jdk8:1.9.0) with IdentityTransform
Transforming core-viewtree-1.0.0.aar (androidx.core:core-viewtree:1.0.0) with AarToClassTransform
Transforming timber-4.7.1.aar (com.jakewharton.timber:timber:4.7.1) with AarToClassTransform
Transforming tracing-1.2.0.aar (androidx.tracing:tracing:1.2.0) with AarToClassTransform
Transforming concurrent-futures-1.1.0.jar (androidx.concurrent:concurrent-futures:1.1.0) with IdentityTransform
Transforming exifinterface-1.3.7.aar (androidx.exifinterface:exifinterface:1.3.7) with AarToClassTransform
Transforming constraintlayout-2.1.4.aar (androidx.constraintlayout:constraintlayout:2.1.4) with AarToClassTransform
Transforming xlog-1.10.1.aar (com.elvishew:xlog:1.10.1) with AarToClassTransform
Transforming kotlinx-coroutines-core-jvm-1.9.0.jar (org.jetbrains.kotlinx:kotlinx-coroutines-core-jvm:1.9.0) with IdentityTransform
Transforming express-video-3.23.0.aar (im.zego:express-video:3.23.0) with AarToClassTransform
Transforming uikitreport-0.5.1.aar (im.zego:uikitreport:0.5.1) with AarToClassTransform
Transforming zim-2.21.1.aar (im.zego:zim:2.21.1) with AarToClassTransform
Transforming zpns-2.8.0.aar (im.zego:zpns:2.8.0) with AarToClassTransform
Transforming kotlin-stdlib-jdk7-2.0.21.jar (org.jetbrains.kotlin:kotlin-stdlib-jdk7:2.0.21) with IdentityTransform
Transforming mmkv-1.3.14.aar (com.tencent:mmkv:1.3.14) with AarToClassTransform
Transforming javax.inject-1.jar (javax.inject:javax.inject:1) with IdentityTransform
Transforming zpns-fcm-2.8.0.aar (im.zego:zpns-fcm:2.8.0) with AarToClassTransform
Transforming filament-utils-android-1.66.0.aar (com.google.android.filament:filament-utils-android:1.66.0) with AarToClassTransform
Transforming gltfio-android-1.66.0.aar (com.google.android.filament:gltfio-android:1.66.0) with AarToClassTransform
Transforming firebase-encoders-17.0.0.jar (com.google.firebase:firebase-encoders:17.0.0) with IdentityTransform
Transforming filament-android-1.66.0.aar (com.google.android.filament:filament-android:1.66.0) with AarToClassTransform
Transforming okhttp-5.0.0-alpha.14.jar (com.squareup.okhttp3:okhttp:5.0.0-alpha.14) with IdentityTransform
Transforming error_prone_annotations-2.38.0.jar (com.google.errorprone:error_prone_annotations:2.38.0) with IdentityTransform
Transforming gson-2.13.1.jar (com.google.code.gson:gson:2.13.1) with IdentityTransform
Transforming kotlinx-serialization-core-jvm-1.7.3.jar (org.jetbrains.kotlinx:kotlinx-serialization-core-jvm:1.7.3) with IdentityTransform
Transforming kotlin-math-jvm-1.6.0.jar (dev.romainguy:kotlin-math-jvm:1.6.0) with IdentityTransform
Transforming annotations-4.14.2.jar (com.github.bumptech.glide:annotations:4.14.2) with IdentityTransform
Transforming okio-jvm-3.9.0.jar (com.squareup.okio:okio-jvm:3.9.0) with IdentityTransform
Transforming kotlinx-serialization-json-jvm-1.7.3.jar (org.jetbrains.kotlinx:kotlinx-serialization-json-jvm:1.7.3) with IdentityTransform
Transforming slf4j-api-1.7.36.jar (org.slf4j:slf4j-api:1.7.36) with IdentityTransform
Transforming firebase-annotations-16.2.0.jar (com.google.firebase:firebase-annotations:16.2.0) with IdentityTransform
Transforming socket.io-client-2.1.2.jar (io.socket:socket.io-client:2.1.2) with IdentityTransform
Transforming listenablefuture-1.0.jar (com.google.guava:listenablefuture:1.0) with IdentityTransform
Transforming jspecify-1.0.0.jar (org.jspecify:jspecify:1.0.0) with IdentityTransform
Transforming resourceinspection-annotation-1.0.1.jar (androidx.resourceinspection:resourceinspection-annotation:1.0.1) with IdentityTransform
Transforming annotations-23.0.0.jar (org.jetbrains:annotations:23.0.0) with IdentityTransform
Transforming engine.io-client-2.1.0.jar (io.socket:engine.io-client:2.1.0) with IdentityTransform
Transforming disklrucache-4.14.2.jar (com.github.bumptech.glide:disklrucache:4.14.2) with IdentityTransform
Transforming firebase-encoders-proto-16.0.0.jar (com.google.firebase:firebase-encoders-proto:16.0.0) with IdentityTransform
Transforming kotlinx-coroutines-android-1.9.0.jar (org.jetbrains.kotlinx:kotlinx-coroutines-android:1.9.0) with IdentityTransform
Transforming kotlin-stdlib-2.2.21.jar (org.jetbrains.kotlin:kotlin-stdlib:2.2.21) with IdentityTransform
Transforming core-common-2.2.0.jar (androidx.arch.core:core-common:2.2.0) with IdentityTransform
Transforming json-20090211.jar (org.json:json:20090211) with IdentityTransform
Transforming firebase-crashlytics-buildtools-3.0.6.jar (com.google.firebase:firebase-crashlytics-buildtools:3.0.6) with IdentityTransform
Transforming annotation-jvm-1.9.1.jar (androidx.annotation:annotation-jvm:1.9.1) with IdentityTransform
GradleBuildProject.Builder should not be accessed through AnalyticsConfiguratorService after AnalyticsService is created. Analytics information of this build might be incomplete.
Transforming R.jar with BuildToolsApiClasspathEntrySnapshotTransform
Transforming room-common-jvm-2.8.2.jar with BuildToolsApiClasspathEntrySnapshotTransform
Transforming room-runtime-api.jar with BuildToolsApiClasspathEntrySnapshotTransform
Transforming room-ktx-2.8.2-api.jar with BuildToolsApiClasspathEntrySnapshotTransform
Transforming navigation-common-2.7.0-api.jar with BuildToolsApiClasspathEntrySnapshotTransform
Transforming navigation-runtime-2.7.0-api.jar with BuildToolsApiClasspathEntrySnapshotTransform
Transforming navigation-common-ktx-2.7.0-api.jar with BuildToolsApiClasspathEntrySnapshotTransform
Transforming navigation-runtime-ktx-2.7.0-api.jar with BuildToolsApiClasspathEntrySnapshotTransform
Transforming navigation-compose-2.7.0-api.jar with BuildToolsApiClasspathEntrySnapshotTransform
Transforming material3-release-api.jar with BuildToolsApiClasspathEntrySnapshotTransform
Transforming foundation-layout-api.jar with BuildToolsApiClasspathEntrySnapshotTransform
Transforming coil-compose-2.7.0-api.jar with BuildToolsApiClasspathEntrySnapshotTransform
Transforming coil-compose-base-2.7.0-api.jar with BuildToolsApiClasspathEntrySnapshotTransform
Transforming material-ripple-release-api.jar with BuildToolsApiClasspathEntrySnapshotTransform
Transforming foundation-api.jar with BuildToolsApiClasspathEntrySnapshotTransform
Transforming animation-core-api.jar with BuildToolsApiClasspathEntrySnapshotTransform
Transforming animation-api.jar with BuildToolsApiClasspathEntrySnapshotTransform
Transforming ui-util-api.jar with BuildToolsApiClasspathEntrySnapshotTransform
Transforming ui-unit-api.jar with BuildToolsApiClasspathEntrySnapshotTransform
Transforming ui-text-api.jar with BuildToolsApiClasspathEntrySnapshotTransform
Transforming ui-geometry-api.jar with BuildToolsApiClasspathEntrySnapshotTransform
Transforming ui-tooling-data-api.jar with BuildToolsApiClasspathEntrySnapshotTransform
Transforming ui-tooling-preview-api.jar with BuildToolsApiClasspathEntrySnapshotTransform
Transforming ui-graphics-api.jar with BuildToolsApiClasspathEntrySnapshotTransform
Transforming material-1.11.0-api.jar with BuildToolsApiClasspathEntrySnapshotTransform
Transforming appcompat-1.6.1-api.jar with BuildToolsApiClasspathEntrySnapshotTransform
Transforming viewpager2-1.0.0-api.jar with BuildToolsApiClasspathEntrySnapshotTransform
Transforming zego_uikit_prebuilt_call_android-3.9.10-api.jar with BuildToolsApiClasspathEntrySnapshotTransform
Transforming zego_uikit_android-3.6.5-api.jar with BuildToolsApiClasspathEntrySnapshotTransform
Transforming glide-4.14.2-api.jar with BuildToolsApiClasspathEntrySnapshotTransform
Transforming firebase-messaging-23.2.1-api.jar with BuildToolsApiClasspathEntrySnapshotTransform
Transforming firebase-datatransport-18.1.7-api.jar with BuildToolsApiClasspathEntrySnapshotTransform
Transforming firebase-installations-17.1.3-api.jar with BuildToolsApiClasspathEntrySnapshotTransform
Transforming firebase-common-20.3.1-api.jar with BuildToolsApiClasspathEntrySnapshotTransform
Transforming firebase-installations-interop-17.1.0-api.jar with BuildToolsApiClasspathEntrySnapshotTransform
Transforming play-services-base-18.0.1-api.jar with BuildToolsApiClasspathEntrySnapshotTransform
Transforming firebase-iid-interop-17.1.0-api.jar with BuildToolsApiClasspathEntrySnapshotTransform
Transforming play-services-cloud-messaging-17.0.1-api.jar with BuildToolsApiClasspathEntrySnapshotTransform
Transforming play-services-tasks-18.0.2-api.jar with BuildToolsApiClasspathEntrySnapshotTransform
Transforming play-services-stats-17.0.2-api.jar with BuildToolsApiClasspathEntrySnapshotTransform
Transforming firebase-measurement-connector-19.0.0-api.jar with BuildToolsApiClasspathEntrySnapshotTransform
Transforming play-services-basement-18.1.0-api.jar with BuildToolsApiClasspathEntrySnapshotTransform
Transforming fragment-1.8.9-api.jar with BuildToolsApiClasspathEntrySnapshotTransform
Transforming coordinatorlayout-1.1.0-api.jar with BuildToolsApiClasspathEntrySnapshotTransform
Transforming drawerlayout-1.1.1-api.jar with BuildToolsApiClasspathEntrySnapshotTransform
Transforming dynamicanimation-1.0.0-api.jar with BuildToolsApiClasspathEntrySnapshotTransform
Transforming recyclerview-1.1.0-api.jar with BuildToolsApiClasspathEntrySnapshotTransform
Transforming transition-1.6.0-api.jar with BuildToolsApiClasspathEntrySnapshotTransform
Transforming appcompat-resources-1.6.1-api.jar with BuildToolsApiClasspathEntrySnapshotTransform
Transforming vectordrawable-animated-1.1.0-api.jar with BuildToolsApiClasspathEntrySnapshotTransform
Transforming vectordrawable-1.1.0-api.jar with BuildToolsApiClasspathEntrySnapshotTransform
Transforming viewpager-1.0.0-api.jar with BuildToolsApiClasspathEntrySnapshotTransform
Transforming customview-1.1.0-api.jar with BuildToolsApiClasspathEntrySnapshotTransform
Transforming legacy-support-core-utils-1.0.0-api.jar with BuildToolsApiClasspathEntrySnapshotTransform
Transforming loader-1.0.0-api.jar with BuildToolsApiClasspathEntrySnapshotTransform
Transforming zego_uikit_signaling_plugin_android-3.0.2-api.jar with BuildToolsApiClasspathEntrySnapshotTransform
Transforming zego_uikit_plugin_adapter_android-3.0.4-api.jar with BuildToolsApiClasspathEntrySnapshotTransform
Transforming core-1.16.0-api.jar with BuildToolsApiClasspathEntrySnapshotTransform
Transforming coil-2.7.0-api.jar with BuildToolsApiClasspathEntrySnapshotTransform
Transforming coil-base-2.7.0-api.jar with BuildToolsApiClasspathEntrySnapshotTransform
Transforming lifecycle-livedata-core-ktx-2.9.4-api.jar with BuildToolsApiClasspathEntrySnapshotTransform
Transforming lifecycle-livedata-2.9.4-api.jar with BuildToolsApiClasspathEntrySnapshotTransform
Transforming lifecycle-common-jvm-2.9.4.jar with BuildToolsApiClasspathEntrySnapshotTransform
Transforming lifecycle-runtime-compose-release-api.jar with BuildToolsApiClasspathEntrySnapshotTransform
Transforming lifecycle-viewmodel-savedstate-release-api.jar with BuildToolsApiClasspathEntrySnapshotTransform
Transforming lifecycle-runtime-release-api.jar with BuildToolsApiClasspathEntrySnapshotTransform
Transforming lifecycle-livedata-core-2.9.4-api.jar with BuildToolsApiClasspathEntrySnapshotTransform
Transforming lifecycle-viewmodel-2.9.4-api.jar with BuildToolsApiClasspathEntrySnapshotTransform
Transforming lifecycle-viewmodel-release-api.jar with BuildToolsApiClasspathEntrySnapshotTransform
Transforming lifecycle-viewmodel-ktx-2.9.4-api.jar with BuildToolsApiClasspathEntrySnapshotTransform
Transforming lifecycle-runtime-ktx-api.jar with BuildToolsApiClasspathEntrySnapshotTransform
Transforming lifecycle-viewmodel-compose-release-api.jar with BuildToolsApiClasspathEntrySnapshotTransform
Transforming material-icons-extended-release-api.jar with BuildToolsApiClasspathEntrySnapshotTransform
Transforming material-icons-core-release-api.jar with BuildToolsApiClasspathEntrySnapshotTransform
Transforming ui-api.jar with BuildToolsApiClasspathEntrySnapshotTransform
Transforming ui-tooling-api.jar with BuildToolsApiClasspathEntrySnapshotTransform
Transforming ui-test-manifest-1.10.0-api.jar with BuildToolsApiClasspathEntrySnapshotTransform
Transforming activity-1.8.2-api.jar with BuildToolsApiClasspathEntrySnapshotTransform
Transforming activity-compose-1.8.2-api.jar with BuildToolsApiClasspathEntrySnapshotTransform
Transforming activity-ktx-1.8.2-api.jar with BuildToolsApiClasspathEntrySnapshotTransform
Transforming core-ktx-1.16.0-api.jar with BuildToolsApiClasspathEntrySnapshotTransform
Transforming core-splashscreen-1.0.1-api.jar with BuildToolsApiClasspathEntrySnapshotTransform
Transforming converter-gson-3.0.0.jar with BuildToolsApiClasspathEntrySnapshotTransform
Transforming retrofit-3.0.0.jar with BuildToolsApiClasspathEntrySnapshotTransform
Transforming sceneview-2.3.1-api.jar with BuildToolsApiClasspathEntrySnapshotTransform
Transforming ktor-client-cio-jvm-2.3.5.jar with BuildToolsApiClasspathEntrySnapshotTransform
Transforming ktor-client-content-negotiation-jvm-2.3.5.jar with BuildToolsApiClasspathEntrySnapshotTransform
Transforming ktor-client-core-jvm-2.3.5.jar with BuildToolsApiClasspathEntrySnapshotTransform
Transforming ktor-serialization-kotlinx-json-jvm-2.3.5.jar with BuildToolsApiClasspathEntrySnapshotTransform
Transforming ktor-events-jvm-2.3.5.jar with BuildToolsApiClasspathEntrySnapshotTransform
Transforming ktor-websocket-serialization-jvm-2.3.5.jar with BuildToolsApiClasspathEntrySnapshotTransform
Transforming ktor-http-cio-jvm-2.3.5.jar with BuildToolsApiClasspathEntrySnapshotTransform
Transforming ktor-serialization-kotlinx-jvm-2.3.5.jar with BuildToolsApiClasspathEntrySnapshotTransform
Transforming ktor-serialization-jvm-2.3.5.jar with BuildToolsApiClasspathEntrySnapshotTransform
Transforming ktor-websockets-jvm-2.3.5.jar with BuildToolsApiClasspathEntrySnapshotTransform
Transforming ktor-network-tls-jvm-2.3.5.jar with BuildToolsApiClasspathEntrySnapshotTransform
Transforming ktor-http-jvm-2.3.5.jar with BuildToolsApiClasspathEntrySnapshotTransform
Transforming ktor-network-jvm-2.3.5.jar with BuildToolsApiClasspathEntrySnapshotTransform
Transforming ktor-utils-jvm-2.3.5.jar with BuildToolsApiClasspathEntrySnapshotTransform
Transforming ktor-io-jvm-2.3.5.jar with BuildToolsApiClasspathEntrySnapshotTransform
Transforming kotlinx-coroutines-jdk8-1.9.0.jar with BuildToolsApiClasspathEntrySnapshotTransform
Transforming runtime-annotation-api.jar with BuildToolsApiClasspathEntrySnapshotTransform
Transforming runtime-retain-api.jar with BuildToolsApiClasspathEntrySnapshotTransform
Transforming runtime-saveable-api.jar with BuildToolsApiClasspathEntrySnapshotTransform
Transforming savedstate-release-api.jar with BuildToolsApiClasspathEntrySnapshotTransform
Transforming savedstate-ktx-1.3.2-api.jar with BuildToolsApiClasspathEntrySnapshotTransform
Transforming savedstate-compose-api.jar with BuildToolsApiClasspathEntrySnapshotTransform
Transforming runtime-api.jar with BuildToolsApiClasspathEntrySnapshotTransform
Transforming kotlinx-coroutines-core-jvm-1.9.0.jar with BuildToolsApiClasspathEntrySnapshotTransform
Transforming kotlinx-coroutines-android-1.9.0.jar with BuildToolsApiClasspathEntrySnapshotTransform
Transforming socket.io-client-2.1.2.jar with BuildToolsApiClasspathEntrySnapshotTransform
Transforming engine.io-client-2.1.0.jar with BuildToolsApiClasspathEntrySnapshotTransform
Transforming okhttp-5.0.0-alpha.14.jar with BuildToolsApiClasspathEntrySnapshotTransform
Transforming annotation-experimental-1.5.0-api.jar with BuildToolsApiClasspathEntrySnapshotTransform
Transforming kotlin-math-jvm-1.6.0.jar with BuildToolsApiClasspathEntrySnapshotTransform
Transforming kotlin-stdlib-jdk8-2.0.21.jar with BuildToolsApiClasspathEntrySnapshotTransform
Transforming cardview-1.0.0-api.jar with BuildToolsApiClasspathEntrySnapshotTransform
Transforming permissionx-1.7.1-api.jar with BuildToolsApiClasspathEntrySnapshotTransform
Transforming viewbinding-7.2.2-api.jar with BuildToolsApiClasspathEntrySnapshotTransform
Transforming versionedparcelable-1.1.1-api.jar with BuildToolsApiClasspathEntrySnapshotTransform
Transforming cursoradapter-1.0.0-api.jar with BuildToolsApiClasspathEntrySnapshotTransform
Transforming firebase-components-17.1.0-api.jar with BuildToolsApiClasspathEntrySnapshotTransform
Transforming transport-backend-cct-3.1.8-api.jar with BuildToolsApiClasspathEntrySnapshotTransform
Transforming transport-runtime-3.1.8-api.jar with BuildToolsApiClasspathEntrySnapshotTransform
Transforming transport-api-3.0.0-api.jar with BuildToolsApiClasspathEntrySnapshotTransform
Transforming firebase-encoders-json-18.0.0-api.jar with BuildToolsApiClasspathEntrySnapshotTransform
Transforming firebase-encoders-proto-16.0.0.jar with BuildToolsApiClasspathEntrySnapshotTransform
Transforming firebase-encoders-17.0.0.jar with BuildToolsApiClasspathEntrySnapshotTransform
Transforming collection-jvm-1.5.0.jar with BuildToolsApiClasspathEntrySnapshotTransform
Transforming sqlite-framework-api.jar with BuildToolsApiClasspathEntrySnapshotTransform
Transforming sqlite-api.jar with BuildToolsApiClasspathEntrySnapshotTransform
Transforming documentfile-1.0.0-api.jar with BuildToolsApiClasspathEntrySnapshotTransform
Transforming localbroadcastmanager-1.0.0-api.jar with BuildToolsApiClasspathEntrySnapshotTransform
Transforming print-1.0.0-api.jar with BuildToolsApiClasspathEntrySnapshotTransform
Transforming core-runtime-2.2.0-api.jar with BuildToolsApiClasspathEntrySnapshotTransform
Transforming core-common-2.2.0.jar with BuildToolsApiClasspathEntrySnapshotTransform
Transforming gifdecoder-4.14.2-api.jar with BuildToolsApiClasspathEntrySnapshotTransform
Transforming concurrent-futures-1.1.0.jar with BuildToolsApiClasspathEntrySnapshotTransform
Transforming interpolator-1.0.0-api.jar with BuildToolsApiClasspathEntrySnapshotTransform
Transforming annotation-jvm-1.9.1.jar with BuildToolsApiClasspathEntrySnapshotTransform
Transforming core-viewtree-1.0.0-api.jar with BuildToolsApiClasspathEntrySnapshotTransform
Transforming kotlin-stdlib-jdk7-2.0.21.jar with BuildToolsApiClasspathEntrySnapshotTransform
Transforming kotlinx-serialization-json-jvm-1.7.3.jar with BuildToolsApiClasspathEntrySnapshotTransform
Transforming kotlinx-serialization-core-jvm-1.7.3.jar with BuildToolsApiClasspathEntrySnapshotTransform
Transforming okio-jvm-3.9.0.jar with BuildToolsApiClasspathEntrySnapshotTransform
Transforming kotlin-stdlib-2.2.21.jar with BuildToolsApiClasspathEntrySnapshotTransform
Transforming firebase-crashlytics-buildtools-3.0.6.jar with BuildToolsApiClasspathEntrySnapshotTransform
Transforming timber-4.7.1-api.jar with BuildToolsApiClasspathEntrySnapshotTransform
Transforming annotations-23.0.0.jar with BuildToolsApiClasspathEntrySnapshotTransform
Transforming listenablefuture-1.0.jar with BuildToolsApiClasspathEntrySnapshotTransform
Transforming slf4j-api-1.7.36.jar with BuildToolsApiClasspathEntrySnapshotTransform
Transforming jspecify-1.0.0.jar with BuildToolsApiClasspathEntrySnapshotTransform
Transforming tracing-1.2.0-api.jar with BuildToolsApiClasspathEntrySnapshotTransform
Transforming gson-2.13.1.jar with BuildToolsApiClasspathEntrySnapshotTransform
Transforming error_prone_annotations-2.38.0.jar with BuildToolsApiClasspathEntrySnapshotTransform
Transforming resourceinspection-annotation-1.0.1.jar with BuildToolsApiClasspathEntrySnapshotTransform
Transforming exifinterface-1.3.7-api.jar with BuildToolsApiClasspathEntrySnapshotTransform
Transforming json-20090211.jar with BuildToolsApiClasspathEntrySnapshotTransform
Transforming constraintlayout-2.1.4-api.jar with BuildToolsApiClasspathEntrySnapshotTransform
Transforming xlog-1.10.1-api.jar with BuildToolsApiClasspathEntrySnapshotTransform
Transforming express-video-3.23.0-api.jar with BuildToolsApiClasspathEntrySnapshotTransform
Transforming uikitreport-0.5.1-api.jar with BuildToolsApiClasspathEntrySnapshotTransform
Transforming disklrucache-4.14.2.jar with BuildToolsApiClasspathEntrySnapshotTransform
Transforming annotations-4.14.2.jar with BuildToolsApiClasspathEntrySnapshotTransform
Transforming zim-2.21.1-api.jar with BuildToolsApiClasspathEntrySnapshotTransform
Transforming zpns-2.8.0-api.jar with BuildToolsApiClasspathEntrySnapshotTransform
Transforming mmkv-1.3.14-api.jar with BuildToolsApiClasspathEntrySnapshotTransform
Transforming firebase-annotations-16.2.0.jar with BuildToolsApiClasspathEntrySnapshotTransform
Transforming javax.inject-1.jar with BuildToolsApiClasspathEntrySnapshotTransform
Transforming zpns-fcm-2.8.0-api.jar with BuildToolsApiClasspathEntrySnapshotTransform
Transforming filament-utils-android-1.66.0-api.jar with BuildToolsApiClasspathEntrySnapshotTransform
Transforming gltfio-android-1.66.0-api.jar with BuildToolsApiClasspathEntrySnapshotTransform
Transforming filament-android-1.66.0-api.jar with BuildToolsApiClasspathEntrySnapshotTransform
Transforming android.jar with BuildToolsApiClasspathEntrySnapshotTransform
Transforming core-lambda-stubs.jar with BuildToolsApiClasspathEntrySnapshotTransform
file or directory 'C:\Users\chams\projectDAM\AndroidFront\app\src\debug\kotlin', not found
file or directory 'C:\Users\chams\projectDAM\AndroidFront\app\src\debug\java', not found
file or directory 'C:\Users\chams\projectDAM\AndroidFront\app\src\main\kotlin', not found
file or directory 'C:\Users\chams\projectDAM\AndroidFront\app\src\debug\java', not found
Caching disabled for task ':app:kspDebugKotlin' because:
  Build cache is disabled
Task ':app:kspDebugKotlin' is not up-to-date because:
  Input property 'sources' file C:\Users\chams\projectDAM\AndroidFront\app\src\main\java\com\example\myapplication\community\ui\screens\CommunityScreen.kt has changed.
file or directory 'C:\Users\chams\projectDAM\AndroidFront\app\src\debug\kotlin', not found
file or directory 'C:\Users\chams\projectDAM\AndroidFront\app\src\debug\java', not found
file or directory 'C:\Users\chams\projectDAM\AndroidFront\app\src\main\kotlin', not found
file or directory 'C:\Users\chams\projectDAM\AndroidFront\app\src\debug\java', not found
file or directory 'C:\Users\chams\projectDAM\AndroidFront\app\src\debug\kotlin', not found
file or directory 'C:\Users\chams\projectDAM\AndroidFront\app\src\debug\java', not found
file or directory 'C:\Users\chams\projectDAM\AndroidFront\app\src\main\kotlin', not found
file or directory 'C:\Users\chams\projectDAM\AndroidFront\app\src\debug\java', not found
file or directory 'C:\Users\chams\projectDAM\AndroidFront\app\src\debug\kotlin', not found
file or directory 'C:\Users\chams\projectDAM\AndroidFront\app\src\debug\java', not found
file or directory 'C:\Users\chams\projectDAM\AndroidFront\app\src\main\kotlin', not found
file or directory 'C:\Users\chams\projectDAM\AndroidFront\app\src\debug\java', not found
file or directory 'C:\Users\chams\projectDAM\AndroidFront\app\src\debug\kotlin', not found
file or directory 'C:\Users\chams\projectDAM\AndroidFront\app\src\debug\java', not found
file or directory 'C:\Users\chams\projectDAM\AndroidFront\app\src\main\kotlin', not found
file or directory 'C:\Users\chams\projectDAM\AndroidFront\app\src\debug\java', not found
Kotlin source files: C:\Users\chams\projectDAM\AndroidFront\app\src\main\java\com\example\myapplication\AppContextHolder.kt, C:\Users\chams\projectDAM\AndroidFront\app\src\main\java\com\example\myapplication\calls\CallActionReceiver.kt, C:\Users\chams\projectDAM\AndroidFront\app\src\main\java\com\example\myapplication\calls\CallManager.kt, C:\Users\chams\projectDAM\AndroidFront\app\src\main\java\com\example\myapplication\calls\CallNotificationManager.kt, C:\Users\chams\projectDAM\AndroidFront\app\src\main\java\com\example\myapplication\calls\IncomingCallActivity.kt, C:\Users\chams\projectDAM\AndroidFront\app\src\main\java\com\example\myapplication\calls\model\CallRequest.kt, C:\Users\chams\projectDAM\AndroidFront\app\src\main\java\com\example\myapplication\chat\model\ChatMessage.kt, C:\Users\chams\projectDAM\AndroidFront\app\src\main\java\com\example\myapplication\chat\model\ChatRoom.kt, C:\Users\chams\projectDAM\AndroidFront\app\src\main\java\com\example\myapplication\chat\model\Reaction.kt, C:\Users\chams\projectDAM\AndroidFront\app\src\main\java\com\example\myapplication\chat\model\ReplyInfo.kt, C:\Users\chams\projectDAM\AndroidFront\app\src\main\java\com\example\myapplication\chat\repository\ChatApiService.kt, C:\Users\chams\projectDAM\AndroidFront\app\src\main\java\com\example\myapplication\chat\repository\ChatRepository.kt, C:\Users\chams\projectDAM\AndroidFront\app\src\main\java\com\example\myapplication\chat\ui\CallActivity.kt, C:\Users\chams\projectDAM\AndroidFront\app\src\main\java\com\example\myapplication\chat\ui\ChatListScreen.kt, C:\Users\chams\projectDAM\AndroidFront\app\src\main\java\com\example\myapplication\chat\ui\ChatScreen.kt, C:\Users\chams\projectDAM\AndroidFront\app\src\main\java\com\example\myapplication\chat\utils\AudioRecorder.kt, C:\Users\chams\projectDAM\AndroidFront\app\src\main\java\com\example\myapplication\chat\viewmodel\ChatViewModel.kt, C:\Users\chams\projectDAM\AndroidFront\app\src\main\java\com\example\myapplication\community\data\remote\ApiService.kt, C:\Users\chams\projectDAM\AndroidFront\app\src\main\java\com\example\myapplication\community\data\remote\RetrofitInstance.kt, C:\Users\chams\projectDAM\AndroidFront\app\src\main\java\com\example\myapplication\community\model\Comment.kt, C:\Users\chams\projectDAM\AndroidFront\app\src\main\java\com\example\myapplication\community\model\Notification.kt, C:\Users\chams\projectDAM\AndroidFront\app\src\main\java\com\example\myapplication\community\model\Post.kt, C:\Users\chams\projectDAM\AndroidFront\app\src\main\java\com\example\myapplication\community\model\User.kt, C:\Users\chams\projectDAM\AndroidFront\app\src\main\java\com\example\myapplication\community\repository\NotificationRepository.kt, C:\Users\chams\projectDAM\AndroidFront\app\src\main\java\com\example\myapplication\community\ui\screens\CommunityScreen.kt, C:\Users\chams\projectDAM\AndroidFront\app\src\main\java\com\example\myapplication\community\ui\screens\CreatePostScreen.kt, C:\Users\chams\projectDAM\AndroidFront\app\src\main\java\com\example\myapplication\community\ui\screens\EditPostScreen.kt, C:\Users\chams\projectDAM\AndroidFront\app\src\main\java\com\example\myapplication\community\ui\screens\NotificationScreen.kt, C:\Users\chams\projectDAM\AndroidFront\app\src\main\java\com\example\myapplication\community\viewmodel\PostViewModel.kt, C:\Users\chams\projectDAM\AndroidFront\app\src\main\java\com\example\myapplication\directmessages\data\DirectMessagesApiService.kt, C:\Users\chams\projectDAM\AndroidFront\app\src\main\java\com\example\myapplication\directmessages\data\DirectMessagesRepository.kt, C:\Users\chams\projectDAM\AndroidFront\app\src\main\java\com\example\myapplication\directmessages\model\Conversation.kt, C:\Users\chams\projectDAM\AndroidFront\app\src\main\java\com\example\myapplication\directmessages\model\DirectMessage.kt, C:\Users\chams\projectDAM\AndroidFront\app\src\main\java\com\example\myapplication\directmessages\ui\DirectMessageScreen.kt, C:\Users\chams\projectDAM\AndroidFront\app\src\main\java\com\example\myapplication\directmessages\ui\DirectMessagesListScreen.kt, C:\Users\chams\projectDAM\AndroidFront\app\src\main\java\com\example\myapplication\directmessages\ui\UserSearchScreen.kt, C:\Users\chams\projectDAM\AndroidFront\app\src\main\java\com\example\myapplication\directmessages\viewmodel\DirectMessagesViewModel.kt, C:\Users\chams\projectDAM\AndroidFront\app\src\main\java\com\example\myapplication\DTOs\LoginResponse.kt, C:\Users\chams\projectDAM\AndroidFront\app\src\main\java\com\example\myapplication\DTOs\Profile.kt, C:\Users\chams\projectDAM\AndroidFront\app\src\main\java\com\example\myapplication\MainActivity.kt, C:\Users\chams\projectDAM\AndroidFront\app\src\main\java\com\example\myapplication\Repository\AiConversationRepository.kt, C:\Users\chams\projectDAM\AndroidFront\app\src\main\java\com\example\myapplication\Repository\ImageAnalysisRepository.kt, C:\Users\chams\projectDAM\AndroidFront\app\src\main\java\com\example\myapplication\storyCreator\DTOs\CommunityProjectDto.kt, C:\Users\chams\projectDAM\AndroidFront\app\src\main\java\com\example\myapplication\storyCreator\DTOs\CreateProjectDto.kt, C:\Users\chams\projectDAM\AndroidFront\app\src\main\java\com\example\myapplication\storyCreator\DTOs\FlowchartDto.kt, C:\Users\chams\projectDAM\AndroidFront\app\src\main\java\com\example\myapplication\storyCreator\DTOs\NodeDto.kt, C:\Users\chams\projectDAM\AndroidFront\app\src\main\java\com\example\myapplication\storyCreator\DTOs\ProjectDto.kt, C:\Users\chams\projectDAM\AndroidFront\app\src\main\java\com\example\myapplication\storyCreator\DTOs\PublishProjectDto.kt, C:\Users\chams\projectDAM\AndroidFront\app\src\main\java\com\example\myapplication\storyCreator\DTOs\ReferenceDtos.kt, C:\Users\chams\projectDAM\AndroidFront\app\src\main\java\com\example\myapplication\storyCreator\model\ArtDimension.kt, C:\Users\chams\projectDAM\AndroidFront\app\src\main\java\com\example\myapplication\storyCreator\model\ArtStyle.kt, C:\Users\chams\projectDAM\AndroidFront\app\src\main\java\com\example\myapplication\storyCreator\model\FlowchartState.kt, C:\Users\chams\projectDAM\AndroidFront\app\src\main\java\com\example\myapplication\storyCreator\model\FlowNode.kt, C:\Users\chams\projectDAM\AndroidFront\app\src\main\java\com\example\myapplication\storyCreator\model\NodeType.kt, C:\Users\chams\projectDAM\AndroidFront\app\src\main\java\com\example\myapplication\storyCreator\model\ProjectArtStyle.kt, C:\Users\chams\projectDAM\AndroidFront\app\src\main\java\com\example\myapplication\storyCreator\model\Reference.kt, C:\Users\chams\projectDAM\AndroidFront\app\src\main\java\com\example\myapplication\storyCreator\model\ReferenceType.kt, C:\Users\chams\projectDAM\AndroidFront\app\src\main\java\com\example\myapplication\storyCreator\repository\CommunityProjectRepository.kt, C:\Users\chams\projectDAM\AndroidFront\app\src\main\java\com\example\myapplication\storyCreator\repository\StoryProjectRepository.kt, C:\Users\chams\projectDAM\AndroidFront\app\src\main\java\com\example\myapplication\storyCreator\ViewModel\CommunityProjectViewModel.kt, C:\Users\chams\projectDAM\AndroidFront\app\src\main\java\com\example\myapplication\storyCreator\ViewModel\StoryProjectViewModel.kt, C:\Users\chams\projectDAM\AndroidFront\app\src\main\java\com\example\myapplication\storyCreator\Views\CommunityProjectsScreen.kt, C:\Users\chams\projectDAM\AndroidFront\app\src\main\java\com\example\myapplication\storyCreator\Views\FlowBuilderScreen.kt, C:\Users\chams\projectDAM\AndroidFront\app\src\main\java\com\example\myapplication\storyCreator\Views\PopularFlows.kt, C:\Users\chams\projectDAM\AndroidFront\app\src\main\java\com\example\myapplication\storyCreator\Views\ProjectsListScreen.kt, C:\Users\chams\projectDAM\AndroidFront\app\src\main\java\com\example\myapplication\storyCreator\Views\ProjectsMainScreen.kt, C:\Users\chams\projectDAM\AndroidFront\app\src\main\java\com\example\myapplication\storyCreator\Views\RefrenceScreen.kt, C:\Users\chams\projectDAM\AndroidFront\app\src\main\java\com\example\myapplication\ui\auth\AuthRepository.kt, C:\Users\chams\projectDAM\AndroidFront\app\src\main\java\com\example\myapplication\ui\auth\AuthViewModel.kt, C:\Users\chams\projectDAM\AndroidFront\app\src\main\java\com\example\myapplication\ui\auth\ChatPage.kt, C:\Users\chams\projectDAM\AndroidFront\app\src\main\java\com\example\myapplication\ui\auth\ForgotPasswordScreens.kt, C:\Users\chams\projectDAM\AndroidFront\app\src\main\java\com\example\myapplication\ui\auth\ImageAnalysisScreen.kt, C:\Users\chams\projectDAM\AndroidFront\app\src\main\java\com\example\myapplication\ui\auth\LoginScreen.kt, C:\Users\chams\projectDAM\AndroidFront\app\src\main\java\com\example\myapplication\ui\auth\PasswordTextField.kt, C:\Users\chams\projectDAM\AndroidFront\app\src\main\java\com\example\myapplication\ui\auth\ProfileScreen.kt, C:\Users\chams\projectDAM\AndroidFront\app\src\main\java\com\example\myapplication\ui\auth\ProfileViewModel.kt, C:\Users\chams\projectDAM\AndroidFront\app\src\main\java\com\example\myapplication\ui\auth\SignupScreen.kt, C:\Users\chams\projectDAM\AndroidFront\app\src\main\java\com\example\myapplication\ui\auth\TokenAuthManager.kt, C:\Users\chams\projectDAM\AndroidFront\app\src\main\java\com\example\myapplication\ui\auth\TokenDataStoreManager.kt, C:\Users\chams\projectDAM\AndroidFront\app\src\main\java\com\example\myapplication\ui\components\BottomNavigationBar.kt, C:\Users\chams\projectDAM\AndroidFront\app\src\main\java\com\example\myapplication\ui\theme\AnimatedThemeToggle.kt, C:\Users\chams\projectDAM\AndroidFront\app\src\main\java\com\example\myapplication\ui\theme\Color.kt, C:\Users\chams\projectDAM\AndroidFront\app\src\main\java\com\example\myapplication\ui\theme\Font.kt, C:\Users\chams\projectDAM\AndroidFront\app\src\main\java\com\example\myapplication\ui\theme\Theme.kt, C:\Users\chams\projectDAM\AndroidFront\app\src\main\java\com\example\myapplication\ui\theme\ThemeManager.kt, C:\Users\chams\projectDAM\AndroidFront\app\src\main\java\com\example\myapplication\ui\theme\Type.kt, C:\Users\chams\projectDAM\AndroidFront\app\src\main\java\com\example\myapplication\viewModel\AiConversationViewModel.kt, C:\Users\chams\projectDAM\AndroidFront\app\src\main\java\com\example\myapplication\viewModel\ImageAnalysisViewModel.kt
Java source files: 
Script source files: 
Script file extensions: 
[KOTLIN] Kotlin compilation 'jdkHome' argument: null
i: [ksp] loaded provider(s): [androidx.room.RoomKspProcessor$Provider]
Finished executing kotlin compiler using DAEMON strategy
Resolve mutations for :app:compileDebugKotlin (Thread[Execution worker Thread 10,5,main]) started.
:app:compileDebugKotlin (Thread[Execution worker Thread 10,5,main]) started.

> Task :app:compileDebugKotlin
Transforming R.jar with BuildToolsApiClasspathEntrySnapshotTransform
Transforming room-common-jvm-2.8.2.jar with BuildToolsApiClasspathEntrySnapshotTransform
Transforming room-runtime-api.jar with BuildToolsApiClasspathEntrySnapshotTransform
Transforming room-ktx-2.8.2-api.jar with BuildToolsApiClasspathEntrySnapshotTransform
Transforming navigation-common-2.7.0-api.jar with BuildToolsApiClasspathEntrySnapshotTransform
Transforming navigation-runtime-2.7.0-api.jar with BuildToolsApiClasspathEntrySnapshotTransform
Transforming navigation-common-ktx-2.7.0-api.jar with BuildToolsApiClasspathEntrySnapshotTransform
Transforming navigation-runtime-ktx-2.7.0-api.jar with BuildToolsApiClasspathEntrySnapshotTransform
Transforming navigation-compose-2.7.0-api.jar with BuildToolsApiClasspathEntrySnapshotTransform
Transforming material3-release-api.jar with BuildToolsApiClasspathEntrySnapshotTransform
Transforming foundation-layout-api.jar with BuildToolsApiClasspathEntrySnapshotTransform
Transforming coil-compose-2.7.0-api.jar with BuildToolsApiClasspathEntrySnapshotTransform
Transforming coil-compose-base-2.7.0-api.jar with BuildToolsApiClasspathEntrySnapshotTransform
Transforming material-ripple-release-api.jar with BuildToolsApiClasspathEntrySnapshotTransform
Transforming foundation-api.jar with BuildToolsApiClasspathEntrySnapshotTransform
Transforming animation-core-api.jar with BuildToolsApiClasspathEntrySnapshotTransform
Transforming animation-api.jar with BuildToolsApiClasspathEntrySnapshotTransform
Transforming ui-util-api.jar with BuildToolsApiClasspathEntrySnapshotTransform
Transforming ui-unit-api.jar with BuildToolsApiClasspathEntrySnapshotTransform
Transforming ui-text-api.jar with BuildToolsApiClasspathEntrySnapshotTransform
Transforming ui-geometry-api.jar with BuildToolsApiClasspathEntrySnapshotTransform
Transforming ui-tooling-data-api.jar with BuildToolsApiClasspathEntrySnapshotTransform
Transforming ui-tooling-preview-api.jar with BuildToolsApiClasspathEntrySnapshotTransform
Transforming ui-graphics-api.jar with BuildToolsApiClasspathEntrySnapshotTransform
Transforming material-1.11.0-api.jar with BuildToolsApiClasspathEntrySnapshotTransform
Transforming appcompat-1.6.1-api.jar with BuildToolsApiClasspathEntrySnapshotTransform
Transforming viewpager2-1.0.0-api.jar with BuildToolsApiClasspathEntrySnapshotTransform
Transforming zego_uikit_prebuilt_call_android-3.9.10-api.jar with BuildToolsApiClasspathEntrySnapshotTransform
Transforming zego_uikit_android-3.6.5-api.jar with BuildToolsApiClasspathEntrySnapshotTransform
Transforming glide-4.14.2-api.jar with BuildToolsApiClasspathEntrySnapshotTransform
Transforming firebase-messaging-23.2.1-api.jar with BuildToolsApiClasspathEntrySnapshotTransform
Transforming firebase-datatransport-18.1.7-api.jar with BuildToolsApiClasspathEntrySnapshotTransform
Transforming firebase-installations-17.1.3-api.jar with BuildToolsApiClasspathEntrySnapshotTransform
Transforming firebase-common-20.3.1-api.jar with BuildToolsApiClasspathEntrySnapshotTransform
Transforming firebase-installations-interop-17.1.0-api.jar with BuildToolsApiClasspathEntrySnapshotTransform
Transforming play-services-base-18.0.1-api.jar with BuildToolsApiClasspathEntrySnapshotTransform
Transforming firebase-iid-interop-17.1.0-api.jar with BuildToolsApiClasspathEntrySnapshotTransform
Transforming play-services-cloud-messaging-17.0.1-api.jar with BuildToolsApiClasspathEntrySnapshotTransform
Transforming play-services-tasks-18.0.2-api.jar with BuildToolsApiClasspathEntrySnapshotTransform
Transforming play-services-stats-17.0.2-api.jar with BuildToolsApiClasspathEntrySnapshotTransform
Transforming firebase-measurement-connector-19.0.0-api.jar with BuildToolsApiClasspathEntrySnapshotTransform
Transforming play-services-basement-18.1.0-api.jar with BuildToolsApiClasspathEntrySnapshotTransform
Transforming fragment-1.8.9-api.jar with BuildToolsApiClasspathEntrySnapshotTransform
Transforming coordinatorlayout-1.1.0-api.jar with BuildToolsApiClasspathEntrySnapshotTransform
Transforming drawerlayout-1.1.1-api.jar with BuildToolsApiClasspathEntrySnapshotTransform
Transforming dynamicanimation-1.0.0-api.jar with BuildToolsApiClasspathEntrySnapshotTransform
Transforming recyclerview-1.1.0-api.jar with BuildToolsApiClasspathEntrySnapshotTransform
Transforming transition-1.6.0-api.jar with BuildToolsApiClasspathEntrySnapshotTransform
Transforming appcompat-resources-1.6.1-api.jar with BuildToolsApiClasspathEntrySnapshotTransform
Transforming vectordrawable-animated-1.1.0-api.jar with BuildToolsApiClasspathEntrySnapshotTransform
Transforming vectordrawable-1.1.0-api.jar with BuildToolsApiClasspathEntrySnapshotTransform
Transforming viewpager-1.0.0-api.jar with BuildToolsApiClasspathEntrySnapshotTransform
Transforming customview-1.1.0-api.jar with BuildToolsApiClasspathEntrySnapshotTransform
Transforming legacy-support-core-utils-1.0.0-api.jar with BuildToolsApiClasspathEntrySnapshotTransform
Transforming loader-1.0.0-api.jar with BuildToolsApiClasspathEntrySnapshotTransform
Transforming zego_uikit_signaling_plugin_android-3.0.2-api.jar with BuildToolsApiClasspathEntrySnapshotTransform
Transforming zego_uikit_plugin_adapter_android-3.0.4-api.jar with BuildToolsApiClasspathEntrySnapshotTransform
Transforming core-1.16.0-api.jar with BuildToolsApiClasspathEntrySnapshotTransform
Transforming coil-2.7.0-api.jar with BuildToolsApiClasspathEntrySnapshotTransform
Transforming coil-base-2.7.0-api.jar with BuildToolsApiClasspathEntrySnapshotTransform
Transforming lifecycle-livedata-core-ktx-2.9.4-api.jar with BuildToolsApiClasspathEntrySnapshotTransform
Transforming lifecycle-livedata-2.9.4-api.jar with BuildToolsApiClasspathEntrySnapshotTransform
Transforming lifecycle-common-jvm-2.9.4.jar with BuildToolsApiClasspathEntrySnapshotTransform
Transforming lifecycle-runtime-compose-release-api.jar with BuildToolsApiClasspathEntrySnapshotTransform
Transforming lifecycle-viewmodel-savedstate-release-api.jar with BuildToolsApiClasspathEntrySnapshotTransform
Transforming lifecycle-runtime-release-api.jar with BuildToolsApiClasspathEntrySnapshotTransform
Transforming lifecycle-livedata-core-2.9.4-api.jar with BuildToolsApiClasspathEntrySnapshotTransform
Transforming lifecycle-viewmodel-2.9.4-api.jar with BuildToolsApiClasspathEntrySnapshotTransform
Transforming lifecycle-viewmodel-release-api.jar with BuildToolsApiClasspathEntrySnapshotTransform
Transforming lifecycle-viewmodel-ktx-2.9.4-api.jar with BuildToolsApiClasspathEntrySnapshotTransform
Transforming lifecycle-runtime-ktx-api.jar with BuildToolsApiClasspathEntrySnapshotTransform
Transforming lifecycle-viewmodel-compose-release-api.jar with BuildToolsApiClasspathEntrySnapshotTransform
Transforming material-icons-extended-release-api.jar with BuildToolsApiClasspathEntrySnapshotTransform
Transforming material-icons-core-release-api.jar with BuildToolsApiClasspathEntrySnapshotTransform
Transforming ui-api.jar with BuildToolsApiClasspathEntrySnapshotTransform
Transforming ui-tooling-api.jar with BuildToolsApiClasspathEntrySnapshotTransform
Transforming ui-test-manifest-1.10.0-api.jar with BuildToolsApiClasspathEntrySnapshotTransform
Transforming activity-1.8.2-api.jar with BuildToolsApiClasspathEntrySnapshotTransform
Transforming activity-compose-1.8.2-api.jar with BuildToolsApiClasspathEntrySnapshotTransform
Transforming activity-ktx-1.8.2-api.jar with BuildToolsApiClasspathEntrySnapshotTransform
Transforming core-ktx-1.16.0-api.jar with BuildToolsApiClasspathEntrySnapshotTransform
Transforming core-splashscreen-1.0.1-api.jar with BuildToolsApiClasspathEntrySnapshotTransform
Transforming converter-gson-3.0.0.jar with BuildToolsApiClasspathEntrySnapshotTransform
Transforming retrofit-3.0.0.jar with BuildToolsApiClasspathEntrySnapshotTransform
Transforming sceneview-2.3.1-api.jar with BuildToolsApiClasspathEntrySnapshotTransform
Transforming ktor-client-cio-jvm-2.3.5.jar with BuildToolsApiClasspathEntrySnapshotTransform
Transforming ktor-client-content-negotiation-jvm-2.3.5.jar with BuildToolsApiClasspathEntrySnapshotTransform
Transforming ktor-client-core-jvm-2.3.5.jar with BuildToolsApiClasspathEntrySnapshotTransform
Transforming ktor-serialization-kotlinx-json-jvm-2.3.5.jar with BuildToolsApiClasspathEntrySnapshotTransform
Transforming ktor-events-jvm-2.3.5.jar with BuildToolsApiClasspathEntrySnapshotTransform
Transforming ktor-websocket-serialization-jvm-2.3.5.jar with BuildToolsApiClasspathEntrySnapshotTransform
Transforming ktor-http-cio-jvm-2.3.5.jar with BuildToolsApiClasspathEntrySnapshotTransform
Transforming ktor-serialization-kotlinx-jvm-2.3.5.jar with BuildToolsApiClasspathEntrySnapshotTransform
Transforming ktor-serialization-jvm-2.3.5.jar with BuildToolsApiClasspathEntrySnapshotTransform
Transforming ktor-websockets-jvm-2.3.5.jar with BuildToolsApiClasspathEntrySnapshotTransform
Transforming ktor-network-tls-jvm-2.3.5.jar with BuildToolsApiClasspathEntrySnapshotTransform
Transforming ktor-http-jvm-2.3.5.jar with BuildToolsApiClasspathEntrySnapshotTransform
Transforming ktor-network-jvm-2.3.5.jar with BuildToolsApiClasspathEntrySnapshotTransform
Transforming ktor-utils-jvm-2.3.5.jar with BuildToolsApiClasspathEntrySnapshotTransform
Transforming ktor-io-jvm-2.3.5.jar with BuildToolsApiClasspathEntrySnapshotTransform
Transforming kotlinx-coroutines-jdk8-1.9.0.jar with BuildToolsApiClasspathEntrySnapshotTransform
Transforming runtime-annotation-api.jar with BuildToolsApiClasspathEntrySnapshotTransform
Transforming runtime-retain-api.jar with BuildToolsApiClasspathEntrySnapshotTransform
Transforming runtime-saveable-api.jar with BuildToolsApiClasspathEntrySnapshotTransform
Transforming savedstate-release-api.jar with BuildToolsApiClasspathEntrySnapshotTransform
Transforming savedstate-ktx-1.3.2-api.jar with BuildToolsApiClasspathEntrySnapshotTransform
Transforming savedstate-compose-api.jar with BuildToolsApiClasspathEntrySnapshotTransform
Transforming runtime-api.jar with BuildToolsApiClasspathEntrySnapshotTransform
Transforming kotlinx-coroutines-core-jvm-1.9.0.jar with BuildToolsApiClasspathEntrySnapshotTransform
Transforming kotlinx-coroutines-android-1.9.0.jar with BuildToolsApiClasspathEntrySnapshotTransform
Transforming socket.io-client-2.1.2.jar with BuildToolsApiClasspathEntrySnapshotTransform
Transforming engine.io-client-2.1.0.jar with BuildToolsApiClasspathEntrySnapshotTransform
Transforming okhttp-5.0.0-alpha.14.jar with BuildToolsApiClasspathEntrySnapshotTransform
Transforming annotation-experimental-1.5.0-api.jar with BuildToolsApiClasspathEntrySnapshotTransform
Transforming kotlin-math-jvm-1.6.0.jar with BuildToolsApiClasspathEntrySnapshotTransform
Transforming kotlin-stdlib-jdk8-2.0.21.jar with BuildToolsApiClasspathEntrySnapshotTransform
Transforming cardview-1.0.0-api.jar with BuildToolsApiClasspathEntrySnapshotTransform
Transforming permissionx-1.7.1-api.jar with BuildToolsApiClasspathEntrySnapshotTransform
Transforming viewbinding-7.2.2-api.jar with BuildToolsApiClasspathEntrySnapshotTransform
Transforming versionedparcelable-1.1.1-api.jar with BuildToolsApiClasspathEntrySnapshotTransform
Transforming cursoradapter-1.0.0-api.jar with BuildToolsApiClasspathEntrySnapshotTransform
Transforming firebase-components-17.1.0-api.jar with BuildToolsApiClasspathEntrySnapshotTransform
Transforming transport-backend-cct-3.1.8-api.jar with BuildToolsApiClasspathEntrySnapshotTransform
Transforming transport-runtime-3.1.8-api.jar with BuildToolsApiClasspathEntrySnapshotTransform
Transforming transport-api-3.0.0-api.jar with BuildToolsApiClasspathEntrySnapshotTransform
Transforming firebase-encoders-json-18.0.0-api.jar with BuildToolsApiClasspathEntrySnapshotTransform
Transforming firebase-encoders-proto-16.0.0.jar with BuildToolsApiClasspathEntrySnapshotTransform
Transforming firebase-encoders-17.0.0.jar with BuildToolsApiClasspathEntrySnapshotTransform
Transforming collection-jvm-1.5.0.jar with BuildToolsApiClasspathEntrySnapshotTransform
Transforming sqlite-framework-api.jar with BuildToolsApiClasspathEntrySnapshotTransform
Transforming sqlite-api.jar with BuildToolsApiClasspathEntrySnapshotTransform
Transforming documentfile-1.0.0-api.jar with BuildToolsApiClasspathEntrySnapshotTransform
Transforming localbroadcastmanager-1.0.0-api.jar with BuildToolsApiClasspathEntrySnapshotTransform
Transforming print-1.0.0-api.jar with BuildToolsApiClasspathEntrySnapshotTransform
Transforming core-runtime-2.2.0-api.jar with BuildToolsApiClasspathEntrySnapshotTransform
Transforming core-common-2.2.0.jar with BuildToolsApiClasspathEntrySnapshotTransform
Transforming gifdecoder-4.14.2-api.jar with BuildToolsApiClasspathEntrySnapshotTransform
Transforming concurrent-futures-1.1.0.jar with BuildToolsApiClasspathEntrySnapshotTransform
Transforming interpolator-1.0.0-api.jar with BuildToolsApiClasspathEntrySnapshotTransform
Transforming annotation-jvm-1.9.1.jar with BuildToolsApiClasspathEntrySnapshotTransform
Transforming core-viewtree-1.0.0-api.jar with BuildToolsApiClasspathEntrySnapshotTransform
Transforming kotlin-stdlib-jdk7-2.0.21.jar with BuildToolsApiClasspathEntrySnapshotTransform
Transforming kotlinx-serialization-json-jvm-1.7.3.jar with BuildToolsApiClasspathEntrySnapshotTransform
Transforming kotlinx-serialization-core-jvm-1.7.3.jar with BuildToolsApiClasspathEntrySnapshotTransform
Transforming okio-jvm-3.9.0.jar with BuildToolsApiClasspathEntrySnapshotTransform
Transforming kotlin-stdlib-2.2.21.jar with BuildToolsApiClasspathEntrySnapshotTransform
Transforming firebase-crashlytics-buildtools-3.0.6.jar with BuildToolsApiClasspathEntrySnapshotTransform
Transforming timber-4.7.1-api.jar with BuildToolsApiClasspathEntrySnapshotTransform
Transforming annotations-23.0.0.jar with BuildToolsApiClasspathEntrySnapshotTransform
Transforming listenablefuture-1.0.jar with BuildToolsApiClasspathEntrySnapshotTransform
Transforming slf4j-api-1.7.36.jar with BuildToolsApiClasspathEntrySnapshotTransform
Transforming jspecify-1.0.0.jar with BuildToolsApiClasspathEntrySnapshotTransform
Transforming tracing-1.2.0-api.jar with BuildToolsApiClasspathEntrySnapshotTransform
Transforming gson-2.13.1.jar with BuildToolsApiClasspathEntrySnapshotTransform
Transforming error_prone_annotations-2.38.0.jar with BuildToolsApiClasspathEntrySnapshotTransform
Transforming resourceinspection-annotation-1.0.1.jar with BuildToolsApiClasspathEntrySnapshotTransform
Transforming exifinterface-1.3.7-api.jar with BuildToolsApiClasspathEntrySnapshotTransform
Transforming json-20090211.jar with BuildToolsApiClasspathEntrySnapshotTransform
Transforming constraintlayout-2.1.4-api.jar with BuildToolsApiClasspathEntrySnapshotTransform
Transforming xlog-1.10.1-api.jar with BuildToolsApiClasspathEntrySnapshotTransform
Transforming express-video-3.23.0-api.jar with BuildToolsApiClasspathEntrySnapshotTransform
Transforming uikitreport-0.5.1-api.jar with BuildToolsApiClasspathEntrySnapshotTransform
Transforming disklrucache-4.14.2.jar with BuildToolsApiClasspathEntrySnapshotTransform
Transforming annotations-4.14.2.jar with BuildToolsApiClasspathEntrySnapshotTransform
Transforming zim-2.21.1-api.jar with BuildToolsApiClasspathEntrySnapshotTransform
Transforming zpns-2.8.0-api.jar with BuildToolsApiClasspathEntrySnapshotTransform
Transforming mmkv-1.3.14-api.jar with BuildToolsApiClasspathEntrySnapshotTransform
Transforming firebase-annotations-16.2.0.jar with BuildToolsApiClasspathEntrySnapshotTransform
Transforming javax.inject-1.jar with BuildToolsApiClasspathEntrySnapshotTransform
Transforming zpns-fcm-2.8.0-api.jar with BuildToolsApiClasspathEntrySnapshotTransform
Transforming filament-utils-android-1.66.0-api.jar with BuildToolsApiClasspathEntrySnapshotTransform
Transforming gltfio-android-1.66.0-api.jar with BuildToolsApiClasspathEntrySnapshotTransform
Transforming filament-android-1.66.0-api.jar with BuildToolsApiClasspathEntrySnapshotTransform
Transforming android.jar with BuildToolsApiClasspathEntrySnapshotTransform
Transforming core-lambda-stubs.jar with BuildToolsApiClasspathEntrySnapshotTransform
Caching disabled for task ':app:compileDebugKotlin' because:
  Build cache is disabled
Task ':app:compileDebugKotlin' is not up-to-date because:
  Task has failed previously.
The input changes require a full rebuild for incremental task ':app:compileDebugKotlin'.
file or directory 'C:\Users\chams\projectDAM\AndroidFront\app\src\debug\kotlin', not found
file or directory 'C:\Users\chams\projectDAM\AndroidFront\app\src\debug\java', not found
file or directory 'C:\Users\chams\projectDAM\AndroidFront\app\src\debug\kotlin', not found
file or directory 'C:\Users\chams\projectDAM\AndroidFront\app\src\debug\kotlin', not found
file or directory 'C:\Users\chams\projectDAM\AndroidFront\app\src\debug\java', not found
file or directory 'C:\Users\chams\projectDAM\AndroidFront\app\build\generated\ksp\debug\java', not found
file or directory 'C:\Users\chams\projectDAM\AndroidFront\app\src\main\kotlin', not found
file or directory 'C:\Users\chams\projectDAM\AndroidFront\app\src\main\kotlin', not found
file or directory 'C:\Users\chams\projectDAM\AndroidFront\app\src\main\kotlin', not found
file or directory 'C:\Users\chams\projectDAM\AndroidFront\app\src\debug\java', not found
file or directory 'C:\Users\chams\projectDAM\AndroidFront\app\build\generated\ksp\debug\java', not found
file or directory 'C:\Users\chams\projectDAM\AndroidFront\app\src\debug\kotlin', not found
file or directory 'C:\Users\chams\projectDAM\AndroidFront\app\src\debug\java', not found
file or directory 'C:\Users\chams\projectDAM\AndroidFront\app\src\debug\kotlin', not found
file or directory 'C:\Users\chams\projectDAM\AndroidFront\app\src\debug\kotlin', not found
file or directory 'C:\Users\chams\projectDAM\AndroidFront\app\src\debug\java', not found
file or directory 'C:\Users\chams\projectDAM\AndroidFront\app\src\debug\kotlin', not found
file or directory 'C:\Users\chams\projectDAM\AndroidFront\app\src\debug\java', not found
file or directory 'C:\Users\chams\projectDAM\AndroidFront\app\src\debug\kotlin', not found
file or directory 'C:\Users\chams\projectDAM\AndroidFront\app\src\debug\kotlin', not found
file or directory 'C:\Users\chams\projectDAM\AndroidFront\app\src\debug\java', not found
file or directory 'C:\Users\chams\projectDAM\AndroidFront\app\build\generated\ksp\debug\java', not found
file or directory 'C:\Users\chams\projectDAM\AndroidFront\app\src\main\kotlin', not found
file or directory 'C:\Users\chams\projectDAM\AndroidFront\app\src\main\kotlin', not found
file or directory 'C:\Users\chams\projectDAM\AndroidFront\app\src\main\kotlin', not found
file or directory 'C:\Users\chams\projectDAM\AndroidFront\app\src\debug\java', not found
file or directory 'C:\Users\chams\projectDAM\AndroidFront\app\build\generated\ksp\debug\java', not found
file or directory 'C:\Users\chams\projectDAM\AndroidFront\app\src\debug\kotlin', not found
file or directory 'C:\Users\chams\projectDAM\AndroidFront\app\src\debug\java', not found
file or directory 'C:\Users\chams\projectDAM\AndroidFront\app\src\debug\kotlin', not found
file or directory 'C:\Users\chams\projectDAM\AndroidFront\app\src\debug\kotlin', not found
file or directory 'C:\Users\chams\projectDAM\AndroidFront\app\src\debug\java', not found
file or directory 'C:\Users\chams\projectDAM\AndroidFront\app\build\generated\ksp\debug\java', not found
file or directory 'C:\Users\chams\projectDAM\AndroidFront\app\src\main\kotlin', not found
file or directory 'C:\Users\chams\projectDAM\AndroidFront\app\src\main\kotlin', not found
file or directory 'C:\Users\chams\projectDAM\AndroidFront\app\src\main\kotlin', not found
file or directory 'C:\Users\chams\projectDAM\AndroidFront\app\src\debug\java', not found
file or directory 'C:\Users\chams\projectDAM\AndroidFront\app\build\generated\ksp\debug\java', not found
file or directory 'C:\Users\chams\projectDAM\AndroidFront\app\src\debug\kotlin', not found
file or directory 'C:\Users\chams\projectDAM\AndroidFront\app\src\debug\java', not found
file or directory 'C:\Users\chams\projectDAM\AndroidFront\app\src\debug\kotlin', not found
file or directory 'C:\Users\chams\projectDAM\AndroidFront\app\src\debug\kotlin', not found
file or directory 'C:\Users\chams\projectDAM\AndroidFront\app\src\debug\java', not found
file or directory 'C:\Users\chams\projectDAM\AndroidFront\app\build\generated\ksp\debug\java', not found
file or directory 'C:\Users\chams\projectDAM\AndroidFront\app\src\main\kotlin', not found
file or directory 'C:\Users\chams\projectDAM\AndroidFront\app\src\main\kotlin', not found
file or directory 'C:\Users\chams\projectDAM\AndroidFront\app\src\main\kotlin', not found
file or directory 'C:\Users\chams\projectDAM\AndroidFront\app\src\debug\java', not found
file or directory 'C:\Users\chams\projectDAM\AndroidFront\app\build\generated\ksp\debug\java', not found
Kotlin source files: C:\Users\chams\projectDAM\AndroidFront\app\build\generated\ksp\debug\kotlin\com\example\myapplication\ui\auth\AuthTokenDao_Impl.kt, C:\Users\chams\projectDAM\AndroidFront\app\build\generated\ksp\debug\kotlin\com\example\myapplication\ui\auth\AuthTokenDatabase_Impl.kt, C:\Users\chams\projectDAM\AndroidFront\app\src\main\java\com\example\myapplication\AppContextHolder.kt, C:\Users\chams\projectDAM\AndroidFront\app\src\main\java\com\example\myapplication\calls\CallActionReceiver.kt, C:\Users\chams\projectDAM\AndroidFront\app\src\main\java\com\example\myapplication\calls\CallManager.kt, C:\Users\chams\projectDAM\AndroidFront\app\src\main\java\com\example\myapplication\calls\CallNotificationManager.kt, C:\Users\chams\projectDAM\AndroidFront\app\src\main\java\com\example\myapplication\calls\IncomingCallActivity.kt, C:\Users\chams\projectDAM\AndroidFront\app\src\main\java\com\example\myapplication\calls\model\CallRequest.kt, C:\Users\chams\projectDAM\AndroidFront\app\src\main\java\com\example\myapplication\chat\model\ChatMessage.kt, C:\Users\chams\projectDAM\AndroidFront\app\src\main\java\com\example\myapplication\chat\model\ChatRoom.kt, C:\Users\chams\projectDAM\AndroidFront\app\src\main\java\com\example\myapplication\chat\model\Reaction.kt, C:\Users\chams\projectDAM\AndroidFront\app\src\main\java\com\example\myapplication\chat\model\ReplyInfo.kt, C:\Users\chams\projectDAM\AndroidFront\app\src\main\java\com\example\myapplication\chat\repository\ChatApiService.kt, C:\Users\chams\projectDAM\AndroidFront\app\src\main\java\com\example\myapplication\chat\repository\ChatRepository.kt, C:\Users\chams\projectDAM\AndroidFront\app\src\main\java\com\example\myapplication\chat\ui\CallActivity.kt, C:\Users\chams\projectDAM\AndroidFront\app\src\main\java\com\example\myapplication\chat\ui\ChatListScreen.kt, C:\Users\chams\projectDAM\AndroidFront\app\src\main\java\com\example\myapplication\chat\ui\ChatScreen.kt, C:\Users\chams\projectDAM\AndroidFront\app\src\main\java\com\example\myapplication\chat\utils\AudioRecorder.kt, C:\Users\chams\projectDAM\AndroidFront\app\src\main\java\com\example\myapplication\chat\viewmodel\ChatViewModel.kt, C:\Users\chams\projectDAM\AndroidFront\app\src\main\java\com\example\myapplication\community\data\remote\ApiService.kt, C:\Users\chams\projectDAM\AndroidFront\app\src\main\java\com\example\myapplication\community\data\remote\RetrofitInstance.kt, C:\Users\chams\projectDAM\AndroidFront\app\src\main\java\com\example\myapplication\community\model\Comment.kt, C:\Users\chams\projectDAM\AndroidFront\app\src\main\java\com\example\myapplication\community\model\Notification.kt, C:\Users\chams\projectDAM\AndroidFront\app\src\main\java\com\example\myapplication\community\model\Post.kt, C:\Users\chams\projectDAM\AndroidFront\app\src\main\java\com\example\myapplication\community\model\User.kt, C:\Users\chams\projectDAM\AndroidFront\app\src\main\java\com\example\myapplication\community\repository\NotificationRepository.kt, C:\Users\chams\projectDAM\AndroidFront\app\src\main\java\com\example\myapplication\community\ui\screens\CommunityScreen.kt, C:\Users\chams\projectDAM\AndroidFront\app\src\main\java\com\example\myapplication\community\ui\screens\CreatePostScreen.kt, C:\Users\chams\projectDAM\AndroidFront\app\src\main\java\com\example\myapplication\community\ui\screens\EditPostScreen.kt, C:\Users\chams\projectDAM\AndroidFront\app\src\main\java\com\example\myapplication\community\ui\screens\NotificationScreen.kt, C:\Users\chams\projectDAM\AndroidFront\app\src\main\java\com\example\myapplication\community\viewmodel\PostViewModel.kt, C:\Users\chams\projectDAM\AndroidFront\app\src\main\java\com\example\myapplication\directmessages\data\DirectMessagesApiService.kt, C:\Users\chams\projectDAM\AndroidFront\app\src\main\java\com\example\myapplication\directmessages\data\DirectMessagesRepository.kt, C:\Users\chams\projectDAM\AndroidFront\app\src\main\java\com\example\myapplication\directmessages\model\Conversation.kt, C:\Users\chams\projectDAM\AndroidFront\app\src\main\java\com\example\myapplication\directmessages\model\DirectMessage.kt, C:\Users\chams\projectDAM\AndroidFront\app\src\main\java\com\example\myapplication\directmessages\ui\DirectMessageScreen.kt, C:\Users\chams\projectDAM\AndroidFront\app\src\main\java\com\example\myapplication\directmessages\ui\DirectMessagesListScreen.kt, C:\Users\chams\projectDAM\AndroidFront\app\src\main\java\com\example\myapplication\directmessages\ui\UserSearchScreen.kt, C:\Users\chams\projectDAM\AndroidFront\app\src\main\java\com\example\myapplication\directmessages\viewmodel\DirectMessagesViewModel.kt, C:\Users\chams\projectDAM\AndroidFront\app\src\main\java\com\example\myapplication\DTOs\LoginResponse.kt, C:\Users\chams\projectDAM\AndroidFront\app\src\main\java\com\example\myapplication\DTOs\Profile.kt, C:\Users\chams\projectDAM\AndroidFront\app\src\main\java\com\example\myapplication\MainActivity.kt, C:\Users\chams\projectDAM\AndroidFront\app\src\main\java\com\example\myapplication\Repository\AiConversationRepository.kt, C:\Users\chams\projectDAM\AndroidFront\app\src\main\java\com\example\myapplication\Repository\ImageAnalysisRepository.kt, C:\Users\chams\projectDAM\AndroidFront\app\src\main\java\com\example\myapplication\storyCreator\DTOs\CommunityProjectDto.kt, C:\Users\chams\projectDAM\AndroidFront\app\src\main\java\com\example\myapplication\storyCreator\DTOs\CreateProjectDto.kt, C:\Users\chams\projectDAM\AndroidFront\app\src\main\java\com\example\myapplication\storyCreator\DTOs\FlowchartDto.kt, C:\Users\chams\projectDAM\AndroidFront\app\src\main\java\com\example\myapplication\storyCreator\DTOs\NodeDto.kt, C:\Users\chams\projectDAM\AndroidFront\app\src\main\java\com\example\myapplication\storyCreator\DTOs\ProjectDto.kt, C:\Users\chams\projectDAM\AndroidFront\app\src\main\java\com\example\myapplication\storyCreator\DTOs\PublishProjectDto.kt, C:\Users\chams\projectDAM\AndroidFront\app\src\main\java\com\example\myapplication\storyCreator\DTOs\ReferenceDtos.kt, C:\Users\chams\projectDAM\AndroidFront\app\src\main\java\com\example\myapplication\storyCreator\model\ArtDimension.kt, C:\Users\chams\projectDAM\AndroidFront\app\src\main\java\com\example\myapplication\storyCreator\model\ArtStyle.kt, C:\Users\chams\projectDAM\AndroidFront\app\src\main\java\com\example\myapplication\storyCreator\model\FlowchartState.kt, C:\Users\chams\projectDAM\AndroidFront\app\src\main\java\com\example\myapplication\storyCreator\model\FlowNode.kt, C:\Users\chams\projectDAM\AndroidFront\app\src\main\java\com\example\myapplication\storyCreator\model\NodeType.kt, C:\Users\chams\projectDAM\AndroidFront\app\src\main\java\com\example\myapplication\storyCreator\model\ProjectArtStyle.kt, C:\Users\chams\projectDAM\AndroidFront\app\src\main\java\com\example\myapplication\storyCreator\model\Reference.kt, C:\Users\chams\projectDAM\AndroidFront\app\src\main\java\com\example\myapplication\storyCreator\model\ReferenceType.kt, C:\Users\chams\projectDAM\AndroidFront\app\src\main\java\com\example\myapplication\storyCreator\repository\CommunityProjectRepository.kt, C:\Users\chams\projectDAM\AndroidFront\app\src\main\java\com\example\myapplication\storyCreator\repository\StoryProjectRepository.kt, C:\Users\chams\projectDAM\AndroidFront\app\src\main\java\com\example\myapplication\storyCreator\ViewModel\CommunityProjectViewModel.kt, C:\Users\chams\projectDAM\AndroidFront\app\src\main\java\com\example\myapplication\storyCreator\ViewModel\StoryProjectViewModel.kt, C:\Users\chams\projectDAM\AndroidFront\app\src\main\java\com\example\myapplication\storyCreator\Views\CommunityProjectsScreen.kt, C:\Users\chams\projectDAM\AndroidFront\app\src\main\java\com\example\myapplication\storyCreator\Views\FlowBuilderScreen.kt, C:\Users\chams\projectDAM\AndroidFront\app\src\main\java\com\example\myapplication\storyCreator\Views\PopularFlows.kt, C:\Users\chams\projectDAM\AndroidFront\app\src\main\java\com\example\myapplication\storyCreator\Views\ProjectsListScreen.kt, C:\Users\chams\projectDAM\AndroidFront\app\src\main\java\com\example\myapplication\storyCreator\Views\ProjectsMainScreen.kt, C:\Users\chams\projectDAM\AndroidFront\app\src\main\java\com\example\myapplication\storyCreator\Views\RefrenceScreen.kt, C:\Users\chams\projectDAM\AndroidFront\app\src\main\java\com\example\myapplication\ui\auth\AuthRepository.kt, C:\Users\chams\projectDAM\AndroidFront\app\src\main\java\com\example\myapplication\ui\auth\AuthViewModel.kt, C:\Users\chams\projectDAM\AndroidFront\app\src\main\java\com\example\myapplication\ui\auth\ChatPage.kt, C:\Users\chams\projectDAM\AndroidFront\app\src\main\java\com\example\myapplication\ui\auth\ForgotPasswordScreens.kt, C:\Users\chams\projectDAM\AndroidFront\app\src\main\java\com\example\myapplication\ui\auth\ImageAnalysisScreen.kt, C:\Users\chams\projectDAM\AndroidFront\app\src\main\java\com\example\myapplication\ui\auth\LoginScreen.kt, C:\Users\chams\projectDAM\AndroidFront\app\src\main\java\com\example\myapplication\ui\auth\PasswordTextField.kt, C:\Users\chams\projectDAM\AndroidFront\app\src\main\java\com\example\myapplication\ui\auth\ProfileScreen.kt, C:\Users\chams\projectDAM\AndroidFront\app\src\main\java\com\example\myapplication\ui\auth\ProfileViewModel.kt, C:\Users\chams\projectDAM\AndroidFront\app\src\main\java\com\example\myapplication\ui\auth\SignupScreen.kt, C:\Users\chams\projectDAM\AndroidFront\app\src\main\java\com\example\myapplication\ui\auth\TokenAuthManager.kt, C:\Users\chams\projectDAM\AndroidFront\app\src\main\java\com\example\myapplication\ui\auth\TokenDataStoreManager.kt, C:\Users\chams\projectDAM\AndroidFront\app\src\main\java\com\example\myapplication\ui\components\BottomNavigationBar.kt, C:\Users\chams\projectDAM\AndroidFront\app\src\main\java\com\example\myapplication\ui\theme\AnimatedThemeToggle.kt, C:\Users\chams\projectDAM\AndroidFront\app\src\main\java\com\example\myapplication\ui\theme\Color.kt, C:\Users\chams\projectDAM\AndroidFront\app\src\main\java\com\example\myapplication\ui\theme\Font.kt, C:\Users\chams\projectDAM\AndroidFront\app\src\main\java\com\example\myapplication\ui\theme\Theme.kt, C:\Users\chams\projectDAM\AndroidFront\app\src\main\java\com\example\myapplication\ui\theme\ThemeManager.kt, C:\Users\chams\projectDAM\AndroidFront\app\src\main\java\com\example\myapplication\ui\theme\Type.kt, C:\Users\chams\projectDAM\AndroidFront\app\src\main\java\com\example\myapplication\viewModel\AiConversationViewModel.kt, C:\Users\chams\projectDAM\AndroidFront\app\src\main\java\com\example\myapplication\viewModel\ImageAnalysisViewModel.kt
Java source files: 
Script source files: 
Script file extensions: 
[KOTLIN] Kotlin compilation 'jdkHome' argument: null
./gradlew : e: file://
/C:/Users/chams/projec
tDAM/AndroidFront/app/
src/main/java/com/exam
ple/myapplication/Main
Activity.kt:120:50 
Unresolved reference 
'collectAsState'.
Au caractère Ligne:1 
: 1
+ ./gradlew 
assembleDebug --info 
> build_output.txt 
2>&1
+ ~~~~~~~~~~~~~~~~~~~~
~~~~~~~~~~~~~~~~~~~~~~
~~~~~~~~~~~~
    + CategoryInfo    
          : NotSpeci  
  fied: (e: file://   
 /C:/U...ollectAsS    
tate'.:String) []    
, RemoteException
    + FullyQualifiedE 
   rrorId : NativeCo  
  mmandError
 
e: file:///C:/Users/ch
ams/projectDAM/Android
Front/app/src/main/jav
a/com/example/myapplic
ation/MainActivity.kt:
122:23 Cannot infer 
type for this 
parameter. Please 
specify it explicitly.
e: file:///C:/Users/ch
ams/projectDAM/Android
Front/app/src/main/jav
a/com/example/myapplic
ation/MainActivity.kt:
122:23 Unresolved 
reference. None of 
the following 
candidates is 
applicable because of 
a receiver type 
mismatch:
fun <T, R> 
T.let(block: (T) -> 
R): R
    [R|Contract 
description]
     <
        
CallsInPlace(block, 
EXACTLY_ONCE)
    >
e: file:///C:/Users/ch
ams/projectDAM/Android
Front/app/src/main/jav
a/com/example/myapplic
ation/MainActivity.kt:
122:27 Cannot infer 
type for this 
parameter. Please 
specify it explicitly.
e: file:///C:/Users/ch
ams/projectDAM/Android
Front/app/src/main/jav
a/com/example/myapplic
ation/MainActivity.kt:
124:41 Unresolved 
reference 'callerId'.
e: file:///C:/Users/ch
ams/projectDAM/Android
Front/app/src/main/jav
a/com/example/myapplic
ation/MainActivity.kt:
125:43 Unresolved 
reference 
'callerName'.
e: file:///C:/Users/ch
ams/projectDAM/Android
Front/app/src/main/jav
a/com/example/myapplic
ation/MainActivity.kt:
126:41 Unresolved 
reference 'calleeId'.
e: file:///C:/Users/ch
ams/projectDAM/Android
Front/app/src/main/jav
a/com/example/myapplic
ation/MainActivity.kt:
127:43 Unresolved 
reference 
'calleeName'.
e: file:///C:/Users/ch
ams/projectDAM/Android
Front/app/src/main/jav
a/com/example/myapplic
ation/MainActivity.kt:
128:39 Unresolved 
reference 'callId'.
e: file:///C:/Users/ch
ams/projectDAM/Android
Front/app/src/main/jav
a/com/example/myapplic
ation/MainActivity.kt:
129:47 Unresolved 
reference 
'conversationId'.
e: file:///C:/Users/ch
ams/projectDAM/Android
Front/app/src/main/jav
a/com/example/myapplic
ation/MainActivity.kt:
310:21 No parameter 
with name 
'currentUserId' found.
e: file:///C:/Users/ch
ams/projectDAM/Android
Front/app/src/main/jav
a/com/example/myapplic
ation/MainActivity.kt:
311:21 No value 
passed for parameter 
'userId'.
e: file:///C:/Users/ch
ams/projectDAM/Android
Front/app/src/main/jav
a/com/example/myapplic
ation/MainActivity.kt:
311:21 No value 
passed for parameter 
'currentUserName'.
e: file:///C:/Users/ch
ams/projectDAM/Android
Front/app/src/main/jav
a/com/example/myapplic
ation/calls/CallNotifi
cationManager.kt:92:38
 Unresolved reference 
'ic_call_24'.
e: file:///C:/Users/ch
ams/projectDAM/Android
Front/app/src/main/jav
a/com/example/myapplic
ation/calls/CallNotifi
cationManager.kt:93:14
 Unresolved reference 
'setPriority'.
e: file:///C:/Users/ch
ams/projectDAM/Android
Front/app/src/main/jav
a/com/example/myapplic
ation/calls/CallNotifi
cationManager.kt:100:2
8 Unresolved 
reference 
'ic_call_end'.
e: file:///C:/Users/ch
ams/projectDAM/Android
Front/app/src/main/jav
a/com/example/myapplic
ation/calls/CallNotifi
cationManager.kt:105:2
8 Unresolved 
reference 
'ic_call_24'.
e: file:///C:/Users/ch
ams/projectDAM/Android
Front/app/src/main/jav
a/com/example/myapplic
ation/chat/ui/ChatList
Screen.kt:112:34 
Unresolved reference 
'tabIndicatorOffset'.
e: file:///C:/Users/ch
ams/projectDAM/Android
Front/app/src/main/jav
a/com/example/myapplic
ation/community/ui/scr
eens/CommunityScreen.k
t:159:79 Argument 
type mismatch: actual 
type is 'com.example.m
yapplication.community
.model.User', but 'com
.example.myapplication
.directmessages.model.
User' was expected.
e: file:///C:/Users/ch
ams/projectDAM/Android
Front/app/src/main/jav
a/com/example/myapplic
ation/directmessages/u
i/UserSearchScreen.kt:
18:54 Unresolved 
reference 
'UserViewModel'.
e: file:///C:/Users/ch
ams/projectDAM/Android
Front/app/src/main/jav
a/com/example/myapplic
ation/directmessages/u
i/UserSearchScreen.kt:
37:24 Unresolved 
reference 
'UserViewModel'.
e: file:///C:/Users/ch
ams/projectDAM/Android
Front/app/src/main/jav
a/com/example/myapplic
ation/directmessages/u
i/UserSearchScreen.kt:
37:40 Cannot infer 
type for this 
parameter. Please 
specify it explicitly.
e: file:///C:/Users/ch
ams/projectDAM/Android
Front/app/src/main/jav
a/com/example/myapplic
ation/directmessages/u
i/UserSearchScreen.kt:
38:15 Property 
delegate must have a 
'getValue(Nothing?, 
KProperty0<ERROR 
CLASS: Cannot infer 
argument for type 
parameter T>)' 
method. None of the 
following functions 
is applicable:
fun <T> State<T>.getVa
lue(thisObj: Any?, 
property: 
KProperty<*>): T
e: file:///C:/Users/ch
ams/projectDAM/Android
Front/app/src/main/jav
a/com/example/myapplic
ation/directmessages/u
i/UserSearchScreen.kt:
38:18 Cannot infer 
type for this 
parameter. Please 
specify it explicitly.
e: file:///C:/Users/ch
ams/projectDAM/Android
Front/app/src/main/jav
a/com/example/myapplic
ation/directmessages/u
i/UserSearchScreen.kt:
38:32 Unresolved 
reference 'users'.
e: file:///C:/Users/ch
ams/projectDAM/Android
Front/app/src/main/jav
a/com/example/myapplic
ation/directmessages/u
i/UserSearchScreen.kt:
38:38 Cannot infer 
type for this 
parameter. Please 
specify it explicitly.
e: file:///C:/Users/ch
ams/projectDAM/Android
Front/app/src/main/jav
a/com/example/myapplic
ation/directmessages/u
i/UserSearchScreen.kt:
42:23 Unresolved 
reference 'loadUsers'.
e: file:///C:/Users/ch
ams/projectDAM/Android
Front/app/src/main/jav
a/com/example/myapplic
ation/directmessages/u
i/UserSearchScreen.kt:
46:9 Unresolved 
reference 'it'.
e: file:///C:/Users/ch
ams/projectDAM/Android
Front/app/src/main/jav
a/com/example/myapplic
ation/directmessages/u
i/UserSearchScreen.kt:
47:9 Unresolved 
reference 'it'.
e: file:///C:/Users/ch
ams/projectDAM/Android
Front/app/src/main/jav
a/com/example/myapplic
ation/directmessages/u
i/UserSearchScreen.kt:
77:55 Unresolved 
reference 'name'.
e: file:///C:/Users/ch
ams/projectDAM/Android
Front/app/src/main/jav
a/com/example/myapplic
ation/directmessages/u
i/UserSearchScreen.kt:
78:57 Unresolved 
reference 'email'.
e: file:///C:/Users/ch
ams/projectDAM/Android
Front/app/src/main/jav
a/com/example/myapplic
ation/directmessages/u
i/UserSearchScreen.kt:
80:69 Argument type 
mismatch: actual type 
is 'kotlin.Int', but '
com.example.myapplicat
ion.directmessages.mod
el.User' was expected.
Finished executing kotlin compiler using DAEMON strategy

> Task :app:compileDebugKotlin FAILED

FAILURE: Build failed 
with an exception.

* What went wrong:
Execution failed for 
task ':app:compileDebu
gKotlin'.
> A failure occurred 
while executing org.je
tbrains.kotlin.compile
rRunner.GradleCompiler
RunnerWithWorkers$Grad
leKotlinCompilerWorkAc
tion
   > Compilation 
error. See log for 
more details

* Try:
> Run with 
--stacktrace option 
to get the stack 
trace.
> Run with --debug 
option to get more 
log output.
> Run with --scan to 
get full insights.
> Get more help at htt
ps://help.gradle.org.

BUILD FAILED in 7s
29 actionable tasks: 2 executed, 27 up-to-date
Watched directory hierarchies: [C:\Users\chams\projectDAM\AndroidFront]
