.\gradlew : 
Au caractère Ligne:1 
: 1
+ .\gradlew :app:compi
leDebugKotlin 
--console=plain 2> 
errors.txt
+ ~~~~~~~~~~~~~~~~~~~~
~~~~~~~~~~~~~~~~~~~~~~
~~~~~~~~~~~~~~~~~~~~~
    + CategoryInfo    
          : NotSpeci  
  fied: (:String) [   
 ], RemoteExceptio    
n
    + FullyQualifiedE 
   rrorId : NativeCo  
  mmandError
 
FAILURE: Build failed 
with an exception.

* What went wrong:
Execution failed for 
task ':app:processDebu
gResources'.
> 
java.io.IOException: 
Couldn't delete C:\Use
rs\chams\projectDAM\An
droidFront\app\build\i
ntermediates\compile_a
nd_runtime_not_namespa
ced_r_class_jar\debug\
processDebugResources\
R.jar

* Try:
> Run with 
--stacktrace option 
to get the stack 
trace.
> Run with --info or 
--debug option to get 
more log output.
> Run with --scan to 
get full insights.
> Get more help at htt
ps://help.gradle.org.

BUILD FAILED in 2s
